Component: ARM Compiler 5.06 update 6 (build 750) Tool: armlink [4d35ed]

==============================================================================

Section Cross References

    startup_stm32f407xx.o(STACK) refers (Special) to heapauxi.o(.text) for __use_two_region_memory
    startup_stm32f407xx.o(HEAP) refers (Special) to heapauxi.o(.text) for __use_two_region_memory
    startup_stm32f407xx.o(RESET) refers (Special) to heapauxi.o(.text) for __use_two_region_memory
    startup_stm32f407xx.o(RESET) refers to startup_stm32f407xx.o(STACK) for __initial_sp
    startup_stm32f407xx.o(RESET) refers to startup_stm32f407xx.o(.text) for Reset_Handler
    startup_stm32f407xx.o(RESET) refers to stm32f4xx_it.o(i.NMI_Handler) for NMI_Handler
    startup_stm32f407xx.o(RESET) refers to stm32f4xx_it.o(i.HardFault_Handler) for HardFault_Handler
    startup_stm32f407xx.o(RESET) refers to stm32f4xx_it.o(i.MemManage_Handler) for MemManage_Handler
    startup_stm32f407xx.o(RESET) refers to stm32f4xx_it.o(i.BusFault_Handler) for BusFault_Handler
    startup_stm32f407xx.o(RESET) refers to stm32f4xx_it.o(i.UsageFault_Handler) for UsageFault_Handler
    startup_stm32f407xx.o(RESET) refers to stm32f4xx_it.o(i.SVC_Handler) for SVC_Handler
    startup_stm32f407xx.o(RESET) refers to stm32f4xx_it.o(i.DebugMon_Handler) for DebugMon_Handler
    startup_stm32f407xx.o(RESET) refers to stm32f4xx_it.o(i.PendSV_Handler) for PendSV_Handler
    startup_stm32f407xx.o(RESET) refers to stm32f4xx_it.o(i.SysTick_Handler) for SysTick_Handler
    startup_stm32f407xx.o(.text) refers (Special) to heapauxi.o(.text) for __use_two_region_memory
    startup_stm32f407xx.o(.text) refers to system_stm32f4xx.o(i.SystemInit) for SystemInit
    startup_stm32f407xx.o(.text) refers to __main.o(!!!main) for __main
    startup_stm32f407xx.o(.text) refers to startup_stm32f407xx.o(HEAP) for Heap_Mem
    startup_stm32f407xx.o(.text) refers to startup_stm32f407xx.o(STACK) for Stack_Mem
    adafruit_gfx.o(.ARM.exidx) refers to adafruit_gfx.o(.rev16_text) for __asm___16_Adafruit_GFX_cpp_7e22ceb4___ZN38_INTERNAL_16_Adafruit_GFX_cpp_7e22ceb47__REV16Ej
    adafruit_gfx.o(.ARM.exidx) refers to adafruit_gfx.o(.revsh_text) for __asm___16_Adafruit_GFX_cpp_7e22ceb4___ZN38_INTERNAL_16_Adafruit_GFX_cpp_7e22ceb47__REVSHEs
    adafruit_gfx.o(.ARM.exidx) refers to adafruit_gfx.o(.rrx_text) for __asm___16_Adafruit_GFX_cpp_7e22ceb4___ZN38_INTERNAL_16_Adafruit_GFX_cpp_7e22ceb45__RRXEj
    adafruit_gfx.o(i._ZN12Adafruit_GFX10fillCircleEssst) refers to adafruit_gfx.o(i._ZN12Adafruit_GFX16fillCircleHelperEssshst) for Adafruit_GFX::fillCircleHelper(short, short, short, unsigned char, short, unsigned short)
    adafruit_gfx.o(i._ZN12Adafruit_GFX13drawRoundRectEssssst) refers to adafruit_gfx.o(i._ZN12Adafruit_GFX16drawCircleHelperEsssht) for Adafruit_GFX::drawCircleHelper(short, short, short, unsigned char, unsigned short)
    adafruit_gfx.o(i._ZN12Adafruit_GFX13fillRoundRectEssssst) refers to adafruit_gfx.o(i._ZN12Adafruit_GFX16fillCircleHelperEssshst) for Adafruit_GFX::fillCircleHelper(short, short, short, unsigned char, short, unsigned short)
    adafruit_gfx.o(i._ZN12Adafruit_GFX5writeEh) refers to adafruit_gfx.o(i._ZN12Adafruit_GFX8drawCharEsshtth) for Adafruit_GFX::drawChar(short, short, unsigned char, unsigned short, unsigned short, unsigned char)
    adafruit_gfx.o(i._ZN12Adafruit_GFX8drawCharEsshtth) refers to adafruit_gfx.o(.constdata) for .constdata
    adafruit_gfx.o(i._ZN12Adafruit_GFXC2Ess) refers to adafruit_gfx.o(.constdata__ZTV12Adafruit_GFX) for vtable for Adafruit_GFX
    adafruit_gfx.o(.ARM.exidx) refers to adafruit_gfx.o(i._ZN12Adafruit_GFXC2Ess) for i._ZN12Adafruit_GFXC2Ess
    adafruit_gfx.o(.ARM.exidx) refers to adafruit_gfx.o(i._ZN12Adafruit_GFX8drawLineEsssst) for i._ZN12Adafruit_GFX8drawLineEsssst
    adafruit_gfx.o(.ARM.exidx) refers to unwind_pr1.o(.text) for __aeabi_unwind_cpp_pr1
    adafruit_gfx.o(.ARM.exidx) refers to adafruit_gfx.o(.ARM.extab) for .extab._ZN12Adafruit_GFX8drawLineEsssst
    adafruit_gfx.o(.ARM.exidx) refers to adafruit_gfx.o(i._ZN12Adafruit_GFX13drawFastVLineEssst) for i._ZN12Adafruit_GFX13drawFastVLineEssst
    adafruit_gfx.o(.ARM.exidx) refers to unwind_pr0.o(.text) for __aeabi_unwind_cpp_pr0
    adafruit_gfx.o(.ARM.exidx) refers to adafruit_gfx.o(i._ZN12Adafruit_GFX13drawFastHLineEssst) for i._ZN12Adafruit_GFX13drawFastHLineEssst
    adafruit_gfx.o(.ARM.exidx) refers to unwind_pr0.o(.text) for __aeabi_unwind_cpp_pr0
    adafruit_gfx.o(.ARM.exidx) refers to adafruit_gfx.o(i._ZN12Adafruit_GFX8drawRectEsssst) for i._ZN12Adafruit_GFX8drawRectEsssst
    adafruit_gfx.o(.ARM.exidx) refers to unwind_pr0.o(.text) for __aeabi_unwind_cpp_pr0
    adafruit_gfx.o(.ARM.exidx) refers to adafruit_gfx.o(i._ZN12Adafruit_GFX8fillRectEsssst) for i._ZN12Adafruit_GFX8fillRectEsssst
    adafruit_gfx.o(.ARM.exidx) refers to unwind_pr0.o(.text) for __aeabi_unwind_cpp_pr0
[...]
    Adafruit_SSD1306::clearDisplay()         0x080046ff   Thumb Code    14  adafruit_ssd1306.o(i._ZN16Adafruit_SSD130612clearDisplayEv)
    Adafruit_SSD1306::ssd1306_data(unsigned short) 0x0800470d   Thumb Code    54  adafruit_ssd1306.o(i._ZN16Adafruit_SSD130612ssd1306_dataEt)
    Adafruit_SSD1306::drawFastHLine(short, short, short, unsigned short) 0x08004749   Thumb Code   418  adafruit_ssd1306.o(i._ZN16Adafruit_SSD130613drawFastHLineEssst)
    Adafruit_SSD1306::drawFastVLine(short, short, short, unsigned short) 0x080048f5   Thumb Code   408  adafruit_ssd1306.o(i._ZN16Adafruit_SSD130613drawFastVLineEssst)
    Adafruit_SSD1306::invertDisplay(unsigned char) 0x08004a95   Thumb Code    12  adafruit_ssd1306.o(i._ZN16Adafruit_SSD130613invertDisplayEh)
    Adafruit_SSD1306::ssd1306_command(unsigned char) 0x08004aa1   Thumb Code    34  adafruit_ssd1306.o(i._ZN16Adafruit_SSD130615ssd1306_commandEh)
    Adafruit_SSD1306::startscrollleft(unsigned char, unsigned char) 0x08004ac9   Thumb Code    74  adafruit_ssd1306.o(i._ZN16Adafruit_SSD130615startscrollleftEhh)
    Adafruit_SSD1306::startscrollright(unsigned char, unsigned char) 0x08004b13   Thumb Code    74  adafruit_ssd1306.o(i._ZN16Adafruit_SSD130616startscrollrightEhh)
    Adafruit_SSD1306::startscrolldiagleft(unsigned char, unsigned char) 0x08004b5d   Thumb Code    90  adafruit_ssd1306.o(i._ZN16Adafruit_SSD130619startscrolldiagleftEhh)
    Adafruit_SSD1306::startscrolldiagright(unsigned char, unsigned char) 0x08004bb7   Thumb Code    90  adafruit_ssd1306.o(i._ZN16Adafruit_SSD130620startscrolldiagrightEhh)
    Adafruit_SSD1306::dim(bool)              0x08004c11   Thumb Code    42  adafruit_ssd1306.o(i._ZN16Adafruit_SSD13063dimEb)
    Adafruit_SSD1306::begin(unsigned char, unsigned char, bool) 0x08004c3b   Thumb Code   236  adafruit_ssd1306.o(i._ZN16Adafruit_SSD13065beginEhhb)
    Adafruit_SSD1306::memset(unsigned char*, unsigned short, unsigned short) 0x08004d27   Thumb Code    16  adafruit_ssd1306.o(i._ZN16Adafruit_SSD13066memsetEPhtt)
    Adafruit_SSD1306::printf(const char*)    0x08004d39   Thumb Code   106  adafruit_ssd1306.o(i._ZN16Adafruit_SSD13066printfEPKc)
    Adafruit_SSD1306::display()              0x08004da9   Thumb Code    74  adafruit_ssd1306.o(i._ZN16Adafruit_SSD13067displayEv)
    Adafruit_SSD1306::drawPixel(short, short, unsigned short) 0x08004df3   Thumb Code   208  adafruit_ssd1306.o(i._ZN16Adafruit_SSD13069drawPixelEsst)
    Adafruit_SSD1306::Adafruit_SSD1306(__I2C_HandleTypeDef*, signed char) 0x08004ec5   Thumb Code    58  adafruit_ssd1306.o(i._ZN16Adafruit_SSD1306C1EP19__I2C_HandleTypeDefa)
    Adafruit_SSD1306::Adafruit_SSD1306__sub_object(__I2C_HandleTypeDef*, signed char) 0x08004ec5   Thumb Code     0  adafruit_ssd1306.o(i._ZN16Adafruit_SSD1306C1EP19__I2C_HandleTypeDefa)
    Adafruit_GFX::getRotation() const        0x08006295   Thumb Code     4  adafruit_gfx.o(i._ZNK12Adafruit_GFX11getRotationEv)
    Adafruit_GFX::width() const              0x08006299   Thumb Code     6  adafruit_gfx.o(i._ZNK12Adafruit_GFX5widthEv)
    Adafruit_GFX::height() const             0x0800629f   Thumb Code     6  adafruit_gfx.o(i._ZNK12Adafruit_GFX6heightEv)
    Double_screen::width() const             0x080062a5   Thumb Code     6  double_screen.o(i._ZNK13Double_screen5widthEv)
    Double_screen::height() const            0x080062ab   Thumb Code     6  double_screen.o(i._ZNK13Double_screen6heightEv)
    std::type_info::operator ==(const std::type_info&) const 0x080062b1   Thumb Code    32  type_info_eq.o(i._ZNKSt9type_infoeqERKS_)
    std::type_info::operator !=(const std::type_info&) const 0x080062d1   Thumb Code    32  type_info_ne.o(i._ZNKSt9type_infoneERKS_)
    std::bad_typeid::bad_typeid(const std::bad_typeid&) 0x080062f1   Thumb Code    12  bad_typeid.o(i._ZNSt10bad_typeidC1ERKS_)
    std::bad_typeid::bad_typeid__sub_object(const std::bad_typeid&) 0x080062f1   Thumb Code     0  bad_typeid.o(i._ZNSt10bad_typeidC1ERKS_)
    std::bad_typeid::bad_typeid()            0x08006301   Thumb Code    12  bad_typeid.o(i._ZNSt10bad_typeidC1Ev)
    std::bad_typeid::bad_typeid__sub_object() 0x08006301   Thumb Code     0  bad_typeid.o(i._ZNSt10bad_typeidC1Ev)
    std::bad_typeid::~bad_typeid__deallocating() 0x08006311   Thumb Code    14  bad_typeid.o(i._ZNSt10bad_typeidD0Ev)
    std::bad_typeid::~bad_typeid()           0x0800631f   Thumb Code     8  bad_typeid.o(i._ZNSt10bad_typeidD1Ev)
    std::bad_typeid::~bad_typeid__sub_object() 0x0800631f   Thumb Code     0  bad_typeid.o(i._ZNSt10bad_typeidD1Ev)
    std::bad_exception::bad_exception(const std::bad_exception&) 0x08006329   Thumb Code    12  bad_exception_cctor.o(i._ZNSt13bad_exceptionC1ERKS_)
    std::bad_exception::bad_exception__sub_object(const std::bad_exception&) 0x08006329   Thumb Code     0  bad_exception_cctor.o(i._ZNSt13bad_exceptionC1ERKS_)
    std::bad_exception::bad_exception()      0x08006339   Thumb Code    12  bad_exception_ctor.o(i._ZNSt13bad_exceptionC1Ev)
    std::bad_exception::bad_exception__sub_object() 0x08006339   Thumb Code     0  bad_exception_ctor.o(i._ZNSt13bad_exceptionC1Ev)
    std::bad_exception::~bad_exception__deallocating() 0x08006349   Thumb Code    14  bad_exception_dtor.o(i._ZNSt13bad_exceptionD0Ev)
    std::bad_exception::~bad_exception()     0x08006357   Thumb Code     8  bad_exception_dtor.o(i._ZNSt13bad_exceptionD1Ev)
    std::bad_exception::~bad_exception__sub_object() 0x08006357   Thumb Code     0  bad_exception_dtor.o(i._ZNSt13bad_exceptionD1Ev)
    std::bad_alloc::bad_alloc(const std::bad_alloc&) 0x08006361   Thumb Code    12  bad_alloc_cctor.o(i._ZNSt9bad_allocC1ERKS_)
    std::bad_alloc::bad_alloc__sub_object(const std::bad_alloc&) 0x08006361   Thumb Code     0  bad_alloc_cctor.o(i._ZNSt9bad_allocC1ERKS_)
    std::bad_alloc::bad_alloc()              0x08006371   Thumb Code    12  bad_alloc_ctor.o(i._ZNSt9bad_allocC1Ev)
    std::bad_alloc::bad_alloc__sub_object()  0x08006371   Thumb Code     0  bad_alloc_ctor.o(i._ZNSt9bad_allocC1Ev)
    std::bad_alloc::~bad_alloc__deallocating() 0x08006381   Thumb Code    14  bad_alloc_dtor.o(i._ZNSt9bad_allocD0Ev)
    std::bad_alloc::~bad_alloc()             0x0800638f   Thumb Code     8  bad_alloc_dtor.o(i._ZNSt9bad_allocD1Ev)
    std::bad_alloc::~bad_alloc__sub_object() 0x0800638f   Thumb Code     0  bad_alloc_dtor.o(i._ZNSt9bad_allocD1Ev)
    std::exception::exception(const std::exception&) 0x08006399   Thumb Code     6  exception_cctor.o(i._ZNSt9exceptionC1ERKS_)
    std::exception::exception__sub_object(const std::exception&) 0x08006399   Thumb Code     0  exception_cctor.o(i._ZNSt9exceptionC1ERKS_)
    std::exception::exception()              0x080063a5   Thumb Code     6  exception_ctor.o(i._ZNSt9exceptionC1Ev)
    std::exception::exception__sub_object()  0x080063a5   Thumb Code     0  exception_ctor.o(i._ZNSt9exceptionC1Ev)
    operator delete[] (void*)                0x080063b1   Thumb Code     8  array_del.o(i._ZdaPv)
    operator delete (void*)                  0x080063b9   Thumb Code     8  delete.o(i._ZdlPv)
    operator new[] (unsigned)                0x080063c1   Thumb Code     8  array_new.o(i._Znaj)
    operator new(unsigned)                   0x080063c9   Thumb Code    34  new.o(i._Znwj)
    __ARM_array_new_general                  0x080063f1   Thumb Code   146  array_new_general.o(i.__ARM_array_new_general)
    __ARM_common_get_typeid                  0x0800648f   Thumb Code    32  arm_exceptions_throw.o(i.__ARM_common_get_typeid)
    __ARM_vec_cleanup                        0x080064af   Thumb Code    44  ARM_vec_cleanup.o(i.__ARM_vec_cleanup)
    __ARM_vec_cleanup_rethrow                0x080064e3   Thumb Code    44  ARM_vec_cleanup_rethrow.o(i.__ARM_vec_cleanup_rethrow)
    __aeabi_vec_delete                       0x08006517   Thumb Code    34  aeabi_vec_delete.o(i.__aeabi_vec_delete)
    __aeabi_vec_dtor                         0x08006541   Thumb Code    58  aeabi_vec_dtor.o(i.__aeabi_vec_dtor)
    __aeabi_vec_dtor_cookie                  0x08006583   Thumb Code    16  aeabi_vec_dtor_cookie.o(i.__aeabi_vec_dtor_cookie)
    __aeabi_vec_new_cookie                   0x08006593   Thumb Code    20  aeabi_vec_new_cookie.o(i.__aeabi_vec_new_cookie)
    __cxa_pure_virtual                       0x080065a7   Thumb Code     6  pure_virt.o(i.__cxa_pure_virtual)
    __cxa_vec_new                            0x080065ad   Thumb Code    18  cxa_vec_new.o(i.__cxa_vec_new)
    __derived_to_base_conversion             0x080065c5   Thumb Code   106  rtti.o(i.__derived_to_base_conversion)
    __dynamic_cast                           0x08006635   Thumb Code   170  rtti.o(i.__dynamic_cast)
    main                                     0x08006721   Thumb Code   142  main.o(i.main)
    Vector<Vector<int>>::push_front(const Vector<int>&) 0x080067d1   Thumb Code   116  snake_game.o(t._ZN6VectorIS_IiEE10push_frontERKS0_)
    Vector<Vector<int>>::at(int)             0x08006851   Thumb Code    38  snake_game.o(t._ZN6VectorIS_IiEE2atEi)
    Vector<Vector<int>>::reserve(int)        0x0800687d   Thumb Code    86  snake_game.o(t._ZN6VectorIS_IiEE7reserveEi)
    Vector<Vector<int>>::pop_front()         0x080068e1   Thumb Code    86  snake_game.o(t._ZN6VectorIS_IiEE9pop_frontEv)
    Vector<Vector<int>>::~Vector()           0x08006945   Thumb Code    16  main.o(t._ZN6VectorIS_IiEED1Ev)
    Vector<Vector<int>>::~Vector__sub_object() 0x08006945   Thumb Code     0  main.o(t._ZN6VectorIS_IiEED1Ev)
    Vector<int>::back()                      0x08006959   Thumb Code    14  snake_game.o(t._ZN6VectorIiE4backEv)
    Vector<int>::reserve(int)                0x08006967   Thumb Code    64  snake_game.o(t._ZN6VectorIiE7reserveEi)
    Vector<int>::push_back(const int&)       0x080069a7   Thumb Code    46  snake_game.o(t._ZN6VectorIiE9push_backERKi)
    Vector<int>::Vector()                    0x080069d5   Thumb Code    10  snake_game.o(t._ZN6VectorIiEC1Ev)
    Vector<int>::Vector__sub_object()        0x080069d5   Thumb Code     0  snake_game.o(t._ZN6VectorIiEC1Ev)
    Vector<int>::~Vector()                   0x080069df   Thumb Code    14  main.o(t._ZN6VectorIiED1Ev)
    Vector<int>::~Vector__sub_object()       0x080069df   Thumb Code     0  main.o(t._ZN6VectorIiED1Ev)
    Vector<int>::operator =(const Vector<int>&) 0x080069ed   Thumb Code    96  snake_game.o(t._ZN6VectorIiEaSERKS0_)
    _fp_init                                 0x08006a4d   Thumb Code    10  fpinit.o(x$fpl$fpinit)
    __fplib_config_fpu_vfp                   0x08006a55   Thumb Code     0  fpinit.o(x$fpl$fpinit)
    __fplib_config_pureend_doubles           0x08006a55   Thumb Code     0  fpinit.o(x$fpl$fpinit)
    AHBPrescTable                            0x080071d0   Data          16  system_stm32f4xx.o(.constdata)
    APBPrescTable                            0x080071e0   Data           8  system_stm32f4xx.o(.constdata)
    typeinfo for out_of_range                0x080071f4   Data           8  snake_game.o(.constdata__ZTI12out_of_range)
    typeinfo for __cxxabiv1::__class_type_info 0x080071fc   Data          12  lib_rtti_impl.o(.constdata__ZTIN10__cxxabiv117__class_type_infoE)
    typeinfo for __cxxabiv1::__pbase_type_info 0x08007208   Data          12  lib_rtti_impl.o(.constdata__ZTIN10__cxxabiv117__pbase_type_infoE)
    typeinfo for __cxxabiv1::__pointer_type_info 0x08007214   Data          12  lib_rtti_impl.o(.constdata__ZTIN10__cxxabiv119__pointer_type_infoE)
    typeinfo for __cxxabiv1::__si_class_type_info 0x08007220   Data          12  lib_rtti_impl.o(.constdata__ZTIN10__cxxabiv120__si_class_type_infoE)
    typeinfo for __cxxabiv1::__vmi_class_type_info 0x0800722c   Data          12  lib_rtti_impl.o(.constdata__ZTIN10__cxxabiv121__vmi_class_type_infoE)
    typeinfo for __cxxabiv1::__fundamental_type_info 0x08007238   Data          12  lib_rtti_impl.o(.constdata__ZTIN10__cxxabiv123__fundamental_type_infoE)
    typeinfo for std::bad_typeid             0x08007244   Data          12  bad_typeid.o(.constdata__ZTISt10bad_typeid)
    typeinfo for std::bad_exception          0x08007250   Data          12  bad_exception_dtor.o(.constdata__ZTISt13bad_exception)
    typeinfo for std::bad_alloc              0x0800725c   Data          12  bad_alloc_dtor.o(.constdata__ZTISt9bad_alloc)
    typeinfo for std::exception              0x08007268   Data           8  exception_dtor.o(.constdata__ZTISt9exception)
    typeinfo for std::type_info              0x08007270   Data           8  type_info_dtor.o(.constdata__ZTISt9type_info)
    typeinfo for void                        0x08007278   Data           8  arm_exceptions_throw.o(.constdata__ZTIv)
    typeinfo name for out_of_range           0x08007280   Data          15  snake_game.o(.constdata__ZTS12out_of_range)
    typeinfo name for __cxxabiv1::__class_type_info 0x0800728f   Data          34  lib_rtti_impl.o(.constdata__ZTSN10__cxxabiv117__class_type_infoE)
    typeinfo name for __cxxabiv1::__pbase_type_info 0x080072b1   Data          34  lib_rtti_impl.o(.constdata__ZTSN10__cxxabiv117__pbase_type_infoE)
    typeinfo name for __cxxabiv1::__pointer_type_info 0x080072d3   Data          36  lib_rtti_impl.o(.constdata__ZTSN10__cxxabiv119__pointer_type_infoE)
    typeinfo name for __cxxabiv1::__si_class_type_info 0x080072f7   Data          37  lib_rtti_impl.o(.constdata__ZTSN10__cxxabiv120__si_class_type_infoE)
    typeinfo name for __cxxabiv1::__vmi_class_type_info 0x0800731c   Data          38  lib_rtti_impl.o(.constdata__ZTSN10__cxxabiv121__vmi_class_type_infoE)
    typeinfo name for __cxxabiv1::__fundamental_type_info 0x08007342   Data          40  lib_rtti_impl.o(.constdata__ZTSN10__cxxabiv123__fundamental_type_infoE)
    typeinfo name for std::bad_typeid        0x0800736a   Data          15  bad_typeid.o(.constdata__ZTSSt10bad_typeid)
    typeinfo name for std::bad_exception     0x08007379   Data          18  bad_exception_dtor.o(.constdata__ZTSSt13bad_exception)
    typeinfo name for std::bad_alloc         0x0800738b   Data          13  bad_alloc_dtor.o(.constdata__ZTSSt9bad_alloc)
    typeinfo name for std::exception         0x08007398   Data          13  exception_dtor.o(.constdata__ZTSSt9exception)
    typeinfo name for std::type_info         0x080073a5   Data          13  type_info_dtor.o(.constdata__ZTSSt9type_info)
    typeinfo name for void                   0x080073b2   Data           2  arm_exceptions_throw.o(.constdata__ZTSv)
    vtable for Adafruit_GFX                  0x080073b4   Data          40  adafruit_gfx.o(.constdata__ZTV12Adafruit_GFX)
    vtable for Adafruit_SSD1306              0x080073dc   Data          40  adafruit_ssd1306.o(.constdata__ZTV16Adafruit_SSD1306)
    vtable for __cxxabiv1::__class_type_info 0x08007404   Data          16  lib_rtti_impl.o(.constdata__ZTVN10__cxxabiv117__class_type_infoE)
    vtable for __cxxabiv1::__si_class_type_info 0x08007414   Data          16  lib_rtti_impl.o(.constdata__ZTVN10__cxxabiv120__si_class_type_infoE)
    vtable for __cxxabiv1::__fundamental_type_info 0x08007424   Data          16  lib_rtti_impl.o(.constdata__ZTVN10__cxxabiv123__fundamental_type_infoE)
    vtable for std::bad_typeid               0x08007434   Data          20  bad_typeid.o(.constdata__ZTVSt10bad_typeid)
    vtable for std::bad_exception            0x08007448   Data          20  bad_exception_dtor.o(.constdata__ZTVSt13bad_exception)
    vtable for std::bad_alloc                0x0800745c   Data          20  bad_alloc_dtor.o(.constdata__ZTVSt9bad_alloc)
    vtable for std::exception                0x08007470   Data          20  exception_dtor.o(.constdata__ZTVSt9exception)
    Region$$Table$$Base                      0x08007484   Number         0  anon$$obj.o(Region$$Table)
    Region$$Table$$Limit                     0x080074a4   Number         0  anon$$obj.o(Region$$Table)
    SHT$$INIT_ARRAY$$Base                    0x080074a4   Number         0  main.o(.init_array)
    SHT$$ARM_EXIDX$$Base                     0x080074ac   Number         0  __rtentry4.o(.ARM.exidx)
    SHT$$INIT_ARRAY$$Limit                   0x080074ac   Number         0  init_aeabi.o(.init_array)
    SHT$$ARM_EXIDX$$Limit                    0x0800790c   Number         0  snake_game.o(.ARM.exidx)
    Buffer_CMD                               0x20000000   Data           2  adafruit_ssd1306.o(.data)
    Buffer_DATA                              0x20000002   Data         129  adafruit_ssd1306.o(.data)
    uwTickFreq                               0x20000284   Data           1  stm32f4xx_hal.o(.data)
    uwTickPrio                               0x20000288   Data           4  stm32f4xx_hal.o(.data)
    uwTick                                   0x2000028c   Data           4  stm32f4xx_hal.o(.data)
    SystemCoreClock                          0x20000290   Data           4  system_stm32f4xx.o(.data)
    Adafruit_SSD1306::drawFastVLineInternal(short, short, short, unsigned short)::premask 0x20000294   Data           8  adafruit_ssd1306.o(.data__ZZN16Adafruit_SSD130621drawFastVLineInternalEssstE7premask)
    Adafruit_SSD1306::drawFastVLineInternal(short, short, short, unsigned short)::postmask 0x2000029c   Data           8  adafruit_ssd1306.o(.data__ZZN16Adafruit_SSD130621drawFastVLineInternalEssstE8postmask)
    hi2c1                                    0x200002a4   Data          84  main.o(.bss)
    hi2c2                                    0x200002f8   Data          84  main.o(.bss)
    mydoubleScreen                           0x2000034c   Data          26  main.o(.bss)
    lcd_top                                  0x20000368   Data         548  double_screen.o(.bss)
    lcd_bottom                               0x2000058c   Data         548  double_screen.o(.bss)
    __libspace_start                         0x200007b0   Data          96  libspace.o(.bss)
    __temporary_stack_top$libspace           0x20000810   Data           0  libspace.o(.bss)



==============================================================================

Memory Map of the image

  Image Entry point : 0x08000189

  Load Region LR_IROM1 (Base: 0x08000000, Size: 0x00007bb0, Max: 0x00100000, ABSOLUTE, COMPRESSED[0x00007a10])

    Execution Region ER_IROM1 (Exec base: 0x08000000, Load base: 0x08000000, Size: 0x0000790c, Max: 0x00100000, ABSOLUTE)

    Exec Addr    Load Addr    Size         Type   Attr      Idx    E Section Name        Object

    0x08000000   0x08000000   0x00000188   Data   RO            3    RESET               startup_stm32f407xx.o
    0x08000188   0x08000188   0x00000008   Code   RO         3343  * !!!main             c_w.l(__main.o)
    0x08000190   0x08000190   0x00000034   Code   RO         4027    !!!scatter          c_w.l(__scatter.o)
    0x080001c4   0x080001c4   0x0000005a   Code   RO         4025    !!dczerorl2         c_w.l(__dczerorl2.o)
    0x0800021e   0x0800021e   0x00000002   PAD
    0x08000220   0x08000220   0x0000001c   Code   RO         4029    !!handler_zi        c_w.l(__scatter_zi.o)
    0x0800023c   0x0800023c   0x00000002   Code   RO         3941    .ARM.Collect$$libinit$$00000000  c_w.l(libinit.o)
    0x0800023e   0x0800023e   0x00000004   Code   RO         3578    .ARM.Collect$$libinit$$00000001  c_w.l(libinit2.o)
    0x08000242   0x08000242   0x00000000   Code   RO         3581    .ARM.Collect$$libinit$$00000004  c_w.l(libinit2.o)
    0x08000242   0x08000242   0x00000008   Code   RO         3582    .ARM.Collect$$libinit$$00000005  c_w.l(libinit2.o)
    0x0800024a   0x0800024a   0x00000000   Code   RO         3584    .ARM.Collect$$libinit$$0000000A  c_w.l(libinit2.o)
    0x0800024a   0x0800024a   0x00000000   Code   RO         3586    .ARM.Collect$$libinit$$0000000C  c_w.l(libinit2.o)
    0x0800024a   0x0800024a   0x00000000   Code   RO         3588    .ARM.Collect$$libinit$$0000000E  c_w.l(libinit2.o)
    0x0800024a   0x0800024a   0x00000000   Code   RO         3591    .ARM.Collect$$libinit$$00000011  c_w.l(libinit2.o)
    0x0800024a   0x0800024a   0x00000000   Code   RO         3593    .ARM.Collect$$libinit$$00000013  c_w.l(libinit2.o)
    0x0800024a   0x0800024a   0x00000000   Code   RO         3595    .ARM.Collect$$libinit$$00000015  c_w.l(libinit2.o)
    0x0800024a   0x0800024a   0x00000000   Code   RO         3597    .ARM.Collect$$libinit$$00000017  c_w.l(libinit2.o)
    0x0800024a   0x0800024a   0x00000000   Code   RO         3599    .ARM.Collect$$libinit$$00000019  c_w.l(libinit2.o)
    0x0800024a   0x0800024a   0x00000000   Code   RO         3601    .ARM.Collect$$libinit$$0000001B  c_w.l(libinit2.o)
    0x0800024a   0x0800024a   0x00000000   Code   RO         3603    .ARM.Collect$$libinit$$0000001D  c_w.l(libinit2.o)
    0x0800024a   0x0800024a   0x00000000   Code   RO         3605    .ARM.Collect$$libinit$$0000001F  c_w.l(libinit2.o)
    0x0800024a   0x0800024a   0x00000000   Code   RO         3607    .ARM.Collect$$libinit$$00000021  c_w.l(libinit2.o)
    0x0800024a   0x0800024a   0x00000000   Code   RO         3609    .ARM.Collect$$libinit$$00000023  c_w.l(libinit2.o)
    0x0800024a   0x0800024a   0x00000000   Code   RO         3611    .ARM.Collect$$libinit$$00000025  c_w.l(libinit2.o)
    0x0800024a   0x0800024a   0x00000000   Code   RO         3615    .ARM.Collect$$libinit$$0000002C  c_w.l(libinit2.o)
    0x0800024a   0x0800024a   0x00000000   Code   RO         3617    .ARM.Collect$$libinit$$0000002E  c_w.l(libinit2.o)
    0x0800024a   0x0800024a   0x00000000   Code   RO         3619    .ARM.Collect$$libinit$$00000030  c_w.l(libinit2.o)
    0x0800024a   0x0800024a   0x00000004   Code   RO         3620    .ARM.Collect$$libinit$$00000031  c_w.l(libinit2.o)
    0x0800024e   0x0800024e   0x00000000   Code   RO         3621    .ARM.Collect$$libinit$$00000032  c_w.l(libinit2.o)
    0x0800024e   0x0800024e   0x00000002   Code   RO         3622    .ARM.Collect$$libinit$$00000033  c_w.l(libinit2.o)
    0x08000250   0x08000250   0x00000002   Code   RO         4022    .ARM.Collect$$libshutdown$$00000000  c_w.l(libshutdown.o)
    0x08000252   0x08000252   0x00000000   Code   RO         4005    .ARM.Collect$$libshutdown$$00000002  c_w.l(libshutdown2.o)
    0x08000252   0x08000252   0x00000000   Code   RO         4007    .ARM.Collect$$libshutdown$$00000004  c_w.l(libshutdown2.o)
    0x08000252   0x08000252   0x00000000   Code   RO         4010    .ARM.Collect$$libshutdown$$00000007  c_w.l(libshutdown2.o)
    0x08000252   0x08000252   0x00000000   Code   RO         4013    .ARM.Collect$$libshutdown$$0000000A  c_w.l(libshutdown2.o)
    0x08000252   0x08000252   0x00000000   Code   RO         4015    .ARM.Collect$$libshutdown$$0000000C  c_w.l(libshutdown2.o)
    0x08000252   0x08000252   0x00000000   Code   RO         4018    .ARM.Collect$$libshutdown$$0000000F  c_w.l(libshutdown2.o)
    0x08000252   0x08000252   0x00000002   Code   RO         4019    .ARM.Collect$$libshutdown$$00000010  c_w.l(libshutdown2.o)
    0x08000254   0x08000254   0x00000000   Code   RO         3513    .ARM.Collect$$rtentry$$00000000  c_w.l(__rtentry.o)
    0x08000254   0x08000254   0x00000000   Code   RO         3753    .ARM.Collect$$rtentry$$00000002  c_w.l(__rtentry2.o)
    0x08000254   0x08000254   0x00000006   Code   RO         3765    .ARM.Collect$$rtentry$$00000004  c_w.l(__rtentry4.o)
    0x0800025a   0x0800025a   0x00000000   Code   RO         3755    .ARM.Collect$$rtentry$$00000009  c_w.l(__rtentry2.o)
    0x0800025a   0x0800025a   0x00000004   Code   RO         3756    .ARM.Collect$$rtentry$$0000000A  c_w.l(__rtentry2.o)
    0x0800025e   0x0800025e   0x00000000   Code   RO         3758    .ARM.Collect$$rtentry$$0000000C  c_w.l(__rtentry2.o)
    0x0800025e   0x0800025e   0x00000008   Code   RO         3759    .ARM.Collect$$rtentry$$0000000D  c_w.l(__rtentry2.o)
    0x08000266   0x08000266   0x00000002   Code   RO         3971    .ARM.Collect$$rtexit$$00000000  c_w.l(rtexit.o)
    0x08000268   0x08000268   0x00000000   Code   RO         3984    .ARM.Collect$$rtexit$$00000002  c_w.l(rtexit2.o)
    0x08000268   0x08000268   0x00000004   Code   RO         3985    .ARM.Collect$$rtexit$$00000003  c_w.l(rtexit2.o)
    0x0800026c   0x0800026c   0x00000006   Code   RO         3986    .ARM.Collect$$rtexit$$00000004  c_w.l(rtexit2.o)
    0x08000272   0x08000272   0x00000002   PAD
    0x08000274   0x08000274   0x00000020   Code   RO         3488    .emb_text           cpprt_w.l(arm_exceptions_cleanup.o)
    0x08000294   0x08000294   0x0000007c   Code   RO         3740    .emb_text           cpprt_w.l(unwinder.o)
    0x08000310   0x08000310   0x00000004   Code   RO         3748    .emb_text           cpprt_w.l(unwind_activity.o)
    0x08000314   0x08000314   0x00000000   Code   RO         3905    .emb_text           c_w.l(maybetermalloc1.o)
    0x08000314   0x08000314   0x00000040   Code   RO            4    .text               startup_stm32f407xx.o
    0x08000354   0x08000354   0x000000ee   Code   RO         3337    .text               c_w.l(lludivv7m.o)
    0x08000442   0x08000442   0x0000004e   Code   RO         3339    .text               c_w.l(rt_memclr_w.o)
    0x08000490   0x08000490   0x00000006   Code   RO         3341    .text               c_w.l(heapauxi.o)
    0x08000496   0x08000496   0x00000002   PAD
    0x08000498   0x08000498   0x00000024   Code   RO         3348    .text               c_w.l(init_aeabi.o)
    0x080004bc   0x080004bc   0x00000060   Code   RO         3476    .text               cpprt_w.l(arm_exceptions_alloc.o)
    0x0800051c   0x0800051c   0x000000d0   Code   RO         3479    .text               cpprt_w.l(arm_exceptions_callunex.o)
    0x080005ec   0x080005ec   0x00000038   Code   RO         3485    .text               cpprt_w.l(arm_exceptions_callterm.o)
    0x08000624   0x08000624   0x0000007c   Code   RO         3490    .text               cpprt_w.l(arm_exceptions_cleanup.o)
    0x080006a0   0x080006a0   0x00000190   Code   RO         3494    .text               cpprt_w.l(arm_exceptions_throw.o)
    0x08000830   0x08000830   0x00000006   Code   RO         3507    .text               cpprt_w.l(unwind_pr0.o)
    0x08000836   0x08000836   0x00000006   Code   RO         3510    .text               cpprt_w.l(unwind_pr1.o)
    0x0800083c   0x0800083c   0x0000005e   Code   RO         3520    .text               c_w.l(h1_alloc.o)
    0x0800089a   0x0800089a   0x0000000e   Code   RO         3574    .text               c_w.l(defsig_pvfn_outer.o)
    0x080008a8   0x080008a8   0x00000022   Code   RO         3706    .text               cpprt_w.l(arm_exceptions_free.o)
    0x080008ca   0x080008ca   0x0000001a   Code   RO         3709    .text               cpprt_w.l(arm_exceptions_terminate.o)
    0x080008e4   0x080008e4   0x0000003c   Code   RO         3712    .text               cpprt_w.l(arm_exceptions_mem.o)
    0x08000920   0x08000920   0x0000002c   Code   RO         3715    .text               cpprt_w.l(arm_exceptions_support.o)
    0x0800094c   0x0800094c   0x00000052   Code   RO         3719    .text               cpprt_w.l(arm_exceptions_rethrow.o)
    0x0800099e   0x0800099e   0x0000004a   Code   RO         3722    .text               cpprt_w.l(arm_exceptions_endcatch.o)
    0x080009e8   0x080009e8   0x00000048   Code   RO         3725    .text               cpprt_w.l(arm_exceptions_begincatch.o)
    0x08000a30   0x08000a30   0x00000030   Code   RO         3728    .text               cpprt_w.l(arm_exceptions_bad_typeid.o)
    0x08000a60   0x08000a60   0x0000001e   Code   RO         3731    .text               cpprt_w.l(arm_exceptions_unexpected.o)
    0x08000a7e   0x08000a7e   0x00000042   Code   RO         3734    .text               cpprt_w.l(arm_exceptions_foreign.o)
    0x08000ac0   0x08000ac0   0x00000050   Code   RO         3737    .text               cpprt_w.l(arm_exceptions_globs.o)
    0x08000b10   0x08000b10   0x000003cc   Code   RO         3741    .text               cpprt_w.l(unwinder.o)
    0x08000edc   0x08000edc   0x000005f8   Code   RO         3745    .text               cpprt_w.l(unwind_prcommon.o)
    0x080014d4   0x080014d4   0x00000008   Code   RO         3774    .text               c_w.l(rt_heap_descriptor_intlibspace.o)
    0x080014dc   0x080014dc   0x00000008   Code   RO         3779    .text               c_w.l(rt_new_handler_addr_intlibspace.o)
    0x080014e4   0x080014e4   0x00000008   Code   RO         3784    .text               c_w.l(rt_eh_globals_addr_intlibspace.o)
    0x080014ec   0x080014ec   0x00000004   Code   RO         3786    .text               c_w.l(hguard.o)
    0x080014f0   0x080014f0   0x0000008a   Code   RO         3788    .text               c_w.l(init_alloc.o)
    0x0800157a   0x0800157a   0x0000000e   Code   RO         3794    .text               c_w.l(h1_init.o)
    0x08001588   0x08001588   0x0000004e   Code   RO         3796    .text               c_w.l(h1_free.o)
    0x080015d6   0x080015d6   0x00000016   Code   RO         3812    .text               c_w.l(abort.o)
    0x080015ec   0x080015ec   0x00000050   Code   RO         3814    .text               c_w.l(bsearch.o)
    0x0800163c   0x0800163c   0x0000000a   Code   RO         3817    .text               c_w.l(defsig_exit.o)
    0x08001646   0x08001646   0x00000002   PAD
    0x08001648   0x08001648   0x00000030   Code   RO         3819    .text               c_w.l(defsig_pvfn_inner.o)
    0x08001678   0x08001678   0x00000064   Code   RO         3821    .text               c_w.l(rt_memcpy_w.o)
    0x080016dc   0x080016dc   0x0000000e   Code   RO         3889    .text               cpprt_w.l(unwind_delete.o)
    0x080016ea   0x080016ea   0x00000002   PAD
    0x080016ec   0x080016ec   0x0000000c   Code   RO         3896    .text               c_w.l(sys_exit.o)
    0x080016f8   0x080016f8   0x00000008   Code   RO         3898    .text               c_w.l(libspace.o)
    0x08001700   0x08001700   0x0000004a   Code   RO         3901    .text               c_w.l(sys_stackheap_outer.o)
    0x0800174a   0x0800174a   0x00000034   Code   RO         3907    .text               c_w.l(h1_extend.o)
    0x0800177e   0x0800177e   0x00000012   Code   RO         3911    .text               c_w.l(exit.o)
    0x08001790   0x08001790   0x00000032   Code   RO         3915    .text               c_w.l(defsig_general.o)
    0x080017c2   0x080017c2   0x0000000e   Code   RO         3917    .text               c_w.l(defsig_abrt_outer.o)
    0x080017d0   0x080017d0   0x0000000e   Code   RO         3925    .text               c_w.l(defsig_rtmem_outer.o)
    0x080017de   0x080017de   0x0000000e   Code   RO         3966    .text               c_w.l(sys_wrch.o)
    0x080017ec   0x080017ec   0x00000002   Code   RO         3968    .text               c_w.l(use_no_semi.o)
    0x080017ee   0x080017ee   0x00000000   Code   RO         3970    .text               c_w.l(indicate_semi.o)
    0x080017ee   0x080017ee   0x00000002   PAD
    0x080017f0   0x080017f0   0x00000030   Code   RO         3975    .text               c_w.l(defsig_abrt_inner.o)
    0x08001820   0x08001820   0x00000050   Code   RO         3979    .text               c_w.l(defsig_rtmem_inner.o)
    0x08001870   0x08001870   0x0000000c   Code   RO         3480    .text.clean         cpprt_w.l(arm_exceptions_callunex.o)
    0x0800187c   0x0800187c   0x00000008   Code   RO         3495    .text.clean         cpprt_w.l(arm_exceptions_throw.o)
    0x08001884   0x08001884   0x00000002   Code   RO          742    i.BusFault_Handler  stm32f4xx_it.o
    0x08001886   0x08001886   0x00000002   Code   RO          743    i.DebugMon_Handler  stm32f4xx_it.o
    0x08001888   0x08001888   0x00000024   Code   RO         2473    i.HAL_DMA_Abort_IT  stm32f4xx_hal_dma.o
    0x080018ac   0x080018ac   0x00000004   Code   RO         2475    i.HAL_DMA_GetError  stm32f4xx_hal_dma.o
    0x080018b0   0x080018b0   0x00000006   Code   RO         2476    i.HAL_DMA_GetState  stm32f4xx_hal_dma.o
    0x080018b6   0x080018b6   0x00000046   Code   RO         2480    i.HAL_DMA_Start     stm32f4xx_hal_dma.o
    0x080018fc   0x080018fc   0x0000006e   Code   RO         2481    i.HAL_DMA_Start_IT  stm32f4xx_hal_dma.o
    0x0800196a   0x0800196a   0x00000002   PAD
    0x0800196c   0x0800196c   0x00000024   Code   RO         2963    i.HAL_Delay         stm32f4xx_hal.o
    0x08001990   0x08001990   0x000001b8   Code   RO         2350    i.HAL_GPIO_Init     stm32f4xx_hal_gpio.o
    0x08001b48   0x08001b48   0x0000000e   Code   RO         2353    i.HAL_GPIO_TogglePin  stm32f4xx_hal_gpio.o
    0x08001b56   0x08001b56   0x0000000a   Code   RO         2354    i.HAL_GPIO_WritePin  stm32f4xx_hal_gpio.o
    0x08001b60   0x08001b60   0x0000000c   Code   RO         2969    i.HAL_GetTick       stm32f4xx_hal.o
    0x08001b6c   0x08001b6c   0x0000000c   Code   RO         2970    i.HAL_GetTickFreq   stm32f4xx_hal.o
    0x08001b78   0x08001b78   0x0000000c   Code   RO         2971    i.HAL_GetTickPrio   stm32f4xx_hal.o
    0x08001b84   0x08001b84   0x00000002   Code   RO         1413    i.HAL_I2C_AbortCpltCallback  stm32f4xx_hal_i2c.o
    0x08001b86   0x08001b86   0x00000002   Code   RO         1414    i.HAL_I2C_AddrCallback  stm32f4xx_hal_i2c.o
    0x08001b88   0x08001b88   0x000000ba   Code   RO         1417    i.HAL_I2C_ER_IRQHandler  stm32f4xx_hal_i2c.o
    0x08001c42   0x08001c42   0x0000025a   Code   RO         1418    i.HAL_I2C_EV_IRQHandler  stm32f4xx_hal_i2c.o
    0x08001e9c   0x08001e9c   0x00000002   Code   RO         1420    i.HAL_I2C_ErrorCallback  stm32f4xx_hal_i2c.o
    0x08001e9e   0x08001e9e   0x00000002   PAD
    0x08001ea0   0x08001ea0   0x00000188   Code   RO         1424    i.HAL_I2C_Init      stm32f4xx_hal_i2c.o
    0x08002028   0x08002028   0x00000160   Code   RO         1425    i.HAL_I2C_IsDeviceReady  stm32f4xx_hal_i2c.o
    0x08002188   0x08002188   0x00000002   Code   RO         1426    i.HAL_I2C_ListenCpltCallback  stm32f4xx_hal_i2c.o
    0x0800218a   0x0800218a   0x00000002   Code   RO         1427    i.HAL_I2C_MasterRxCpltCallback  stm32f4xx_hal_i2c.o
    0x0800218c   0x0800218c   0x00000002   Code   RO         1428    i.HAL_I2C_MasterTxCpltCallback  stm32f4xx_hal_i2c.o
    0x0800218e   0x0800218e   0x00000056   Code   RO         1429    i.HAL_I2C_Master_Abort_IT  stm32f4xx_hal_i2c.o
    0x080021e4   0x080021e4   0x000001e4   Code   RO         1430    i.HAL_I2C_Master_Receive  stm32f4xx_hal_i2c.o
    0x080023c8   0x080023c8   0x0000014c   Code   RO         1431    i.HAL_I2C_Master_Receive_DMA  stm32f4xx_hal_i2c.o
    0x08002514   0x08002514   0x000001e0   Code   RO         1433    i.HAL_I2C_Master_Seq_Receive_DMA  stm32f4xx_hal_i2c.o
    0x080026f4   0x080026f4   0x00000190   Code   RO         1435    i.HAL_I2C_Master_Seq_Transmit_DMA  stm32f4xx_hal_i2c.o
    0x08002884   0x08002884   0x00000130   Code   RO         1437    i.HAL_I2C_Master_Transmit  stm32f4xx_hal_i2c.o
    0x080029b4   0x080029b4   0x0000014c   Code   RO         1438    i.HAL_I2C_Master_Transmit_DMA  stm32f4xx_hal_i2c.o
    0x08002b00   0x08002b00   0x00000002   Code   RO         1440    i.HAL_I2C_MemRxCpltCallback  stm32f4xx_hal_i2c.o
    0x08002b02   0x08002b02   0x00000002   Code   RO         1441    i.HAL_I2C_MemTxCpltCallback  stm32f4xx_hal_i2c.o
    0x08002b04   0x08002b04   0x000001f8   Code   RO         1442    i.HAL_I2C_Mem_Read  stm32f4xx_hal_i2c.o
    0x08002cfc   0x08002cfc   0x00000190   Code   RO         1443    i.HAL_I2C_Mem_Read_DMA  stm32f4xx_hal_i2c.o
    0x08002e8c   0x08002e8c   0x00000134   Code   RO         1445    i.HAL_I2C_Mem_Write  stm32f4xx_hal_i2c.o
    0x08002fc0   0x08002fc0   0x00000158   Code   RO         1446    i.HAL_I2C_Mem_Write_DMA  stm32f4xx_hal_i2c.o
    0x08003118   0x08003118   0x000000ac   Code   RO          884    i.HAL_I2C_MspInit   stm32f4xx_hal_msp.o
    0x080031c4   0x080031c4   0x00000002   Code   RO         1450    i.HAL_I2C_SlaveRxCpltCallback  stm32f4xx_hal_i2c.o
    0x080031c6   0x080031c6   0x00000002   Code   RO         1451    i.HAL_I2C_SlaveTxCpltCallback  stm32f4xx_hal_i2c.o
    0x080031c8   0x080031c8   0x0000016c   Code   RO         1452    i.HAL_I2C_Slave_Receive  stm32f4xx_hal_i2c.o
    0x08003334   0x08003334   0x000000d8   Code   RO         1453    i.HAL_I2C_Slave_Receive_DMA  stm32f4xx_hal_i2c.o
    0x0800340c   0x0800340c   0x0000014c   Code   RO         1455    i.HAL_I2C_Slave_Seq_Receive_DMA  stm32f4xx_hal_i2c.o
    0x08003558   0x08003558   0x0000014c   Code   RO         1457    i.HAL_I2C_Slave_Seq_Transmit_DMA  stm32f4xx_hal_i2c.o
    0x080036a4   0x080036a4   0x00000160   Code   RO         1459    i.HAL_I2C_Slave_Transmit  stm32f4xx_hal_i2c.o
    0x08003804   0x08003804   0x000000d8   Code   RO         1460    i.HAL_I2C_Slave_Transmit_DMA  stm32f4xx_hal_i2c.o
    0x080038dc   0x080038dc   0x00000010   Code   RO         2975    i.HAL_IncTick       stm32f4xx_hal.o
    0x080038ec   0x080038ec   0x00000034   Code   RO         2976    i.HAL_Init          stm32f4xx_hal.o
    0x08003920   0x08003920   0x00000040   Code   RO         2977    i.HAL_InitTick      stm32f4xx_hal.o
    0x08003960   0x08003960   0x00000030   Code   RO          885    i.HAL_MspInit       stm32f4xx_hal_msp.o
    0x08003990   0x08003990   0x00000040   Code   RO         2810    i.HAL_NVIC_SetPriority  stm32f4xx_hal_cortex.o
    0x080039d0   0x080039d0   0x00000024   Code   RO         2811    i.HAL_NVIC_SetPriorityGrouping  stm32f4xx_hal_cortex.o
    0x080039f4   0x080039f4   0x00000134   Code   RO         1937    i.HAL_RCC_ClockConfig  stm32f4xx_hal_rcc.o
    0x08003b28   0x08003b28   0x00000020   Code   RO         1944    i.HAL_RCC_GetPCLK1Freq  stm32f4xx_hal_rcc.o
    0x08003b48   0x08003b48   0x00000060   Code   RO         1946    i.HAL_RCC_GetSysClockFreq  stm32f4xx_hal_rcc.o
    0x08003ba8   0x08003ba8   0x00000364   Code   RO         1949    i.HAL_RCC_OscConfig  stm32f4xx_hal_rcc.o
    0x08003f0c   0x08003f0c   0x0000002a   Code   RO         2815    i.HAL_SYSTICK_Config  stm32f4xx_hal_cortex.o
    0x08003f36   0x08003f36   0x00000002   PAD
    0x08003f38   0x08003f38   0x00000024   Code   RO         2981    i.HAL_SetTickFreq   stm32f4xx_hal.o
    0x08003f5c   0x08003f5c   0x00000002   Code   RO          744    i.HardFault_Handler  stm32f4xx_it.o
    0x08003f5e   0x08003f5e   0x00000002   Code   RO          745    i.MemManage_Handler  stm32f4xx_it.o
    0x08003f60   0x08003f60   0x00000002   Code   RO          746    i.NMI_Handler       stm32f4xx_it.o
    0x08003f62   0x08003f62   0x00000002   Code   RO          747    i.PendSV_Handler    stm32f4xx_it.o
    0x08003f64   0x08003f64   0x00000002   Code   RO          748    i.SVC_Handler       stm32f4xx_it.o
    0x08003f66   0x08003f66   0x00000004   Code   RO          749    i.SysTick_Handler   stm32f4xx_it.o
    0x08003f6a   0x08003f6a   0x00000002   PAD
    0x08003f6c   0x08003f6c   0x00000078   Code   RO         3298    i.SystemCoreClockUpdate  system_stm32f4xx.o
    0x08003fe4   0x08003fe4   0x0000001c   Code   RO         3299    i.SystemInit        system_stm32f4xx.o
    0x08004000   0x08004000   0x00000002   Code   RO          750    i.UsageFault_Handler  stm32f4xx_it.o
    0x08004002   0x08004002   0x00000002   PAD
    0x08004004   0x08004004   0x00000084   Code   RO          559    i._Z18SystemClock_Configv  main.o
    0x08004088   0x08004088   0x00000030   Code   RO         3827    i._Z21__default_new_handlerv  cpprt_w.l(newhandler.o)
    0x080040b8   0x080040b8   0x0000007e   Code   RO         1218    i._ZN10Snake_game10addNewHeadEii  snake_game.o
    0x08004136   0x08004136   0x0000000a   Code   RO         1219    i._ZN10Snake_game10addNewHeadEii.clean  snake_game.o
    0x08004140   0x08004140   0x0000005c   Code   RO         1220    i._ZN10Snake_game10modifyTailEii  snake_game.o
    0x0800419c   0x0800419c   0x0000000a   Code   RO         1221    i._ZN10Snake_game10modifyTailEii.clean  snake_game.o
    0x080041a6   0x080041a6   0x00000080   Code   RO         1222    i._ZN10Snake_game16drawCurrentSnakeEv  snake_game.o
    0x08004226   0x08004226   0x00000024   Code   RO         1223    i._ZN10Snake_game16initializeScreenEv  snake_game.o
    0x0800424a   0x0800424a   0x00000062   Code   RO         1227    i._ZN10Snake_game5rightEv  snake_game.o
    0x080042ac   0x080042ac   0x00000010   Code   RO         1228    i._ZN10Snake_game7getElemEv  snake_game.o
    0x080042bc   0x080042bc   0x00000004   Code   RO         1229    i._ZN10Snake_game7getSizeEv  snake_game.o
    0x080042c0   0x080042c0   0x00000064   Code   RO         1230    i._ZN10Snake_game7popHeadEv  snake_game.o
    0x08004324   0x08004324   0x00000004   Code   RO         1231    i._ZN10Snake_game7popTailEv  snake_game.o
    0x08004328   0x08004328   0x000000b2   Code   RO         1232    i._ZN10Snake_gameC1Essss  snake_game.o
    0x080043da   0x080043da   0x00000010   Code   RO         1233    i._ZN10Snake_gameC1Essss.clean  snake_game.o
    0x080043ea   0x080043ea   0x00000008   Code   RO          612    i._ZN10Snake_gameD1Ev  main.o
    0x080043f2   0x080043f2   0x00000008   Code   RO           23    i._ZN12Adafruit_GFX11setTextSizeEh  adafruit_gfx.o
    0x080043fa   0x080043fa   0x00000006   Code   RO           27    i._ZN12Adafruit_GFX12setTextColorEt  adafruit_gfx.o
    0x08004400   0x08004400   0x00000006   Code   RO           28    i._ZN12Adafruit_GFX12setTextColorEtt  adafruit_gfx.o
    0x08004406   0x08004406   0x00000016   Code   RO           29    i._ZN12Adafruit_GFX13drawFastHLineEssst  adafruit_gfx.o
    0x0800441c   0x0800441c   0x00000018   Code   RO           30    i._ZN12Adafruit_GFX13drawFastVLineEssst  adafruit_gfx.o
    0x08004434   0x08004434   0x000000ac   Code   RO           37    i._ZN12Adafruit_GFX8drawLineEsssst  adafruit_gfx.o
    0x080044e0   0x080044e0   0x00000030   Code   RO           39    i._ZN12Adafruit_GFX8fillRectEsssst  adafruit_gfx.o
    0x08004510   0x08004510   0x00000006   Code   RO           40    i._ZN12Adafruit_GFX9setCursorEss  adafruit_gfx.o
    0x08004516   0x08004516   0x00000002   PAD
    0x08004518   0x08004518   0x00000028   Code   RO           41    i._ZN12Adafruit_GFXC2Ess  adafruit_gfx.o
    0x08004540   0x08004540   0x0000000c   Code   RO          932    i._ZN13Double_screen11printBottomEPKc  double_screen.o
    0x0800454c   0x0800454c   0x00000024   Code   RO          934    i._ZN13Double_screen11setTextSizeEh  double_screen.o
    0x08004570   0x08004570   0x0000001c   Code   RO          936    i._ZN13Double_screen12clearDisplayEv  double_screen.o
    0x0800458c   0x0800458c   0x00000024   Code   RO          940    i._ZN13Double_screen12setTextColorEt  double_screen.o
    0x080045b0   0x080045b0   0x00000028   Code   RO          941    i._ZN13Double_screen12setTextColorEtt  double_screen.o
    0x080045d8   0x080045d8   0x00000028   Code   RO          954    i._ZN13Double_screen5beginEhhb  double_screen.o
    0x08004600   0x08004600   0x0000001c   Code   RO          957    i._ZN13Double_screen7displayEv  double_screen.o
    0x0800461c   0x0800461c   0x00000068   Code   RO          959    i._ZN13Double_screen8drawLineEsssst  double_screen.o
    0x08004684   0x08004684   0x0000000c   Code   RO          962    i._ZN13Double_screen8printTopEPKc  double_screen.o
    0x08004690   0x08004690   0x0000001c   Code   RO          963    i._ZN13Double_screen9drawPixelEsst  double_screen.o
    0x080046ac   0x080046ac   0x00000028   Code   RO          964    i._ZN13Double_screen9setCursorEss  double_screen.o
    0x080046d4   0x080046d4   0x00000024   Code   RO          965    i._ZN13Double_screenC1Ev  double_screen.o
    0x080046f8   0x080046f8   0x00000006   Code   RO          343    i._ZN16Adafruit_SSD130610stopscrollEv  adafruit_ssd1306.o
    0x080046fe   0x080046fe   0x0000000e   Code   RO          344    i._ZN16Adafruit_SSD130612clearDisplayEv  adafruit_ssd1306.o
    0x0800470c   0x0800470c   0x0000003c   Code   RO          345    i._ZN16Adafruit_SSD130612ssd1306_dataEt  adafruit_ssd1306.o
    0x08004748   0x08004748   0x000001ac   Code   RO          346    i._ZN16Adafruit_SSD130613drawFastHLineEssst  adafruit_ssd1306.o
    0x080048f4   0x080048f4   0x000001a0   Code   RO          347    i._ZN16Adafruit_SSD130613drawFastVLineEssst  adafruit_ssd1306.o
    0x08004a94   0x08004a94   0x0000000c   Code   RO          348    i._ZN16Adafruit_SSD130613invertDisplayEh  adafruit_ssd1306.o
    0x08004aa0   0x08004aa0   0x00000028   Code   RO          349    i._ZN16Adafruit_SSD130615ssd1306_commandEh  adafruit_ssd1306.o
    0x08004ac8   0x08004ac8   0x0000004a   Code   RO          350    i._ZN16Adafruit_SSD130615startscrollleftEhh  adafruit_ssd1306.o
    0x08004b12   0x08004b12   0x0000004a   Code   RO          351    i._ZN16Adafruit_SSD130616startscrollrightEhh  adafruit_ssd1306.o
    0x08004b5c   0x08004b5c   0x0000005a   Code   RO          352    i._ZN16Adafruit_SSD130619startscrolldiagleftEhh  adafruit_ssd1306.o
    0x08004bb6   0x08004bb6   0x0000005a   Code   RO          353    i._ZN16Adafruit_SSD130620startscrolldiagrightEhh  adafruit_ssd1306.o
    0x08004c10   0x08004c10   0x0000002a   Code   RO          354    i._ZN16Adafruit_SSD13063dimEb  adafruit_ssd1306.o
    0x08004c3a   0x08004c3a   0x000000ec   Code   RO          355    i._ZN16Adafruit_SSD13065beginEhhb  adafruit_ssd1306.o
    0x08004d26   0x08004d26   0x00000010   Code   RO          356    i._ZN16Adafruit_SSD13066memsetEPhtt  adafruit_ssd1306.o
    0x08004d36   0x08004d36   0x00000002   PAD
    0x08004d38   0x08004d38   0x00000070   Code   RO          357    i._ZN16Adafruit_SSD13066printfEPKc  adafruit_ssd1306.o
    0x08004da8   0x08004da8   0x0000004a   Code   RO          358    i._ZN16Adafruit_SSD13067displayEv  adafruit_ssd1306.o
    0x08004df2   0x08004df2   0x000000d0   Code   RO          359    i._ZN16Adafruit_SSD13069drawPixelEsst  adafruit_ssd1306.o
    0x08004ec2   0x08004ec2   0x00000002   PAD
    0x08004ec4   0x08004ec4   0x00000044   Code   RO          360    i._ZN16Adafruit_SSD1306C1EP19__I2C_HandleTypeDefa  adafruit_ssd1306.o
    0x08004f08   0x08004f08   0x00000046   Code   RO         3630    i._ZN27_INTERNAL_6_rtti_c_066a44b012tbc_downcastEPvPKSt9type_infoP28a_base_class_traversal_blockPN10__cxxabiv122__base_class_type_infoE  cpprt_w.l(rtti.o)
    0x08004f4e   0x08004f4e   0x00000016   Code   RO         3631    i._ZN27_INTERNAL_6_rtti_c_066a44b017tbc_post_downcastEPvPKSt9type_infoP28a_base_class_traversal_blockPN10__cxxabiv122__base_class_type_infoE  cpprt_w.l(rtti.o)
    0x08004f64   0x08004f64   0x000000a4   Code   RO         3632    i._ZN27_INTERNAL_6_rtti_c_066a44b021traverse_base_classesEPvPKSt9type_infoP28a_base_class_traversal_blockPN10__cxxabiv122__base_class_type_infoE  cpprt_w.l(rtti.o)
    0x08005008   0x08005008   0x000000c0   Code   RO         3633    i._ZN27_INTERNAL_6_rtti_c_066a44b023find_base_class_at_addrEPvS0_PKSt9type_infoS3_Pi  cpprt_w.l(rtti.o)
    0x080050c8   0x080050c8   0x0000000e   Code   RO         3634    i._ZN27_INTERNAL_6_rtti_c_066a44b024get_virtual_base_pointerEPvPN10__cxxabiv122__base_class_type_infoE  cpprt_w.l(rtti.o)
    0x080050d6   0x080050d6   0x00000002   PAD
    0x080050d8   0x080050d8   0x000001e4   Code   RO         3635    i._ZN27_INTERNAL_6_rtti_c_066a44b028derived_to_base_conversion_rEPvPS0_PKSt9type_infoS4_jPiiPS4_P19a_result_virtualityS5_  cpprt_w.l(rtti.o)
    0x080052bc   0x080052bc   0x00000060   Code   RO          560    i._ZN29_INTERNAL_8_main_cpp_6a9831bd12MX_GPIO_InitEv  main.o
    0x0800531c   0x0800531c   0x00000028   Code   RO         2484    i._ZN41_INTERNAL_19_stm32f4xx_hal_dma_c_c25f65ec13DMA_SetConfigEP19__DMA_HandleTypeDefjjj  stm32f4xx_hal_dma.o
    0x08005344   0x08005344   0x00000154   Code   RO         1462    i._ZN41_INTERNAL_19_stm32f4xx_hal_i2c_c_0eb271f411I2C_ITErrorEP19__I2C_HandleTypeDef  stm32f4xx_hal_i2c.o
    0x08005498   0x08005498   0x00000086   Code   RO         1463    i._ZN41_INTERNAL_19_stm32f4xx_hal_i2c_c_0eb271f412I2C_DMAAbortEP19__DMA_HandleTypeDef  stm32f4xx_hal_i2c.o
    0x0800551e   0x0800551e   0x00000040   Code   RO         1464    i._ZN41_INTERNAL_19_stm32f4xx_hal_i2c_c_0eb271f412I2C_DMAErrorEP19__DMA_HandleTypeDef  stm32f4xx_hal_i2c.o
    0x0800555e   0x0800555e   0x00000002   PAD
    0x08005560   0x08005560   0x00000084   Code   RO         1465    i._ZN41_INTERNAL_19_stm32f4xx_hal_i2c_c_0eb271f412I2C_Slave_AFEP19__I2C_HandleTypeDef  stm32f4xx_hal_i2c.o
    0x080055e4   0x080055e4   0x0000008c   Code   RO         1466    i._ZN41_INTERNAL_19_stm32f4xx_hal_i2c_c_0eb271f413I2C_Master_SBEP19__I2C_HandleTypeDef  stm32f4xx_hal_i2c.o
    0x08005670   0x08005670   0x0000010a   Code   RO         1467    i._ZN41_INTERNAL_19_stm32f4xx_hal_i2c_c_0eb271f415I2C_DMAXferCpltEP19__DMA_HandleTypeDef  stm32f4xx_hal_i2c.o
    0x0800577a   0x0800577a   0x00000002   PAD
    0x0800577c   0x0800577c   0x00000118   Code   RO         1468    i._ZN41_INTERNAL_19_stm32f4xx_hal_i2c_c_0eb271f415I2C_Master_ADDREP19__I2C_HandleTypeDef  stm32f4xx_hal_i2c.o
    0x08005894   0x08005894   0x0000015c   Code   RO         1469    i._ZN41_INTERNAL_19_stm32f4xx_hal_i2c_c_0eb271f415I2C_Slave_STOPFEP19__I2C_HandleTypeDef  stm32f4xx_hal_i2c.o
    0x080059f0   0x080059f0   0x000000d2   Code   RO         1470    i._ZN41_INTERNAL_19_stm32f4xx_hal_i2c_c_0eb271f421I2C_MasterReceive_BTFEP19__I2C_HandleTypeDef  stm32f4xx_hal_i2c.o
    0x08005ac2   0x08005ac2   0x00000002   PAD
    0x08005ac4   0x08005ac4   0x000000ec   Code   RO         1471    i._ZN41_INTERNAL_19_stm32f4xx_hal_i2c_c_0eb271f421I2C_MasterRequestReadEP19__I2C_HandleTypeDeftjj  stm32f4xx_hal_i2c.o
    0x08005bb0   0x08005bb0   0x00000100   Code   RO         1472    i._ZN41_INTERNAL_19_stm32f4xx_hal_i2c_c_0eb271f421I2C_RequestMemoryReadEP19__I2C_HandleTypeDeftttjj  stm32f4xx_hal_i2c.o
    0x08005cb0   0x08005cb0   0x00000092   Code   RO         1473    i._ZN41_INTERNAL_19_stm32f4xx_hal_i2c_c_0eb271f422I2C_MasterReceive_RXNEEP19__I2C_HandleTypeDef  stm32f4xx_hal_i2c.o
    0x08005d42   0x08005d42   0x00000002   PAD
    0x08005d44   0x08005d44   0x0000009c   Code   RO         1474    i._ZN41_INTERNAL_19_stm32f4xx_hal_i2c_c_0eb271f422I2C_MasterRequestWriteEP19__I2C_HandleTypeDeftjj  stm32f4xx_hal_i2c.o
    0x08005de0   0x08005de0   0x00000092   Code   RO         1475    i._ZN41_INTERNAL_19_stm32f4xx_hal_i2c_c_0eb271f422I2C_MasterTransmit_BTFEP19__I2C_HandleTypeDef  stm32f4xx_hal_i2c.o
    0x08005e72   0x08005e72   0x00000002   PAD
    0x08005e74   0x08005e74   0x000000b6   Code   RO         1476    i._ZN41_INTERNAL_19_stm32f4xx_hal_i2c_c_0eb271f422I2C_MasterTransmit_TXEEP19__I2C_HandleTypeDef  stm32f4xx_hal_i2c.o
    0x08005f2a   0x08005f2a   0x00000002   PAD
    0x08005f2c   0x08005f2c   0x000000a8   Code   RO         1477    i._ZN41_INTERNAL_19_stm32f4xx_hal_i2c_c_0eb271f422I2C_RequestMemoryWriteEP19__I2C_HandleTypeDeftttjj  stm32f4xx_hal_i2c.o
    0x08005fd4   0x08005fd4   0x0000002e   Code   RO         1478    i._ZN41_INTERNAL_19_stm32f4xx_hal_i2c_c_0eb271f423I2C_IsAcknowledgeFailedEP19__I2C_HandleTypeDef  stm32f4xx_hal_i2c.o
    0x08006002   0x08006002   0x0000006c   Code   RO         1479    i._ZN41_INTERNAL_19_stm32f4xx_hal_i2c_c_0eb271f426I2C_MemoryTransmit_TXE_BTFEP19__I2C_HandleTypeDef  stm32f4xx_hal_i2c.o
    0x0800606e   0x0800606e   0x00000002   PAD
    0x08006070   0x08006070   0x00000070   Code   RO         1480    i._ZN41_INTERNAL_19_stm32f4xx_hal_i2c_c_0eb271f426I2C_WaitOnFlagUntilTimeoutEP19__I2C_HandleTypeDefj10FlagStatusjj  stm32f4xx_hal_i2c.o
    0x080060e0   0x080060e0   0x0000004c   Code   RO         1481    i._ZN41_INTERNAL_19_stm32f4xx_hal_i2c_c_0eb271f429I2C_WaitOnBTFFlagUntilTimeoutEP19__I2C_HandleTypeDefjj  stm32f4xx_hal_i2c.o
    0x0800612c   0x0800612c   0x0000004c   Code   RO         1482    i._ZN41_INTERNAL_19_stm32f4xx_hal_i2c_c_0eb271f429I2C_WaitOnTXEFlagUntilTimeoutEP19__I2C_HandleTypeDefjj  stm32f4xx_hal_i2c.o
    0x08006178   0x08006178   0x00000066   Code   RO         1483    i._ZN41_INTERNAL_19_stm32f4xx_hal_i2c_c_0eb271f430I2C_WaitOnRXNEFlagUntilTimeoutEP19__I2C_HandleTypeDefjj  stm32f4xx_hal_i2c.o
    0x080061de   0x080061de   0x00000096   Code   RO         1484    i._ZN41_INTERNAL_19_stm32f4xx_hal_i2c_c_0eb271f439I2C_WaitOnMasterAddressFlagUntilTimeoutEP19__I2C_HandleTypeDefjjj  stm32f4xx_hal_i2c.o
    0x08006274   0x08006274   0x00000020   Code   RO         2817    i._ZN44_INTERNAL_22_stm32f4xx_hal_cortex_c_2992dbc018__NVIC_SetPriorityE9IRQn_Typej  stm32f4xx_hal_cortex.o
    0x08006294   0x08006294   0x00000004   Code   RO           42    i._ZNK12Adafruit_GFX11getRotationEv  adafruit_gfx.o
    0x08006298   0x08006298   0x00000006   Code   RO           43    i._ZNK12Adafruit_GFX5widthEv  adafruit_gfx.o
    0x0800629e   0x0800629e   0x00000006   Code   RO           44    i._ZNK12Adafruit_GFX6heightEv  adafruit_gfx.o
    0x080062a4   0x080062a4   0x00000006   Code   RO          967    i._ZNK13Double_screen5widthEv  double_screen.o
    0x080062aa   0x080062aa   0x00000006   Code   RO          968    i._ZNK13Double_screen6heightEv  double_screen.o
    0x080062b0   0x080062b0   0x00000020   Code   RO         3697    i._ZNKSt9type_infoeqERKS_  cpprt_w.l(type_info_eq.o)
    0x080062d0   0x080062d0   0x00000020   Code   RO         3700    i._ZNKSt9type_infoneERKS_  cpprt_w.l(type_info_ne.o)
    0x080062f0   0x080062f0   0x00000010   Code   RO         3843    i._ZNSt10bad_typeidC1ERKS_  cpprt_w.l(bad_typeid.o)
    0x08006300   0x08006300   0x00000010   Code   RO         3844    i._ZNSt10bad_typeidC1Ev  cpprt_w.l(bad_typeid.o)
    0x08006310   0x08006310   0x0000000e   Code   RO         3845    i._ZNSt10bad_typeidD0Ev  cpprt_w.l(bad_typeid.o)
    0x0800631e   0x0800631e   0x00000008   Code   RO         3846    i._ZNSt10bad_typeidD1Ev  cpprt_w.l(bad_typeid.o)
    0x08006326   0x08006326   0x00000002   PAD
    0x08006328   0x08006328   0x00000010   Code   RO         3668    i._ZNSt13bad_exceptionC1ERKS_  cpprt_w.l(bad_exception_cctor.o)
    0x08006338   0x08006338   0x00000010   Code   RO         3671    i._ZNSt13bad_exceptionC1Ev  cpprt_w.l(bad_exception_ctor.o)
    0x08006348   0x08006348   0x0000000e   Code   RO         3674    i._ZNSt13bad_exceptionD0Ev  cpprt_w.l(bad_exception_dtor.o)
    0x08006356   0x08006356   0x00000008   Code   RO         3675    i._ZNSt13bad_exceptionD1Ev  cpprt_w.l(bad_exception_dtor.o)
    0x0800635e   0x0800635e   0x00000002   PAD
    0x08006360   0x08006360   0x00000010   Code   RO         3954    i._ZNSt9bad_allocC1ERKS_  cpprt_w.l(bad_alloc_cctor.o)
    0x08006370   0x08006370   0x00000010   Code   RO         3957    i._ZNSt9bad_allocC1Ev  cpprt_w.l(bad_alloc_ctor.o)
    0x08006380   0x08006380   0x0000000e   Code   RO         3658    i._ZNSt9bad_allocD0Ev  cpprt_w.l(bad_alloc_dtor.o)
    0x0800638e   0x0800638e   0x00000008   Code   RO         3659    i._ZNSt9bad_allocD1Ev  cpprt_w.l(bad_alloc_dtor.o)
    0x08006396   0x08006396   0x00000002   PAD
    0x08006398   0x08006398   0x0000000c   Code   RO         3864    i._ZNSt9exceptionC1ERKS_  cpprt_w.l(exception_cctor.o)
    0x080063a4   0x080063a4   0x0000000c   Code   RO         3867    i._ZNSt9exceptionC1Ev  cpprt_w.l(exception_ctor.o)
    0x080063b0   0x080063b0   0x00000008   Code   RO         3351    i._ZdaPv            cpprt_w.l(array_del.o)
    0x080063b8   0x080063b8   0x00000008   Code   RO         3623    i._ZdlPv            cpprt_w.l(delete.o)
    0x080063c0   0x080063c0   0x00000008   Code   RO         3354    i._Znaj             cpprt_w.l(array_new.o)
    0x080063c8   0x080063c8   0x00000028   Code   RO         3626    i._Znwj             cpprt_w.l(new.o)
    0x080063f0   0x080063f0   0x00000092   Code   RO         3830    i.__ARM_array_new_general  cpprt_w.l(array_new_general.o)
    0x08006482   0x08006482   0x0000000c   Code   RO         3831    i.__ARM_array_new_general.clean  cpprt_w.l(array_new_general.o)
    0x0800648e   0x0800648e   0x00000020   Code   RO         3504    i.__ARM_common_get_typeid  cpprt_w.l(arm_exceptions_throw.o)
    0x080064ae   0x080064ae   0x0000002c   Code   RO         3942    i.__ARM_vec_cleanup  cpprt_w.l(ARM_vec_cleanup.o)
    0x080064da   0x080064da   0x00000008   Code   RO         3943    i.__ARM_vec_cleanup.clean  cpprt_w.l(ARM_vec_cleanup.o)
    0x080064e2   0x080064e2   0x0000002c   Code   RO         3948    i.__ARM_vec_cleanup_rethrow  cpprt_w.l(ARM_vec_cleanup_rethrow.o)
    0x0800650e   0x0800650e   0x00000008   Code   RO         3949    i.__ARM_vec_cleanup_rethrow.clean  cpprt_w.l(ARM_vec_cleanup_rethrow.o)
    0x08006516   0x08006516   0x00000022   Code   RO         3470    i.__aeabi_vec_delete  cpprt_w.l(aeabi_vec_delete.o)
    0x08006538   0x08006538   0x00000008   Code   RO         3471    i.__aeabi_vec_delete.clean  cpprt_w.l(aeabi_vec_delete.o)
    0x08006540   0x08006540   0x0000003a   Code   RO         3883    i.__aeabi_vec_dtor  cpprt_w.l(aeabi_vec_dtor.o)
    0x0800657a   0x0800657a   0x00000008   Code   RO         3884    i.__aeabi_vec_dtor.clean  cpprt_w.l(aeabi_vec_dtor.o)
    0x08006582   0x08006582   0x00000010   Code   RO         3703    i.__aeabi_vec_dtor_cookie  cpprt_w.l(aeabi_vec_dtor_cookie.o)
    0x08006592   0x08006592   0x00000014   Code   RO         3467    i.__aeabi_vec_new_cookie  cpprt_w.l(aeabi_vec_new_cookie.o)
    0x080065a6   0x080065a6   0x00000006   Code   RO         3358    i.__cxa_pure_virtual  cpprt_w.l(pure_virt.o)
    0x080065ac   0x080065ac   0x00000018   Code   RO         3684    i.__cxa_vec_new     cpprt_w.l(cxa_vec_new.o)
    0x080065c4   0x080065c4   0x00000070   Code   RO         3636    i.__derived_to_base_conversion  cpprt_w.l(rtti.o)
    0x08006634   0x08006634   0x000000b4   Code   RO         3637    i.__dynamic_cast    cpprt_w.l(rtti.o)
    0x080066e8   0x080066e8   0x0000002c   Code   RO          969    i.__sti___17_Double_screen_cpp_lcd_top  double_screen.o
    0x08006714   0x08006714   0x0000000c   Code   RO          561    i.__sti___8_main_cpp_6a9831bd  main.o
    0x08006720   0x08006720   0x000000a4   Code   RO          562    i.main              main.o
    0x080067c4   0x080067c4   0x0000000a   Code   RO          563    i.main.clean        main.o
    0x080067ce   0x080067ce   0x00000002   PAD
    0x080067d0   0x080067d0   0x00000080   Code   RO         1353    t._ZN6VectorIS_IiEE10push_frontERKS0_  snake_game.o
    0x08006850   0x08006850   0x0000002c   Code   RO         1359    t._ZN6VectorIS_IiEE2atEi  snake_game.o
    0x0800687c   0x0800687c   0x00000064   Code   RO         1323    t._ZN6VectorIS_IiEE7reserveEi  snake_game.o
    0x080068e0   0x080068e0   0x00000064   Code   RO         1329    t._ZN6VectorIS_IiEE9pop_frontEv  snake_game.o
    0x08006944   0x08006944   0x00000014   Code   RO          615    t._ZN6VectorIS_IiEED1Ev  main.o
    0x08006958   0x08006958   0x0000000e   Code   RO         1365    t._ZN6VectorIiE4backEv  snake_game.o
    0x08006966   0x08006966   0x00000040   Code   RO         1335    t._ZN6VectorIiE7reserveEi  snake_game.o
    0x080069a6   0x080069a6   0x0000002e   Code   RO         1341    t._ZN6VectorIiE9push_backERKi  snake_game.o
    0x080069d4   0x080069d4   0x0000000a   Code   RO         1347    t._ZN6VectorIiEC1Ev  snake_game.o
    0x080069de   0x080069de   0x0000000e   Code   RO          606    t._ZN6VectorIiED1Ev  main.o
    0x080069ec   0x080069ec   0x00000060   Code   RO         1317    t._ZN6VectorIiEaSERKS0_  snake_game.o
    0x08006a4c   0x08006a4c   0x0000000a   Code   RO         3892    x$fpl$fpinit        fz_wm.l(fpinit.o)
    0x08006a56   0x08006a56   0x00000002   PAD
    0x08006a58   0x08006a58   0x0000000c   Data   RO           74    .ARM.extab          adafruit_gfx.o
    0x08006a64   0x08006a64   0x00000010   Data   RO          570    .ARM.extab          main.o
    0x08006a74   0x08006a74   0x00000010   Data   RO          616    .ARM.extab          main.o
    0x08006a84   0x08006a84   0x00000010   Data   RO         1250    .ARM.extab          snake_game.o
    0x08006a94   0x08006a94   0x00000010   Data   RO         1251    .ARM.extab          snake_game.o
    0x08006aa4   0x08006aa4   0x00000018   Data   RO         1252    .ARM.extab          snake_game.o
    0x08006abc   0x08006abc   0x00000014   Data   RO         3356    .ARM.extab          cpprt_w.l(array_new.o)
    0x08006ad0   0x08006ad0   0x0000001c   Data   RO         3474    .ARM.extab          cpprt_w.l(aeabi_vec_delete.o)
    0x08006aec   0x08006aec   0x00000038   Data   RO         3483    .ARM.extab          cpprt_w.l(arm_exceptions_callunex.o)
    0x08006b24   0x08006b24   0x0000001c   Data   RO         3498    .ARM.extab          cpprt_w.l(arm_exceptions_throw.o)
    0x08006b40   0x08006b40   0x00000014   Data   RO         3628    .ARM.extab          cpprt_w.l(new.o)
    0x08006b54   0x08006b54   0x00000030   Data   RO         3834    .ARM.extab          cpprt_w.l(array_new_general.o)
    0x08006b84   0x08006b84   0x0000001c   Data   RO         3887    .ARM.extab          cpprt_w.l(aeabi_vec_dtor.o)
    0x08006ba0   0x08006ba0   0x00000024   Data   RO         3946    .ARM.extab          cpprt_w.l(ARM_vec_cleanup.o)
    0x08006bc4   0x08006bc4   0x0000001c   Data   RO         3952    .ARM.extab          cpprt_w.l(ARM_vec_cleanup_rethrow.o)
    0x08006be0   0x08006be0   0x000005f0   Data   RO          379    .constdata          adafruit_ssd1306.o
    0x080071d0   0x080071d0   0x00000010   Data   RO         3302    .constdata          system_stm32f4xx.o
    0x080071e0   0x080071e0   0x00000008   Data   RO         3303    .constdata          system_stm32f4xx.o
    0x080071e8   0x080071e8   0x0000000c   Data   RO         3717    .constdata          cpprt_w.l(arm_exceptions_support.o)
    0x080071f4   0x080071f4   0x00000008   Data   RO         1371    .constdata__ZTI12out_of_range  snake_game.o
    0x080071fc   0x080071fc   0x0000000c   Data   RO         3451    .constdata__ZTIN10__cxxabiv117__class_type_infoE  cpprt_w.l(lib_rtti_impl.o)
    0x08007208   0x08007208   0x0000000c   Data   RO         3454    .constdata__ZTIN10__cxxabiv117__pbase_type_infoE  cpprt_w.l(lib_rtti_impl.o)
    0x08007214   0x08007214   0x0000000c   Data   RO         3455    .constdata__ZTIN10__cxxabiv119__pointer_type_infoE  cpprt_w.l(lib_rtti_impl.o)
    0x08007220   0x08007220   0x0000000c   Data   RO         3452    .constdata__ZTIN10__cxxabiv120__si_class_type_infoE  cpprt_w.l(lib_rtti_impl.o)
    0x0800722c   0x0800722c   0x0000000c   Data   RO         3453    .constdata__ZTIN10__cxxabiv121__vmi_class_type_infoE  cpprt_w.l(lib_rtti_impl.o)
    0x08007238   0x08007238   0x0000000c   Data   RO         3447    .constdata__ZTIN10__cxxabiv123__fundamental_type_infoE  cpprt_w.l(lib_rtti_impl.o)
    0x08007244   0x08007244   0x0000000c   Data   RO         3862    .constdata__ZTISt10bad_typeid  cpprt_w.l(bad_typeid.o)
    0x08007250   0x08007250   0x0000000c   Data   RO         3682    .constdata__ZTISt13bad_exception  cpprt_w.l(bad_exception_dtor.o)
    0x0800725c   0x0800725c   0x0000000c   Data   RO         3666    .constdata__ZTISt9bad_alloc  cpprt_w.l(bad_alloc_dtor.o)
    0x08007268   0x08007268   0x00000008   Data   RO         3878    .constdata__ZTISt9exception  cpprt_w.l(exception_dtor.o)
    0x08007270   0x08007270   0x00000008   Data   RO         3695    .constdata__ZTISt9type_info  cpprt_w.l(type_info_dtor.o)
    0x08007278   0x08007278   0x00000008   Data   RO         3502    .constdata__ZTIv    cpprt_w.l(arm_exceptions_throw.o)
    0x08007280   0x08007280   0x0000000f   Data   RO         1372    .constdata__ZTS12out_of_range  snake_game.o
    0x0800728f   0x0800728f   0x00000022   Data   RO         3461    .constdata__ZTSN10__cxxabiv117__class_type_infoE  cpprt_w.l(lib_rtti_impl.o)
    0x080072b1   0x080072b1   0x00000022   Data   RO         3464    .constdata__ZTSN10__cxxabiv117__pbase_type_infoE  cpprt_w.l(lib_rtti_impl.o)
    0x080072d3   0x080072d3   0x00000024   Data   RO         3465    .constdata__ZTSN10__cxxabiv119__pointer_type_infoE  cpprt_w.l(lib_rtti_impl.o)
    0x080072f7   0x080072f7   0x00000025   Data   RO         3462    .constdata__ZTSN10__cxxabiv120__si_class_type_infoE  cpprt_w.l(lib_rtti_impl.o)
    0x0800731c   0x0800731c   0x00000026   Data   RO         3463    .constdata__ZTSN10__cxxabiv121__vmi_class_type_infoE  cpprt_w.l(lib_rtti_impl.o)
    0x08007342   0x08007342   0x00000028   Data   RO         3457    .constdata__ZTSN10__cxxabiv123__fundamental_type_infoE  cpprt_w.l(lib_rtti_impl.o)
    0x0800736a   0x0800736a   0x0000000f   Data   RO         3863    .constdata__ZTSSt10bad_typeid  cpprt_w.l(bad_typeid.o)
    0x08007379   0x08007379   0x00000012   Data   RO         3683    .constdata__ZTSSt13bad_exception  cpprt_w.l(bad_exception_dtor.o)
    0x0800738b   0x0800738b   0x0000000d   Data   RO         3667    .constdata__ZTSSt9bad_alloc  cpprt_w.l(bad_alloc_dtor.o)
    0x08007398   0x08007398   0x0000000d   Data   RO         3879    .constdata__ZTSSt9exception  cpprt_w.l(exception_dtor.o)
    0x080073a5   0x080073a5   0x0000000d   Data   RO         3696    .constdata__ZTSSt9type_info  cpprt_w.l(type_info_dtor.o)
    0x080073b2   0x080073b2   0x00000002   Data   RO         3503    .constdata__ZTSv    cpprt_w.l(arm_exceptions_throw.o)
    0x080073b4   0x080073b4   0x00000028   Data   RO          230    .constdata__ZTV12Adafruit_GFX  adafruit_gfx.o
    0x080073dc   0x080073dc   0x00000028   Data   RO          468    .constdata__ZTV16Adafruit_SSD1306  adafruit_ssd1306.o
    0x08007404   0x08007404   0x00000010   Data   RO         3433    .constdata__ZTVN10__cxxabiv117__class_type_infoE  cpprt_w.l(lib_rtti_impl.o)
    0x08007414   0x08007414   0x00000010   Data   RO         3435    .constdata__ZTVN10__cxxabiv120__si_class_type_infoE  cpprt_w.l(lib_rtti_impl.o)
    0x08007424   0x08007424   0x00000010   Data   RO         3425    .constdata__ZTVN10__cxxabiv123__fundamental_type_infoE  cpprt_w.l(lib_rtti_impl.o)
    0x08007434   0x08007434   0x00000014   Data   RO         3861    .constdata__ZTVSt10bad_typeid  cpprt_w.l(bad_typeid.o)
    0x08007448   0x08007448   0x00000014   Data   RO         3681    .constdata__ZTVSt13bad_exception  cpprt_w.l(bad_exception_dtor.o)
    0x0800745c   0x0800745c   0x00000014   Data   RO         3665    .constdata__ZTVSt9bad_alloc  cpprt_w.l(bad_alloc_dtor.o)
    0x08007470   0x08007470   0x00000014   Data   RO         3877    .constdata__ZTVSt9exception  cpprt_w.l(exception_dtor.o)
    0x08007484   0x08007484   0x00000020   Data   RO         4023    Region$$Table       anon$$obj.o
    0x080074a4   0x080074a4   0x00000004   Data   RO          572    .init_array         main.o
    0x080074a8   0x080074a4   0x00000004   Data   RO         1016    .init_array         double_screen.o
    0x080074ac   0x080074a4   0x00000000   Data   RO         3346    .init_array         c_w.l(init_aeabi.o)
    0x080074ac   0x080074a4   0x00000008   Data   RO         3766    .ARM.exidx          c_w.l(__rtentry4.o)
    0x080074b4   0x080074a4   0x00000008   Data   RO         3481    .ARM.exidx          cpprt_w.l(arm_exceptions_callunex.o)
    0x080074bc   0x080074a4   0x00000008   Data   RO         3486    .ARM.exidx          cpprt_w.l(arm_exceptions_callterm.o)
    0x080074c4   0x080074a4   0x00000018   Data   RO         3496    .ARM.exidx          cpprt_w.l(arm_exceptions_throw.o)
    0x080074dc   0x080074a4   0x00000008   Data   RO         3720    .ARM.exidx          cpprt_w.l(arm_exceptions_rethrow.o)
    0x080074e4   0x080074a4   0x00000008   Data   RO         3726    .ARM.exidx          cpprt_w.l(arm_exceptions_begincatch.o)
    0x080074ec   0x080074a4   0x00000008   Data   RO         3729    .ARM.exidx          cpprt_w.l(arm_exceptions_bad_typeid.o)
    0x080074f4   0x080074a4   0x00000008   Data   RO         3732    .ARM.exidx          cpprt_w.l(arm_exceptions_unexpected.o)
    0x080074fc   0x080074a4   0x00000008   Data   RO         3735    .ARM.exidx          cpprt_w.l(arm_exceptions_foreign.o)
    0x08007504   0x080074a4   0x00000008   Data   RO         3815    .ARM.exidx          c_w.l(bsearch.o)
    0x0800750c   0x080074a4   0x00000008   Data   RO         3890    .ARM.exidx          cpprt_w.l(unwind_delete.o)
    0x08007514   0x080074a4   0x00000008   Data   RO         2993    .ARM.exidx          stm32f4xx_hal.o
    0x0800751c   0x080074a4   0x00000008   Data   RO         2355    .ARM.exidx          stm32f4xx_hal_gpio.o
    0x08007524   0x080074a4   0x00000008   Data   RO         1547    .ARM.exidx          stm32f4xx_hal_i2c.o
    0x0800752c   0x080074a4   0x00000008   Data   RO         1504    .ARM.exidx          stm32f4xx_hal_i2c.o
    0x08007534   0x080074a4   0x00000008   Data   RO         1486    .ARM.exidx          stm32f4xx_hal_i2c.o
    0x0800753c   0x080074a4   0x00000008   Data   RO         1523    .ARM.exidx          stm32f4xx_hal_i2c.o
    0x08007544   0x080074a4   0x00000008   Data   RO         1536    .ARM.exidx          stm32f4xx_hal_i2c.o
    0x0800754c   0x080074a4   0x00000008   Data   RO         1538    .ARM.exidx          stm32f4xx_hal_i2c.o
    0x08007554   0x080074a4   0x00000008   Data   RO         1497    .ARM.exidx          stm32f4xx_hal_i2c.o
    0x0800755c   0x080074a4   0x00000008   Data   RO         1512    .ARM.exidx          stm32f4xx_hal_i2c.o
    0x08007564   0x080074a4   0x00000008   Data   RO         1527    .ARM.exidx          stm32f4xx_hal_i2c.o
    0x0800756c   0x080074a4   0x00000008   Data   RO         1525    .ARM.exidx          stm32f4xx_hal_i2c.o
    0x08007574   0x080074a4   0x00000008   Data   RO         1494    .ARM.exidx          stm32f4xx_hal_i2c.o
    0x0800757c   0x080074a4   0x00000008   Data   RO         1511    .ARM.exidx          stm32f4xx_hal_i2c.o
    0x08007584   0x080074a4   0x00000008   Data   RO         1507    .ARM.exidx          stm32f4xx_hal_i2c.o
    0x0800758c   0x080074a4   0x00000008   Data   RO         1518    .ARM.exidx          stm32f4xx_hal_i2c.o
    0x08007594   0x080074a4   0x00000008   Data   RO          887    .ARM.exidx          stm32f4xx_hal_msp.o
    0x0800759c   0x080074a4   0x00000008   Data   RO         1508    .ARM.exidx          stm32f4xx_hal_i2c.o
    0x080075a4   0x080074a4   0x00000008   Data   RO         1499    .ARM.exidx          stm32f4xx_hal_i2c.o
    0x080075ac   0x080074a4   0x00000008   Data   RO         1514    .ARM.exidx          stm32f4xx_hal_i2c.o
    0x080075b4   0x080074a4   0x00000008   Data   RO         1533    .ARM.exidx          stm32f4xx_hal_i2c.o
    0x080075bc   0x080074a4   0x00000008   Data   RO         1498    .ARM.exidx          stm32f4xx_hal_i2c.o
    0x080075c4   0x080074a4   0x00000008   Data   RO         1513    .ARM.exidx          stm32f4xx_hal_i2c.o
    0x080075cc   0x080074a4   0x00000008   Data   RO         2988    .ARM.exidx          stm32f4xx_hal.o
    0x080075d4   0x080074a4   0x00000008   Data   RO         2985    .ARM.exidx          stm32f4xx_hal.o
    0x080075dc   0x080074a4   0x00000008   Data   RO         2984    .ARM.exidx          stm32f4xx_hal.o
    0x080075e4   0x080074a4   0x00000008   Data   RO          886    .ARM.exidx          stm32f4xx_hal_msp.o
    0x080075ec   0x080074a4   0x00000008   Data   RO         1953    .ARM.exidx          stm32f4xx_hal_rcc.o
    0x080075f4   0x080074a4   0x00000008   Data   RO         1958    .ARM.exidx          stm32f4xx_hal_rcc.o
    0x080075fc   0x080074a4   0x00000008   Data   RO         1951    .ARM.exidx          stm32f4xx_hal_rcc.o
    0x08007604   0x080074a4   0x00000008   Data   RO         2823    .ARM.exidx          stm32f4xx_hal_cortex.o
    0x0800760c   0x080074a4   0x00000008   Data   RO         2991    .ARM.exidx          stm32f4xx_hal.o
    0x08007614   0x080074a4   0x00000008   Data   RO          752    .ARM.exidx          stm32f4xx_it.o
    0x0800761c   0x080074a4   0x00000008   Data   RO          565    .ARM.exidx          main.o
    0x08007624   0x080074a4   0x00000008   Data   RO         3828    .ARM.exidx          cpprt_w.l(newhandler.o)
    0x0800762c   0x080074a4   0x00000008   Data   RO         1234    .ARM.exidx          snake_game.o
    0x08007634   0x080074a4   0x00000008   Data   RO         1235    .ARM.exidx          snake_game.o
    0x0800763c   0x080074a4   0x00000008   Data   RO         1236    .ARM.exidx          snake_game.o
    0x08007644   0x080074a4   0x00000008   Data   RO         1237    .ARM.exidx          snake_game.o
    0x0800764c   0x080074a4   0x00000008   Data   RO         1249    .ARM.exidx          snake_game.o
    0x08007654   0x080074a4   0x00000008   Data   RO         1238    .ARM.exidx          snake_game.o
    0x0800765c   0x080074a4   0x00000008   Data   RO         1242    .ARM.exidx          snake_game.o
    0x08007664   0x080074a4   0x00000008   Data   RO         1246    .ARM.exidx          snake_game.o
    0x0800766c   0x080074a4   0x00000008   Data   RO         1241    .ARM.exidx          snake_game.o
    0x08007674   0x080074a4   0x00000008   Data   RO         1248    .ARM.exidx          snake_game.o
    0x0800767c   0x080074a4   0x00000008   Data   RO         1247    .ARM.exidx          snake_game.o
    0x08007684   0x080074a4   0x00000008   Data   RO         1239    .ARM.exidx          snake_game.o
    0x0800768c   0x080074a4   0x00000008   Data   RO         1240    .ARM.exidx          snake_game.o
    0x08007694   0x080074a4   0x00000008   Data   RO           48    .ARM.exidx          adafruit_gfx.o
    0x0800769c   0x080074a4   0x00000008   Data   RO           46    .ARM.exidx          adafruit_gfx.o
    0x080076a4   0x080074a4   0x00000008   Data   RO           50    .ARM.exidx          adafruit_gfx.o
    0x080076ac   0x080074a4   0x00000008   Data   RO           64    .ARM.exidx          adafruit_gfx.o
    0x080076b4   0x080074a4   0x00000008   Data   RO          993    .ARM.exidx          double_screen.o
    0x080076bc   0x080074a4   0x00000008   Data   RO         1001    .ARM.exidx          double_screen.o
    0x080076c4   0x080074a4   0x00000008   Data   RO          991    .ARM.exidx          double_screen.o
    0x080076cc   0x080074a4   0x00000008   Data   RO         1000    .ARM.exidx          double_screen.o
    0x080076d4   0x080074a4   0x00000008   Data   RO          972    .ARM.exidx          double_screen.o
    0x080076dc   0x080074a4   0x00000008   Data   RO         1010    .ARM.exidx          double_screen.o
    0x080076e4   0x080074a4   0x00000008   Data   RO          990    .ARM.exidx          double_screen.o
    0x080076ec   0x080074a4   0x00000008   Data   RO          970    .ARM.exidx          double_screen.o
    0x080076f4   0x080074a4   0x00000008   Data   RO          364    .ARM.exidx          adafruit_ssd1306.o
    0x080076fc   0x080074a4   0x00000008   Data   RO          377    .ARM.exidx          adafruit_ssd1306.o
    0x08007704   0x080074a4   0x00000008   Data   RO          362    .ARM.exidx          adafruit_ssd1306.o
    0x0800770c   0x080074a4   0x00000008   Data   RO          370    .ARM.exidx          adafruit_ssd1306.o
    0x08007714   0x080074a4   0x00000008   Data   RO          365    .ARM.exidx          adafruit_ssd1306.o
    0x0800771c   0x080074a4   0x00000008   Data   RO          368    .ARM.exidx          adafruit_ssd1306.o
    0x08007724   0x080074a4   0x00000008   Data   RO          375    .ARM.exidx          adafruit_ssd1306.o
    0x0800772c   0x080074a4   0x00000008   Data   RO          361    .ARM.exidx          adafruit_ssd1306.o
    0x08007734   0x080074a4   0x00000008   Data   RO         3642    .ARM.exidx          cpprt_w.l(rtti.o)
    0x0800773c   0x080074a4   0x00000008   Data   RO         3643    .ARM.exidx          cpprt_w.l(rtti.o)
    0x08007744   0x080074a4   0x00000008   Data   RO         3638    .ARM.exidx          cpprt_w.l(rtti.o)
    0x0800774c   0x080074a4   0x00000008   Data   RO         3641    .ARM.exidx          cpprt_w.l(rtti.o)
    0x08007754   0x080074a4   0x00000008   Data   RO         3645    .ARM.exidx          cpprt_w.l(rtti.o)
    0x0800775c   0x080074a4   0x00000008   Data   RO         3639    .ARM.exidx          cpprt_w.l(rtti.o)
    0x08007764   0x080074a4   0x00000008   Data   RO          569    .ARM.exidx          main.o
    0x0800776c   0x080074a4   0x00000008   Data   RO         2490    .ARM.exidx          stm32f4xx_hal_dma.o
    0x08007774   0x080074a4   0x00000008   Data   RO         1537    .ARM.exidx          stm32f4xx_hal_i2c.o
    0x0800777c   0x080074a4   0x00000008   Data   RO         1530    .ARM.exidx          stm32f4xx_hal_i2c.o
    0x08007784   0x080074a4   0x00000008   Data   RO         1505    .ARM.exidx          stm32f4xx_hal_i2c.o
    0x0800778c   0x080074a4   0x00000008   Data   RO         1556    .ARM.exidx          stm32f4xx_hal_i2c.o
    0x08007794   0x080074a4   0x00000008   Data   RO         1555    .ARM.exidx          stm32f4xx_hal_i2c.o
    0x0800779c   0x080074a4   0x00000008   Data   RO         1510    .ARM.exidx          stm32f4xx_hal_i2c.o
    0x080077a4   0x080074a4   0x00000008   Data   RO         1545    .ARM.exidx          stm32f4xx_hal_i2c.o
    0x080077ac   0x080074a4   0x00000008   Data   RO         1539    .ARM.exidx          stm32f4xx_hal_i2c.o
    0x080077b4   0x080074a4   0x00000008   Data   RO         1541    .ARM.exidx          stm32f4xx_hal_i2c.o
    0x080077bc   0x080074a4   0x00000008   Data   RO         1496    .ARM.exidx          stm32f4xx_hal_i2c.o
    0x080077c4   0x080074a4   0x00000008   Data   RO         1552    .ARM.exidx          stm32f4xx_hal_i2c.o
    0x080077cc   0x080074a4   0x00000008   Data   RO         1551    .ARM.exidx          stm32f4xx_hal_i2c.o
    0x080077d4   0x080074a4   0x00000008   Data   RO         1553    .ARM.exidx          stm32f4xx_hal_i2c.o
    0x080077dc   0x080074a4   0x00000008   Data   RO         1515    .ARM.exidx          stm32f4xx_hal_i2c.o
    0x080077e4   0x080074a4   0x00000008   Data   RO         1489    .ARM.exidx          stm32f4xx_hal_i2c.o
    0x080077ec   0x080074a4   0x00000008   Data   RO         1493    .ARM.exidx          stm32f4xx_hal_i2c.o
    0x080077f4   0x080074a4   0x00000008   Data   RO         1490    .ARM.exidx          stm32f4xx_hal_i2c.o
    0x080077fc   0x080074a4   0x00000008   Data   RO         1495    .ARM.exidx          stm32f4xx_hal_i2c.o
    0x08007804   0x080074a4   0x00000008   Data   RO         1492    .ARM.exidx          stm32f4xx_hal_i2c.o
    0x0800780c   0x080074a4   0x00000008   Data   RO         2836    .ARM.exidx          stm32f4xx_hal_cortex.o
    0x08007814   0x080074a4   0x00000008   Data   RO         3355    .ARM.exidx          cpprt_w.l(array_new.o)
    0x0800781c   0x080074a4   0x00000008   Data   RO         3627    .ARM.exidx          cpprt_w.l(new.o)
    0x08007824   0x080074a4   0x00000008   Data   RO         3832    .ARM.exidx          cpprt_w.l(array_new_general.o)
    0x0800782c   0x080074a4   0x00000008   Data   RO         3833    .ARM.exidx          cpprt_w.l(array_new_general.o)
    0x08007834   0x080074a4   0x00000008   Data   RO         3505    .ARM.exidx          cpprt_w.l(arm_exceptions_throw.o)
    0x0800783c   0x080074a4   0x00000008   Data   RO         3944    .ARM.exidx          cpprt_w.l(ARM_vec_cleanup.o)
    0x08007844   0x080074a4   0x00000008   Data   RO         3945    .ARM.exidx          cpprt_w.l(ARM_vec_cleanup.o)
    0x0800784c   0x080074a4   0x00000008   Data   RO         3950    .ARM.exidx          cpprt_w.l(ARM_vec_cleanup_rethrow.o)
    0x08007854   0x080074a4   0x00000008   Data   RO         3951    .ARM.exidx          cpprt_w.l(ARM_vec_cleanup_rethrow.o)
    0x0800785c   0x080074a4   0x00000008   Data   RO         3472    .ARM.exidx          cpprt_w.l(aeabi_vec_delete.o)
    0x08007864   0x080074a4   0x00000008   Data   RO         3473    .ARM.exidx          cpprt_w.l(aeabi_vec_delete.o)
    0x0800786c   0x080074a4   0x00000008   Data   RO         3885    .ARM.exidx          cpprt_w.l(aeabi_vec_dtor.o)
    0x08007874   0x080074a4   0x00000008   Data   RO         3886    .ARM.exidx          cpprt_w.l(aeabi_vec_dtor.o)
    0x0800787c   0x080074a4   0x00000008   Data   RO         3468    .ARM.exidx          cpprt_w.l(aeabi_vec_new_cookie.o)
    0x08007884   0x080074a4   0x00000008   Data   RO         3359    .ARM.exidx          cpprt_w.l(pure_virt.o)
    0x0800788c   0x080074a4   0x00000008   Data   RO         3685    .ARM.exidx          cpprt_w.l(cxa_vec_new.o)
    0x08007894   0x080074a4   0x00000008   Data   RO         3640    .ARM.exidx          cpprt_w.l(rtti.o)
    0x0800789c   0x080074a4   0x00000008   Data   RO         3644    .ARM.exidx          cpprt_w.l(rtti.o)
    0x080078a4   0x080074a4   0x00000008   Data   RO         1014    .ARM.exidx          double_screen.o
    0x080078ac   0x080074a4   0x00000008   Data   RO          568    .ARM.exidx          main.o
    0x080078b4   0x080074a4   0x00000008   Data   RO          566    .ARM.exidx          main.o
    0x080078bc   0x080074a4   0x00000008   Data   RO          567    .ARM.exidx          main.o
    0x080078c4   0x080074a4   0x00000008   Data   RO         1354    .ARM.exidx          snake_game.o
    0x080078cc   0x080074a4   0x00000008   Data   RO         1360    .ARM.exidx          snake_game.o
    0x080078d4   0x080074a4   0x00000008   Data   RO         1324    .ARM.exidx          snake_game.o
    0x080078dc   0x080074a4   0x00000008   Data   RO         1330    .ARM.exidx          snake_game.o
    0x080078e4   0x080074a4   0x00000008   Data   RO          617    .ARM.exidx          main.o
    0x080078ec   0x080074a4   0x00000008   Data   RO         1366    .ARM.exidx          snake_game.o
    0x080078f4   0x080074a4   0x00000008   Data   RO         1336    .ARM.exidx          snake_game.o
    0x080078fc   0x080074a4   0x00000008   Data   RO         1348    .ARM.exidx          snake_game.o
    0x08007904   0x080074a4   0x00000008   Data   RO         1318    .ARM.exidx          snake_game.o


    Execution Region RW_IRAM1 (Exec base: 0x20000000, Load base: 0x0800790c, Size: 0x00000e10, Max: 0x00020000, ABSOLUTE, COMPRESSED[0x00000104])

    Exec Addr    Load Addr    Size         Type   Attr      Idx    E Section Name        Object

    0x20000000   COMPRESSED   0x00000283   Data   RW          380    .data               adafruit_ssd1306.o
    0x20000283   COMPRESSED   0x00000001   PAD
    0x20000284   COMPRESSED   0x0000000c   Data   RW         3010    .data               stm32f4xx_hal.o
    0x20000290   COMPRESSED   0x00000004   Data   RW         3304    .data               system_stm32f4xx.o
    0x20000294   COMPRESSED   0x00000008   Data   RW          470    .data__ZZN16Adafruit_SSD130621drawFastVLineInternalEssstE7premask  adafruit_ssd1306.o
    0x2000029c   COMPRESSED   0x00000008   Data   RW          471    .data__ZZN16Adafruit_SSD130621drawFastVLineInternalEssstE8postmask  adafruit_ssd1306.o
    0x200002a4        -       0x000000c2   Zero   RW          571    .bss                main.o
    0x20000366   COMPRESSED   0x00000002   PAD
    0x20000368        -       0x00000448   Zero   RW         1015    .bss                double_screen.o
    0x200007b0        -       0x00000060   Zero   RW         3899    .bss                c_w.l(libspace.o)
    0x20000810        -       0x00000200   Zero   RW            2    HEAP                startup_stm32f407xx.o
    0x20000a10        -       0x00000400   Zero   RW            1    STACK               startup_stm32f407xx.o


==============================================================================

Image component sizes


      Code (inc. data)   RO Data    RW Data    ZI Data      Debug   Object Name

       348          4         84          0          0     663604   adafruit_gfx.o
      2060         46       1624        659          0      20404   adafruit_ssd1306.o
       496        116         76          0       1096       8153   double_screen.o
       456         50         84          0        194      12309   main.o
      1420         60        247          0          0      20204   snake_game.o
        64         26        392          0       1536        864   startup_stm32f407xx.o
       240         46         40         12          0      11491   stm32f4xx_hal.o
       174         14         16          0          0      33370   stm32f4xx_hal_cortex.o
       266          0          8          0          0       5168   stm32f4xx_hal_dma.o
       464         46          8          0          0       3129   stm32f4xx_hal_gpio.o
     11212        284        312          0          0      56717   stm32f4xx_hal_i2c.o
       220         24         16          0          0       1744   stm32f4xx_hal_msp.o
      1304         66         24          0          0       4757   stm32f4xx_hal_rcc.o
        20          0          8          0          0     652278   stm32f4xx_it.o
       148         22         24          4          0       1971   system_stm32f4xx.o

    ----------------------------------------------------------------------
     18924        804       2995        676       2828    1496163   Object Totals
         0          0         32          0          0          0   (incl. Generated)
        32          0          0          1          2          0   (incl. Padding)

    ----------------------------------------------------------------------

      Code (inc. data)   RO Data    RW Data    ZI Data      Debug   Library Member Name

        90          0          0          0          0          0   __dczerorl2.o
         8          0          0          0          0         68   __main.o
         0          0          0          0          0          0   __rtentry.o
        12          0          0          0          0          0   __rtentry2.o
         6          0          8          0          0          0   __rtentry4.o
        52          8          0          0          0          0   __scatter.o
        28          0          0          0          0          0   __scatter_zi.o
        22          0          0          0          0         80   abort.o
        80          0          8          0          0         88   bsearch.o
        48         34          0          0          0         76   defsig_abrt_inner.o
        14          0          0          0          0         80   defsig_abrt_outer.o
        10          0          0          0          0         68   defsig_exit.o
        50          0          0          0          0         88   defsig_general.o
        48         34          0          0          0         76   defsig_pvfn_inner.o
        14          0          0          0          0         80   defsig_pvfn_outer.o
        80         58          0          0          0         76   defsig_rtmem_inner.o
        14          0          0          0          0         80   defsig_rtmem_outer.o
        18          0          0          0          0         80   exit.o
        94          0          0          0          0         80   h1_alloc.o
        52          0          0          0          0         68   h1_extend.o
        78          0          0          0          0         80   h1_free.o
        14          0          0          0          0         84   h1_init.o
         6          0          0          0          0        152   heapauxi.o
         4          0          0          0          0        136   hguard.o
         0          0          0          0          0          0   indicate_semi.o
        36         10          0          0          0         80   init_aeabi.o
       138          0          0          0          0        168   init_alloc.o
         2          0          0          0          0          0   libinit.o
        18          0          0          0          0          0   libinit2.o
         2          0          0          0          0          0   libshutdown.o
         2          0          0          0          0          0   libshutdown2.o
         8          4          0          0         96         68   libspace.o
       238          0          0          0          0        100   lludivv7m.o
         0          0          0          0          0          0   maybetermalloc1.o
         8          4          0          0          0         68   rt_eh_globals_addr_intlibspace.o
         8          4          0          0          0         68   rt_heap_descriptor_intlibspace.o
        78          0          0          0          0         80   rt_memclr_w.o
       100          0          0          0          0         80   rt_memcpy_w.o
         8          4          0          0          0         68   rt_new_handler_addr_intlibspace.o
         2          0          0          0          0          0   rtexit.o
        10          0          0          0          0          0   rtexit2.o
        12          4          0          0          0         68   sys_exit.o
        74          0          0          0          0         80   sys_stackheap_outer.o
        14          0          0          0          0         76   sys_wrch.o
         2          0          0          0          0         68   use_no_semi.o
        52          0         52          0          0         84   ARM_vec_cleanup.o
        52          0         44          0          0         84   ARM_vec_cleanup_rethrow.o
        42          0         44          0          0         84   aeabi_vec_delete.o
        66          0         44          0          0         92   aeabi_vec_dtor.o
        16          0          0          0          0         68   aeabi_vec_dtor_cookie.o
        20          0          8          0          0         80   aeabi_vec_new_cookie.o
        96         14          0          0          0         80   arm_exceptions_alloc.o
        48         10          8          0          0         80   arm_exceptions_bad_typeid.o
        72          0          8          0          0         80   arm_exceptions_begincatch.o
        56          0          8          0          0        108   arm_exceptions_callterm.o
       220          8         64          0          0         92   arm_exceptions_callunex.o
       156          0          0          0          0        176   arm_exceptions_cleanup.o
        74          0          0          0          0         92   arm_exceptions_endcatch.o
        66          0          8          0          0         80   arm_exceptions_foreign.o
        34          0          0          0          0         84   arm_exceptions_free.o
        80         12          0          0          0        104   arm_exceptions_globs.o
        60          0          0          0          0        108   arm_exceptions_mem.o
        82          0          8          0          0         80   arm_exceptions_rethrow.o
        44          6         12          0          0         92   arm_exceptions_support.o
        26          0          0          0          0         76   arm_exceptions_terminate.o
       440         20         70          0          0        240   arm_exceptions_throw.o
        30          0          8          0          0         92   arm_exceptions_unexpected.o
         8          0          0          0          0         76   array_del.o
         8          0         28          0          0         76   array_new.o
       158          0         64          0          0         96   array_new_general.o
        16          4          0          0          0         76   bad_alloc_cctor.o
        16          4          0          0          0         76   bad_alloc_ctor.o
        22          0         45          0          0        156   bad_alloc_dtor.o
        16          4          0          0          0         76   bad_exception_cctor.o
        16          4          0          0          0         76   bad_exception_ctor.o
        22          0         50          0          0        156   bad_exception_dtor.o
        54          8         47          0          0        308   bad_typeid.o
        24          6          8          0          0         84   cxa_vec_new.o
         8          0          0          0          0         76   delete.o
        12          6          0          0          0         68   exception_cctor.o
        12          6          0          0          0         68   exception_ctor.o
         0          0         41          0          0          0   exception_dtor.o
         0          0        339          0          0          0   lib_rtti_impl.o
        40          6         28          0          0         76   new.o
        48         10          8          0          0         80   newhandler.o
         6          0          8          0          0         68   pure_virt.o
      1238         42         64          0          0        704   rtti.o
         0          0         21          0          0          0   type_info_dtor.o
        32          0          0          0          0         80   type_info_eq.o
        32          0          0          0          0         80   type_info_ne.o
         4          0          0          0          0         68   unwind_activity.o
        14          0          8          0          0         68   unwind_delete.o
         6          0          0          0          0         68   unwind_pr0.o
         6          0          0          0          0         68   unwind_pr1.o
      1528          6          0          0          0        116   unwind_prcommon.o
      1096         34          0          0          0        484   unwinder.o
        10          0          0          0          0        116   fpinit.o

    ----------------------------------------------------------------------
      7908        374       1161          0         96       8312   Library Totals
        22          0          0          0          0          0   (incl. Padding)

    ----------------------------------------------------------------------

      Code (inc. data)   RO Data    RW Data    ZI Data      Debug   Library Name

      1602        164         16          0         96       2612   c_w.l
      6274        210       1145          0          0       5584   cpprt_w.l
        10          0          0          0          0        116   fz_wm.l

    ----------------------------------------------------------------------
      7908        374       1161          0         96       8312   Library Totals

    ----------------------------------------------------------------------

==============================================================================


      Code (inc. data)   RO Data    RW Data    ZI Data      Debug   

     26832       1178       4156        676       2924    1484243   Grand Totals
     26832       1178       4156        260       2924    1484243   ELF Image Totals (compressed)
     26832       1178       4156        260          0          0   ROM Totals

==============================================================================

    Total RO  Size (Code + RO Data)                30988 (  30.26kB)
    Total RW  Size (RW Data + ZI Data)              3600 (   3.52kB)
    Total ROM Size (Code + RO Data + RW Data)      31248 (  30.52kB)

==============================================================================

