Component: ARM Compiler 5.06 update 6 (build 750) Tool: armlink [4d35ed]

==============================================================================

Section Cross References

    startup_stm32f407xx.o(STACK) refers (Special) to heapauxi.o(.text) for __use_two_region_memory
    startup_stm32f407xx.o(HEAP) refers (Special) to heapauxi.o(.text) for __use_two_region_memory
    startup_stm32f407xx.o(RESET) refers (Special) to heapauxi.o(.text) for __use_two_region_memory
    startup_stm32f407xx.o(RESET) refers to startup_stm32f407xx.o(STACK) for __initial_sp
    startup_stm32f407xx.o(RESET) refers to startup_stm32f407xx.o(.text) for Reset_Handler
    startup_stm32f407xx.o(RESET) refers to stm32f4xx_it.o(i.NMI_Handler) for NMI_Handler
    startup_stm32f407xx.o(RESET) refers to stm32f4xx_it.o(i.HardFault_Handler) for HardFault_Handler
    startup_stm32f407xx.o(RESET) refers to stm32f4xx_it.o(i.MemManage_Handler) for MemManage_Handler
    startup_stm32f407xx.o(RESET) refers to stm32f4xx_it.o(i.BusFault_Handler) for BusFault_Handler
    startup_stm32f407xx.o(RESET) refers to stm32f4xx_it.o(i.UsageFault_Handler) for UsageFault_Handler
    startup_stm32f407xx.o(RESET) refers to stm32f4xx_it.o(i.SVC_Handler) for SVC_Handler
    startup_stm32f407xx.o(RESET) refers to stm32f4xx_it.o(i.DebugMon_Handler) for DebugMon_Handler
    startup_stm32f407xx.o(RESET) refers to stm32f4xx_it.o(i.PendSV_Handler) for PendSV_Handler
    startup_stm32f407xx.o(RESET) refers to stm32f4xx_it.o(i.SysTick_Handler) for SysTick_Handler
    startup_stm32f407xx.o(.text) refers (Special) to heapauxi.o(.text) for __use_two_region_memory
    startup_stm32f407xx.o(.text) refers to system_stm32f4xx.o(i.SystemInit) for SystemInit
    startup_stm32f407xx.o(.text) refers to __main.o(!!!main) for __main
    startup_stm32f407xx.o(.text) refers to startup_stm32f407xx.o(HEAP) for Heap_Mem
    startup_stm32f407xx.o(.text) refers to startup_stm32f407xx.o(STACK) for Stack_Mem
    adafruit_gfx.o(.ARM.exidx) refers to adafruit_gfx.o(.rev16_text) for __asm___16_Adafruit_GFX_cpp_7e22ceb4___ZN38_INTERNAL_16_Adafruit_GFX_cpp_7e22ceb47__REV16Ej
    adafruit_gfx.o(.ARM.exidx) refers to adafruit_gfx.o(.revsh_text) for __asm___16_Adafruit_GFX_cpp_7e22ceb4___ZN38_INTERNAL_16_Adafruit_GFX_cpp_7e22ceb47__REVSHEs
    adafruit_gfx.o(.ARM.exidx) refers to adafruit_gfx.o(.rrx_text) for __asm___16_Adafruit_GFX_cpp_7e22ceb4___ZN38_INTERNAL_16_Adafruit_GFX_cpp_7e22ceb45__RRXEj
    adafruit_gfx.o(i._ZN12Adafruit_GFX10fillCircleEssst) refers to adafruit_gfx.o(i._ZN12Adafruit_GFX16fillCircleHelperEssshst) for Adafruit_GFX::fillCircleHelper(short, short, short, unsigned char, short, unsigned short)
    adafruit_gfx.o(i._ZN12Adafruit_GFX13drawRoundRectEssssst) refers to adafruit_gfx.o(i._ZN12Adafruit_GFX16drawCircleHelperEsssht) for Adafruit_GFX::drawCircleHelper(short, short, short, unsigned char, unsigned short)
    adafruit_gfx.o(i._ZN12Adafruit_GFX13fillRoundRectEssssst) refers to adafruit_gfx.o(i._ZN12Adafruit_GFX16fillCircleHelperEssshst) for Adafruit_GFX::fillCircleHelper(short, short, short, unsigned char, short, unsigned short)
    adafruit_gfx.o(i._ZN12Adafruit_GFX5writeEh) refers to adafruit_gfx.o(i._ZN12Adafruit_GFX8drawCharEsshtth) for Adafruit_GFX::drawChar(short, short, unsigned char, unsigned short, unsigned short, unsigned char)
    adafruit_gfx.o(i._ZN12Adafruit_GFX8drawCharEsshtth) refers to adafruit_gfx.o(.constdata) for .constdata
    adafruit_gfx.o(i._ZN12Adafruit_GFXC2Ess) refers to adafruit_gfx.o(.constdata__ZTV12Adafruit_GFX) for vtable for Adafruit_GFX
    adafruit_gfx.o(.ARM.exidx) refers to adafruit_gfx.o(i._ZN12Adafruit_GFXC2Ess) for i._ZN12Adafruit_GFXC2Ess
    adafruit_gfx.o(.ARM.exidx) refers to adafruit_gfx.o(i._ZN12Adafruit_GFX8drawLineEsssst) for i._ZN12Adafruit_GFX8drawLineEsssst
    adafruit_gfx.o(.ARM.exidx) refers to unwind_pr1.o(.text) for __aeabi_unwind_cpp_pr1
    adafruit_gfx.o(.ARM.exidx) refers to adafruit_gfx.o(.ARM.extab) for .extab._ZN12Adafruit_GFX8drawLineEsssst
    adafruit_gfx.o(.ARM.exidx) refers to adafruit_gfx.o(i._ZN12Adafruit_GFX13drawFastVLineEssst) for i._ZN12Adafruit_GFX13drawFastVLineEssst
    adafruit_gfx.o(.ARM.exidx) refers to unwind_pr0.o(.text) for __aeabi_unwind_cpp_pr0
    adafruit_gfx.o(.ARM.exidx) refers to adafruit_gfx.o(i._ZN12Adafruit_GFX13drawFastHLineEssst) for i._ZN12Adafruit_GFX13drawFastHLineEssst
    adafruit_gfx.o(.ARM.exidx) refers to unwind_pr0.o(.text) for __aeabi_unwind_cpp_pr0
    adafruit_gfx.o(.ARM.exidx) refers to adafruit_gfx.o(i._ZN12Adafruit_GFX8drawRectEsssst) for i._ZN12Adafruit_GFX8drawRectEsssst
    adafruit_gfx.o(.ARM.exidx) refers to unwind_pr0.o(.text) for __aeabi_unwind_cpp_pr0
    adafruit_gfx.o(.ARM.exidx) refers to adafruit_gfx.o(i._ZN12Adafruit_GFX8fillRectEsssst) for i._ZN12Adafruit_GFX8fillRectEsssst
    adafruit_gfx.o(.ARM.exidx) refers to unwind_pr0.o(.text) for __aeabi_unwind_cpp_pr0
[...]
    Adafruit_GFX::drawFastHLine(short, short, short, unsigned short) 0x08004267   Thumb Code    22  adafruit_gfx.o(i._ZN12Adafruit_GFX13drawFastHLineEssst)
    Adafruit_GFX::drawFastVLine(short, short, short, unsigned short) 0x0800427d   Thumb Code    24  adafruit_gfx.o(i._ZN12Adafruit_GFX13drawFastVLineEssst)
    Adafruit_GFX::drawLine(short, short, short, short, unsigned short) 0x08004295   Thumb Code   172  adafruit_gfx.o(i._ZN12Adafruit_GFX8drawLineEsssst)
    Adafruit_GFX::fillRect(short, short, short, short, unsigned short) 0x08004341   Thumb Code    48  adafruit_gfx.o(i._ZN12Adafruit_GFX8fillRectEsssst)
    Adafruit_GFX::setCursor(short, short)    0x08004371   Thumb Code     6  adafruit_gfx.o(i._ZN12Adafruit_GFX9setCursorEss)
    Adafruit_GFX::Adafruit_GFX__sub_object(short, short) 0x08004379   Thumb Code    36  adafruit_gfx.o(i._ZN12Adafruit_GFXC2Ess)
    Double_screen::printBottom(const char*)  0x080043a1   Thumb Code     6  double_screen.o(i._ZN13Double_screen11printBottomEPKc)
    Double_screen::setTextSize(unsigned char) 0x080043ad   Thumb Code    28  double_screen.o(i._ZN13Double_screen11setTextSizeEh)
    Double_screen::clearDisplay()            0x080043d1   Thumb Code    18  double_screen.o(i._ZN13Double_screen12clearDisplayEv)
    Double_screen::setTextColor(unsigned short) 0x080043ed   Thumb Code    26  double_screen.o(i._ZN13Double_screen12setTextColorEt)
    Double_screen::setTextColor(unsigned short, unsigned short) 0x08004411   Thumb Code    30  double_screen.o(i._ZN13Double_screen12setTextColorEtt)
    Double_screen::begin(unsigned char, unsigned char, bool) 0x08004439   Thumb Code    30  double_screen.o(i._ZN13Double_screen5beginEhhb)
    Double_screen::display()                 0x08004461   Thumb Code    18  double_screen.o(i._ZN13Double_screen7displayEv)
    Double_screen::drawLine(short, short, short, short, unsigned short) 0x0800447d   Thumb Code    96  double_screen.o(i._ZN13Double_screen8drawLineEsssst)
    Double_screen::printTop(const char*)     0x080044e5   Thumb Code     6  double_screen.o(i._ZN13Double_screen8printTopEPKc)
    Double_screen::drawPixel(short, short, unsigned short) 0x080044f1   Thumb Code    18  double_screen.o(i._ZN13Double_screen9drawPixelEsst)
    Double_screen::setCursor(short, short)   0x0800450d   Thumb Code    30  double_screen.o(i._ZN13Double_screen9setCursorEss)
    Double_screen::Double_screen()           0x08004535   Thumb Code    36  double_screen.o(i._ZN13Double_screenC1Ev)
    Double_screen::Double_screen__sub_object() 0x08004535   Thumb Code     0  double_screen.o(i._ZN13Double_screenC1Ev)
    Adafruit_SSD1306::stopscroll()           0x08004559   Thumb Code     6  adafruit_ssd1306.o(i._ZN16Adafruit_SSD130610stopscrollEv)
    Adafruit_SSD1306::clearDisplay()         0x0800455f   Thumb Code    14  adafruit_ssd1306.o(i._ZN16Adafruit_SSD130612clearDisplayEv)
    Adafruit_SSD1306::ssd1306_data(unsigned short) 0x0800456d   Thumb Code    54  adafruit_ssd1306.o(i._ZN16Adafruit_SSD130612ssd1306_dataEt)
    Adafruit_SSD1306::drawFastHLine(short, short, short, unsigned short) 0x080045a9   Thumb Code   418  adafruit_ssd1306.o(i._ZN16Adafruit_SSD130613drawFastHLineEssst)
    Adafruit_SSD1306::drawFastVLine(short, short, short, unsigned short) 0x08004755   Thumb Code   408  adafruit_ssd1306.o(i._ZN16Adafruit_SSD130613drawFastVLineEssst)
    Adafruit_SSD1306::invertDisplay(unsigned char) 0x080048f5   Thumb Code    12  adafruit_ssd1306.o(i._ZN16Adafruit_SSD130613invertDisplayEh)
    Adafruit_SSD1306::ssd1306_command(unsigned char) 0x08004901   Thumb Code    34  adafruit_ssd1306.o(i._ZN16Adafruit_SSD130615ssd1306_commandEh)
    Adafruit_SSD1306::startscrollleft(unsigned char, unsigned char) 0x08004929   Thumb Code    74  adafruit_ssd1306.o(i._ZN16Adafruit_SSD130615startscrollleftEhh)
    Adafruit_SSD1306::startscrollright(unsigned char, unsigned char) 0x08004973   Thumb Code    74  adafruit_ssd1306.o(i._ZN16Adafruit_SSD130616startscrollrightEhh)
    Adafruit_SSD1306::startscrolldiagleft(unsigned char, unsigned char) 0x080049bd   Thumb Code    90  adafruit_ssd1306.o(i._ZN16Adafruit_SSD130619startscrolldiagleftEhh)
    Adafruit_SSD1306::startscrolldiagright(unsigned char, unsigned char) 0x08004a17   Thumb Code    90  adafruit_ssd1306.o(i._ZN16Adafruit_SSD130620startscrolldiagrightEhh)
    Adafruit_SSD1306::dim(bool)              0x08004a71   Thumb Code    42  adafruit_ssd1306.o(i._ZN16Adafruit_SSD13063dimEb)
    Adafruit_SSD1306::begin(unsigned char, unsigned char, bool) 0x08004a9b   Thumb Code   236  adafruit_ssd1306.o(i._ZN16Adafruit_SSD13065beginEhhb)
    Adafruit_SSD1306::memset(unsigned char*, unsigned short, unsigned short) 0x08004b87   Thumb Code    16  adafruit_ssd1306.o(i._ZN16Adafruit_SSD13066memsetEPhtt)
    Adafruit_SSD1306::printf(const char*)    0x08004b99   Thumb Code   106  adafruit_ssd1306.o(i._ZN16Adafruit_SSD13066printfEPKc)
    Adafruit_SSD1306::display()              0x08004c09   Thumb Code    74  adafruit_ssd1306.o(i._ZN16Adafruit_SSD13067displayEv)
    Adafruit_SSD1306::drawPixel(short, short, unsigned short) 0x08004c53   Thumb Code   208  adafruit_ssd1306.o(i._ZN16Adafruit_SSD13069drawPixelEsst)
    Adafruit_SSD1306::Adafruit_SSD1306(__I2C_HandleTypeDef*, signed char) 0x08004d25   Thumb Code    58  adafruit_ssd1306.o(i._ZN16Adafruit_SSD1306C1EP19__I2C_HandleTypeDefa)
    Adafruit_SSD1306::Adafruit_SSD1306__sub_object(__I2C_HandleTypeDef*, signed char) 0x08004d25   Thumb Code     0  adafruit_ssd1306.o(i._ZN16Adafruit_SSD1306C1EP19__I2C_HandleTypeDefa)
    Adafruit_GFX::getRotation() const        0x080060f5   Thumb Code     4  adafruit_gfx.o(i._ZNK12Adafruit_GFX11getRotationEv)
    Adafruit_GFX::width() const              0x080060f9   Thumb Code     6  adafruit_gfx.o(i._ZNK12Adafruit_GFX5widthEv)
    Adafruit_GFX::height() const             0x080060ff   Thumb Code     6  adafruit_gfx.o(i._ZNK12Adafruit_GFX6heightEv)
    std::type_info::operator ==(const std::type_info&) const 0x08006105   Thumb Code    32  type_info_eq.o(i._ZNKSt9type_infoeqERKS_)
    std::type_info::operator !=(const std::type_info&) const 0x08006125   Thumb Code    32  type_info_ne.o(i._ZNKSt9type_infoneERKS_)
    std::bad_typeid::bad_typeid(const std::bad_typeid&) 0x08006145   Thumb Code    12  bad_typeid.o(i._ZNSt10bad_typeidC1ERKS_)
    std::bad_typeid::bad_typeid__sub_object(const std::bad_typeid&) 0x08006145   Thumb Code     0  bad_typeid.o(i._ZNSt10bad_typeidC1ERKS_)
    std::bad_typeid::bad_typeid()            0x08006155   Thumb Code    12  bad_typeid.o(i._ZNSt10bad_typeidC1Ev)
    std::bad_typeid::bad_typeid__sub_object() 0x08006155   Thumb Code     0  bad_typeid.o(i._ZNSt10bad_typeidC1Ev)
    std::bad_typeid::~bad_typeid__deallocating() 0x08006165   Thumb Code    14  bad_typeid.o(i._ZNSt10bad_typeidD0Ev)
    std::bad_typeid::~bad_typeid()           0x08006173   Thumb Code     8  bad_typeid.o(i._ZNSt10bad_typeidD1Ev)
    std::bad_typeid::~bad_typeid__sub_object() 0x08006173   Thumb Code     0  bad_typeid.o(i._ZNSt10bad_typeidD1Ev)
    std::bad_exception::bad_exception(const std::bad_exception&) 0x0800617d   Thumb Code    12  bad_exception_cctor.o(i._ZNSt13bad_exceptionC1ERKS_)
    std::bad_exception::bad_exception__sub_object(const std::bad_exception&) 0x0800617d   Thumb Code     0  bad_exception_cctor.o(i._ZNSt13bad_exceptionC1ERKS_)
    std::bad_exception::bad_exception()      0x0800618d   Thumb Code    12  bad_exception_ctor.o(i._ZNSt13bad_exceptionC1Ev)
    std::bad_exception::bad_exception__sub_object() 0x0800618d   Thumb Code     0  bad_exception_ctor.o(i._ZNSt13bad_exceptionC1Ev)
    std::bad_exception::~bad_exception__deallocating() 0x0800619d   Thumb Code    14  bad_exception_dtor.o(i._ZNSt13bad_exceptionD0Ev)
    std::bad_exception::~bad_exception()     0x080061ab   Thumb Code     8  bad_exception_dtor.o(i._ZNSt13bad_exceptionD1Ev)
    std::bad_exception::~bad_exception__sub_object() 0x080061ab   Thumb Code     0  bad_exception_dtor.o(i._ZNSt13bad_exceptionD1Ev)
    std::bad_alloc::bad_alloc(const std::bad_alloc&) 0x080061b5   Thumb Code    12  bad_alloc_cctor.o(i._ZNSt9bad_allocC1ERKS_)
    std::bad_alloc::bad_alloc__sub_object(const std::bad_alloc&) 0x080061b5   Thumb Code     0  bad_alloc_cctor.o(i._ZNSt9bad_allocC1ERKS_)
    std::bad_alloc::bad_alloc()              0x080061c5   Thumb Code    12  bad_alloc_ctor.o(i._ZNSt9bad_allocC1Ev)
    std::bad_alloc::bad_alloc__sub_object()  0x080061c5   Thumb Code     0  bad_alloc_ctor.o(i._ZNSt9bad_allocC1Ev)
    std::bad_alloc::~bad_alloc__deallocating() 0x080061d5   Thumb Code    14  bad_alloc_dtor.o(i._ZNSt9bad_allocD0Ev)
    std::bad_alloc::~bad_alloc()             0x080061e3   Thumb Code     8  bad_alloc_dtor.o(i._ZNSt9bad_allocD1Ev)
    std::bad_alloc::~bad_alloc__sub_object() 0x080061e3   Thumb Code     0  bad_alloc_dtor.o(i._ZNSt9bad_allocD1Ev)
    std::exception::exception(const std::exception&) 0x080061ed   Thumb Code     6  exception_cctor.o(i._ZNSt9exceptionC1ERKS_)
    std::exception::exception__sub_object(const std::exception&) 0x080061ed   Thumb Code     0  exception_cctor.o(i._ZNSt9exceptionC1ERKS_)
    std::exception::exception()              0x080061f9   Thumb Code     6  exception_ctor.o(i._ZNSt9exceptionC1Ev)
    std::exception::exception__sub_object()  0x080061f9   Thumb Code     0  exception_ctor.o(i._ZNSt9exceptionC1Ev)
    operator delete[] (void*)                0x08006205   Thumb Code     8  array_del.o(i._ZdaPv)
    operator delete (void*)                  0x0800620d   Thumb Code     8  delete.o(i._ZdlPv)
    operator new[] (unsigned)                0x08006215   Thumb Code     8  array_new.o(i._Znaj)
    operator new(unsigned)                   0x0800621d   Thumb Code    34  new.o(i._Znwj)
    __ARM_array_new_general                  0x08006245   Thumb Code   146  array_new_general.o(i.__ARM_array_new_general)
    __ARM_common_get_typeid                  0x080062e3   Thumb Code    32  arm_exceptions_throw.o(i.__ARM_common_get_typeid)
    __ARM_vec_cleanup                        0x08006303   Thumb Code    44  ARM_vec_cleanup.o(i.__ARM_vec_cleanup)
    __ARM_vec_cleanup_rethrow                0x08006337   Thumb Code    44  ARM_vec_cleanup_rethrow.o(i.__ARM_vec_cleanup_rethrow)
    __aeabi_vec_delete                       0x0800636b   Thumb Code    34  aeabi_vec_delete.o(i.__aeabi_vec_delete)
    __aeabi_vec_dtor                         0x08006395   Thumb Code    58  aeabi_vec_dtor.o(i.__aeabi_vec_dtor)
    __aeabi_vec_dtor_cookie                  0x080063d7   Thumb Code    16  aeabi_vec_dtor_cookie.o(i.__aeabi_vec_dtor_cookie)
    __aeabi_vec_new_cookie                   0x080063e7   Thumb Code    20  aeabi_vec_new_cookie.o(i.__aeabi_vec_new_cookie)
    __cxa_pure_virtual                       0x080063fb   Thumb Code     6  pure_virt.o(i.__cxa_pure_virtual)
    __cxa_vec_new                            0x08006401   Thumb Code    18  cxa_vec_new.o(i.__cxa_vec_new)
    __derived_to_base_conversion             0x08006419   Thumb Code   106  rtti.o(i.__derived_to_base_conversion)
    __dynamic_cast                           0x08006489   Thumb Code   170  rtti.o(i.__dynamic_cast)
    main                                     0x08006575   Thumb Code   142  main.o(i.main)
    Vector<Vector<int>>::at(int)             0x08006625   Thumb Code    38  snake_game.o(t._ZN6VectorIS_IiEE2atEi)
    Vector<Vector<int>>::reserve(int)        0x08006651   Thumb Code    86  snake_game.o(t._ZN6VectorIS_IiEE7reserveEi)
    Vector<Vector<int>>::~Vector()           0x080066b5   Thumb Code    16  main.o(t._ZN6VectorIS_IiEED1Ev)
    Vector<Vector<int>>::~Vector__sub_object() 0x080066b5   Thumb Code     0  main.o(t._ZN6VectorIS_IiEED1Ev)
    Vector<int>::back()                      0x080066c9   Thumb Code    14  snake_game.o(t._ZN6VectorIiE4backEv)
    Vector<int>::reserve(int)                0x080066d7   Thumb Code    64  snake_game.o(t._ZN6VectorIiE7reserveEi)
    Vector<int>::push_back(const int&)       0x08006717   Thumb Code    46  snake_game.o(t._ZN6VectorIiE9push_backERKi)
    Vector<int>::Vector()                    0x08006745   Thumb Code    10  snake_game.o(t._ZN6VectorIiEC1Ev)
    Vector<int>::Vector__sub_object()        0x08006745   Thumb Code     0  snake_game.o(t._ZN6VectorIiEC1Ev)
    Vector<int>::~Vector()                   0x0800674f   Thumb Code    14  main.o(t._ZN6VectorIiED1Ev)
    Vector<int>::~Vector__sub_object()       0x0800674f   Thumb Code     0  main.o(t._ZN6VectorIiED1Ev)
    Vector<int>::operator =(const Vector<int>&) 0x0800675d   Thumb Code    96  snake_game.o(t._ZN6VectorIiEaSERKS0_)
    _fp_init                                 0x080067bd   Thumb Code    10  fpinit.o(x$fpl$fpinit)
    __fplib_config_fpu_vfp                   0x080067c5   Thumb Code     0  fpinit.o(x$fpl$fpinit)
    __fplib_config_pureend_doubles           0x080067c5   Thumb Code     0  fpinit.o(x$fpl$fpinit)
    AHBPrescTable                            0x08006f28   Data          16  system_stm32f4xx.o(.constdata)
    APBPrescTable                            0x08006f38   Data           8  system_stm32f4xx.o(.constdata)
    typeinfo for out_of_range                0x08006f4c   Data           8  snake_game.o(.constdata__ZTI12out_of_range)
    typeinfo for __cxxabiv1::__class_type_info 0x08006f54   Data          12  lib_rtti_impl.o(.constdata__ZTIN10__cxxabiv117__class_type_infoE)
    typeinfo for __cxxabiv1::__pbase_type_info 0x08006f60   Data          12  lib_rtti_impl.o(.constdata__ZTIN10__cxxabiv117__pbase_type_infoE)
    typeinfo for __cxxabiv1::__pointer_type_info 0x08006f6c   Data          12  lib_rtti_impl.o(.constdata__ZTIN10__cxxabiv119__pointer_type_infoE)
    typeinfo for __cxxabiv1::__si_class_type_info 0x08006f78   Data          12  lib_rtti_impl.o(.constdata__ZTIN10__cxxabiv120__si_class_type_infoE)
    typeinfo for __cxxabiv1::__vmi_class_type_info 0x08006f84   Data          12  lib_rtti_impl.o(.constdata__ZTIN10__cxxabiv121__vmi_class_type_infoE)
    typeinfo for __cxxabiv1::__fundamental_type_info 0x08006f90   Data          12  lib_rtti_impl.o(.constdata__ZTIN10__cxxabiv123__fundamental_type_infoE)
    typeinfo for std::bad_typeid             0x08006f9c   Data          12  bad_typeid.o(.constdata__ZTISt10bad_typeid)
    typeinfo for std::bad_exception          0x08006fa8   Data          12  bad_exception_dtor.o(.constdata__ZTISt13bad_exception)
    typeinfo for std::bad_alloc              0x08006fb4   Data          12  bad_alloc_dtor.o(.constdata__ZTISt9bad_alloc)
    typeinfo for std::exception              0x08006fc0   Data           8  exception_dtor.o(.constdata__ZTISt9exception)
    typeinfo for std::type_info              0x08006fc8   Data           8  type_info_dtor.o(.constdata__ZTISt9type_info)
    typeinfo for void                        0x08006fd0   Data           8  arm_exceptions_throw.o(.constdata__ZTIv)
    typeinfo name for out_of_range           0x08006fd8   Data          15  snake_game.o(.constdata__ZTS12out_of_range)
    typeinfo name for __cxxabiv1::__class_type_info 0x08006fe7   Data          34  lib_rtti_impl.o(.constdata__ZTSN10__cxxabiv117__class_type_infoE)
    typeinfo name for __cxxabiv1::__pbase_type_info 0x08007009   Data          34  lib_rtti_impl.o(.constdata__ZTSN10__cxxabiv117__pbase_type_infoE)
    typeinfo name for __cxxabiv1::__pointer_type_info 0x0800702b   Data          36  lib_rtti_impl.o(.constdata__ZTSN10__cxxabiv119__pointer_type_infoE)
    typeinfo name for __cxxabiv1::__si_class_type_info 0x0800704f   Data          37  lib_rtti_impl.o(.constdata__ZTSN10__cxxabiv120__si_class_type_infoE)
    typeinfo name for __cxxabiv1::__vmi_class_type_info 0x08007074   Data          38  lib_rtti_impl.o(.constdata__ZTSN10__cxxabiv121__vmi_class_type_infoE)
    typeinfo name for __cxxabiv1::__fundamental_type_info 0x0800709a   Data          40  lib_rtti_impl.o(.constdata__ZTSN10__cxxabiv123__fundamental_type_infoE)
    typeinfo name for std::bad_typeid        0x080070c2   Data          15  bad_typeid.o(.constdata__ZTSSt10bad_typeid)
    typeinfo name for std::bad_exception     0x080070d1   Data          18  bad_exception_dtor.o(.constdata__ZTSSt13bad_exception)
    typeinfo name for std::bad_alloc         0x080070e3   Data          13  bad_alloc_dtor.o(.constdata__ZTSSt9bad_alloc)
    typeinfo name for std::exception         0x080070f0   Data          13  exception_dtor.o(.constdata__ZTSSt9exception)
    typeinfo name for std::type_info         0x080070fd   Data          13  type_info_dtor.o(.constdata__ZTSSt9type_info)
    typeinfo name for void                   0x0800710a   Data           2  arm_exceptions_throw.o(.constdata__ZTSv)
    vtable for Adafruit_GFX                  0x0800710c   Data          40  adafruit_gfx.o(.constdata__ZTV12Adafruit_GFX)
    vtable for Adafruit_SSD1306              0x08007134   Data          40  adafruit_ssd1306.o(.constdata__ZTV16Adafruit_SSD1306)
    vtable for __cxxabiv1::__class_type_info 0x0800715c   Data          16  lib_rtti_impl.o(.constdata__ZTVN10__cxxabiv117__class_type_infoE)
    vtable for __cxxabiv1::__si_class_type_info 0x0800716c   Data          16  lib_rtti_impl.o(.constdata__ZTVN10__cxxabiv120__si_class_type_infoE)
    vtable for __cxxabiv1::__fundamental_type_info 0x0800717c   Data          16  lib_rtti_impl.o(.constdata__ZTVN10__cxxabiv123__fundamental_type_infoE)
    vtable for std::bad_typeid               0x0800718c   Data          20  bad_typeid.o(.constdata__ZTVSt10bad_typeid)
    vtable for std::bad_exception            0x080071a0   Data          20  bad_exception_dtor.o(.constdata__ZTVSt13bad_exception)
    vtable for std::bad_alloc                0x080071b4   Data          20  bad_alloc_dtor.o(.constdata__ZTVSt9bad_alloc)
    vtable for std::exception                0x080071c8   Data          20  exception_dtor.o(.constdata__ZTVSt9exception)
    Region$$Table$$Base                      0x080071dc   Number         0  anon$$obj.o(Region$$Table)
    Region$$Table$$Limit                     0x080071fc   Number         0  anon$$obj.o(Region$$Table)
    SHT$$INIT_ARRAY$$Base                    0x080071fc   Number         0  main.o(.init_array)
    SHT$$ARM_EXIDX$$Base                     0x08007204   Number         0  __rtentry4.o(.ARM.exidx)
    SHT$$INIT_ARRAY$$Limit                   0x08007204   Number         0  init_aeabi.o(.init_array)
    SHT$$ARM_EXIDX$$Limit                    0x0800761c   Number         0  snake_game.o(.ARM.exidx)
    Buffer_CMD                               0x20000000   Data           2  adafruit_ssd1306.o(.data)
    Buffer_DATA                              0x20000002   Data         129  adafruit_ssd1306.o(.data)
    uwTickFreq                               0x20000284   Data           1  stm32f4xx_hal.o(.data)
    uwTickPrio                               0x20000288   Data           4  stm32f4xx_hal.o(.data)
    uwTick                                   0x2000028c   Data           4  stm32f4xx_hal.o(.data)
    SystemCoreClock                          0x20000290   Data           4  system_stm32f4xx.o(.data)
    Adafruit_SSD1306::drawFastVLineInternal(short, short, short, unsigned short)::premask 0x20000294   Data           8  adafruit_ssd1306.o(.data__ZZN16Adafruit_SSD130621drawFastVLineInternalEssstE7premask)
    Adafruit_SSD1306::drawFastVLineInternal(short, short, short, unsigned short)::postmask 0x2000029c   Data           8  adafruit_ssd1306.o(.data__ZZN16Adafruit_SSD130621drawFastVLineInternalEssstE8postmask)
    hi2c1                                    0x200002a4   Data          84  main.o(.bss)
    hi2c2                                    0x200002f8   Data          84  main.o(.bss)
    mydoubleScreen                           0x2000034c   Data          26  main.o(.bss)
    lcd_top                                  0x20000368   Data         548  double_screen.o(.bss)
    lcd_bottom                               0x2000058c   Data         548  double_screen.o(.bss)
    __libspace_start                         0x200007b0   Data          96  libspace.o(.bss)
    __temporary_stack_top$libspace           0x20000810   Data           0  libspace.o(.bss)



==============================================================================

Memory Map of the image

  Image Entry point : 0x08000189

  Load Region LR_IROM1 (Base: 0x08000000, Size: 0x000078c0, Max: 0x00100000, ABSOLUTE, COMPRESSED[0x00007720])

    Execution Region ER_IROM1 (Exec base: 0x08000000, Load base: 0x08000000, Size: 0x0000761c, Max: 0x00100000, ABSOLUTE)

    Exec Addr    Load Addr    Size         Type   Attr      Idx    E Section Name        Object

    0x08000000   0x08000000   0x00000188   Data   RO            3    RESET               startup_stm32f407xx.o
    0x08000188   0x08000188   0x00000008   Code   RO         3312  * !!!main             c_w.l(__main.o)
    0x08000190   0x08000190   0x00000034   Code   RO         3996    !!!scatter          c_w.l(__scatter.o)
    0x080001c4   0x080001c4   0x0000005a   Code   RO         3994    !!dczerorl2         c_w.l(__dczerorl2.o)
    0x0800021e   0x0800021e   0x00000002   PAD
    0x08000220   0x08000220   0x0000001c   Code   RO         3998    !!handler_zi        c_w.l(__scatter_zi.o)
    0x0800023c   0x0800023c   0x00000002   Code   RO         3910    .ARM.Collect$$libinit$$00000000  c_w.l(libinit.o)
    0x0800023e   0x0800023e   0x00000004   Code   RO         3547    .ARM.Collect$$libinit$$00000001  c_w.l(libinit2.o)
    0x08000242   0x08000242   0x00000000   Code   RO         3550    .ARM.Collect$$libinit$$00000004  c_w.l(libinit2.o)
    0x08000242   0x08000242   0x00000008   Code   RO         3551    .ARM.Collect$$libinit$$00000005  c_w.l(libinit2.o)
    0x0800024a   0x0800024a   0x00000000   Code   RO         3553    .ARM.Collect$$libinit$$0000000A  c_w.l(libinit2.o)
    0x0800024a   0x0800024a   0x00000000   Code   RO         3555    .ARM.Collect$$libinit$$0000000C  c_w.l(libinit2.o)
    0x0800024a   0x0800024a   0x00000000   Code   RO         3557    .ARM.Collect$$libinit$$0000000E  c_w.l(libinit2.o)
    0x0800024a   0x0800024a   0x00000000   Code   RO         3560    .ARM.Collect$$libinit$$00000011  c_w.l(libinit2.o)
    0x0800024a   0x0800024a   0x00000000   Code   RO         3562    .ARM.Collect$$libinit$$00000013  c_w.l(libinit2.o)
    0x0800024a   0x0800024a   0x00000000   Code   RO         3564    .ARM.Collect$$libinit$$00000015  c_w.l(libinit2.o)
    0x0800024a   0x0800024a   0x00000000   Code   RO         3566    .ARM.Collect$$libinit$$00000017  c_w.l(libinit2.o)
    0x0800024a   0x0800024a   0x00000000   Code   RO         3568    .ARM.Collect$$libinit$$00000019  c_w.l(libinit2.o)
    0x0800024a   0x0800024a   0x00000000   Code   RO         3570    .ARM.Collect$$libinit$$0000001B  c_w.l(libinit2.o)
    0x0800024a   0x0800024a   0x00000000   Code   RO         3572    .ARM.Collect$$libinit$$0000001D  c_w.l(libinit2.o)
    0x0800024a   0x0800024a   0x00000000   Code   RO         3574    .ARM.Collect$$libinit$$0000001F  c_w.l(libinit2.o)
    0x0800024a   0x0800024a   0x00000000   Code   RO         3576    .ARM.Collect$$libinit$$00000021  c_w.l(libinit2.o)
    0x0800024a   0x0800024a   0x00000000   Code   RO         3578    .ARM.Collect$$libinit$$00000023  c_w.l(libinit2.o)
    0x0800024a   0x0800024a   0x00000000   Code   RO         3580    .ARM.Collect$$libinit$$00000025  c_w.l(libinit2.o)
    0x0800024a   0x0800024a   0x00000000   Code   RO         3584    .ARM.Collect$$libinit$$0000002C  c_w.l(libinit2.o)
    0x0800024a   0x0800024a   0x00000000   Code   RO         3586    .ARM.Collect$$libinit$$0000002E  c_w.l(libinit2.o)
    0x0800024a   0x0800024a   0x00000000   Code   RO         3588    .ARM.Collect$$libinit$$00000030  c_w.l(libinit2.o)
    0x0800024a   0x0800024a   0x00000004   Code   RO         3589    .ARM.Collect$$libinit$$00000031  c_w.l(libinit2.o)
    0x0800024e   0x0800024e   0x00000000   Code   RO         3590    .ARM.Collect$$libinit$$00000032  c_w.l(libinit2.o)
    0x0800024e   0x0800024e   0x00000002   Code   RO         3591    .ARM.Collect$$libinit$$00000033  c_w.l(libinit2.o)
    0x08000250   0x08000250   0x00000002   Code   RO         3991    .ARM.Collect$$libshutdown$$00000000  c_w.l(libshutdown.o)
    0x08000252   0x08000252   0x00000000   Code   RO         3974    .ARM.Collect$$libshutdown$$00000002  c_w.l(libshutdown2.o)
    0x08000252   0x08000252   0x00000000   Code   RO         3976    .ARM.Collect$$libshutdown$$00000004  c_w.l(libshutdown2.o)
    0x08000252   0x08000252   0x00000000   Code   RO         3979    .ARM.Collect$$libshutdown$$00000007  c_w.l(libshutdown2.o)
    0x08000252   0x08000252   0x00000000   Code   RO         3982    .ARM.Collect$$libshutdown$$0000000A  c_w.l(libshutdown2.o)
    0x08000252   0x08000252   0x00000000   Code   RO         3984    .ARM.Collect$$libshutdown$$0000000C  c_w.l(libshutdown2.o)
    0x08000252   0x08000252   0x00000000   Code   RO         3987    .ARM.Collect$$libshutdown$$0000000F  c_w.l(libshutdown2.o)
    0x08000252   0x08000252   0x00000002   Code   RO         3988    .ARM.Collect$$libshutdown$$00000010  c_w.l(libshutdown2.o)
    0x08000254   0x08000254   0x00000000   Code   RO         3482    .ARM.Collect$$rtentry$$00000000  c_w.l(__rtentry.o)
    0x08000254   0x08000254   0x00000000   Code   RO         3722    .ARM.Collect$$rtentry$$00000002  c_w.l(__rtentry2.o)
    0x08000254   0x08000254   0x00000006   Code   RO         3734    .ARM.Collect$$rtentry$$00000004  c_w.l(__rtentry4.o)
    0x0800025a   0x0800025a   0x00000000   Code   RO         3724    .ARM.Collect$$rtentry$$00000009  c_w.l(__rtentry2.o)
    0x0800025a   0x0800025a   0x00000004   Code   RO         3725    .ARM.Collect$$rtentry$$0000000A  c_w.l(__rtentry2.o)
    0x0800025e   0x0800025e   0x00000000   Code   RO         3727    .ARM.Collect$$rtentry$$0000000C  c_w.l(__rtentry2.o)
    0x0800025e   0x0800025e   0x00000008   Code   RO         3728    .ARM.Collect$$rtentry$$0000000D  c_w.l(__rtentry2.o)
    0x08000266   0x08000266   0x00000002   Code   RO         3940    .ARM.Collect$$rtexit$$00000000  c_w.l(rtexit.o)
    0x08000268   0x08000268   0x00000000   Code   RO         3953    .ARM.Collect$$rtexit$$00000002  c_w.l(rtexit2.o)
    0x08000268   0x08000268   0x00000004   Code   RO         3954    .ARM.Collect$$rtexit$$00000003  c_w.l(rtexit2.o)
    0x0800026c   0x0800026c   0x00000006   Code   RO         3955    .ARM.Collect$$rtexit$$00000004  c_w.l(rtexit2.o)
    0x08000272   0x08000272   0x00000002   PAD
    0x08000274   0x08000274   0x00000020   Code   RO         3457    .emb_text           cpprt_w.l(arm_exceptions_cleanup.o)
    0x08000294   0x08000294   0x0000007c   Code   RO         3709    .emb_text           cpprt_w.l(unwinder.o)
    0x08000310   0x08000310   0x00000004   Code   RO         3717    .emb_text           cpprt_w.l(unwind_activity.o)
    0x08000314   0x08000314   0x00000000   Code   RO         3874    .emb_text           c_w.l(maybetermalloc1.o)
    0x08000314   0x08000314   0x00000040   Code   RO            4    .text               startup_stm32f407xx.o
    0x08000354   0x08000354   0x000000ee   Code   RO         3306    .text               c_w.l(lludivv7m.o)
    0x08000442   0x08000442   0x0000004e   Code   RO         3308    .text               c_w.l(rt_memclr_w.o)
    0x08000490   0x08000490   0x00000006   Code   RO         3310    .text               c_w.l(heapauxi.o)
    0x08000496   0x08000496   0x00000002   PAD
    0x08000498   0x08000498   0x00000024   Code   RO         3317    .text               c_w.l(init_aeabi.o)
    0x080004bc   0x080004bc   0x00000060   Code   RO         3445    .text               cpprt_w.l(arm_exceptions_alloc.o)
    0x0800051c   0x0800051c   0x000000d0   Code   RO         3448    .text               cpprt_w.l(arm_exceptions_callunex.o)
    0x080005ec   0x080005ec   0x00000038   Code   RO         3454    .text               cpprt_w.l(arm_exceptions_callterm.o)
    0x08000624   0x08000624   0x0000007c   Code   RO         3459    .text               cpprt_w.l(arm_exceptions_cleanup.o)
    0x080006a0   0x080006a0   0x00000190   Code   RO         3463    .text               cpprt_w.l(arm_exceptions_throw.o)
    0x08000830   0x08000830   0x00000006   Code   RO         3476    .text               cpprt_w.l(unwind_pr0.o)
    0x08000836   0x08000836   0x00000006   Code   RO         3479    .text               cpprt_w.l(unwind_pr1.o)
    0x0800083c   0x0800083c   0x0000005e   Code   RO         3489    .text               c_w.l(h1_alloc.o)
    0x0800089a   0x0800089a   0x0000000e   Code   RO         3543    .text               c_w.l(defsig_pvfn_outer.o)
    0x080008a8   0x080008a8   0x00000022   Code   RO         3675    .text               cpprt_w.l(arm_exceptions_free.o)
    0x080008ca   0x080008ca   0x0000001a   Code   RO         3678    .text               cpprt_w.l(arm_exceptions_terminate.o)
    0x080008e4   0x080008e4   0x0000003c   Code   RO         3681    .text               cpprt_w.l(arm_exceptions_mem.o)
    0x08000920   0x08000920   0x0000002c   Code   RO         3684    .text               cpprt_w.l(arm_exceptions_support.o)
    0x0800094c   0x0800094c   0x00000052   Code   RO         3688    .text               cpprt_w.l(arm_exceptions_rethrow.o)
    0x0800099e   0x0800099e   0x0000004a   Code   RO         3691    .text               cpprt_w.l(arm_exceptions_endcatch.o)
    0x080009e8   0x080009e8   0x00000048   Code   RO         3694    .text               cpprt_w.l(arm_exceptions_begincatch.o)
    0x08000a30   0x08000a30   0x00000030   Code   RO         3697    .text               cpprt_w.l(arm_exceptions_bad_typeid.o)
    0x08000a60   0x08000a60   0x0000001e   Code   RO         3700    .text               cpprt_w.l(arm_exceptions_unexpected.o)
    0x08000a7e   0x08000a7e   0x00000042   Code   RO         3703    .text               cpprt_w.l(arm_exceptions_foreign.o)
    0x08000ac0   0x08000ac0   0x00000050   Code   RO         3706    .text               cpprt_w.l(arm_exceptions_globs.o)
    0x08000b10   0x08000b10   0x000003cc   Code   RO         3710    .text               cpprt_w.l(unwinder.o)
    0x08000edc   0x08000edc   0x000005f8   Code   RO         3714    .text               cpprt_w.l(unwind_prcommon.o)
    0x080014d4   0x080014d4   0x00000008   Code   RO         3743    .text               c_w.l(rt_heap_descriptor_intlibspace.o)
    0x080014dc   0x080014dc   0x00000008   Code   RO         3748    .text               c_w.l(rt_new_handler_addr_intlibspace.o)
    0x080014e4   0x080014e4   0x00000008   Code   RO         3753    .text               c_w.l(rt_eh_globals_addr_intlibspace.o)
    0x080014ec   0x080014ec   0x00000004   Code   RO         3755    .text               c_w.l(hguard.o)
    0x080014f0   0x080014f0   0x0000008a   Code   RO         3757    .text               c_w.l(init_alloc.o)
    0x0800157a   0x0800157a   0x0000000e   Code   RO         3763    .text               c_w.l(h1_init.o)
    0x08001588   0x08001588   0x0000004e   Code   RO         3765    .text               c_w.l(h1_free.o)
    0x080015d6   0x080015d6   0x00000016   Code   RO         3781    .text               c_w.l(abort.o)
    0x080015ec   0x080015ec   0x00000050   Code   RO         3783    .text               c_w.l(bsearch.o)
    0x0800163c   0x0800163c   0x0000000a   Code   RO         3786    .text               c_w.l(defsig_exit.o)
    0x08001646   0x08001646   0x00000002   PAD
    0x08001648   0x08001648   0x00000030   Code   RO         3788    .text               c_w.l(defsig_pvfn_inner.o)
    0x08001678   0x08001678   0x00000064   Code   RO         3790    .text               c_w.l(rt_memcpy_w.o)
    0x080016dc   0x080016dc   0x0000000e   Code   RO         3858    .text               cpprt_w.l(unwind_delete.o)
    0x080016ea   0x080016ea   0x00000002   PAD
    0x080016ec   0x080016ec   0x0000000c   Code   RO         3865    .text               c_w.l(sys_exit.o)
    0x080016f8   0x080016f8   0x00000008   Code   RO         3867    .text               c_w.l(libspace.o)
    0x08001700   0x08001700   0x0000004a   Code   RO         3870    .text               c_w.l(sys_stackheap_outer.o)
    0x0800174a   0x0800174a   0x00000034   Code   RO         3876    .text               c_w.l(h1_extend.o)
    0x0800177e   0x0800177e   0x00000012   Code   RO         3880    .text               c_w.l(exit.o)
    0x08001790   0x08001790   0x00000032   Code   RO         3884    .text               c_w.l(defsig_general.o)
    0x080017c2   0x080017c2   0x0000000e   Code   RO         3886    .text               c_w.l(defsig_abrt_outer.o)
    0x080017d0   0x080017d0   0x0000000e   Code   RO         3894    .text               c_w.l(defsig_rtmem_outer.o)
    0x080017de   0x080017de   0x0000000e   Code   RO         3935    .text               c_w.l(sys_wrch.o)
    0x080017ec   0x080017ec   0x00000002   Code   RO         3937    .text               c_w.l(use_no_semi.o)
    0x080017ee   0x080017ee   0x00000000   Code   RO         3939    .text               c_w.l(indicate_semi.o)
    0x080017ee   0x080017ee   0x00000002   PAD
    0x080017f0   0x080017f0   0x00000030   Code   RO         3944    .text               c_w.l(defsig_abrt_inner.o)
    0x08001820   0x08001820   0x00000050   Code   RO         3948    .text               c_w.l(defsig_rtmem_inner.o)
    0x08001870   0x08001870   0x0000000c   Code   RO         3449    .text.clean         cpprt_w.l(arm_exceptions_callunex.o)
    0x0800187c   0x0800187c   0x00000008   Code   RO         3464    .text.clean         cpprt_w.l(arm_exceptions_throw.o)
    0x08001884   0x08001884   0x00000002   Code   RO          742    i.BusFault_Handler  stm32f4xx_it.o
    0x08001886   0x08001886   0x00000002   Code   RO          743    i.DebugMon_Handler  stm32f4xx_it.o
    0x08001888   0x08001888   0x00000024   Code   RO         2442    i.HAL_DMA_Abort_IT  stm32f4xx_hal_dma.o
    0x080018ac   0x080018ac   0x00000004   Code   RO         2444    i.HAL_DMA_GetError  stm32f4xx_hal_dma.o
    0x080018b0   0x080018b0   0x00000006   Code   RO         2445    i.HAL_DMA_GetState  stm32f4xx_hal_dma.o
    0x080018b6   0x080018b6   0x00000046   Code   RO         2449    i.HAL_DMA_Start     stm32f4xx_hal_dma.o
    0x080018fc   0x080018fc   0x0000006e   Code   RO         2450    i.HAL_DMA_Start_IT  stm32f4xx_hal_dma.o
    0x0800196a   0x0800196a   0x00000002   PAD
    0x0800196c   0x0800196c   0x00000024   Code   RO         2932    i.HAL_Delay         stm32f4xx_hal.o
    0x08001990   0x08001990   0x000001b8   Code   RO         2319    i.HAL_GPIO_Init     stm32f4xx_hal_gpio.o
    0x08001b48   0x08001b48   0x0000000e   Code   RO         2322    i.HAL_GPIO_TogglePin  stm32f4xx_hal_gpio.o
    0x08001b56   0x08001b56   0x0000000a   Code   RO         2323    i.HAL_GPIO_WritePin  stm32f4xx_hal_gpio.o
    0x08001b60   0x08001b60   0x0000000c   Code   RO         2938    i.HAL_GetTick       stm32f4xx_hal.o
    0x08001b6c   0x08001b6c   0x0000000c   Code   RO         2939    i.HAL_GetTickFreq   stm32f4xx_hal.o
    0x08001b78   0x08001b78   0x0000000c   Code   RO         2940    i.HAL_GetTickPrio   stm32f4xx_hal.o
    0x08001b84   0x08001b84   0x00000002   Code   RO         1382    i.HAL_I2C_AbortCpltCallback  stm32f4xx_hal_i2c.o
    0x08001b86   0x08001b86   0x00000002   Code   RO         1383    i.HAL_I2C_AddrCallback  stm32f4xx_hal_i2c.o
    0x08001b88   0x08001b88   0x000000ba   Code   RO         1386    i.HAL_I2C_ER_IRQHandler  stm32f4xx_hal_i2c.o
    0x08001c42   0x08001c42   0x0000025a   Code   RO         1387    i.HAL_I2C_EV_IRQHandler  stm32f4xx_hal_i2c.o
    0x08001e9c   0x08001e9c   0x00000002   Code   RO         1389    i.HAL_I2C_ErrorCallback  stm32f4xx_hal_i2c.o
    0x08001e9e   0x08001e9e   0x00000002   PAD
    0x08001ea0   0x08001ea0   0x00000188   Code   RO         1393    i.HAL_I2C_Init      stm32f4xx_hal_i2c.o
    0x08002028   0x08002028   0x00000160   Code   RO         1394    i.HAL_I2C_IsDeviceReady  stm32f4xx_hal_i2c.o
    0x08002188   0x08002188   0x00000002   Code   RO         1395    i.HAL_I2C_ListenCpltCallback  stm32f4xx_hal_i2c.o
    0x0800218a   0x0800218a   0x00000002   Code   RO         1396    i.HAL_I2C_MasterRxCpltCallback  stm32f4xx_hal_i2c.o
    0x0800218c   0x0800218c   0x00000002   Code   RO         1397    i.HAL_I2C_MasterTxCpltCallback  stm32f4xx_hal_i2c.o
    0x0800218e   0x0800218e   0x00000056   Code   RO         1398    i.HAL_I2C_Master_Abort_IT  stm32f4xx_hal_i2c.o
    0x080021e4   0x080021e4   0x000001e4   Code   RO         1399    i.HAL_I2C_Master_Receive  stm32f4xx_hal_i2c.o
    0x080023c8   0x080023c8   0x0000014c   Code   RO         1400    i.HAL_I2C_Master_Receive_DMA  stm32f4xx_hal_i2c.o
    0x08002514   0x08002514   0x000001e0   Code   RO         1402    i.HAL_I2C_Master_Seq_Receive_DMA  stm32f4xx_hal_i2c.o
    0x080026f4   0x080026f4   0x00000190   Code   RO         1404    i.HAL_I2C_Master_Seq_Transmit_DMA  stm32f4xx_hal_i2c.o
    0x08002884   0x08002884   0x00000130   Code   RO         1406    i.HAL_I2C_Master_Transmit  stm32f4xx_hal_i2c.o
    0x080029b4   0x080029b4   0x0000014c   Code   RO         1407    i.HAL_I2C_Master_Transmit_DMA  stm32f4xx_hal_i2c.o
    0x08002b00   0x08002b00   0x00000002   Code   RO         1409    i.HAL_I2C_MemRxCpltCallback  stm32f4xx_hal_i2c.o
    0x08002b02   0x08002b02   0x00000002   Code   RO         1410    i.HAL_I2C_MemTxCpltCallback  stm32f4xx_hal_i2c.o
    0x08002b04   0x08002b04   0x000001f8   Code   RO         1411    i.HAL_I2C_Mem_Read  stm32f4xx_hal_i2c.o
    0x08002cfc   0x08002cfc   0x00000190   Code   RO         1412    i.HAL_I2C_Mem_Read_DMA  stm32f4xx_hal_i2c.o
    0x08002e8c   0x08002e8c   0x00000134   Code   RO         1414    i.HAL_I2C_Mem_Write  stm32f4xx_hal_i2c.o
    0x08002fc0   0x08002fc0   0x00000158   Code   RO         1415    i.HAL_I2C_Mem_Write_DMA  stm32f4xx_hal_i2c.o
    0x08003118   0x08003118   0x000000ac   Code   RO          884    i.HAL_I2C_MspInit   stm32f4xx_hal_msp.o
    0x080031c4   0x080031c4   0x00000002   Code   RO         1419    i.HAL_I2C_SlaveRxCpltCallback  stm32f4xx_hal_i2c.o
    0x080031c6   0x080031c6   0x00000002   Code   RO         1420    i.HAL_I2C_SlaveTxCpltCallback  stm32f4xx_hal_i2c.o
    0x080031c8   0x080031c8   0x0000016c   Code   RO         1421    i.HAL_I2C_Slave_Receive  stm32f4xx_hal_i2c.o
    0x08003334   0x08003334   0x000000d8   Code   RO         1422    i.HAL_I2C_Slave_Receive_DMA  stm32f4xx_hal_i2c.o
    0x0800340c   0x0800340c   0x0000014c   Code   RO         1424    i.HAL_I2C_Slave_Seq_Receive_DMA  stm32f4xx_hal_i2c.o
    0x08003558   0x08003558   0x0000014c   Code   RO         1426    i.HAL_I2C_Slave_Seq_Transmit_DMA  stm32f4xx_hal_i2c.o
    0x080036a4   0x080036a4   0x00000160   Code   RO         1428    i.HAL_I2C_Slave_Transmit  stm32f4xx_hal_i2c.o
    0x08003804   0x08003804   0x000000d8   Code   RO         1429    i.HAL_I2C_Slave_Transmit_DMA  stm32f4xx_hal_i2c.o
    0x080038dc   0x080038dc   0x00000010   Code   RO         2944    i.HAL_IncTick       stm32f4xx_hal.o
    0x080038ec   0x080038ec   0x00000034   Code   RO         2945    i.HAL_Init          stm32f4xx_hal.o
    0x08003920   0x08003920   0x00000040   Code   RO         2946    i.HAL_InitTick      stm32f4xx_hal.o
    0x08003960   0x08003960   0x00000030   Code   RO          885    i.HAL_MspInit       stm32f4xx_hal_msp.o
    0x08003990   0x08003990   0x00000040   Code   RO         2779    i.HAL_NVIC_SetPriority  stm32f4xx_hal_cortex.o
    0x080039d0   0x080039d0   0x00000024   Code   RO         2780    i.HAL_NVIC_SetPriorityGrouping  stm32f4xx_hal_cortex.o
    0x080039f4   0x080039f4   0x00000134   Code   RO         1906    i.HAL_RCC_ClockConfig  stm32f4xx_hal_rcc.o
    0x08003b28   0x08003b28   0x00000020   Code   RO         1913    i.HAL_RCC_GetPCLK1Freq  stm32f4xx_hal_rcc.o
    0x08003b48   0x08003b48   0x00000060   Code   RO         1915    i.HAL_RCC_GetSysClockFreq  stm32f4xx_hal_rcc.o
    0x08003ba8   0x08003ba8   0x00000364   Code   RO         1918    i.HAL_RCC_OscConfig  stm32f4xx_hal_rcc.o
    0x08003f0c   0x08003f0c   0x0000002a   Code   RO         2784    i.HAL_SYSTICK_Config  stm32f4xx_hal_cortex.o
    0x08003f36   0x08003f36   0x00000002   PAD
    0x08003f38   0x08003f38   0x00000024   Code   RO         2950    i.HAL_SetTickFreq   stm32f4xx_hal.o
    0x08003f5c   0x08003f5c   0x00000002   Code   RO          744    i.HardFault_Handler  stm32f4xx_it.o
    0x08003f5e   0x08003f5e   0x00000002   Code   RO          745    i.MemManage_Handler  stm32f4xx_it.o
    0x08003f60   0x08003f60   0x00000002   Code   RO          746    i.NMI_Handler       stm32f4xx_it.o
    0x08003f62   0x08003f62   0x00000002   Code   RO          747    i.PendSV_Handler    stm32f4xx_it.o
    0x08003f64   0x08003f64   0x00000002   Code   RO          748    i.SVC_Handler       stm32f4xx_it.o
    0x08003f66   0x08003f66   0x00000004   Code   RO          749    i.SysTick_Handler   stm32f4xx_it.o
    0x08003f6a   0x08003f6a   0x00000002   PAD
    0x08003f6c   0x08003f6c   0x00000078   Code   RO         3267    i.SystemCoreClockUpdate  system_stm32f4xx.o
    0x08003fe4   0x08003fe4   0x0000001c   Code   RO         3268    i.SystemInit        system_stm32f4xx.o
    0x08004000   0x08004000   0x00000002   Code   RO          750    i.UsageFault_Handler  stm32f4xx_it.o
    0x08004002   0x08004002   0x00000002   PAD
    0x08004004   0x08004004   0x00000084   Code   RO          559    i._Z18SystemClock_Configv  main.o
    0x08004088   0x08004088   0x00000030   Code   RO         3796    i._Z21__default_new_handlerv  cpprt_w.l(newhandler.o)
    0x080040b8   0x080040b8   0x00000056   Code   RO         1218    i._ZN10Snake_game10addNewHeadEii  snake_game.o
    0x0800410e   0x0800410e   0x0000000a   Code   RO         1219    i._ZN10Snake_game10addNewHeadEii.clean  snake_game.o
    0x08004118   0x08004118   0x00000080   Code   RO         1220    i._ZN10Snake_game16drawCurrentSnakeEv  snake_game.o
    0x08004198   0x08004198   0x00000024   Code   RO         1221    i._ZN10Snake_game16initializeScreenEv  snake_game.o
    0x080041bc   0x080041bc   0x00000010   Code   RO         1226    i._ZN10Snake_game7getElemEv  snake_game.o
    0x080041cc   0x080041cc   0x00000074   Code   RO         1229    i._ZN10Snake_gameC1Essss  snake_game.o
    0x08004240   0x08004240   0x0000000a   Code   RO         1230    i._ZN10Snake_gameC1Essss.clean  snake_game.o
    0x0800424a   0x0800424a   0x00000008   Code   RO          612    i._ZN10Snake_gameD1Ev  main.o
    0x08004252   0x08004252   0x00000008   Code   RO           23    i._ZN12Adafruit_GFX11setTextSizeEh  adafruit_gfx.o
    0x0800425a   0x0800425a   0x00000006   Code   RO           27    i._ZN12Adafruit_GFX12setTextColorEt  adafruit_gfx.o
    0x08004260   0x08004260   0x00000006   Code   RO           28    i._ZN12Adafruit_GFX12setTextColorEtt  adafruit_gfx.o
    0x08004266   0x08004266   0x00000016   Code   RO           29    i._ZN12Adafruit_GFX13drawFastHLineEssst  adafruit_gfx.o
    0x0800427c   0x0800427c   0x00000018   Code   RO           30    i._ZN12Adafruit_GFX13drawFastVLineEssst  adafruit_gfx.o
    0x08004294   0x08004294   0x000000ac   Code   RO           37    i._ZN12Adafruit_GFX8drawLineEsssst  adafruit_gfx.o
    0x08004340   0x08004340   0x00000030   Code   RO           39    i._ZN12Adafruit_GFX8fillRectEsssst  adafruit_gfx.o
    0x08004370   0x08004370   0x00000006   Code   RO           40    i._ZN12Adafruit_GFX9setCursorEss  adafruit_gfx.o
    0x08004376   0x08004376   0x00000002   PAD
    0x08004378   0x08004378   0x00000028   Code   RO           41    i._ZN12Adafruit_GFXC2Ess  adafruit_gfx.o
    0x080043a0   0x080043a0   0x0000000c   Code   RO          932    i._ZN13Double_screen11printBottomEPKc  double_screen.o
    0x080043ac   0x080043ac   0x00000024   Code   RO          934    i._ZN13Double_screen11setTextSizeEh  double_screen.o
    0x080043d0   0x080043d0   0x0000001c   Code   RO          936    i._ZN13Double_screen12clearDisplayEv  double_screen.o
    0x080043ec   0x080043ec   0x00000024   Code   RO          940    i._ZN13Double_screen12setTextColorEt  double_screen.o
    0x08004410   0x08004410   0x00000028   Code   RO          941    i._ZN13Double_screen12setTextColorEtt  double_screen.o
    0x08004438   0x08004438   0x00000028   Code   RO          954    i._ZN13Double_screen5beginEhhb  double_screen.o
    0x08004460   0x08004460   0x0000001c   Code   RO          957    i._ZN13Double_screen7displayEv  double_screen.o
    0x0800447c   0x0800447c   0x00000068   Code   RO          959    i._ZN13Double_screen8drawLineEsssst  double_screen.o
    0x080044e4   0x080044e4   0x0000000c   Code   RO          962    i._ZN13Double_screen8printTopEPKc  double_screen.o
    0x080044f0   0x080044f0   0x0000001c   Code   RO          963    i._ZN13Double_screen9drawPixelEsst  double_screen.o
    0x0800450c   0x0800450c   0x00000028   Code   RO          964    i._ZN13Double_screen9setCursorEss  double_screen.o
    0x08004534   0x08004534   0x00000024   Code   RO          965    i._ZN13Double_screenC1Ev  double_screen.o
    0x08004558   0x08004558   0x00000006   Code   RO          343    i._ZN16Adafruit_SSD130610stopscrollEv  adafruit_ssd1306.o
    0x0800455e   0x0800455e   0x0000000e   Code   RO          344    i._ZN16Adafruit_SSD130612clearDisplayEv  adafruit_ssd1306.o
    0x0800456c   0x0800456c   0x0000003c   Code   RO          345    i._ZN16Adafruit_SSD130612ssd1306_dataEt  adafruit_ssd1306.o
    0x080045a8   0x080045a8   0x000001ac   Code   RO          346    i._ZN16Adafruit_SSD130613drawFastHLineEssst  adafruit_ssd1306.o
    0x08004754   0x08004754   0x000001a0   Code   RO          347    i._ZN16Adafruit_SSD130613drawFastVLineEssst  adafruit_ssd1306.o
    0x080048f4   0x080048f4   0x0000000c   Code   RO          348    i._ZN16Adafruit_SSD130613invertDisplayEh  adafruit_ssd1306.o
    0x08004900   0x08004900   0x00000028   Code   RO          349    i._ZN16Adafruit_SSD130615ssd1306_commandEh  adafruit_ssd1306.o
    0x08004928   0x08004928   0x0000004a   Code   RO          350    i._ZN16Adafruit_SSD130615startscrollleftEhh  adafruit_ssd1306.o
    0x08004972   0x08004972   0x0000004a   Code   RO          351    i._ZN16Adafruit_SSD130616startscrollrightEhh  adafruit_ssd1306.o
    0x080049bc   0x080049bc   0x0000005a   Code   RO          352    i._ZN16Adafruit_SSD130619startscrolldiagleftEhh  adafruit_ssd1306.o
    0x08004a16   0x08004a16   0x0000005a   Code   RO          353    i._ZN16Adafruit_SSD130620startscrolldiagrightEhh  adafruit_ssd1306.o
    0x08004a70   0x08004a70   0x0000002a   Code   RO          354    i._ZN16Adafruit_SSD13063dimEb  adafruit_ssd1306.o
    0x08004a9a   0x08004a9a   0x000000ec   Code   RO          355    i._ZN16Adafruit_SSD13065beginEhhb  adafruit_ssd1306.o
    0x08004b86   0x08004b86   0x00000010   Code   RO          356    i._ZN16Adafruit_SSD13066memsetEPhtt  adafruit_ssd1306.o
    0x08004b96   0x08004b96   0x00000002   PAD
    0x08004b98   0x08004b98   0x00000070   Code   RO          357    i._ZN16Adafruit_SSD13066printfEPKc  adafruit_ssd1306.o
    0x08004c08   0x08004c08   0x0000004a   Code   RO          358    i._ZN16Adafruit_SSD13067displayEv  adafruit_ssd1306.o
    0x08004c52   0x08004c52   0x000000d0   Code   RO          359    i._ZN16Adafruit_SSD13069drawPixelEsst  adafruit_ssd1306.o
    0x08004d22   0x08004d22   0x00000002   PAD
    0x08004d24   0x08004d24   0x00000044   Code   RO          360    i._ZN16Adafruit_SSD1306C1EP19__I2C_HandleTypeDefa  adafruit_ssd1306.o
    0x08004d68   0x08004d68   0x00000046   Code   RO         3599    i._ZN27_INTERNAL_6_rtti_c_066a44b012tbc_downcastEPvPKSt9type_infoP28a_base_class_traversal_blockPN10__cxxabiv122__base_class_type_infoE  cpprt_w.l(rtti.o)
    0x08004dae   0x08004dae   0x00000016   Code   RO         3600    i._ZN27_INTERNAL_6_rtti_c_066a44b017tbc_post_downcastEPvPKSt9type_infoP28a_base_class_traversal_blockPN10__cxxabiv122__base_class_type_infoE  cpprt_w.l(rtti.o)
    0x08004dc4   0x08004dc4   0x000000a4   Code   RO         3601    i._ZN27_INTERNAL_6_rtti_c_066a44b021traverse_base_classesEPvPKSt9type_infoP28a_base_class_traversal_blockPN10__cxxabiv122__base_class_type_infoE  cpprt_w.l(rtti.o)
    0x08004e68   0x08004e68   0x000000c0   Code   RO         3602    i._ZN27_INTERNAL_6_rtti_c_066a44b023find_base_class_at_addrEPvS0_PKSt9type_infoS3_Pi  cpprt_w.l(rtti.o)
    0x08004f28   0x08004f28   0x0000000e   Code   RO         3603    i._ZN27_INTERNAL_6_rtti_c_066a44b024get_virtual_base_pointerEPvPN10__cxxabiv122__base_class_type_infoE  cpprt_w.l(rtti.o)
    0x08004f36   0x08004f36   0x00000002   PAD
    0x08004f38   0x08004f38   0x000001e4   Code   RO         3604    i._ZN27_INTERNAL_6_rtti_c_066a44b028derived_to_base_conversion_rEPvPS0_PKSt9type_infoS4_jPiiPS4_P19a_result_virtualityS5_  cpprt_w.l(rtti.o)
    0x0800511c   0x0800511c   0x00000060   Code   RO          560    i._ZN29_INTERNAL_8_main_cpp_6a9831bd12MX_GPIO_InitEv  main.o
    0x0800517c   0x0800517c   0x00000028   Code   RO         2453    i._ZN41_INTERNAL_19_stm32f4xx_hal_dma_c_c25f65ec13DMA_SetConfigEP19__DMA_HandleTypeDefjjj  stm32f4xx_hal_dma.o
    0x080051a4   0x080051a4   0x00000154   Code   RO         1431    i._ZN41_INTERNAL_19_stm32f4xx_hal_i2c_c_0eb271f411I2C_ITErrorEP19__I2C_HandleTypeDef  stm32f4xx_hal_i2c.o
    0x080052f8   0x080052f8   0x00000086   Code   RO         1432    i._ZN41_INTERNAL_19_stm32f4xx_hal_i2c_c_0eb271f412I2C_DMAAbortEP19__DMA_HandleTypeDef  stm32f4xx_hal_i2c.o
    0x0800537e   0x0800537e   0x00000040   Code   RO         1433    i._ZN41_INTERNAL_19_stm32f4xx_hal_i2c_c_0eb271f412I2C_DMAErrorEP19__DMA_HandleTypeDef  stm32f4xx_hal_i2c.o
    0x080053be   0x080053be   0x00000002   PAD
    0x080053c0   0x080053c0   0x00000084   Code   RO         1434    i._ZN41_INTERNAL_19_stm32f4xx_hal_i2c_c_0eb271f412I2C_Slave_AFEP19__I2C_HandleTypeDef  stm32f4xx_hal_i2c.o
    0x08005444   0x08005444   0x0000008c   Code   RO         1435    i._ZN41_INTERNAL_19_stm32f4xx_hal_i2c_c_0eb271f413I2C_Master_SBEP19__I2C_HandleTypeDef  stm32f4xx_hal_i2c.o
    0x080054d0   0x080054d0   0x0000010a   Code   RO         1436    i._ZN41_INTERNAL_19_stm32f4xx_hal_i2c_c_0eb271f415I2C_DMAXferCpltEP19__DMA_HandleTypeDef  stm32f4xx_hal_i2c.o
    0x080055da   0x080055da   0x00000002   PAD
    0x080055dc   0x080055dc   0x00000118   Code   RO         1437    i._ZN41_INTERNAL_19_stm32f4xx_hal_i2c_c_0eb271f415I2C_Master_ADDREP19__I2C_HandleTypeDef  stm32f4xx_hal_i2c.o
    0x080056f4   0x080056f4   0x0000015c   Code   RO         1438    i._ZN41_INTERNAL_19_stm32f4xx_hal_i2c_c_0eb271f415I2C_Slave_STOPFEP19__I2C_HandleTypeDef  stm32f4xx_hal_i2c.o
    0x08005850   0x08005850   0x000000d2   Code   RO         1439    i._ZN41_INTERNAL_19_stm32f4xx_hal_i2c_c_0eb271f421I2C_MasterReceive_BTFEP19__I2C_HandleTypeDef  stm32f4xx_hal_i2c.o
    0x08005922   0x08005922   0x00000002   PAD
    0x08005924   0x08005924   0x000000ec   Code   RO         1440    i._ZN41_INTERNAL_19_stm32f4xx_hal_i2c_c_0eb271f421I2C_MasterRequestReadEP19__I2C_HandleTypeDeftjj  stm32f4xx_hal_i2c.o
    0x08005a10   0x08005a10   0x00000100   Code   RO         1441    i._ZN41_INTERNAL_19_stm32f4xx_hal_i2c_c_0eb271f421I2C_RequestMemoryReadEP19__I2C_HandleTypeDeftttjj  stm32f4xx_hal_i2c.o
    0x08005b10   0x08005b10   0x00000092   Code   RO         1442    i._ZN41_INTERNAL_19_stm32f4xx_hal_i2c_c_0eb271f422I2C_MasterReceive_RXNEEP19__I2C_HandleTypeDef  stm32f4xx_hal_i2c.o
    0x08005ba2   0x08005ba2   0x00000002   PAD
    0x08005ba4   0x08005ba4   0x0000009c   Code   RO         1443    i._ZN41_INTERNAL_19_stm32f4xx_hal_i2c_c_0eb271f422I2C_MasterRequestWriteEP19__I2C_HandleTypeDeftjj  stm32f4xx_hal_i2c.o
    0x08005c40   0x08005c40   0x00000092   Code   RO         1444    i._ZN41_INTERNAL_19_stm32f4xx_hal_i2c_c_0eb271f422I2C_MasterTransmit_BTFEP19__I2C_HandleTypeDef  stm32f4xx_hal_i2c.o
    0x08005cd2   0x08005cd2   0x00000002   PAD
    0x08005cd4   0x08005cd4   0x000000b6   Code   RO         1445    i._ZN41_INTERNAL_19_stm32f4xx_hal_i2c_c_0eb271f422I2C_MasterTransmit_TXEEP19__I2C_HandleTypeDef  stm32f4xx_hal_i2c.o
    0x08005d8a   0x08005d8a   0x00000002   PAD
    0x08005d8c   0x08005d8c   0x000000a8   Code   RO         1446    i._ZN41_INTERNAL_19_stm32f4xx_hal_i2c_c_0eb271f422I2C_RequestMemoryWriteEP19__I2C_HandleTypeDeftttjj  stm32f4xx_hal_i2c.o
    0x08005e34   0x08005e34   0x0000002e   Code   RO         1447    i._ZN41_INTERNAL_19_stm32f4xx_hal_i2c_c_0eb271f423I2C_IsAcknowledgeFailedEP19__I2C_HandleTypeDef  stm32f4xx_hal_i2c.o
    0x08005e62   0x08005e62   0x0000006c   Code   RO         1448    i._ZN41_INTERNAL_19_stm32f4xx_hal_i2c_c_0eb271f426I2C_MemoryTransmit_TXE_BTFEP19__I2C_HandleTypeDef  stm32f4xx_hal_i2c.o
    0x08005ece   0x08005ece   0x00000002   PAD
    0x08005ed0   0x08005ed0   0x00000070   Code   RO         1449    i._ZN41_INTERNAL_19_stm32f4xx_hal_i2c_c_0eb271f426I2C_WaitOnFlagUntilTimeoutEP19__I2C_HandleTypeDefj10FlagStatusjj  stm32f4xx_hal_i2c.o
    0x08005f40   0x08005f40   0x0000004c   Code   RO         1450    i._ZN41_INTERNAL_19_stm32f4xx_hal_i2c_c_0eb271f429I2C_WaitOnBTFFlagUntilTimeoutEP19__I2C_HandleTypeDefjj  stm32f4xx_hal_i2c.o
    0x08005f8c   0x08005f8c   0x0000004c   Code   RO         1451    i._ZN41_INTERNAL_19_stm32f4xx_hal_i2c_c_0eb271f429I2C_WaitOnTXEFlagUntilTimeoutEP19__I2C_HandleTypeDefjj  stm32f4xx_hal_i2c.o
    0x08005fd8   0x08005fd8   0x00000066   Code   RO         1452    i._ZN41_INTERNAL_19_stm32f4xx_hal_i2c_c_0eb271f430I2C_WaitOnRXNEFlagUntilTimeoutEP19__I2C_HandleTypeDefjj  stm32f4xx_hal_i2c.o
    0x0800603e   0x0800603e   0x00000096   Code   RO         1453    i._ZN41_INTERNAL_19_stm32f4xx_hal_i2c_c_0eb271f439I2C_WaitOnMasterAddressFlagUntilTimeoutEP19__I2C_HandleTypeDefjjj  stm32f4xx_hal_i2c.o
    0x080060d4   0x080060d4   0x00000020   Code   RO         2786    i._ZN44_INTERNAL_22_stm32f4xx_hal_cortex_c_2992dbc018__NVIC_SetPriorityE9IRQn_Typej  stm32f4xx_hal_cortex.o
    0x080060f4   0x080060f4   0x00000004   Code   RO           42    i._ZNK12Adafruit_GFX11getRotationEv  adafruit_gfx.o
    0x080060f8   0x080060f8   0x00000006   Code   RO           43    i._ZNK12Adafruit_GFX5widthEv  adafruit_gfx.o
    0x080060fe   0x080060fe   0x00000006   Code   RO           44    i._ZNK12Adafruit_GFX6heightEv  adafruit_gfx.o
    0x08006104   0x08006104   0x00000020   Code   RO         3666    i._ZNKSt9type_infoeqERKS_  cpprt_w.l(type_info_eq.o)
    0x08006124   0x08006124   0x00000020   Code   RO         3669    i._ZNKSt9type_infoneERKS_  cpprt_w.l(type_info_ne.o)
    0x08006144   0x08006144   0x00000010   Code   RO         3812    i._ZNSt10bad_typeidC1ERKS_  cpprt_w.l(bad_typeid.o)
    0x08006154   0x08006154   0x00000010   Code   RO         3813    i._ZNSt10bad_typeidC1Ev  cpprt_w.l(bad_typeid.o)
    0x08006164   0x08006164   0x0000000e   Code   RO         3814    i._ZNSt10bad_typeidD0Ev  cpprt_w.l(bad_typeid.o)
    0x08006172   0x08006172   0x00000008   Code   RO         3815    i._ZNSt10bad_typeidD1Ev  cpprt_w.l(bad_typeid.o)
    0x0800617a   0x0800617a   0x00000002   PAD
    0x0800617c   0x0800617c   0x00000010   Code   RO         3637    i._ZNSt13bad_exceptionC1ERKS_  cpprt_w.l(bad_exception_cctor.o)
    0x0800618c   0x0800618c   0x00000010   Code   RO         3640    i._ZNSt13bad_exceptionC1Ev  cpprt_w.l(bad_exception_ctor.o)
    0x0800619c   0x0800619c   0x0000000e   Code   RO         3643    i._ZNSt13bad_exceptionD0Ev  cpprt_w.l(bad_exception_dtor.o)
    0x080061aa   0x080061aa   0x00000008   Code   RO         3644    i._ZNSt13bad_exceptionD1Ev  cpprt_w.l(bad_exception_dtor.o)
    0x080061b2   0x080061b2   0x00000002   PAD
    0x080061b4   0x080061b4   0x00000010   Code   RO         3923    i._ZNSt9bad_allocC1ERKS_  cpprt_w.l(bad_alloc_cctor.o)
    0x080061c4   0x080061c4   0x00000010   Code   RO         3926    i._ZNSt9bad_allocC1Ev  cpprt_w.l(bad_alloc_ctor.o)
    0x080061d4   0x080061d4   0x0000000e   Code   RO         3627    i._ZNSt9bad_allocD0Ev  cpprt_w.l(bad_alloc_dtor.o)
    0x080061e2   0x080061e2   0x00000008   Code   RO         3628    i._ZNSt9bad_allocD1Ev  cpprt_w.l(bad_alloc_dtor.o)
    0x080061ea   0x080061ea   0x00000002   PAD
    0x080061ec   0x080061ec   0x0000000c   Code   RO         3833    i._ZNSt9exceptionC1ERKS_  cpprt_w.l(exception_cctor.o)
    0x080061f8   0x080061f8   0x0000000c   Code   RO         3836    i._ZNSt9exceptionC1Ev  cpprt_w.l(exception_ctor.o)
    0x08006204   0x08006204   0x00000008   Code   RO         3320    i._ZdaPv            cpprt_w.l(array_del.o)
    0x0800620c   0x0800620c   0x00000008   Code   RO         3592    i._ZdlPv            cpprt_w.l(delete.o)
    0x08006214   0x08006214   0x00000008   Code   RO         3323    i._Znaj             cpprt_w.l(array_new.o)
    0x0800621c   0x0800621c   0x00000028   Code   RO         3595    i._Znwj             cpprt_w.l(new.o)
    0x08006244   0x08006244   0x00000092   Code   RO         3799    i.__ARM_array_new_general  cpprt_w.l(array_new_general.o)
    0x080062d6   0x080062d6   0x0000000c   Code   RO         3800    i.__ARM_array_new_general.clean  cpprt_w.l(array_new_general.o)
    0x080062e2   0x080062e2   0x00000020   Code   RO         3473    i.__ARM_common_get_typeid  cpprt_w.l(arm_exceptions_throw.o)
    0x08006302   0x08006302   0x0000002c   Code   RO         3911    i.__ARM_vec_cleanup  cpprt_w.l(ARM_vec_cleanup.o)
    0x0800632e   0x0800632e   0x00000008   Code   RO         3912    i.__ARM_vec_cleanup.clean  cpprt_w.l(ARM_vec_cleanup.o)
    0x08006336   0x08006336   0x0000002c   Code   RO         3917    i.__ARM_vec_cleanup_rethrow  cpprt_w.l(ARM_vec_cleanup_rethrow.o)
    0x08006362   0x08006362   0x00000008   Code   RO         3918    i.__ARM_vec_cleanup_rethrow.clean  cpprt_w.l(ARM_vec_cleanup_rethrow.o)
    0x0800636a   0x0800636a   0x00000022   Code   RO         3439    i.__aeabi_vec_delete  cpprt_w.l(aeabi_vec_delete.o)
    0x0800638c   0x0800638c   0x00000008   Code   RO         3440    i.__aeabi_vec_delete.clean  cpprt_w.l(aeabi_vec_delete.o)
    0x08006394   0x08006394   0x0000003a   Code   RO         3852    i.__aeabi_vec_dtor  cpprt_w.l(aeabi_vec_dtor.o)
    0x080063ce   0x080063ce   0x00000008   Code   RO         3853    i.__aeabi_vec_dtor.clean  cpprt_w.l(aeabi_vec_dtor.o)
    0x080063d6   0x080063d6   0x00000010   Code   RO         3672    i.__aeabi_vec_dtor_cookie  cpprt_w.l(aeabi_vec_dtor_cookie.o)
    0x080063e6   0x080063e6   0x00000014   Code   RO         3436    i.__aeabi_vec_new_cookie  cpprt_w.l(aeabi_vec_new_cookie.o)
    0x080063fa   0x080063fa   0x00000006   Code   RO         3327    i.__cxa_pure_virtual  cpprt_w.l(pure_virt.o)
    0x08006400   0x08006400   0x00000018   Code   RO         3653    i.__cxa_vec_new     cpprt_w.l(cxa_vec_new.o)
    0x08006418   0x08006418   0x00000070   Code   RO         3605    i.__derived_to_base_conversion  cpprt_w.l(rtti.o)
    0x08006488   0x08006488   0x000000b4   Code   RO         3606    i.__dynamic_cast    cpprt_w.l(rtti.o)
    0x0800653c   0x0800653c   0x0000002c   Code   RO          969    i.__sti___17_Double_screen_cpp_lcd_top  double_screen.o
    0x08006568   0x08006568   0x0000000c   Code   RO          561    i.__sti___8_main_cpp_6a9831bd  main.o
    0x08006574   0x08006574   0x000000a4   Code   RO          562    i.main              main.o
    0x08006618   0x08006618   0x0000000a   Code   RO          563    i.main.clean        main.o
    0x08006622   0x08006622   0x00000002   PAD
    0x08006624   0x08006624   0x0000002c   Code   RO         1332    t._ZN6VectorIS_IiEE2atEi  snake_game.o
    0x08006650   0x08006650   0x00000064   Code   RO         1308    t._ZN6VectorIS_IiEE7reserveEi  snake_game.o
    0x080066b4   0x080066b4   0x00000014   Code   RO          615    t._ZN6VectorIS_IiEED1Ev  main.o
    0x080066c8   0x080066c8   0x0000000e   Code   RO         1338    t._ZN6VectorIiE4backEv  snake_game.o
    0x080066d6   0x080066d6   0x00000040   Code   RO         1314    t._ZN6VectorIiE7reserveEi  snake_game.o
    0x08006716   0x08006716   0x0000002e   Code   RO         1320    t._ZN6VectorIiE9push_backERKi  snake_game.o
    0x08006744   0x08006744   0x0000000a   Code   RO         1326    t._ZN6VectorIiEC1Ev  snake_game.o
    0x0800674e   0x0800674e   0x0000000e   Code   RO          606    t._ZN6VectorIiED1Ev  main.o
    0x0800675c   0x0800675c   0x00000060   Code   RO         1302    t._ZN6VectorIiEaSERKS0_  snake_game.o
    0x080067bc   0x080067bc   0x0000000a   Code   RO         3861    x$fpl$fpinit        fz_wm.l(fpinit.o)
    0x080067c6   0x080067c6   0x00000002   PAD
    0x080067c8   0x080067c8   0x0000000c   Data   RO           74    .ARM.extab          adafruit_gfx.o
    0x080067d4   0x080067d4   0x00000010   Data   RO          570    .ARM.extab          main.o
    0x080067e4   0x080067e4   0x00000010   Data   RO          616    .ARM.extab          main.o
    0x080067f4   0x080067f4   0x00000010   Data   RO         1244    .ARM.extab          snake_game.o
    0x08006804   0x08006804   0x00000010   Data   RO         1245    .ARM.extab          snake_game.o
    0x08006814   0x08006814   0x00000014   Data   RO         3325    .ARM.extab          cpprt_w.l(array_new.o)
    0x08006828   0x08006828   0x0000001c   Data   RO         3443    .ARM.extab          cpprt_w.l(aeabi_vec_delete.o)
    0x08006844   0x08006844   0x00000038   Data   RO         3452    .ARM.extab          cpprt_w.l(arm_exceptions_callunex.o)
    0x0800687c   0x0800687c   0x0000001c   Data   RO         3467    .ARM.extab          cpprt_w.l(arm_exceptions_throw.o)
    0x08006898   0x08006898   0x00000014   Data   RO         3597    .ARM.extab          cpprt_w.l(new.o)
    0x080068ac   0x080068ac   0x00000030   Data   RO         3803    .ARM.extab          cpprt_w.l(array_new_general.o)
    0x080068dc   0x080068dc   0x0000001c   Data   RO         3856    .ARM.extab          cpprt_w.l(aeabi_vec_dtor.o)
    0x080068f8   0x080068f8   0x00000024   Data   RO         3915    .ARM.extab          cpprt_w.l(ARM_vec_cleanup.o)
    0x0800691c   0x0800691c   0x0000001c   Data   RO         3921    .ARM.extab          cpprt_w.l(ARM_vec_cleanup_rethrow.o)
    0x08006938   0x08006938   0x000005f0   Data   RO          379    .constdata          adafruit_ssd1306.o
    0x08006f28   0x08006f28   0x00000010   Data   RO         3271    .constdata          system_stm32f4xx.o
    0x08006f38   0x08006f38   0x00000008   Data   RO         3272    .constdata          system_stm32f4xx.o
    0x08006f40   0x08006f40   0x0000000c   Data   RO         3686    .constdata          cpprt_w.l(arm_exceptions_support.o)
    0x08006f4c   0x08006f4c   0x00000008   Data   RO         1344    .constdata__ZTI12out_of_range  snake_game.o
    0x08006f54   0x08006f54   0x0000000c   Data   RO         3420    .constdata__ZTIN10__cxxabiv117__class_type_infoE  cpprt_w.l(lib_rtti_impl.o)
    0x08006f60   0x08006f60   0x0000000c   Data   RO         3423    .constdata__ZTIN10__cxxabiv117__pbase_type_infoE  cpprt_w.l(lib_rtti_impl.o)
    0x08006f6c   0x08006f6c   0x0000000c   Data   RO         3424    .constdata__ZTIN10__cxxabiv119__pointer_type_infoE  cpprt_w.l(lib_rtti_impl.o)
    0x08006f78   0x08006f78   0x0000000c   Data   RO         3421    .constdata__ZTIN10__cxxabiv120__si_class_type_infoE  cpprt_w.l(lib_rtti_impl.o)
    0x08006f84   0x08006f84   0x0000000c   Data   RO         3422    .constdata__ZTIN10__cxxabiv121__vmi_class_type_infoE  cpprt_w.l(lib_rtti_impl.o)
    0x08006f90   0x08006f90   0x0000000c   Data   RO         3416    .constdata__ZTIN10__cxxabiv123__fundamental_type_infoE  cpprt_w.l(lib_rtti_impl.o)
    0x08006f9c   0x08006f9c   0x0000000c   Data   RO         3831    .constdata__ZTISt10bad_typeid  cpprt_w.l(bad_typeid.o)
    0x08006fa8   0x08006fa8   0x0000000c   Data   RO         3651    .constdata__ZTISt13bad_exception  cpprt_w.l(bad_exception_dtor.o)
    0x08006fb4   0x08006fb4   0x0000000c   Data   RO         3635    .constdata__ZTISt9bad_alloc  cpprt_w.l(bad_alloc_dtor.o)
    0x08006fc0   0x08006fc0   0x00000008   Data   RO         3847    .constdata__ZTISt9exception  cpprt_w.l(exception_dtor.o)
    0x08006fc8   0x08006fc8   0x00000008   Data   RO         3664    .constdata__ZTISt9type_info  cpprt_w.l(type_info_dtor.o)
    0x08006fd0   0x08006fd0   0x00000008   Data   RO         3471    .constdata__ZTIv    cpprt_w.l(arm_exceptions_throw.o)
    0x08006fd8   0x08006fd8   0x0000000f   Data   RO         1345    .constdata__ZTS12out_of_range  snake_game.o
    0x08006fe7   0x08006fe7   0x00000022   Data   RO         3430    .constdata__ZTSN10__cxxabiv117__class_type_infoE  cpprt_w.l(lib_rtti_impl.o)
    0x08007009   0x08007009   0x00000022   Data   RO         3433    .constdata__ZTSN10__cxxabiv117__pbase_type_infoE  cpprt_w.l(lib_rtti_impl.o)
    0x0800702b   0x0800702b   0x00000024   Data   RO         3434    .constdata__ZTSN10__cxxabiv119__pointer_type_infoE  cpprt_w.l(lib_rtti_impl.o)
    0x0800704f   0x0800704f   0x00000025   Data   RO         3431    .constdata__ZTSN10__cxxabiv120__si_class_type_infoE  cpprt_w.l(lib_rtti_impl.o)
    0x08007074   0x08007074   0x00000026   Data   RO         3432    .constdata__ZTSN10__cxxabiv121__vmi_class_type_infoE  cpprt_w.l(lib_rtti_impl.o)
    0x0800709a   0x0800709a   0x00000028   Data   RO         3426    .constdata__ZTSN10__cxxabiv123__fundamental_type_infoE  cpprt_w.l(lib_rtti_impl.o)
    0x080070c2   0x080070c2   0x0000000f   Data   RO         3832    .constdata__ZTSSt10bad_typeid  cpprt_w.l(bad_typeid.o)
    0x080070d1   0x080070d1   0x00000012   Data   RO         3652    .constdata__ZTSSt13bad_exception  cpprt_w.l(bad_exception_dtor.o)
    0x080070e3   0x080070e3   0x0000000d   Data   RO         3636    .constdata__ZTSSt9bad_alloc  cpprt_w.l(bad_alloc_dtor.o)
    0x080070f0   0x080070f0   0x0000000d   Data   RO         3848    .constdata__ZTSSt9exception  cpprt_w.l(exception_dtor.o)
    0x080070fd   0x080070fd   0x0000000d   Data   RO         3665    .constdata__ZTSSt9type_info  cpprt_w.l(type_info_dtor.o)
    0x0800710a   0x0800710a   0x00000002   Data   RO         3472    .constdata__ZTSv    cpprt_w.l(arm_exceptions_throw.o)
    0x0800710c   0x0800710c   0x00000028   Data   RO          230    .constdata__ZTV12Adafruit_GFX  adafruit_gfx.o
    0x08007134   0x08007134   0x00000028   Data   RO          468    .constdata__ZTV16Adafruit_SSD1306  adafruit_ssd1306.o
    0x0800715c   0x0800715c   0x00000010   Data   RO         3402    .constdata__ZTVN10__cxxabiv117__class_type_infoE  cpprt_w.l(lib_rtti_impl.o)
    0x0800716c   0x0800716c   0x00000010   Data   RO         3404    .constdata__ZTVN10__cxxabiv120__si_class_type_infoE  cpprt_w.l(lib_rtti_impl.o)
    0x0800717c   0x0800717c   0x00000010   Data   RO         3394    .constdata__ZTVN10__cxxabiv123__fundamental_type_infoE  cpprt_w.l(lib_rtti_impl.o)
    0x0800718c   0x0800718c   0x00000014   Data   RO         3830    .constdata__ZTVSt10bad_typeid  cpprt_w.l(bad_typeid.o)
    0x080071a0   0x080071a0   0x00000014   Data   RO         3650    .constdata__ZTVSt13bad_exception  cpprt_w.l(bad_exception_dtor.o)
    0x080071b4   0x080071b4   0x00000014   Data   RO         3634    .constdata__ZTVSt9bad_alloc  cpprt_w.l(bad_alloc_dtor.o)
    0x080071c8   0x080071c8   0x00000014   Data   RO         3846    .constdata__ZTVSt9exception  cpprt_w.l(exception_dtor.o)
    0x080071dc   0x080071dc   0x00000020   Data   RO         3992    Region$$Table       anon$$obj.o
    0x080071fc   0x080071fc   0x00000004   Data   RO          572    .init_array         main.o
    0x08007200   0x080071fc   0x00000004   Data   RO         1016    .init_array         double_screen.o
    0x08007204   0x080071fc   0x00000000   Data   RO         3315    .init_array         c_w.l(init_aeabi.o)
    0x08007204   0x080071fc   0x00000008   Data   RO         3735    .ARM.exidx          c_w.l(__rtentry4.o)
    0x0800720c   0x080071fc   0x00000008   Data   RO         3450    .ARM.exidx          cpprt_w.l(arm_exceptions_callunex.o)
    0x08007214   0x080071fc   0x00000008   Data   RO         3455    .ARM.exidx          cpprt_w.l(arm_exceptions_callterm.o)
    0x0800721c   0x080071fc   0x00000018   Data   RO         3465    .ARM.exidx          cpprt_w.l(arm_exceptions_throw.o)
    0x08007234   0x080071fc   0x00000008   Data   RO         3689    .ARM.exidx          cpprt_w.l(arm_exceptions_rethrow.o)
    0x0800723c   0x080071fc   0x00000008   Data   RO         3695    .ARM.exidx          cpprt_w.l(arm_exceptions_begincatch.o)
    0x08007244   0x080071fc   0x00000008   Data   RO         3698    .ARM.exidx          cpprt_w.l(arm_exceptions_bad_typeid.o)
    0x0800724c   0x080071fc   0x00000008   Data   RO         3701    .ARM.exidx          cpprt_w.l(arm_exceptions_unexpected.o)
    0x08007254   0x080071fc   0x00000008   Data   RO         3704    .ARM.exidx          cpprt_w.l(arm_exceptions_foreign.o)
    0x0800725c   0x080071fc   0x00000008   Data   RO         3784    .ARM.exidx          c_w.l(bsearch.o)
    0x08007264   0x080071fc   0x00000008   Data   RO         3859    .ARM.exidx          cpprt_w.l(unwind_delete.o)
    0x0800726c   0x080071fc   0x00000008   Data   RO         2962    .ARM.exidx          stm32f4xx_hal.o
    0x08007274   0x080071fc   0x00000008   Data   RO         2324    .ARM.exidx          stm32f4xx_hal_gpio.o
    0x0800727c   0x080071fc   0x00000008   Data   RO         1516    .ARM.exidx          stm32f4xx_hal_i2c.o
    0x08007284   0x080071fc   0x00000008   Data   RO         1473    .ARM.exidx          stm32f4xx_hal_i2c.o
    0x0800728c   0x080071fc   0x00000008   Data   RO         1455    .ARM.exidx          stm32f4xx_hal_i2c.o
    0x08007294   0x080071fc   0x00000008   Data   RO         1492    .ARM.exidx          stm32f4xx_hal_i2c.o
    0x0800729c   0x080071fc   0x00000008   Data   RO         1505    .ARM.exidx          stm32f4xx_hal_i2c.o
    0x080072a4   0x080071fc   0x00000008   Data   RO         1507    .ARM.exidx          stm32f4xx_hal_i2c.o
    0x080072ac   0x080071fc   0x00000008   Data   RO         1466    .ARM.exidx          stm32f4xx_hal_i2c.o
    0x080072b4   0x080071fc   0x00000008   Data   RO         1481    .ARM.exidx          stm32f4xx_hal_i2c.o
    0x080072bc   0x080071fc   0x00000008   Data   RO         1496    .ARM.exidx          stm32f4xx_hal_i2c.o
    0x080072c4   0x080071fc   0x00000008   Data   RO         1494    .ARM.exidx          stm32f4xx_hal_i2c.o
    0x080072cc   0x080071fc   0x00000008   Data   RO         1463    .ARM.exidx          stm32f4xx_hal_i2c.o
    0x080072d4   0x080071fc   0x00000008   Data   RO         1480    .ARM.exidx          stm32f4xx_hal_i2c.o
    0x080072dc   0x080071fc   0x00000008   Data   RO         1476    .ARM.exidx          stm32f4xx_hal_i2c.o
    0x080072e4   0x080071fc   0x00000008   Data   RO         1487    .ARM.exidx          stm32f4xx_hal_i2c.o
    0x080072ec   0x080071fc   0x00000008   Data   RO          887    .ARM.exidx          stm32f4xx_hal_msp.o
    0x080072f4   0x080071fc   0x00000008   Data   RO         1477    .ARM.exidx          stm32f4xx_hal_i2c.o
    0x080072fc   0x080071fc   0x00000008   Data   RO         1468    .ARM.exidx          stm32f4xx_hal_i2c.o
    0x08007304   0x080071fc   0x00000008   Data   RO         1483    .ARM.exidx          stm32f4xx_hal_i2c.o
    0x0800730c   0x080071fc   0x00000008   Data   RO         1502    .ARM.exidx          stm32f4xx_hal_i2c.o
    0x08007314   0x080071fc   0x00000008   Data   RO         1467    .ARM.exidx          stm32f4xx_hal_i2c.o
    0x0800731c   0x080071fc   0x00000008   Data   RO         1482    .ARM.exidx          stm32f4xx_hal_i2c.o
    0x08007324   0x080071fc   0x00000008   Data   RO         2957    .ARM.exidx          stm32f4xx_hal.o
    0x0800732c   0x080071fc   0x00000008   Data   RO         2954    .ARM.exidx          stm32f4xx_hal.o
    0x08007334   0x080071fc   0x00000008   Data   RO         2953    .ARM.exidx          stm32f4xx_hal.o
    0x0800733c   0x080071fc   0x00000008   Data   RO          886    .ARM.exidx          stm32f4xx_hal_msp.o
    0x08007344   0x080071fc   0x00000008   Data   RO         1922    .ARM.exidx          stm32f4xx_hal_rcc.o
    0x0800734c   0x080071fc   0x00000008   Data   RO         1927    .ARM.exidx          stm32f4xx_hal_rcc.o
    0x08007354   0x080071fc   0x00000008   Data   RO         1920    .ARM.exidx          stm32f4xx_hal_rcc.o
    0x0800735c   0x080071fc   0x00000008   Data   RO         2792    .ARM.exidx          stm32f4xx_hal_cortex.o
    0x08007364   0x080071fc   0x00000008   Data   RO         2960    .ARM.exidx          stm32f4xx_hal.o
    0x0800736c   0x080071fc   0x00000008   Data   RO          752    .ARM.exidx          stm32f4xx_it.o
    0x08007374   0x080071fc   0x00000008   Data   RO          565    .ARM.exidx          main.o
    0x0800737c   0x080071fc   0x00000008   Data   RO         3797    .ARM.exidx          cpprt_w.l(newhandler.o)
    0x08007384   0x080071fc   0x00000008   Data   RO         1231    .ARM.exidx          snake_game.o
    0x0800738c   0x080071fc   0x00000008   Data   RO         1232    .ARM.exidx          snake_game.o
    0x08007394   0x080071fc   0x00000008   Data   RO         1243    .ARM.exidx          snake_game.o
    0x0800739c   0x080071fc   0x00000008   Data   RO         1233    .ARM.exidx          snake_game.o
    0x080073a4   0x080071fc   0x00000008   Data   RO         1234    .ARM.exidx          snake_game.o
    0x080073ac   0x080071fc   0x00000008   Data   RO         1235    .ARM.exidx          snake_game.o
    0x080073b4   0x080071fc   0x00000008   Data   RO           48    .ARM.exidx          adafruit_gfx.o
    0x080073bc   0x080071fc   0x00000008   Data   RO           46    .ARM.exidx          adafruit_gfx.o
    0x080073c4   0x080071fc   0x00000008   Data   RO           50    .ARM.exidx          adafruit_gfx.o
    0x080073cc   0x080071fc   0x00000008   Data   RO           64    .ARM.exidx          adafruit_gfx.o
    0x080073d4   0x080071fc   0x00000008   Data   RO          993    .ARM.exidx          double_screen.o
    0x080073dc   0x080071fc   0x00000008   Data   RO         1001    .ARM.exidx          double_screen.o
    0x080073e4   0x080071fc   0x00000008   Data   RO          991    .ARM.exidx          double_screen.o
    0x080073ec   0x080071fc   0x00000008   Data   RO         1000    .ARM.exidx          double_screen.o
    0x080073f4   0x080071fc   0x00000008   Data   RO          972    .ARM.exidx          double_screen.o
    0x080073fc   0x080071fc   0x00000008   Data   RO         1010    .ARM.exidx          double_screen.o
    0x08007404   0x080071fc   0x00000008   Data   RO          990    .ARM.exidx          double_screen.o
    0x0800740c   0x080071fc   0x00000008   Data   RO          970    .ARM.exidx          double_screen.o
    0x08007414   0x080071fc   0x00000008   Data   RO          364    .ARM.exidx          adafruit_ssd1306.o
    0x0800741c   0x080071fc   0x00000008   Data   RO          377    .ARM.exidx          adafruit_ssd1306.o
    0x08007424   0x080071fc   0x00000008   Data   RO          362    .ARM.exidx          adafruit_ssd1306.o
    0x0800742c   0x080071fc   0x00000008   Data   RO          370    .ARM.exidx          adafruit_ssd1306.o
    0x08007434   0x080071fc   0x00000008   Data   RO          365    .ARM.exidx          adafruit_ssd1306.o
    0x0800743c   0x080071fc   0x00000008   Data   RO          368    .ARM.exidx          adafruit_ssd1306.o
    0x08007444   0x080071fc   0x00000008   Data   RO          375    .ARM.exidx          adafruit_ssd1306.o
    0x0800744c   0x080071fc   0x00000008   Data   RO          361    .ARM.exidx          adafruit_ssd1306.o
    0x08007454   0x080071fc   0x00000008   Data   RO         3611    .ARM.exidx          cpprt_w.l(rtti.o)
    0x0800745c   0x080071fc   0x00000008   Data   RO         3612    .ARM.exidx          cpprt_w.l(rtti.o)
    0x08007464   0x080071fc   0x00000008   Data   RO         3607    .ARM.exidx          cpprt_w.l(rtti.o)
    0x0800746c   0x080071fc   0x00000008   Data   RO         3610    .ARM.exidx          cpprt_w.l(rtti.o)
    0x08007474   0x080071fc   0x00000008   Data   RO         3614    .ARM.exidx          cpprt_w.l(rtti.o)
    0x0800747c   0x080071fc   0x00000008   Data   RO         3608    .ARM.exidx          cpprt_w.l(rtti.o)
    0x08007484   0x080071fc   0x00000008   Data   RO          569    .ARM.exidx          main.o
    0x0800748c   0x080071fc   0x00000008   Data   RO         2459    .ARM.exidx          stm32f4xx_hal_dma.o
    0x08007494   0x080071fc   0x00000008   Data   RO         1506    .ARM.exidx          stm32f4xx_hal_i2c.o
    0x0800749c   0x080071fc   0x00000008   Data   RO         1499    .ARM.exidx          stm32f4xx_hal_i2c.o
    0x080074a4   0x080071fc   0x00000008   Data   RO         1474    .ARM.exidx          stm32f4xx_hal_i2c.o
    0x080074ac   0x080071fc   0x00000008   Data   RO         1525    .ARM.exidx          stm32f4xx_hal_i2c.o
    0x080074b4   0x080071fc   0x00000008   Data   RO         1524    .ARM.exidx          stm32f4xx_hal_i2c.o
    0x080074bc   0x080071fc   0x00000008   Data   RO         1479    .ARM.exidx          stm32f4xx_hal_i2c.o
    0x080074c4   0x080071fc   0x00000008   Data   RO         1514    .ARM.exidx          stm32f4xx_hal_i2c.o
    0x080074cc   0x080071fc   0x00000008   Data   RO         1508    .ARM.exidx          stm32f4xx_hal_i2c.o
    0x080074d4   0x080071fc   0x00000008   Data   RO         1510    .ARM.exidx          stm32f4xx_hal_i2c.o
    0x080074dc   0x080071fc   0x00000008   Data   RO         1465    .ARM.exidx          stm32f4xx_hal_i2c.o
    0x080074e4   0x080071fc   0x00000008   Data   RO         1521    .ARM.exidx          stm32f4xx_hal_i2c.o
    0x080074ec   0x080071fc   0x00000008   Data   RO         1520    .ARM.exidx          stm32f4xx_hal_i2c.o
    0x080074f4   0x080071fc   0x00000008   Data   RO         1522    .ARM.exidx          stm32f4xx_hal_i2c.o
    0x080074fc   0x080071fc   0x00000008   Data   RO         1484    .ARM.exidx          stm32f4xx_hal_i2c.o
    0x08007504   0x080071fc   0x00000008   Data   RO         1458    .ARM.exidx          stm32f4xx_hal_i2c.o
    0x0800750c   0x080071fc   0x00000008   Data   RO         1462    .ARM.exidx          stm32f4xx_hal_i2c.o
    0x08007514   0x080071fc   0x00000008   Data   RO         1459    .ARM.exidx          stm32f4xx_hal_i2c.o
    0x0800751c   0x080071fc   0x00000008   Data   RO         1464    .ARM.exidx          stm32f4xx_hal_i2c.o
    0x08007524   0x080071fc   0x00000008   Data   RO         1461    .ARM.exidx          stm32f4xx_hal_i2c.o
    0x0800752c   0x080071fc   0x00000008   Data   RO         2805    .ARM.exidx          stm32f4xx_hal_cortex.o
    0x08007534   0x080071fc   0x00000008   Data   RO         3324    .ARM.exidx          cpprt_w.l(array_new.o)
    0x0800753c   0x080071fc   0x00000008   Data   RO         3596    .ARM.exidx          cpprt_w.l(new.o)
    0x08007544   0x080071fc   0x00000008   Data   RO         3801    .ARM.exidx          cpprt_w.l(array_new_general.o)
    0x0800754c   0x080071fc   0x00000008   Data   RO         3802    .ARM.exidx          cpprt_w.l(array_new_general.o)
    0x08007554   0x080071fc   0x00000008   Data   RO         3474    .ARM.exidx          cpprt_w.l(arm_exceptions_throw.o)
    0x0800755c   0x080071fc   0x00000008   Data   RO         3913    .ARM.exidx          cpprt_w.l(ARM_vec_cleanup.o)
    0x08007564   0x080071fc   0x00000008   Data   RO         3914    .ARM.exidx          cpprt_w.l(ARM_vec_cleanup.o)
    0x0800756c   0x080071fc   0x00000008   Data   RO         3919    .ARM.exidx          cpprt_w.l(ARM_vec_cleanup_rethrow.o)
    0x08007574   0x080071fc   0x00000008   Data   RO         3920    .ARM.exidx          cpprt_w.l(ARM_vec_cleanup_rethrow.o)
    0x0800757c   0x080071fc   0x00000008   Data   RO         3441    .ARM.exidx          cpprt_w.l(aeabi_vec_delete.o)
    0x08007584   0x080071fc   0x00000008   Data   RO         3442    .ARM.exidx          cpprt_w.l(aeabi_vec_delete.o)
    0x0800758c   0x080071fc   0x00000008   Data   RO         3854    .ARM.exidx          cpprt_w.l(aeabi_vec_dtor.o)
    0x08007594   0x080071fc   0x00000008   Data   RO         3855    .ARM.exidx          cpprt_w.l(aeabi_vec_dtor.o)
    0x0800759c   0x080071fc   0x00000008   Data   RO         3437    .ARM.exidx          cpprt_w.l(aeabi_vec_new_cookie.o)
    0x080075a4   0x080071fc   0x00000008   Data   RO         3328    .ARM.exidx          cpprt_w.l(pure_virt.o)
    0x080075ac   0x080071fc   0x00000008   Data   RO         3654    .ARM.exidx          cpprt_w.l(cxa_vec_new.o)
    0x080075b4   0x080071fc   0x00000008   Data   RO         3609    .ARM.exidx          cpprt_w.l(rtti.o)
    0x080075bc   0x080071fc   0x00000008   Data   RO         3613    .ARM.exidx          cpprt_w.l(rtti.o)
    0x080075c4   0x080071fc   0x00000008   Data   RO         1014    .ARM.exidx          double_screen.o
    0x080075cc   0x080071fc   0x00000008   Data   RO          568    .ARM.exidx          main.o
    0x080075d4   0x080071fc   0x00000008   Data   RO          566    .ARM.exidx          main.o
    0x080075dc   0x080071fc   0x00000008   Data   RO          567    .ARM.exidx          main.o
    0x080075e4   0x080071fc   0x00000008   Data   RO         1333    .ARM.exidx          snake_game.o
    0x080075ec   0x080071fc   0x00000008   Data   RO         1309    .ARM.exidx          snake_game.o
    0x080075f4   0x080071fc   0x00000008   Data   RO          617    .ARM.exidx          main.o
    0x080075fc   0x080071fc   0x00000008   Data   RO         1339    .ARM.exidx          snake_game.o
    0x08007604   0x080071fc   0x00000008   Data   RO         1315    .ARM.exidx          snake_game.o
    0x0800760c   0x080071fc   0x00000008   Data   RO         1327    .ARM.exidx          snake_game.o
    0x08007614   0x080071fc   0x00000008   Data   RO         1303    .ARM.exidx          snake_game.o


    Execution Region RW_IRAM1 (Exec base: 0x20000000, Load base: 0x0800761c, Size: 0x00000e10, Max: 0x00020000, ABSOLUTE, COMPRESSED[0x00000104])

    Exec Addr    Load Addr    Size         Type   Attr      Idx    E Section Name        Object

    0x20000000   COMPRESSED   0x00000283   Data   RW          380    .data               adafruit_ssd1306.o
    0x20000283   COMPRESSED   0x00000001   PAD
    0x20000284   COMPRESSED   0x0000000c   Data   RW         2979    .data               stm32f4xx_hal.o
    0x20000290   COMPRESSED   0x00000004   Data   RW         3273    .data               system_stm32f4xx.o
    0x20000294   COMPRESSED   0x00000008   Data   RW          470    .data__ZZN16Adafruit_SSD130621drawFastVLineInternalEssstE7premask  adafruit_ssd1306.o
    0x2000029c   COMPRESSED   0x00000008   Data   RW          471    .data__ZZN16Adafruit_SSD130621drawFastVLineInternalEssstE8postmask  adafruit_ssd1306.o
    0x200002a4        -       0x000000c2   Zero   RW          571    .bss                main.o
    0x20000366   COMPRESSED   0x00000002   PAD
    0x20000368        -       0x00000448   Zero   RW         1015    .bss                double_screen.o
    0x200007b0        -       0x00000060   Zero   RW         3868    .bss                c_w.l(libspace.o)
    0x20000810        -       0x00000200   Zero   RW            2    HEAP                startup_stm32f407xx.o
    0x20000a10        -       0x00000400   Zero   RW            1    STACK               startup_stm32f407xx.o


==============================================================================

Image component sizes


      Code (inc. data)   RO Data    RW Data    ZI Data      Debug   Object Name

       348          4         84          0          0     663604   adafruit_gfx.o
      2060         46       1624        659          0      20404   adafruit_ssd1306.o
       484        116         76          0       1096       7161   double_screen.o
       456         50         84          0        194      12085   main.o
       776         20        151          0          0      14780   snake_game.o
        64         26        392          0       1536        864   startup_stm32f407xx.o
       240         46         40         12          0      11491   stm32f4xx_hal.o
       174         14         16          0          0      33370   stm32f4xx_hal_cortex.o
       266          0          8          0          0       5168   stm32f4xx_hal_dma.o
       464         46          8          0          0       3129   stm32f4xx_hal_gpio.o
     11212        284        312          0          0      56717   stm32f4xx_hal_i2c.o
       220         24         16          0          0       1744   stm32f4xx_hal_msp.o
      1304         66         24          0          0       4757   stm32f4xx_hal_rcc.o
        20          0          8          0          0     652278   stm32f4xx_it.o
       148         22         24          4          0       1971   system_stm32f4xx.o

    ----------------------------------------------------------------------
     18268        764       2899        676       2828    1489523   Object Totals
         0          0         32          0          0          0   (incl. Generated)
        32          0          0          1          2          0   (incl. Padding)

    ----------------------------------------------------------------------

      Code (inc. data)   RO Data    RW Data    ZI Data      Debug   Library Member Name

        90          0          0          0          0          0   __dczerorl2.o
         8          0          0          0          0         68   __main.o
         0          0          0          0          0          0   __rtentry.o
        12          0          0          0          0          0   __rtentry2.o
         6          0          8          0          0          0   __rtentry4.o
        52          8          0          0          0          0   __scatter.o
        28          0          0          0          0          0   __scatter_zi.o
        22          0          0          0          0         80   abort.o
        80          0          8          0          0         88   bsearch.o
        48         34          0          0          0         76   defsig_abrt_inner.o
        14          0          0          0          0         80   defsig_abrt_outer.o
        10          0          0          0          0         68   defsig_exit.o
        50          0          0          0          0         88   defsig_general.o
        48         34          0          0          0         76   defsig_pvfn_inner.o
        14          0          0          0          0         80   defsig_pvfn_outer.o
        80         58          0          0          0         76   defsig_rtmem_inner.o
        14          0          0          0          0         80   defsig_rtmem_outer.o
        18          0          0          0          0         80   exit.o
        94          0          0          0          0         80   h1_alloc.o
        52          0          0          0          0         68   h1_extend.o
        78          0          0          0          0         80   h1_free.o
        14          0          0          0          0         84   h1_init.o
         6          0          0          0          0        152   heapauxi.o
         4          0          0          0          0        136   hguard.o
         0          0          0          0          0          0   indicate_semi.o
        36         10          0          0          0         80   init_aeabi.o
       138          0          0          0          0        168   init_alloc.o
         2          0          0          0          0          0   libinit.o
        18          0          0          0          0          0   libinit2.o
         2          0          0          0          0          0   libshutdown.o
         2          0          0          0          0          0   libshutdown2.o
         8          4          0          0         96         68   libspace.o
       238          0          0          0          0        100   lludivv7m.o
         0          0          0          0          0          0   maybetermalloc1.o
         8          4          0          0          0         68   rt_eh_globals_addr_intlibspace.o
         8          4          0          0          0         68   rt_heap_descriptor_intlibspace.o
        78          0          0          0          0         80   rt_memclr_w.o
       100          0          0          0          0         80   rt_memcpy_w.o
         8          4          0          0          0         68   rt_new_handler_addr_intlibspace.o
         2          0          0          0          0          0   rtexit.o
        10          0          0          0          0          0   rtexit2.o
        12          4          0          0          0         68   sys_exit.o
        74          0          0          0          0         80   sys_stackheap_outer.o
        14          0          0          0          0         76   sys_wrch.o
         2          0          0          0          0         68   use_no_semi.o
        52          0         52          0          0         84   ARM_vec_cleanup.o
        52          0         44          0          0         84   ARM_vec_cleanup_rethrow.o
        42          0         44          0          0         84   aeabi_vec_delete.o
        66          0         44          0          0         92   aeabi_vec_dtor.o
        16          0          0          0          0         68   aeabi_vec_dtor_cookie.o
        20          0          8          0          0         80   aeabi_vec_new_cookie.o
        96         14          0          0          0         80   arm_exceptions_alloc.o
        48         10          8          0          0         80   arm_exceptions_bad_typeid.o
        72          0          8          0          0         80   arm_exceptions_begincatch.o
        56          0          8          0          0        108   arm_exceptions_callterm.o
       220          8         64          0          0         92   arm_exceptions_callunex.o
       156          0          0          0          0        176   arm_exceptions_cleanup.o
        74          0          0          0          0         92   arm_exceptions_endcatch.o
        66          0          8          0          0         80   arm_exceptions_foreign.o
        34          0          0          0          0         84   arm_exceptions_free.o
        80         12          0          0          0        104   arm_exceptions_globs.o
        60          0          0          0          0        108   arm_exceptions_mem.o
        82          0          8          0          0         80   arm_exceptions_rethrow.o
        44          6         12          0          0         92   arm_exceptions_support.o
        26          0          0          0          0         76   arm_exceptions_terminate.o
       440         20         70          0          0        240   arm_exceptions_throw.o
        30          0          8          0          0         92   arm_exceptions_unexpected.o
         8          0          0          0          0         76   array_del.o
         8          0         28          0          0         76   array_new.o
       158          0         64          0          0         96   array_new_general.o
        16          4          0          0          0         76   bad_alloc_cctor.o
        16          4          0          0          0         76   bad_alloc_ctor.o
        22          0         45          0          0        156   bad_alloc_dtor.o
        16          4          0          0          0         76   bad_exception_cctor.o
        16          4          0          0          0         76   bad_exception_ctor.o
        22          0         50          0          0        156   bad_exception_dtor.o
        54          8         47          0          0        308   bad_typeid.o
        24          6          8          0          0         84   cxa_vec_new.o
         8          0          0          0          0         76   delete.o
        12          6          0          0          0         68   exception_cctor.o
        12          6          0          0          0         68   exception_ctor.o
         0          0         41          0          0          0   exception_dtor.o
         0          0        339          0          0          0   lib_rtti_impl.o
        40          6         28          0          0         76   new.o
        48         10          8          0          0         80   newhandler.o
         6          0          8          0          0         68   pure_virt.o
      1238         42         64          0          0        704   rtti.o
         0          0         21          0          0          0   type_info_dtor.o
        32          0          0          0          0         80   type_info_eq.o
        32          0          0          0          0         80   type_info_ne.o
         4          0          0          0          0         68   unwind_activity.o
        14          0          8          0          0         68   unwind_delete.o
         6          0          0          0          0         68   unwind_pr0.o
         6          0          0          0          0         68   unwind_pr1.o
      1528          6          0          0          0        116   unwind_prcommon.o
      1096         34          0          0          0        484   unwinder.o
        10          0          0          0          0        116   fpinit.o

    ----------------------------------------------------------------------
      7908        374       1161          0         96       8312   Library Totals
        22          0          0          0          0          0   (incl. Padding)

    ----------------------------------------------------------------------

      Code (inc. data)   RO Data    RW Data    ZI Data      Debug   Library Name

      1602        164         16          0         96       2612   c_w.l
      6274        210       1145          0          0       5584   cpprt_w.l
        10          0          0          0          0        116   fz_wm.l

    ----------------------------------------------------------------------
      7908        374       1161          0         96       8312   Library Totals

    ----------------------------------------------------------------------

==============================================================================


      Code (inc. data)   RO Data    RW Data    ZI Data      Debug   

     26176       1138       4060        676       2924    1478503   Grand Totals
     26176       1138       4060        260       2924    1478503   ELF Image Totals (compressed)
     26176       1138       4060        260          0          0   ROM Totals

==============================================================================

    Total RO  Size (Code + RO Data)                30236 (  29.53kB)
    Total RW  Size (RW Data + ZI Data)              3600 (   3.52kB)
    Total ROM Size (Code + RO Data + RW Data)      30496 (  29.78kB)

==============================================================================

