Component: ARM Compiler 5.06 update 6 (build 750) Tool: armlink [4d35ed]

==============================================================================

Section Cross References

    startup_stm32f407xx.o(RESET) refers to startup_stm32f407xx.o(STACK) for __initial_sp
    startup_stm32f407xx.o(RESET) refers to startup_stm32f407xx.o(.text) for Reset_Handler
    startup_stm32f407xx.o(RESET) refers to stm32f4xx_it.o(i.NMI_Handler) for NMI_Handler
    startup_stm32f407xx.o(RESET) refers to stm32f4xx_it.o(i.HardFault_Handler) for HardFault_Handler
    startup_stm32f407xx.o(RESET) refers to stm32f4xx_it.o(i.MemManage_Handler) for MemManage_Handler
    startup_stm32f407xx.o(RESET) refers to stm32f4xx_it.o(i.BusFault_Handler) for BusFault_Handler
    startup_stm32f407xx.o(RESET) refers to stm32f4xx_it.o(i.UsageFault_Handler) for UsageFault_Handler
    startup_stm32f407xx.o(RESET) refers to stm32f4xx_it.o(i.SVC_Handler) for SVC_Handler
    startup_stm32f407xx.o(RESET) refers to stm32f4xx_it.o(i.DebugMon_Handler) for DebugMon_Handler
    startup_stm32f407xx.o(RESET) refers to stm32f4xx_it.o(i.PendSV_Handler) for PendSV_Handler
    startup_stm32f407xx.o(RESET) refers to stm32f4xx_it.o(i.SysTick_Handler) for SysTick_Handler
    startup_stm32f407xx.o(.text) refers to system_stm32f4xx.o(i.SystemInit) for SystemInit
    startup_stm32f407xx.o(.text) refers to entry.o(.ARM.Collect$$$$00000000) for __main
    adafruit_gfx.o(i._ZN12Adafruit_GFX10fillCircleEssst) refers to adafruit_gfx.o(i._ZN12Adafruit_GFX16fillCircleHelperEssshst) for Adafruit_GFX::fillCircleHelper(short, short, short, unsigned char, short, unsigned short)
    adafruit_gfx.o(i._ZN12Adafruit_GFX13drawRoundRectEssssst) refers to adafruit_gfx.o(i._ZN12Adafruit_GFX16drawCircleHelperEsssht) for Adafruit_GFX::drawCircleHelper(short, short, short, unsigned char, unsigned short)
    adafruit_gfx.o(i._ZN12Adafruit_GFX13fillRoundRectEssssst) refers to adafruit_gfx.o(i._ZN12Adafruit_GFX16fillCircleHelperEssshst) for Adafruit_GFX::fillCircleHelper(short, short, short, unsigned char, short, unsigned short)
    adafruit_gfx.o(i._ZN12Adafruit_GFX5writeEh) refers to adafruit_gfx.o(i._ZN12Adafruit_GFX8drawCharEsshtth) for Adafruit_GFX::drawChar(short, short, unsigned char, unsigned short, unsigned short, unsigned char)
    adafruit_gfx.o(i._ZN12Adafruit_GFX8drawCharEsshtth) refers to adafruit_gfx.o(.constdata) for .constdata
    adafruit_gfx.o(i._ZN12Adafruit_GFXC2Ess) refers to adafruit_gfx.o(.constdata__ZTV12Adafruit_GFX) for vtable for Adafruit_GFX
    adafruit_gfx.o(.ARM.exidx) refers to adafruit_gfx.o(i._ZN12Adafruit_GFXC2Ess) for i._ZN12Adafruit_GFXC2Ess
    adafruit_gfx.o(.ARM.exidx) refers to adafruit_gfx.o(i._ZN12Adafruit_GFX8drawLineEsssst) for i._ZN12Adafruit_GFX8drawLineEsssst
    adafruit_gfx.o(.ARM.exidx) refers to adafruit_gfx.o(i._ZN12Adafruit_GFX13drawFastVLineEssst) for i._ZN12Adafruit_GFX13drawFastVLineEssst
    adafruit_gfx.o(.ARM.exidx) refers to adafruit_gfx.o(i._ZN12Adafruit_GFX13drawFastHLineEssst) for i._ZN12Adafruit_GFX13drawFastHLineEssst
    adafruit_gfx.o(.ARM.exidx) refers to adafruit_gfx.o(i._ZN12Adafruit_GFX8drawRectEsssst) for i._ZN12Adafruit_GFX8drawRectEsssst
    adafruit_gfx.o(.ARM.exidx) refers to adafruit_gfx.o(i._ZN12Adafruit_GFX8fillRectEsssst) for i._ZN12Adafruit_GFX8fillRectEsssst
    adafruit_gfx.o(.ARM.exidx) refers to adafruit_gfx.o(i._ZN12Adafruit_GFX10fillScreenEt) for i._ZN12Adafruit_GFX10fillScreenEt
    adafruit_gfx.o(.ARM.exidx) refers to adafruit_gfx.o(i._ZN12Adafruit_GFX10drawCircleEssst) for i._ZN12Adafruit_GFX10drawCircleEssst
    adafruit_gfx.o(.ARM.exidx) refers to adafruit_gfx.o(i._ZN12Adafruit_GFX16drawCircleHelperEsssht) for i._ZN12Adafruit_GFX16drawCircleHelperEsssht
    adafruit_gfx.o(.ARM.exidx) refers to adafruit_gfx.o(i._ZN12Adafruit_GFX16fillCircleHelperEssshst) for i._ZN12Adafruit_GFX16fillCircleHelperEssshst
    adafruit_gfx.o(.ARM.exidx) refers to adafruit_gfx.o(i._ZN12Adafruit_GFX10fillCircleEssst) for i._ZN12Adafruit_GFX10fillCircleEssst
    adafruit_gfx.o(.ARM.exidx) refers to adafruit_gfx.o(i._ZN12Adafruit_GFX12drawTriangleEsssssst) for i._ZN12Adafruit_GFX12drawTriangleEsssssst
    adafruit_gfx.o(.ARM.exidx) refers to adafruit_gfx.o(i._ZN12Adafruit_GFX12fillTriangleEsssssst) for i._ZN12Adafruit_GFX12fillTriangleEsssssst
    adafruit_gfx.o(.ARM.exidx) refers to adafruit_gfx.o(i._ZN12Adafruit_GFX13drawRoundRectEssssst) for i._ZN12Adafruit_GFX13drawRoundRectEssssst
    adafruit_gfx.o(.ARM.exidx) refers to adafruit_gfx.o(i._ZN12Adafruit_GFX13fillRoundRectEssssst) for i._ZN12Adafruit_GFX13fillRoundRectEssssst
    adafruit_gfx.o(.ARM.exidx) refers to adafruit_gfx.o(i._ZN12Adafruit_GFX10drawBitmapEssPKhsst) for i._ZN12Adafruit_GFX10drawBitmapEssPKhsst
    adafruit_gfx.o(.ARM.exidx) refers to adafruit_gfx.o(i._ZN12Adafruit_GFX10drawBitmapEssPKhsstt) for i._ZN12Adafruit_GFX10drawBitmapEssPKhsstt
[...]
    lib_rtti_impl.o(.constdata__ZTIN10__cxxabiv119__pointer_type_infoE) refers to lib_rtti_impl.o(.constdata__ZTIN10__cxxabiv117__pbase_type_infoE) for typeinfo for __cxxabiv1::__pbase_type_info
    lib_rtti_impl.o(.constdata__ZTIN10__cxxabiv129__pointer_to_member_type_infoE) refers to lib_rtti_impl.o(.constdata__ZTVN10__cxxabiv120__si_class_type_infoE) for vtable for __cxxabiv1::__si_class_type_info
    lib_rtti_impl.o(.constdata__ZTIN10__cxxabiv129__pointer_to_member_type_infoE) refers to lib_rtti_impl.o(.constdata__ZTSN10__cxxabiv129__pointer_to_member_type_infoE) for typeinfo name for __cxxabiv1::__pointer_to_member_type_info
    lib_rtti_impl.o(.constdata__ZTIN10__cxxabiv129__pointer_to_member_type_infoE) refers to lib_rtti_impl.o(.constdata__ZTIN10__cxxabiv117__pbase_type_infoE) for typeinfo for __cxxabiv1::__pbase_type_info
    lib_rtti_impl.o(i.__ARM_common_noexcept_landing) refers to arm_exceptions_callterm.o(.text) for __cxa_call_terminate
    lib_rtti_impl.o(.ARM.exidx) refers to lib_rtti_impl.o(i.__ARM_common_noexcept_landing) for i.__ARM_common_noexcept_landing
    type_info_dtor.o(.constdata__ZTVSt9type_info) refers to type_info_dtor.o(.constdata__ZTISt9type_info) for typeinfo for std::type_info
    type_info_dtor.o(.constdata__ZTVSt9type_info) refers to type_info_dtor.o(i._ZNSt9type_infoD1Ev) for std::type_info::~type_info()
    type_info_dtor.o(.constdata__ZTVSt9type_info) refers to type_info_dtor.o(i._ZNSt9type_infoD0Ev) for std::type_info::~type_info__deallocating()
    type_info_dtor.o(.constdata__ZTISt9type_info) refers to lib_rtti_impl.o(.constdata__ZTVN10__cxxabiv117__class_type_infoE) for vtable for __cxxabiv1::__class_type_info
    type_info_dtor.o(.constdata__ZTISt9type_info) refers to type_info_dtor.o(.constdata__ZTSSt9type_info) for typeinfo name for std::type_info


==============================================================================

Removing Unused input sections from the image.

    Removing startup_stm32f407xx.o(HEAP), (512 bytes).
    Removing adafruit_gfx.o(.rev16_text), (4 bytes).
    Removing adafruit_gfx.o(.revsh_text), (4 bytes).
    Removing adafruit_gfx.o(.rrx_text), (6 bytes).
    Removing adafruit_gfx.o(i._ZN12Adafruit_GFX10drawBitmapEssPKhsstt), (114 bytes).
    Removing adafruit_gfx.o(i._ZN12Adafruit_GFX10fillScreenEt), (26 bytes).
    Removing adafruit_gfx.o(i._ZN12Adafruit_GFX11drawXBitmapEssPKhsst), (110 bytes).
    Removing adafruit_gfx.o(i._ZN12Adafruit_GFX11setRotationEh), (38 bytes).
    Removing adafruit_gfx.o(i._ZN12Adafruit_GFX11setTextWrapEb), (4 bytes).
    Removing adafruit_gfx.o(i._ZN12Adafruit_GFX12setTextColorEtt), (6 bytes).
    Removing adafruit_gfx.o(i._ZN12Adafruit_GFX5writeEh), (102 bytes).
    Removing adafruit_gfx.o(i._ZN12Adafruit_GFX8drawCharEsshtth), (224 bytes).
    Removing adafruit_gfx.o(.ARM.exidx), (8 bytes).
    Removing adafruit_gfx.o(.ARM.exidx), (8 bytes).
    Removing adafruit_gfx.o(.ARM.exidx), (8 bytes).
    Removing adafruit_gfx.o(.ARM.exidx), (8 bytes).
    Removing adafruit_gfx.o(.ARM.exidx), (8 bytes).
    Removing adafruit_gfx.o(.ARM.exidx), (8 bytes).
    Removing adafruit_gfx.o(.ARM.exidx), (8 bytes).
    Removing adafruit_gfx.o(.ARM.exidx), (8 bytes).
    Removing adafruit_gfx.o(.ARM.exidx), (8 bytes).
    Removing adafruit_gfx.o(.ARM.exidx), (8 bytes).
    Removing adafruit_gfx.o(.ARM.exidx), (8 bytes).
    Removing adafruit_gfx.o(.ARM.exidx), (8 bytes).
    Removing adafruit_gfx.o(.ARM.exidx), (8 bytes).
    Removing adafruit_gfx.o(.ARM.exidx), (8 bytes).
    Removing adafruit_gfx.o(.ARM.exidx), (8 bytes).
    Removing adafruit_gfx.o(.ARM.exidx), (8 bytes).
    Removing adafruit_gfx.o(.ARM.exidx), (8 bytes).
    Removing adafruit_gfx.o(.ARM.exidx), (8 bytes).
    Removing adafruit_gfx.o(.ARM.exidx), (8 bytes).
    Removing adafruit_gfx.o(.ARM.exidx), (8 bytes).
    Removing adafruit_gfx.o(.ARM.exidx), (8 bytes).
    Removing adafruit_gfx.o(.ARM.exidx), (8 bytes).
    Removing adafruit_gfx.o(.ARM.exidx), (8 bytes).
    Removing adafruit_gfx.o(.ARM.exidx), (8 bytes).
    Removing adafruit_gfx.o(.ARM.exidx), (8 bytes).
    Removing adafruit_gfx.o(.ARM.exidx), (8 bytes).
    Removing adafruit_gfx.o(.ARM.exidx), (8 bytes).
    Removing adafruit_gfx.o(.ARM.exidx), (8 bytes).
    Removing adafruit_gfx.o(.ARM.exidx), (8 bytes).
    Removing adafruit_gfx.o(.constdata), (1275 bytes).
    Removing adafruit_ssd1306.o(.rev16_text), (4 bytes).
    Removing adafruit_ssd1306.o(.revsh_text), (4 bytes).
    Removing adafruit_ssd1306.o(.rrx_text), (6 bytes).
    Removing adafruit_ssd1306.o(i._ZN16Adafruit_SSD130610stopscrollEv), (6 bytes).
    Removing adafruit_ssd1306.o(i._ZN16Adafruit_SSD130615startscrollleftEhh), (74 bytes).
    Removing adafruit_ssd1306.o(i._ZN16Adafruit_SSD130616startscrollrightEhh), (74 bytes).
    Removing adafruit_ssd1306.o(i._ZN16Adafruit_SSD130619startscrolldiagleftEhh), (90 bytes).
    Removing adafruit_ssd1306.o(i._ZN16Adafruit_SSD130620startscrolldiagrightEhh), (90 bytes).
    Removing adafruit_ssd1306.o(i._ZN16Adafruit_SSD13063dimEb), (42 bytes).
    Removing adafruit_ssd1306.o(.ARM.exidx), (8 bytes).
    Removing adafruit_ssd1306.o(.ARM.exidx), (8 bytes).
    Removing adafruit_ssd1306.o(.ARM.exidx), (8 bytes).
    Removing adafruit_ssd1306.o(.ARM.exidx), (8 bytes).
    Removing adafruit_ssd1306.o(.ARM.exidx), (8 bytes).
    Removing adafruit_ssd1306.o(.ARM.exidx), (8 bytes).
    Removing adafruit_ssd1306.o(.ARM.exidx), (8 bytes).
    Removing adafruit_ssd1306.o(.ARM.exidx), (8 bytes).
    Removing adafruit_ssd1306.o(.ARM.exidx), (8 bytes).
    Removing adafruit_ssd1306.o(.ARM.exidx), (8 bytes).
    Removing adafruit_ssd1306.o(.ARM.exidx), (8 bytes).
    Removing adafruit_ssd1306.o(.ARM.exidx), (8 bytes).
    Removing adafruit_ssd1306.o(.ARM.exidx), (8 bytes).
    Removing adafruit_ssd1306.o(.ARM.exidx), (8 bytes).
    Removing adafruit_ssd1306.o(.ARM.exidx), (8 bytes).
    Removing adafruit_ssd1306.o(.ARM.exidx), (8 bytes).
    Removing adafruit_ssd1306.o(.ARM.exidx), (8 bytes).
    Removing adafruit_ssd1306.o(.ARM.exidx), (8 bytes).
    Removing main.o(.rev16_text), (4 bytes).
    Removing main.o(.revsh_text), (4 bytes).
    Removing main.o(.rrx_text), (6 bytes).
    Removing main.o(i.Error_Handler), (2 bytes).
    Removing main.o(i._Z14testdrawbitmapPKhhh), (204 bytes).
    Removing main.o(.ARM.exidx), (8 bytes).
    Removing main.o(.ARM.exidx), (8 bytes).
    Removing main.o(.ARM.exidx), (8 bytes).
    Removing main.o(.ARM.exidx), (8 bytes).
    Removing main.o(.ARM.exidx), (8 bytes).
    Removing main.o(.ARM.exidx), (8 bytes).
    Removing main.o(.ARM.exidx), (8 bytes).
    Removing main.o(.ARM.exidx), (8 bytes).
    Removing main.o(.ARM.exidx), (8 bytes).
    Removing main.o(.ARM.exidx), (8 bytes).
    Removing main.o(.ARM.exidx), (8 bytes).
    Removing main.o(.ARM.exidx), (8 bytes).
    Removing main.o(.ARM.exidx), (8 bytes).
    Removing stm32f4xx_it.o(.rev16_text), (4 bytes).
    Removing stm32f4xx_it.o(.revsh_text), (4 bytes).
    Removing stm32f4xx_it.o(.rrx_text), (6 bytes).
    Removing stm32f4xx_hal_msp.o(.rev16_text), (4 bytes).
    Removing stm32f4xx_hal_msp.o(.revsh_text), (4 bytes).
    Removing stm32f4xx_hal_msp.o(.rrx_text), (6 bytes).
    Removing stm32f4xx_hal_msp.o(i.HAL_I2C_MspDeInit), (64 bytes).
    Removing stm32f4xx_hal_i2c.o(.rev16_text), (4 bytes).
    Removing stm32f4xx_hal_i2c.o(.revsh_text), (4 bytes).
    Removing stm32f4xx_hal_i2c.o(.rrx_text), (6 bytes).
    Removing stm32f4xx_hal_i2c.o(i.HAL_I2C_AbortCpltCallback), (2 bytes).
    Removing stm32f4xx_hal_i2c.o(i.HAL_I2C_AddrCallback), (2 bytes).
    Removing stm32f4xx_hal_i2c.o(i.HAL_I2C_DeInit), (50 bytes).
    Removing stm32f4xx_hal_i2c.o(i.HAL_I2C_DisableListen_IT), (68 bytes).
    Removing stm32f4xx_hal_i2c.o(i.HAL_I2C_ER_IRQHandler), (186 bytes).
    Removing stm32f4xx_hal_i2c.o(i.HAL_I2C_EV_IRQHandler), (602 bytes).
    Removing stm32f4xx_hal_i2c.o(i.HAL_I2C_EnableListen_IT), (58 bytes).
    Removing stm32f4xx_hal_i2c.o(i.HAL_I2C_ErrorCallback), (2 bytes).
    Removing stm32f4xx_hal_i2c.o(i.HAL_I2C_GetError), (4 bytes).
    Removing stm32f4xx_hal_i2c.o(i.HAL_I2C_GetMode), (6 bytes).
    Removing stm32f4xx_hal_i2c.o(i.HAL_I2C_GetState), (6 bytes).
    Removing stm32f4xx_hal_i2c.o(i.HAL_I2C_IsDeviceReady), (364 bytes).
    Removing stm32f4xx_hal_i2c.o(i.HAL_I2C_ListenCpltCallback), (2 bytes).
    Removing stm32f4xx_hal_i2c.o(i.HAL_I2C_MasterRxCpltCallback), (2 bytes).
    Removing stm32f4xx_hal_i2c.o(i.HAL_I2C_MasterTxCpltCallback), (2 bytes).
    Removing stm32f4xx_hal_i2c.o(i.HAL_I2C_Master_Abort_IT), (86 bytes).
    Removing stm32f4xx_hal_i2c.o(i.HAL_I2C_Master_Receive), (480 bytes).
    Removing stm32f4xx_hal_i2c.o(i.HAL_I2C_Master_Receive_DMA), (332 bytes).
    Removing stm32f4xx_hal_i2c.o(i.HAL_I2C_Master_Receive_IT), (200 bytes).
    Removing stm32f4xx_hal_i2c.o(i.HAL_I2C_Master_Seq_Receive_DMA), (480 bytes).
    Removing stm32f4xx_hal_i2c.o(i.HAL_I2C_Master_Seq_Receive_IT), (300 bytes).
    Removing stm32f4xx_hal_i2c.o(i.HAL_I2C_Master_Seq_Transmit_DMA), (400 bytes).
    Removing stm32f4xx_hal_i2c.o(i.HAL_I2C_Master_Seq_Transmit_IT), (212 bytes).
    Removing stm32f4xx_hal_i2c.o(i.HAL_I2C_Master_Transmit_DMA), (332 bytes).
    Removing stm32f4xx_hal_i2c.o(i.HAL_I2C_Master_Transmit_IT), (188 bytes).
    Removing stm32f4xx_hal_i2c.o(i.HAL_I2C_MemRxCpltCallback), (2 bytes).
    Removing stm32f4xx_hal_i2c.o(i.HAL_I2C_MemTxCpltCallback), (2 bytes).
    Removing stm32f4xx_hal_i2c.o(i.HAL_I2C_Mem_Read), (504 bytes).
    Removing stm32f4xx_hal_i2c.o(i.HAL_I2C_Mem_Read_DMA), (400 bytes).
    Removing stm32f4xx_hal_i2c.o(i.HAL_I2C_Mem_Read_IT), (224 bytes).
    Removing stm32f4xx_hal_i2c.o(i.HAL_I2C_Mem_Write), (304 bytes).
    Removing stm32f4xx_hal_i2c.o(i.HAL_I2C_Mem_Write_DMA), (344 bytes).
    Removing stm32f4xx_hal_i2c.o(i.HAL_I2C_Mem_Write_IT), (212 bytes).
    Removing stm32f4xx_hal_i2c.o(i.HAL_I2C_MspDeInit), (2 bytes).
    Removing stm32f4xx_hal_i2c.o(i.HAL_I2C_MspInit), (2 bytes).
    Removing stm32f4xx_hal_i2c.o(i.HAL_I2C_SlaveRxCpltCallback), (2 bytes).
    Removing stm32f4xx_hal_i2c.o(i.HAL_I2C_SlaveTxCpltCallback), (2 bytes).
    Removing stm32f4xx_hal_i2c.o(i.HAL_I2C_Slave_Receive), (364 bytes).
    Removing stm32f4xx_hal_i2c.o(i.HAL_I2C_Slave_Receive_DMA), (212 bytes).
    Removing stm32f4xx_hal_i2c.o(i.HAL_I2C_Slave_Receive_IT), (124 bytes).
    Removing stm32f4xx_hal_i2c.o(i.HAL_I2C_Slave_Seq_Receive_DMA), (328 bytes).
    Removing stm32f4xx_hal_i2c.o(i.HAL_I2C_Slave_Seq_Receive_IT), (116 bytes).
    Removing stm32f4xx_hal_i2c.o(i.HAL_I2C_Slave_Seq_Transmit_DMA), (328 bytes).
    Removing stm32f4xx_hal_i2c.o(i.HAL_I2C_Slave_Seq_Transmit_IT), (116 bytes).
    Removing stm32f4xx_hal_i2c.o(i.HAL_I2C_Slave_Transmit), (348 bytes).
    Removing stm32f4xx_hal_i2c.o(i.HAL_I2C_Slave_Transmit_DMA), (212 bytes).
    Removing stm32f4xx_hal_i2c.o(i.HAL_I2C_Slave_Transmit_IT), (124 bytes).
    Removing stm32f4xx_hal_i2c.o(i.I2C_DMAAbort), (134 bytes).
    Removing stm32f4xx_hal_i2c.o(i.I2C_DMAError), (64 bytes).
    Removing stm32f4xx_hal_i2c.o(i.I2C_DMAXferCplt), (266 bytes).
    Removing stm32f4xx_hal_i2c.o(i.I2C_ITError), (340 bytes).
    Removing stm32f4xx_hal_i2c.o(i.I2C_MasterReceive_BTF), (210 bytes).
    Removing stm32f4xx_hal_i2c.o(i.I2C_MasterReceive_RXNE), (146 bytes).
    Removing stm32f4xx_hal_i2c.o(i.I2C_MasterRequestRead), (236 bytes).
    Removing stm32f4xx_hal_i2c.o(i.I2C_MasterTransmit_BTF), (146 bytes).
    Removing stm32f4xx_hal_i2c.o(i.I2C_MasterTransmit_TXE), (182 bytes).
    Removing stm32f4xx_hal_i2c.o(i.I2C_Master_ADDR), (280 bytes).
    Removing stm32f4xx_hal_i2c.o(i.I2C_Master_SB), (140 bytes).
    Removing stm32f4xx_hal_i2c.o(i.I2C_MemoryTransmit_TXE_BTF), (108 bytes).
    Removing stm32f4xx_hal_i2c.o(i.I2C_RequestMemoryRead), (252 bytes).
    Removing stm32f4xx_hal_i2c.o(i.I2C_RequestMemoryWrite), (168 bytes).
    Removing stm32f4xx_hal_i2c.o(i.I2C_Slave_AF), (132 bytes).
    Removing stm32f4xx_hal_i2c.o(i.I2C_Slave_STOPF), (348 bytes).
    Removing stm32f4xx_hal_i2c.o(i.I2C_WaitOnRXNEFlagUntilTimeout), (102 bytes).
    Removing stm32f4xx_hal_i2c_ex.o(.rev16_text), (4 bytes).
    Removing stm32f4xx_hal_i2c_ex.o(.revsh_text), (4 bytes).
    Removing stm32f4xx_hal_i2c_ex.o(.rrx_text), (6 bytes).
    Removing stm32f4xx_hal_rcc.o(.rev16_text), (4 bytes).
    Removing stm32f4xx_hal_rcc.o(.revsh_text), (4 bytes).
    Removing stm32f4xx_hal_rcc.o(.rrx_text), (6 bytes).
    Removing stm32f4xx_hal_rcc.o(i.HAL_RCC_CSSCallback), (2 bytes).
    Removing stm32f4xx_hal_rcc.o(i.HAL_RCC_DeInit), (4 bytes).
    Removing stm32f4xx_hal_rcc.o(i.HAL_RCC_DisableCSS), (12 bytes).
    Removing stm32f4xx_hal_rcc.o(i.HAL_RCC_EnableCSS), (12 bytes).
    Removing stm32f4xx_hal_rcc.o(i.HAL_RCC_GetClockConfig), (64 bytes).
    Removing stm32f4xx_hal_rcc.o(i.HAL_RCC_GetHCLKFreq), (12 bytes).
    Removing stm32f4xx_hal_rcc.o(i.HAL_RCC_GetOscConfig), (180 bytes).
    Removing stm32f4xx_hal_rcc.o(i.HAL_RCC_GetPCLK2Freq), (32 bytes).
    Removing stm32f4xx_hal_rcc.o(i.HAL_RCC_MCOConfig), (140 bytes).
    Removing stm32f4xx_hal_rcc.o(i.HAL_RCC_NMI_IRQHandler), (28 bytes).
    Removing stm32f4xx_hal_rcc_ex.o(.rev16_text), (4 bytes).
    Removing stm32f4xx_hal_rcc_ex.o(.revsh_text), (4 bytes).
    Removing stm32f4xx_hal_rcc_ex.o(.rrx_text), (6 bytes).
    Removing stm32f4xx_hal_rcc_ex.o(i.HAL_RCCEx_DisablePLLI2S), (52 bytes).
    Removing stm32f4xx_hal_rcc_ex.o(i.HAL_RCCEx_EnablePLLI2S), (104 bytes).
    Removing stm32f4xx_hal_rcc_ex.o(i.HAL_RCCEx_GetPeriphCLKConfig), (52 bytes).
    Removing stm32f4xx_hal_rcc_ex.o(i.HAL_RCCEx_GetPeriphCLKFreq), (92 bytes).
    Removing stm32f4xx_hal_rcc_ex.o(i.HAL_RCCEx_PeriphCLKConfig), (316 bytes).
    Removing stm32f4xx_hal_rcc_ex.o(i.HAL_RCC_DeInit), (308 bytes).
    Removing stm32f4xx_hal_flash.o(.rev16_text), (4 bytes).
    Removing stm32f4xx_hal_flash.o(.revsh_text), (4 bytes).
    Removing stm32f4xx_hal_flash.o(.rrx_text), (6 bytes).
    Removing stm32f4xx_hal_flash.o(i.FLASH_Program_Byte), (32 bytes).
    Removing stm32f4xx_hal_flash.o(i.FLASH_Program_DoubleWord), (44 bytes).
    Removing stm32f4xx_hal_flash.o(i.FLASH_Program_HalfWord), (36 bytes).
    Removing stm32f4xx_hal_flash.o(i.FLASH_Program_Word), (36 bytes).
    Removing stm32f4xx_hal_flash.o(i.FLASH_SetErrorCode), (104 bytes).
    Removing stm32f4xx_hal_flash.o(i.FLASH_WaitForLastOperation), (80 bytes).
    Removing stm32f4xx_hal_flash.o(i.HAL_FLASH_EndOfOperationCallback), (2 bytes).
    Removing stm32f4xx_hal_flash.o(i.HAL_FLASH_GetError), (12 bytes).
    Removing stm32f4xx_hal_flash.o(i.HAL_FLASH_IRQHandler), (204 bytes).
    Removing stm32f4xx_hal_flash.o(i.HAL_FLASH_Lock), (20 bytes).
    Removing stm32f4xx_hal_flash.o(i.HAL_FLASH_OB_Launch), (24 bytes).
    Removing stm32f4xx_hal_flash.o(i.HAL_FLASH_OB_Lock), (20 bytes).
    Removing stm32f4xx_hal_flash.o(i.HAL_FLASH_OB_Unlock), (40 bytes).
    Removing stm32f4xx_hal_flash.o(i.HAL_FLASH_OperationErrorCallback), (2 bytes).
    Removing stm32f4xx_hal_flash.o(i.HAL_FLASH_Program), (124 bytes).
    Removing stm32f4xx_hal_flash.o(i.HAL_FLASH_Program_IT), (108 bytes).
    Removing stm32f4xx_hal_flash.o(i.HAL_FLASH_Unlock), (44 bytes).
    Removing stm32f4xx_hal_flash.o(.bss), (32 bytes).
    Removing stm32f4xx_hal_flash_ex.o(.rev16_text), (4 bytes).
    Removing stm32f4xx_hal_flash_ex.o(.revsh_text), (4 bytes).
    Removing stm32f4xx_hal_flash_ex.o(.rrx_text), (6 bytes).
    Removing stm32f4xx_hal_flash_ex.o(i.FLASH_Erase_Sector), (80 bytes).
    Removing stm32f4xx_hal_flash_ex.o(i.FLASH_FlushCaches), (84 bytes).
    Removing stm32f4xx_hal_flash_ex.o(i.FLASH_MassErase), (40 bytes).
    Removing stm32f4xx_hal_flash_ex.o(i.HAL_FLASHEx_Erase), (152 bytes).
    Removing stm32f4xx_hal_flash_ex.o(i.HAL_FLASHEx_Erase_IT), (104 bytes).
    Removing stm32f4xx_hal_flash_ex.o(i.HAL_FLASHEx_OBGetConfig), (64 bytes).
    Removing stm32f4xx_hal_flash_ex.o(i.HAL_FLASHEx_OBProgram), (204 bytes).
    Removing stm32f4xx_hal_flash_ramfunc.o(.rev16_text), (4 bytes).
    Removing stm32f4xx_hal_flash_ramfunc.o(.revsh_text), (4 bytes).
    Removing stm32f4xx_hal_flash_ramfunc.o(.rrx_text), (6 bytes).
    Removing stm32f4xx_hal_gpio.o(.rev16_text), (4 bytes).
    Removing stm32f4xx_hal_gpio.o(.revsh_text), (4 bytes).
    Removing stm32f4xx_hal_gpio.o(.rrx_text), (6 bytes).
    Removing stm32f4xx_hal_gpio.o(i.HAL_GPIO_DeInit), (360 bytes).
    Removing stm32f4xx_hal_gpio.o(i.HAL_GPIO_EXTI_Callback), (2 bytes).
    Removing stm32f4xx_hal_gpio.o(i.HAL_GPIO_EXTI_IRQHandler), (24 bytes).
    Removing stm32f4xx_hal_gpio.o(i.HAL_GPIO_LockPin), (34 bytes).
    Removing stm32f4xx_hal_gpio.o(i.HAL_GPIO_ReadPin), (10 bytes).
    Removing stm32f4xx_hal_dma_ex.o(.rev16_text), (4 bytes).
    Removing stm32f4xx_hal_dma_ex.o(.revsh_text), (4 bytes).
    Removing stm32f4xx_hal_dma_ex.o(.rrx_text), (6 bytes).
    Removing stm32f4xx_hal_dma_ex.o(i.DMA_MultiBufferSetConfig), (30 bytes).
    Removing stm32f4xx_hal_dma_ex.o(i.HAL_DMAEx_ChangeMemory), (14 bytes).
    Removing stm32f4xx_hal_dma_ex.o(i.HAL_DMAEx_MultiBufferStart), (100 bytes).
    Removing stm32f4xx_hal_dma_ex.o(i.HAL_DMAEx_MultiBufferStart_IT), (2432 bytes).
    Removing stm32f4xx_hal_dma.o(.rev16_text), (4 bytes).
    Removing stm32f4xx_hal_dma.o(.revsh_text), (4 bytes).
    Removing stm32f4xx_hal_dma.o(.rrx_text), (6 bytes).
    Removing stm32f4xx_hal_dma.o(i.DMA_CalcBaseAndBitshift), (40 bytes).
    Removing stm32f4xx_hal_dma.o(i.DMA_CheckFifoParam), (84 bytes).
    Removing stm32f4xx_hal_dma.o(i.DMA_SetConfig), (40 bytes).
    Removing stm32f4xx_hal_dma.o(i.HAL_DMA_Abort), (142 bytes).
    Removing stm32f4xx_hal_dma.o(i.HAL_DMA_Abort_IT), (36 bytes).
    Removing stm32f4xx_hal_dma.o(i.HAL_DMA_DeInit), (98 bytes).
    Removing stm32f4xx_hal_dma.o(i.HAL_DMA_GetError), (4 bytes).
    Removing stm32f4xx_hal_dma.o(i.HAL_DMA_GetState), (6 bytes).
    Removing stm32f4xx_hal_dma.o(i.HAL_DMA_IRQHandler), (416 bytes).
    Removing stm32f4xx_hal_dma.o(i.HAL_DMA_Init), (212 bytes).
    Removing stm32f4xx_hal_dma.o(i.HAL_DMA_PollForTransfer), (292 bytes).
    Removing stm32f4xx_hal_dma.o(i.HAL_DMA_RegisterCallback), (80 bytes).
    Removing stm32f4xx_hal_dma.o(i.HAL_DMA_Start), (70 bytes).
    Removing stm32f4xx_hal_dma.o(i.HAL_DMA_Start_IT), (110 bytes).
    Removing stm32f4xx_hal_dma.o(i.HAL_DMA_UnRegisterCallback), (96 bytes).
    Removing stm32f4xx_hal_dma.o(.constdata), (8 bytes).
    Removing stm32f4xx_hal_pwr.o(.rev16_text), (4 bytes).
    Removing stm32f4xx_hal_pwr.o(.revsh_text), (4 bytes).
    Removing stm32f4xx_hal_pwr.o(.rrx_text), (6 bytes).
    Removing stm32f4xx_hal_pwr.o(i.HAL_PWR_ConfigPVD), (124 bytes).
    Removing stm32f4xx_hal_pwr.o(i.HAL_PWR_DeInit), (24 bytes).
    Removing stm32f4xx_hal_pwr.o(i.HAL_PWR_DisableBkUpAccess), (12 bytes).
    Removing stm32f4xx_hal_pwr.o(i.HAL_PWR_DisablePVD), (12 bytes).
    Removing stm32f4xx_hal_pwr.o(i.HAL_PWR_DisableSEVOnPend), (16 bytes).
    Removing stm32f4xx_hal_pwr.o(i.HAL_PWR_DisableSleepOnExit), (16 bytes).
    Removing stm32f4xx_hal_pwr.o(i.HAL_PWR_DisableWakeUpPin), (16 bytes).
    Removing stm32f4xx_hal_pwr.o(i.HAL_PWR_EnableBkUpAccess), (12 bytes).
    Removing stm32f4xx_hal_pwr.o(i.HAL_PWR_EnablePVD), (12 bytes).
    Removing stm32f4xx_hal_pwr.o(i.HAL_PWR_EnableSEVOnPend), (16 bytes).
    Removing stm32f4xx_hal_pwr.o(i.HAL_PWR_EnableSleepOnExit), (16 bytes).
    Removing stm32f4xx_hal_pwr.o(i.HAL_PWR_EnableWakeUpPin), (16 bytes).
    Removing stm32f4xx_hal_pwr.o(i.HAL_PWR_EnterSLEEPMode), (32 bytes).
    Removing stm32f4xx_hal_pwr.o(i.HAL_PWR_EnterSTANDBYMode), (32 bytes).
    Removing stm32f4xx_hal_pwr.o(i.HAL_PWR_EnterSTOPMode), (56 bytes).
    Removing stm32f4xx_hal_pwr.o(i.HAL_PWR_PVDCallback), (2 bytes).
    Removing stm32f4xx_hal_pwr.o(i.HAL_PWR_PVD_IRQHandler), (28 bytes).
    Removing stm32f4xx_hal_pwr_ex.o(.rev16_text), (4 bytes).
    Removing stm32f4xx_hal_pwr_ex.o(.revsh_text), (4 bytes).
    Removing stm32f4xx_hal_pwr_ex.o(.rrx_text), (6 bytes).
    Removing stm32f4xx_hal_pwr_ex.o(i.HAL_PWREx_ControlVoltageScaling), (88 bytes).
    Removing stm32f4xx_hal_pwr_ex.o(i.HAL_PWREx_DisableBkUpReg), (60 bytes).
    Removing stm32f4xx_hal_pwr_ex.o(i.HAL_PWREx_DisableFlashPowerDown), (12 bytes).
    Removing stm32f4xx_hal_pwr_ex.o(i.HAL_PWREx_EnableBkUpReg), (60 bytes).
    Removing stm32f4xx_hal_pwr_ex.o(i.HAL_PWREx_EnableFlashPowerDown), (12 bytes).
    Removing stm32f4xx_hal_pwr_ex.o(i.HAL_PWREx_GetVoltageRange), (16 bytes).
    Removing stm32f4xx_hal_cortex.o(.rev16_text), (4 bytes).
    Removing stm32f4xx_hal_cortex.o(.revsh_text), (4 bytes).
    Removing stm32f4xx_hal_cortex.o(.rrx_text), (6 bytes).
    Removing stm32f4xx_hal_cortex.o(i.HAL_MPU_ConfigRegion), (84 bytes).
    Removing stm32f4xx_hal_cortex.o(i.HAL_MPU_Disable), (28 bytes).
    Removing stm32f4xx_hal_cortex.o(i.HAL_MPU_Enable), (36 bytes).
    Removing stm32f4xx_hal_cortex.o(i.HAL_NVIC_ClearPendingIRQ), (26 bytes).
    Removing stm32f4xx_hal_cortex.o(i.HAL_NVIC_DisableIRQ), (34 bytes).
    Removing stm32f4xx_hal_cortex.o(i.HAL_NVIC_EnableIRQ), (26 bytes).
    Removing stm32f4xx_hal_cortex.o(i.HAL_NVIC_GetActive), (36 bytes).
    Removing stm32f4xx_hal_cortex.o(i.HAL_NVIC_GetPendingIRQ), (36 bytes).
    Removing stm32f4xx_hal_cortex.o(i.HAL_NVIC_GetPriority), (82 bytes).
    Removing stm32f4xx_hal_cortex.o(i.HAL_NVIC_GetPriorityGrouping), (16 bytes).
    Removing stm32f4xx_hal_cortex.o(i.HAL_NVIC_SetPendingIRQ), (26 bytes).
    Removing stm32f4xx_hal_cortex.o(i.HAL_NVIC_SystemReset), (36 bytes).
    Removing stm32f4xx_hal_cortex.o(i.HAL_SYSTICK_CLKSourceConfig), (24 bytes).
    Removing stm32f4xx_hal_cortex.o(i.HAL_SYSTICK_Callback), (2 bytes).
    Removing stm32f4xx_hal_cortex.o(i.HAL_SYSTICK_IRQHandler), (8 bytes).
    Removing stm32f4xx_hal.o(.rev16_text), (4 bytes).
    Removing stm32f4xx_hal.o(.revsh_text), (4 bytes).
    Removing stm32f4xx_hal.o(.rrx_text), (6 bytes).
    Removing stm32f4xx_hal.o(i.HAL_DBGMCU_DisableDBGSleepMode), (16 bytes).
    Removing stm32f4xx_hal.o(i.HAL_DBGMCU_DisableDBGStandbyMode), (16 bytes).
    Removing stm32f4xx_hal.o(i.HAL_DBGMCU_DisableDBGStopMode), (16 bytes).
    Removing stm32f4xx_hal.o(i.HAL_DBGMCU_EnableDBGSleepMode), (16 bytes).
    Removing stm32f4xx_hal.o(i.HAL_DBGMCU_EnableDBGStandbyMode), (16 bytes).
    Removing stm32f4xx_hal.o(i.HAL_DBGMCU_EnableDBGStopMode), (16 bytes).
    Removing stm32f4xx_hal.o(i.HAL_DeInit), (52 bytes).
    Removing stm32f4xx_hal.o(i.HAL_DisableCompensationCell), (12 bytes).
    Removing stm32f4xx_hal.o(i.HAL_EnableCompensationCell), (12 bytes).
    Removing stm32f4xx_hal.o(i.HAL_GetDEVID), (16 bytes).
    Removing stm32f4xx_hal.o(i.HAL_GetHalVersion), (8 bytes).
    Removing stm32f4xx_hal.o(i.HAL_GetREVID), (12 bytes).
    Removing stm32f4xx_hal.o(i.HAL_GetTickFreq), (12 bytes).
    Removing stm32f4xx_hal.o(i.HAL_GetTickPrio), (12 bytes).
    Removing stm32f4xx_hal.o(i.HAL_GetUIDw0), (12 bytes).
    Removing stm32f4xx_hal.o(i.HAL_GetUIDw1), (12 bytes).
    Removing stm32f4xx_hal.o(i.HAL_GetUIDw2), (12 bytes).
    Removing stm32f4xx_hal.o(i.HAL_MspDeInit), (2 bytes).
    Removing stm32f4xx_hal.o(i.HAL_MspInit), (2 bytes).
    Removing stm32f4xx_hal.o(i.HAL_ResumeTick), (14 bytes).
    Removing stm32f4xx_hal.o(i.HAL_SetTickFreq), (36 bytes).
    Removing stm32f4xx_hal.o(i.HAL_SuspendTick), (14 bytes).
    Removing stm32f4xx_hal_exti.o(.rev16_text), (4 bytes).
    Removing stm32f4xx_hal_exti.o(.revsh_text), (4 bytes).
    Removing stm32f4xx_hal_exti.o(.rrx_text), (6 bytes).
    Removing stm32f4xx_hal_exti.o(i.HAL_EXTI_ClearConfigLine), (108 bytes).
    Removing stm32f4xx_hal_exti.o(i.HAL_EXTI_ClearPending), (20 bytes).
    Removing stm32f4xx_hal_exti.o(i.HAL_EXTI_GenerateSWI), (20 bytes).
    Removing stm32f4xx_hal_exti.o(i.HAL_EXTI_GetConfigLine), (156 bytes).
    Removing stm32f4xx_hal_exti.o(i.HAL_EXTI_GetHandle), (12 bytes).
    Removing stm32f4xx_hal_exti.o(i.HAL_EXTI_GetPending), (24 bytes).
    Removing stm32f4xx_hal_exti.o(i.HAL_EXTI_IRQHandler), (36 bytes).
    Removing stm32f4xx_hal_exti.o(i.HAL_EXTI_RegisterCallback), (14 bytes).
    Removing stm32f4xx_hal_exti.o(i.HAL_EXTI_SetConfigLine), (168 bytes).
    Removing stm32f4xx_hal_tim.o(.rev16_text), (4 bytes).
    Removing stm32f4xx_hal_tim.o(.revsh_text), (4 bytes).
    Removing stm32f4xx_hal_tim.o(.rrx_text), (6 bytes).
    Removing stm32f4xx_hal_tim_ex.o(.rev16_text), (4 bytes).
    Removing stm32f4xx_hal_tim_ex.o(.revsh_text), (4 bytes).
    Removing stm32f4xx_hal_tim_ex.o(.rrx_text), (6 bytes).
    Removing system_stm32f4xx.o(.rev16_text), (4 bytes).
    Removing system_stm32f4xx.o(.revsh_text), (4 bytes).
    Removing system_stm32f4xx.o(.rrx_text), (6 bytes).
    Removing system_stm32f4xx.o(i.SystemCoreClockUpdate), (120 bytes).
    Removing adafruit_gfx.o(.constdata__ZTI12Adafruit_GFX), (8 bytes).
    Removing adafruit_gfx.o(.constdata__ZTS12Adafruit_GFX), (15 bytes).
    Removing adafruit_ssd1306.o(.constdata__ZTI16Adafruit_SSD1306), (12 bytes).
    Removing adafruit_ssd1306.o(.constdata__ZTS16Adafruit_SSD1306), (19 bytes).

352 unused section(s) (total 25851 bytes) removed from the image.

==============================================================================

Image Symbol Table

    Local Symbols

    Symbol Name                              Value     Ov Type        Size  Object(Section)

    ../../../edgfe/lib_src/arm_exceptions.c  0x00000000   Number         0  arm_exceptions_mem.o ABSOLUTE
    ../../../edgfe/lib_src/arm_exceptions.c  0x00000000   Number         0  arm_exceptions_globs.o ABSOLUTE
    ../../../edgfe/lib_src/arm_exceptions.c  0x00000000   Number         0  arm_exceptions_terminate.o ABSOLUTE
    ../../../edgfe/lib_src/arm_exceptions.c  0x00000000   Number         0  arm_exceptions_support.o ABSOLUTE
    ../../../edgfe/lib_src/arm_exceptions.c  0x00000000   Number         0  arm_exceptions_callterm.o ABSOLUTE
    ../../../edgfe/lib_src/arm_noexceptions.c 0x00000000   Number         0  arm_begincatch_noexceptions.o ABSOLUTE
    ../../../edgfe/lib_src/pure_virt.c       0x00000000   Number         0  pure_virt.o ABSOLUTE
    ../../../edgfe/lib_src/typeinfo.c        0x00000000   Number         0  type_info_dtor.o ABSOLUTE
    ../../../edgfe/lib_src/typeinfo.c        0x00000000   Number         0  lib_rtti_impl.o ABSOLUTE
    ../Drivers/STM32F4xx_HAL_Driver/Src/stm32f4xx_hal.c 0x00000000   Number         0  stm32f4xx_hal.o ABSOLUTE
    ../Drivers/STM32F4xx_HAL_Driver/Src/stm32f4xx_hal_cortex.c 0x00000000   Number         0  stm32f4xx_hal_cortex.o ABSOLUTE
    ../Drivers/STM32F4xx_HAL_Driver/Src/stm32f4xx_hal_dma.c 0x00000000   Number         0  stm32f4xx_hal_dma.o ABSOLUTE
    ../Drivers/STM32F4xx_HAL_Driver/Src/stm32f4xx_hal_dma_ex.c 0x00000000   Number         0  stm32f4xx_hal_dma_ex.o ABSOLUTE
    ../Drivers/STM32F4xx_HAL_Driver/Src/stm32f4xx_hal_exti.c 0x00000000   Number         0  stm32f4xx_hal_exti.o ABSOLUTE
    ../Drivers/STM32F4xx_HAL_Driver/Src/stm32f4xx_hal_flash.c 0x00000000   Number         0  stm32f4xx_hal_flash.o ABSOLUTE
    ../Drivers/STM32F4xx_HAL_Driver/Src/stm32f4xx_hal_flash_ex.c 0x00000000   Number         0  stm32f4xx_hal_flash_ex.o ABSOLUTE
    ../Drivers/STM32F4xx_HAL_Driver/Src/stm32f4xx_hal_flash_ramfunc.c 0x00000000   Number         0  stm32f4xx_hal_flash_ramfunc.o ABSOLUTE
    ../Drivers/STM32F4xx_HAL_Driver/Src/stm32f4xx_hal_gpio.c 0x00000000   Number         0  stm32f4xx_hal_gpio.o ABSOLUTE
    ../Drivers/STM32F4xx_HAL_Driver/Src/stm32f4xx_hal_i2c.c 0x00000000   Number         0  stm32f4xx_hal_i2c.o ABSOLUTE
    ../Drivers/STM32F4xx_HAL_Driver/Src/stm32f4xx_hal_i2c_ex.c 0x00000000   Number         0  stm32f4xx_hal_i2c_ex.o ABSOLUTE
    ../Drivers/STM32F4xx_HAL_Driver/Src/stm32f4xx_hal_pwr.c 0x00000000   Number         0  stm32f4xx_hal_pwr.o ABSOLUTE
    ../Drivers/STM32F4xx_HAL_Driver/Src/stm32f4xx_hal_pwr_ex.c 0x00000000   Number         0  stm32f4xx_hal_pwr_ex.o ABSOLUTE
    ../Drivers/STM32F4xx_HAL_Driver/Src/stm32f4xx_hal_rcc.c 0x00000000   Number         0  stm32f4xx_hal_rcc.o ABSOLUTE
    ../Drivers/STM32F4xx_HAL_Driver/Src/stm32f4xx_hal_rcc_ex.c 0x00000000   Number         0  stm32f4xx_hal_rcc_ex.o ABSOLUTE
    ../Drivers/STM32F4xx_HAL_Driver/Src/stm32f4xx_hal_tim.c 0x00000000   Number         0  stm32f4xx_hal_tim.o ABSOLUTE
    ../Drivers/STM32F4xx_HAL_Driver/Src/stm32f4xx_hal_tim_ex.c 0x00000000   Number         0  stm32f4xx_hal_tim_ex.o ABSOLUTE
    ../Src/stm32f4xx_hal_msp.c               0x00000000   Number         0  stm32f4xx_hal_msp.o ABSOLUTE
    ../Src/stm32f4xx_it.c                    0x00000000   Number         0  stm32f4xx_it.o ABSOLUTE
    ../Src/system_stm32f4xx.c                0x00000000   Number         0  system_stm32f4xx.o ABSOLUTE
    ../clib/../cmprslib/zerorunl2.c          0x00000000   Number         0  __dczerorl2.o ABSOLUTE
    ../clib/microlib/cpp/cpp_init.c          0x00000000   Number         0  cpp_init.o ABSOLUTE
    ../clib/microlib/cpp/cpp_init.c          0x00000000   Number         0  cpp_init.o ABSOLUTE
    ../clib/microlib/cpp/cpp_memory.c        0x00000000   Number         0  cpp_memory.o ABSOLUTE
    ../clib/microlib/cpp/cpp_signal.c        0x00000000   Number         0  cpp_signal.o ABSOLUTE
    ../clib/microlib/division.c              0x00000000   Number         0  uldiv.o ABSOLUTE
    ../clib/microlib/init/entry.s            0x00000000   Number         0  entry9b.o ABSOLUTE
    ../clib/microlib/init/entry.s            0x00000000   Number         0  entry9a.o ABSOLUTE
    ../clib/microlib/init/entry.s            0x00000000   Number         0  entry8b.o ABSOLUTE
    ../clib/microlib/init/entry.s            0x00000000   Number         0  entry8a.o ABSOLUTE
    ../clib/microlib/init/entry.s            0x00000000   Number         0  entry7b.o ABSOLUTE
    ../clib/microlib/init/entry.s            0x00000000   Number         0  entry7a.o ABSOLUTE
    ../clib/microlib/init/entry.s            0x00000000   Number         0  entry5.o ABSOLUTE
    ../clib/microlib/init/entry.s            0x00000000   Number         0  entry2.o ABSOLUTE
    ../clib/microlib/init/entry.s            0x00000000   Number         0  entry.o ABSOLUTE
    ../clib/microlib/init/entry.s            0x00000000   Number         0  entry11b.o ABSOLUTE
    ../clib/microlib/init/entry.s            0x00000000   Number         0  entry11a.o ABSOLUTE
    ../clib/microlib/init/entry.s            0x00000000   Number         0  entry10b.o ABSOLUTE
    ../clib/microlib/init/entry.s            0x00000000   Number         0  entry10a.o ABSOLUTE
    ../clib/microlib/longlong.c              0x00000000   Number         0  llushr.o ABSOLUTE
    ../clib/microlib/longlong.c              0x00000000   Number         0  llshl.o ABSOLUTE
    ../clib/microlib/malloc/malloc.c         0x00000000   Number         0  malloca.o ABSOLUTE
    ../clib/microlib/malloc/malloc.c         0x00000000   Number         0  mallocr.o ABSOLUTE
    ../clib/microlib/malloc/malloc.c         0x00000000   Number         0  malloc.o ABSOLUTE
    ../clib/microlib/malloc/malloc.c         0x00000000   Number         0  mallocra.o ABSOLUTE
    ../clib/microlib/malloc/mvars.c          0x00000000   Number         0  mvars.o ABSOLUTE
    ../clib/microlib/stdlib/abort.c          0x00000000   Number         0  abort.o ABSOLUTE
    ../clib/microlib/stdlib/rand.c           0x00000000   Number         0  rand.o ABSOLUTE
    ../clib/microlib/string/memcpy.c         0x00000000   Number         0  memcpyb.o ABSOLUTE
    ../clib/microlib/string/memcpy.c         0x00000000   Number         0  memcpya.o ABSOLUTE
    ../clib/microlib/string/memset.c         0x00000000   Number         0  memseta.o ABSOLUTE
    ..\Drivers\STM32F4xx_HAL_Driver\Src\stm32f4xx_hal.c 0x00000000   Number         0  stm32f4xx_hal.o ABSOLUTE
    ..\Drivers\STM32F4xx_HAL_Driver\Src\stm32f4xx_hal_cortex.c 0x00000000   Number         0  stm32f4xx_hal_cortex.o ABSOLUTE
    ..\Drivers\STM32F4xx_HAL_Driver\Src\stm32f4xx_hal_dma.c 0x00000000   Number         0  stm32f4xx_hal_dma.o ABSOLUTE
    ..\Drivers\STM32F4xx_HAL_Driver\Src\stm32f4xx_hal_dma_ex.c 0x00000000   Number         0  stm32f4xx_hal_dma_ex.o ABSOLUTE
    ..\Drivers\STM32F4xx_HAL_Driver\Src\stm32f4xx_hal_exti.c 0x00000000   Number         0  stm32f4xx_hal_exti.o ABSOLUTE
    ..\Drivers\STM32F4xx_HAL_Driver\Src\stm32f4xx_hal_flash.c 0x00000000   Number         0  stm32f4xx_hal_flash.o ABSOLUTE
    ..\Drivers\STM32F4xx_HAL_Driver\Src\stm32f4xx_hal_flash_ex.c 0x00000000   Number         0  stm32f4xx_hal_flash_ex.o ABSOLUTE
    ..\Drivers\STM32F4xx_HAL_Driver\Src\stm32f4xx_hal_flash_ramfunc.c 0x00000000   Number         0  stm32f4xx_hal_flash_ramfunc.o ABSOLUTE
    ..\Drivers\STM32F4xx_HAL_Driver\Src\stm32f4xx_hal_gpio.c 0x00000000   Number         0  stm32f4xx_hal_gpio.o ABSOLUTE
    ..\Drivers\STM32F4xx_HAL_Driver\Src\stm32f4xx_hal_i2c.c 0x00000000   Number         0  stm32f4xx_hal_i2c.o ABSOLUTE
    ..\Drivers\STM32F4xx_HAL_Driver\Src\stm32f4xx_hal_i2c_ex.c 0x00000000   Number         0  stm32f4xx_hal_i2c_ex.o ABSOLUTE
    ..\Drivers\STM32F4xx_HAL_Driver\Src\stm32f4xx_hal_pwr.c 0x00000000   Number         0  stm32f4xx_hal_pwr.o ABSOLUTE
    ..\Drivers\STM32F4xx_HAL_Driver\Src\stm32f4xx_hal_pwr_ex.c 0x00000000   Number         0  stm32f4xx_hal_pwr_ex.o ABSOLUTE
    ..\Drivers\STM32F4xx_HAL_Driver\Src\stm32f4xx_hal_rcc.c 0x00000000   Number         0  stm32f4xx_hal_rcc.o ABSOLUTE
    ..\Drivers\STM32F4xx_HAL_Driver\Src\stm32f4xx_hal_rcc_ex.c 0x00000000   Number         0  stm32f4xx_hal_rcc_ex.o ABSOLUTE
    ..\Drivers\STM32F4xx_HAL_Driver\Src\stm32f4xx_hal_tim.c 0x00000000   Number         0  stm32f4xx_hal_tim.o ABSOLUTE
    ..\Drivers\STM32F4xx_HAL_Driver\Src\stm32f4xx_hal_tim_ex.c 0x00000000   Number         0  stm32f4xx_hal_tim_ex.o ABSOLUTE
    ..\Src\Adafruit_GFX.cpp                  0x00000000   Number         0  adafruit_gfx.o ABSOLUTE
    ..\Src\Adafruit_SSD1306.cpp              0x00000000   Number         0  adafruit_ssd1306.o ABSOLUTE
    ..\Src\main.cpp                          0x00000000   Number         0  main.o ABSOLUTE
    ..\Src\stm32f4xx_hal_msp.c               0x00000000   Number         0  stm32f4xx_hal_msp.o ABSOLUTE
    ..\Src\stm32f4xx_it.c                    0x00000000   Number         0  stm32f4xx_it.o ABSOLUTE
    ..\Src\system_stm32f4xx.c                0x00000000   Number         0  system_stm32f4xx.o ABSOLUTE
    ..\\Src\\Adafruit_GFX.cpp                0x00000000   Number         0  adafruit_gfx.o ABSOLUTE
    ..\\Src\\Adafruit_SSD1306.cpp            0x00000000   Number         0  adafruit_ssd1306.o ABSOLUTE
    ..\\Src\\main.cpp                        0x00000000   Number         0  main.o ABSOLUTE
    dc.s                                     0x00000000   Number         0  dc.o ABSOLUTE
    handlers.s                               0x00000000   Number         0  handlers.o ABSOLUTE
    init.s                                   0x00000000   Number         0  init.o ABSOLUTE
    startup_stm32f407xx.s                    0x00000000   Number         0  startup_stm32f407xx.o ABSOLUTE
    RESET                                    0x08000000   Section      392  startup_stm32f407xx.o(RESET)
    .ARM.Collect$$$$00000000                 0x08000188   Section        0  entry.o(.ARM.Collect$$$$00000000)
    .ARM.Collect$$$$00000001                 0x08000188   Section        4  entry2.o(.ARM.Collect$$$$00000001)
    .ARM.Collect$$$$00000004                 0x0800018c   Section        4  entry5.o(.ARM.Collect$$$$00000004)
    .ARM.Collect$$$$00000008                 0x08000190   Section        0  entry7b.o(.ARM.Collect$$$$00000008)
    .ARM.Collect$$$$00000009                 0x08000190   Section        4  entry8a.o(.ARM.Collect$$$$00000009)
    .ARM.Collect$$$$0000000A                 0x08000194   Section        0  entry8b.o(.ARM.Collect$$$$0000000A)
    .ARM.Collect$$$$0000000B                 0x08000194   Section        8  entry9a.o(.ARM.Collect$$$$0000000B)
    .ARM.Collect$$$$0000000D                 0x0800019c   Section        0  entry10a.o(.ARM.Collect$$$$0000000D)
    .ARM.Collect$$$$0000000F                 0x0800019c   Section        0  entry11a.o(.ARM.Collect$$$$0000000F)
    .ARM.Collect$$$$00002712                 0x0800019c   Section        4  entry2.o(.ARM.Collect$$$$00002712)
    __lit__00000000                          0x0800019c   Data           4  entry2.o(.ARM.Collect$$$$00002712)
    .text                                    0x080001a0   Section       36  startup_stm32f407xx.o(.text)
    $v0                                      0x080001a0   Number         0  startup_stm32f407xx.o(.text)
    .text                                    0x080001c4   Section        0  uldiv.o(.text)
    .text                                    0x08000226   Section        0  memseta.o(.text)
    .text                                    0x0800024c   Section        0  cpp_init.o(.text)
    .text                                    0x0800026c   Section        0  llshl.o(.text)
    .text                                    0x0800028a   Section        0  llushr.o(.text)
    .text                                    0x080002aa   Section        0  cpp_signal.o(.text)
    .text                                    0x080002ac   Section       36  init.o(.text)
    .text                                    0x080002d0   Section        0  __dczerorl2.o(.text)
    i.BusFault_Handler                       0x08000326   Section        0  stm32f4xx_it.o(i.BusFault_Handler)
    i.DebugMon_Handler                       0x08000328   Section        0  stm32f4xx_it.o(i.DebugMon_Handler)
    i.HAL_Delay                              0x0800032c   Section        0  stm32f4xx_hal.o(i.HAL_Delay)
    i.HAL_GPIO_Init                          0x08000350   Section        0  stm32f4xx_hal_gpio.o(i.HAL_GPIO_Init)
    i.HAL_GPIO_TogglePin                     0x08000508   Section        0  stm32f4xx_hal_gpio.o(i.HAL_GPIO_TogglePin)
    i.HAL_GPIO_WritePin                      0x08000516   Section        0  stm32f4xx_hal_gpio.o(i.HAL_GPIO_WritePin)
    i.HAL_GetTick                            0x08000520   Section        0  stm32f4xx_hal.o(i.HAL_GetTick)
    i.HAL_I2C_Init                           0x0800052c   Section        0  stm32f4xx_hal_i2c.o(i.HAL_I2C_Init)
    i.HAL_I2C_Master_Transmit                0x080006b4   Section        0  stm32f4xx_hal_i2c.o(i.HAL_I2C_Master_Transmit)
    i.HAL_I2C_MspInit                        0x080007e0   Section        0  stm32f4xx_hal_msp.o(i.HAL_I2C_MspInit)
    i.HAL_IncTick                            0x0800088c   Section        0  stm32f4xx_hal.o(i.HAL_IncTick)
    i.HAL_Init                               0x0800089c   Section        0  stm32f4xx_hal.o(i.HAL_Init)
    i.HAL_InitTick                           0x080008d0   Section        0  stm32f4xx_hal.o(i.HAL_InitTick)
    i.HAL_MspInit                            0x08000910   Section        0  stm32f4xx_hal_msp.o(i.HAL_MspInit)
    i.HAL_NVIC_SetPriority                   0x08000940   Section        0  stm32f4xx_hal_cortex.o(i.HAL_NVIC_SetPriority)
    i.HAL_NVIC_SetPriorityGrouping           0x08000980   Section        0  stm32f4xx_hal_cortex.o(i.HAL_NVIC_SetPriorityGrouping)
    i.HAL_RCC_ClockConfig                    0x080009a4   Section        0  stm32f4xx_hal_rcc.o(i.HAL_RCC_ClockConfig)
    i.HAL_RCC_GetPCLK1Freq                   0x08000ad8   Section        0  stm32f4xx_hal_rcc.o(i.HAL_RCC_GetPCLK1Freq)
    i.HAL_RCC_GetSysClockFreq                0x08000af8   Section        0  stm32f4xx_hal_rcc.o(i.HAL_RCC_GetSysClockFreq)
    i.HAL_RCC_OscConfig                      0x08000b58   Section        0  stm32f4xx_hal_rcc.o(i.HAL_RCC_OscConfig)
    i.HAL_SYSTICK_Config                     0x08000eb4   Section        0  stm32f4xx_hal_cortex.o(i.HAL_SYSTICK_Config)
    i.HardFault_Handler                      0x08000edc   Section        0  stm32f4xx_it.o(i.HardFault_Handler)
    i.I2C_IsAcknowledgeFailed                0x08000ede   Section        0  stm32f4xx_hal_i2c.o(i.I2C_IsAcknowledgeFailed)
    I2C_IsAcknowledgeFailed                  0x08000edf   Thumb Code    46  stm32f4xx_hal_i2c.o(i.I2C_IsAcknowledgeFailed)
    i.I2C_MasterRequestWrite                 0x08000f0c   Section        0  stm32f4xx_hal_i2c.o(i.I2C_MasterRequestWrite)
    I2C_MasterRequestWrite                   0x08000f0d   Thumb Code   150  stm32f4xx_hal_i2c.o(i.I2C_MasterRequestWrite)
    i.I2C_WaitOnBTFFlagUntilTimeout          0x08000fa8   Section        0  stm32f4xx_hal_i2c.o(i.I2C_WaitOnBTFFlagUntilTimeout)
    I2C_WaitOnBTFFlagUntilTimeout            0x08000fa9   Thumb Code    76  stm32f4xx_hal_i2c.o(i.I2C_WaitOnBTFFlagUntilTimeout)
    i.I2C_WaitOnFlagUntilTimeout             0x08000ff4   Section        0  stm32f4xx_hal_i2c.o(i.I2C_WaitOnFlagUntilTimeout)
    I2C_WaitOnFlagUntilTimeout               0x08000ff5   Thumb Code   104  stm32f4xx_hal_i2c.o(i.I2C_WaitOnFlagUntilTimeout)
    i.I2C_WaitOnMasterAddressFlagUntilTimeout 0x0800105c   Section        0  stm32f4xx_hal_i2c.o(i.I2C_WaitOnMasterAddressFlagUntilTimeout)
    I2C_WaitOnMasterAddressFlagUntilTimeout  0x0800105d   Thumb Code   150  stm32f4xx_hal_i2c.o(i.I2C_WaitOnMasterAddressFlagUntilTimeout)
    i.I2C_WaitOnTXEFlagUntilTimeout          0x080010f2   Section        0  stm32f4xx_hal_i2c.o(i.I2C_WaitOnTXEFlagUntilTimeout)
    I2C_WaitOnTXEFlagUntilTimeout            0x080010f3   Thumb Code    76  stm32f4xx_hal_i2c.o(i.I2C_WaitOnTXEFlagUntilTimeout)
    i.MemManage_Handler                      0x0800113e   Section        0  stm32f4xx_it.o(i.MemManage_Handler)
    i.NMI_Handler                            0x08001140   Section        0  stm32f4xx_it.o(i.NMI_Handler)
    i.PendSV_Handler                         0x08001142   Section        0  stm32f4xx_it.o(i.PendSV_Handler)
    i.SVC_Handler                            0x08001144   Section        0  stm32f4xx_it.o(i.SVC_Handler)
    i.SysTick_Handler                        0x08001146   Section        0  stm32f4xx_it.o(i.SysTick_Handler)
    i.SystemInit                             0x0800114c   Section        0  system_stm32f4xx.o(i.SystemInit)
    i.UsageFault_Handler                     0x08001168   Section        0  stm32f4xx_it.o(i.UsageFault_Handler)
    i._Z12testdrawlinev                      0x0800116c   Section        0  main.o(i._Z12testdrawlinev)
    i._Z12testdrawrectv                      0x08001358   Section        0  main.o(i._Z12testdrawrectv)
    i._Z12testfillrectv                      0x080013b4   Section        0  main.o(i._Z12testfillrectv)
    i._Z14testdrawcirclev                    0x08001418   Section        0  main.o(i._Z14testdrawcirclev)
    i._Z16testdrawtrianglev                  0x08001464   Section        0  main.o(i._Z16testdrawtrianglev)
    i._Z16testfilltrianglev                  0x08001524   Section        0  main.o(i._Z16testfilltrianglev)
    i._Z17testdrawroundrectv                 0x080015f0   Section        0  main.o(i._Z17testdrawroundrectv)
    i._Z17testfillroundrectv                 0x08001664   Section        0  main.o(i._Z17testfillroundrectv)
    i._Z18SystemClock_Configv                0x080016e0   Section        0  main.o(i._Z18SystemClock_Configv)
    i._ZN12Adafruit_GFX10drawBitmapEssPKhsst 0x08001764   Section        0  adafruit_gfx.o(i._ZN12Adafruit_GFX10drawBitmapEssPKhsst)
    i._ZN12Adafruit_GFX10drawCircleEssst     0x080017d0   Section        0  adafruit_gfx.o(i._ZN12Adafruit_GFX10drawCircleEssst)
    i._ZN12Adafruit_GFX10fillCircleEssst     0x0800190c   Section        0  adafruit_gfx.o(i._ZN12Adafruit_GFX10fillCircleEssst)
    i._ZN12Adafruit_GFX11setTextSizeEh       0x0800194c   Section        0  adafruit_gfx.o(i._ZN12Adafruit_GFX11setTextSizeEh)
    i._ZN12Adafruit_GFX12drawTriangleEsssssst 0x08001954   Section        0  adafruit_gfx.o(i._ZN12Adafruit_GFX12drawTriangleEsssssst)
    i._ZN12Adafruit_GFX12fillTriangleEsssssst 0x080019a0   Section        0  adafruit_gfx.o(i._ZN12Adafruit_GFX12fillTriangleEsssssst)
    i._ZN12Adafruit_GFX12setTextColorEt      0x08001b06   Section        0  adafruit_gfx.o(i._ZN12Adafruit_GFX12setTextColorEt)
    i._ZN12Adafruit_GFX13drawFastHLineEssst  0x08001b0c   Section        0  adafruit_gfx.o(i._ZN12Adafruit_GFX13drawFastHLineEssst)
    i._ZN12Adafruit_GFX13drawFastVLineEssst  0x08001b22   Section        0  adafruit_gfx.o(i._ZN12Adafruit_GFX13drawFastVLineEssst)
    i._ZN12Adafruit_GFX13drawRoundRectEssssst 0x08001b3a   Section        0  adafruit_gfx.o(i._ZN12Adafruit_GFX13drawRoundRectEssssst)
    i._ZN12Adafruit_GFX13fillRoundRectEssssst 0x08001c1e   Section        0  adafruit_gfx.o(i._ZN12Adafruit_GFX13fillRoundRectEssssst)
    i._ZN12Adafruit_GFX16drawCircleHelperEsssht 0x08001c98   Section        0  adafruit_gfx.o(i._ZN12Adafruit_GFX16drawCircleHelperEsssht)
    i._ZN12Adafruit_GFX16fillCircleHelperEssshst 0x08001dc0   Section        0  adafruit_gfx.o(i._ZN12Adafruit_GFX16fillCircleHelperEssshst)
    i._ZN12Adafruit_GFX8drawLineEsssst       0x08001eac   Section        0  adafruit_gfx.o(i._ZN12Adafruit_GFX8drawLineEsssst)
    i._ZN12Adafruit_GFX8drawRectEsssst       0x08001f58   Section        0  adafruit_gfx.o(i._ZN12Adafruit_GFX8drawRectEsssst)
    i._ZN12Adafruit_GFX8fillRectEsssst       0x08001fb6   Section        0  adafruit_gfx.o(i._ZN12Adafruit_GFX8fillRectEsssst)
    i._ZN12Adafruit_GFX9setCursorEss         0x08001fe6   Section        0  adafruit_gfx.o(i._ZN12Adafruit_GFX9setCursorEss)
    i._ZN12Adafruit_GFXC2Ess                 0x08001fec   Section        0  adafruit_gfx.o(i._ZN12Adafruit_GFXC2Ess)
    i._ZN16Adafruit_SSD130612clearDisplayEv  0x08002014   Section        0  adafruit_ssd1306.o(i._ZN16Adafruit_SSD130612clearDisplayEv)
    i._ZN16Adafruit_SSD130612ssd1306_dataEt  0x08002024   Section        0  adafruit_ssd1306.o(i._ZN16Adafruit_SSD130612ssd1306_dataEt)
    i._ZN16Adafruit_SSD130613drawFastHLineEssst 0x08002060   Section        0  adafruit_ssd1306.o(i._ZN16Adafruit_SSD130613drawFastHLineEssst)
    i._ZN16Adafruit_SSD130613drawFastVLineEssst 0x08002210   Section        0  adafruit_ssd1306.o(i._ZN16Adafruit_SSD130613drawFastVLineEssst)
    i._ZN16Adafruit_SSD130613invertDisplayEh 0x080023b4   Section        0  adafruit_ssd1306.o(i._ZN16Adafruit_SSD130613invertDisplayEh)
    i._ZN16Adafruit_SSD130615ssd1306_commandEh 0x080023c0   Section        0  adafruit_ssd1306.o(i._ZN16Adafruit_SSD130615ssd1306_commandEh)
    i._ZN16Adafruit_SSD13065beginEhhb        0x080023e8   Section        0  adafruit_ssd1306.o(i._ZN16Adafruit_SSD13065beginEhhb)
    i._ZN16Adafruit_SSD13066memsetEPhtt      0x080024d4   Section        0  adafruit_ssd1306.o(i._ZN16Adafruit_SSD13066memsetEPhtt)
    i._ZN16Adafruit_SSD13066printfEPKc       0x080024e4   Section        0  adafruit_ssd1306.o(i._ZN16Adafruit_SSD13066printfEPKc)
    i._ZN16Adafruit_SSD13067displayEv        0x08002560   Section        0  adafruit_ssd1306.o(i._ZN16Adafruit_SSD13067displayEv)
    i._ZN16Adafruit_SSD13069drawPixelEsst    0x080025ac   Section        0  adafruit_ssd1306.o(i._ZN16Adafruit_SSD13069drawPixelEsst)
    i._ZN16Adafruit_SSD1306C1EP19__I2C_HandleTypeDefa 0x08002670   Section        0  adafruit_ssd1306.o(i._ZN16Adafruit_SSD1306C1EP19__I2C_HandleTypeDefa)
    i._ZNK12Adafruit_GFX11getRotationEv      0x08002698   Section        0  adafruit_gfx.o(i._ZNK12Adafruit_GFX11getRotationEv)
    i._ZNK12Adafruit_GFX5widthEv             0x0800269c   Section        0  adafruit_gfx.o(i._ZNK12Adafruit_GFX5widthEv)
    i._ZNK12Adafruit_GFX6heightEv            0x080026a2   Section        0  adafruit_gfx.o(i._ZNK12Adafruit_GFX6heightEv)
    i.__NVIC_SetPriority                     0x080026a8   Section        0  stm32f4xx_hal_cortex.o(i.__NVIC_SetPriority)
    __NVIC_SetPriority                       0x080026a9   Thumb Code    32  stm32f4xx_hal_cortex.o(i.__NVIC_SetPriority)
    i.__cxa_pure_virtual                     0x080026c8   Section        0  pure_virt.o(i.__cxa_pure_virtual)
    i.__scatterload_copy                     0x080026ce   Section       14  handlers.o(i.__scatterload_copy)
    i.__scatterload_null                     0x080026dc   Section        2  handlers.o(i.__scatterload_null)
    i.__scatterload_zeroinit                 0x080026de   Section       14  handlers.o(i.__scatterload_zeroinit)
    i.__sti___8_main_cpp_ca8cb490            0x080026ec   Section        0  main.o(i.__sti___8_main_cpp_ca8cb490)
    __sti___8_main_cpp_ca8cb490              0x080026ed   Thumb Code    32  main.o(i.__sti___8_main_cpp_ca8cb490)
    i.main                                   0x08002710   Section        0  main.o(i.main)
    .constdata                               0x08002a04   Section     1520  adafruit_ssd1306.o(.constdata)
    FONT_8X16                                0x08002a04   Data        1520  adafruit_ssd1306.o(.constdata)
    .constdata                               0x08002ff4   Section       32  main.o(.constdata)
    logo16_glcd_bmp                          0x08002ff4   Data          32  main.o(.constdata)
    .constdata                               0x08003014   Section       16  system_stm32f4xx.o(.constdata)
    .constdata                               0x08003024   Section        8  system_stm32f4xx.o(.constdata)
    .constdata__ZTV12Adafruit_GFX            0x0800302c   Section       40  adafruit_gfx.o(.constdata__ZTV12Adafruit_GFX)
    .constdata__ZTV16Adafruit_SSD1306        0x08003054   Section       40  adafruit_ssd1306.o(.constdata__ZTV16Adafruit_SSD1306)
    .init_array                              0x0800309c   Section        4  main.o(.init_array)
    .init_array                              0x080030a0   Section        0  cpp_init.o(.init_array)
    .data                                    0x20000000   Section      643  adafruit_ssd1306.o(.data)
    buffer                                   0x20000083   Data         512  adafruit_ssd1306.o(.data)
    .data                                    0x20000284   Section       12  stm32f4xx_hal.o(.data)
    .data                                    0x20000290   Section        4  system_stm32f4xx.o(.data)
    .data__ZZN16Adafruit_SSD130621drawFastVLineInternalEssstE7premask 0x20000294   Section        8  adafruit_ssd1306.o(.data__ZZN16Adafruit_SSD130621drawFastVLineInternalEssstE7premask)
    .data__ZZN16Adafruit_SSD130621drawFastVLineInternalEssstE8postmask 0x2000029c   Section        8  adafruit_ssd1306.o(.data__ZZN16Adafruit_SSD130621drawFastVLineInternalEssstE8postmask)
    .bss                                     0x200002a4   Section      240  main.o(.bss)
    STACK                                    0x20000398   Section     1024  startup_stm32f407xx.o(STACK)

    Global Symbols

    Symbol Name                              Value     Ov Type        Size  Object(Section)

    BuildAttributes$$THM_ISAv4$E$P$D$K$B$S$7EM$VFPi3$EXTD16$VFPS$VFMA$PE$A:L22UL41UL21$X:L11$S22US41US21$IEEE1$IW$USESV6$~STKCKD$USESV7$~SHL$OSPACE$EBA8$UX$MICROLIB$REQ8$PRES8$EABIv2 0x00000000   Number         0  anon$$obj.o ABSOLUTE
    __ARM_use_no_argv                        0x00000000   Number         0  main.o ABSOLUTE
    __ARM::default_unexpected_handler()       - Undefined Weak Reference
    __ARM_exceptions_buffer_required          - Undefined Weak Reference
    __cxa_finalize                            - Undefined Weak Reference
    _clock_init                               - Undefined Weak Reference
    _microlib_exit                            - Undefined Weak Reference
    __Vectors_Size                           0x00000188   Number         0  startup_stm32f407xx.o ABSOLUTE
    __Vectors                                0x08000000   Data           4  startup_stm32f407xx.o(RESET)
    __Vectors_End                            0x08000188   Data           0  startup_stm32f407xx.o(RESET)
    __main                                   0x08000189   Thumb Code     0  entry.o(.ARM.Collect$$$$00000000)
    _main_stk                                0x08000189   Thumb Code     0  entry2.o(.ARM.Collect$$$$00000001)
    _main_scatterload                        0x0800018d   Thumb Code     0  entry5.o(.ARM.Collect$$$$00000004)
    __main_after_scatterload                 0x08000191   Thumb Code     0  entry5.o(.ARM.Collect$$$$00000004)
    _main_clock                              0x08000191   Thumb Code     0  entry7b.o(.ARM.Collect$$$$00000008)
    _main_cpp_init$empty                     0x08000191   Thumb Code     0  entry8a.o(.ARM.Collect$$$$00000009)
    _main_cpp_init                           0x08000195   Thumb Code     0  entry8b.o(.ARM.Collect$$$$0000000A)
    _main_init                               0x08000195   Thumb Code     0  entry9a.o(.ARM.Collect$$$$0000000B)
    __rt_final_cpp                           0x0800019d   Thumb Code     0  entry10a.o(.ARM.Collect$$$$0000000D)
    __rt_final_exit                          0x0800019d   Thumb Code     0  entry11a.o(.ARM.Collect$$$$0000000F)
    Reset_Handler                            0x080001a1   Thumb Code     8  startup_stm32f407xx.o(.text)
    ADC_IRQHandler                           0x080001bb   Thumb Code     0  startup_stm32f407xx.o(.text)
    CAN1_RX0_IRQHandler                      0x080001bb   Thumb Code     0  startup_stm32f407xx.o(.text)
    CAN1_RX1_IRQHandler                      0x080001bb   Thumb Code     0  startup_stm32f407xx.o(.text)
    CAN1_SCE_IRQHandler                      0x080001bb   Thumb Code     0  startup_stm32f407xx.o(.text)
    CAN1_TX_IRQHandler                       0x080001bb   Thumb Code     0  startup_stm32f407xx.o(.text)
    CAN2_RX0_IRQHandler                      0x080001bb   Thumb Code     0  startup_stm32f407xx.o(.text)
    CAN2_RX1_IRQHandler                      0x080001bb   Thumb Code     0  startup_stm32f407xx.o(.text)
    CAN2_SCE_IRQHandler                      0x080001bb   Thumb Code     0  startup_stm32f407xx.o(.text)
    CAN2_TX_IRQHandler                       0x080001bb   Thumb Code     0  startup_stm32f407xx.o(.text)
    DCMI_IRQHandler                          0x080001bb   Thumb Code     0  startup_stm32f407xx.o(.text)
    DMA1_Stream0_IRQHandler                  0x080001bb   Thumb Code     0  startup_stm32f407xx.o(.text)
    DMA1_Stream1_IRQHandler                  0x080001bb   Thumb Code     0  startup_stm32f407xx.o(.text)
    DMA1_Stream2_IRQHandler                  0x080001bb   Thumb Code     0  startup_stm32f407xx.o(.text)
    DMA1_Stream3_IRQHandler                  0x080001bb   Thumb Code     0  startup_stm32f407xx.o(.text)
    DMA1_Stream4_IRQHandler                  0x080001bb   Thumb Code     0  startup_stm32f407xx.o(.text)
    DMA1_Stream5_IRQHandler                  0x080001bb   Thumb Code     0  startup_stm32f407xx.o(.text)
    DMA1_Stream6_IRQHandler                  0x080001bb   Thumb Code     0  startup_stm32f407xx.o(.text)
    DMA1_Stream7_IRQHandler                  0x080001bb   Thumb Code     0  startup_stm32f407xx.o(.text)
    DMA2_Stream0_IRQHandler                  0x080001bb   Thumb Code     0  startup_stm32f407xx.o(.text)
    DMA2_Stream1_IRQHandler                  0x080001bb   Thumb Code     0  startup_stm32f407xx.o(.text)
    DMA2_Stream2_IRQHandler                  0x080001bb   Thumb Code     0  startup_stm32f407xx.o(.text)
    DMA2_Stream3_IRQHandler                  0x080001bb   Thumb Code     0  startup_stm32f407xx.o(.text)
    DMA2_Stream4_IRQHandler                  0x080001bb   Thumb Code     0  startup_stm32f407xx.o(.text)
    DMA2_Stream5_IRQHandler                  0x080001bb   Thumb Code     0  startup_stm32f407xx.o(.text)
    DMA2_Stream6_IRQHandler                  0x080001bb   Thumb Code     0  startup_stm32f407xx.o(.text)
    DMA2_Stream7_IRQHandler                  0x080001bb   Thumb Code     0  startup_stm32f407xx.o(.text)
    ETH_IRQHandler                           0x080001bb   Thumb Code     0  startup_stm32f407xx.o(.text)
    ETH_WKUP_IRQHandler                      0x080001bb   Thumb Code     0  startup_stm32f407xx.o(.text)
    EXTI0_IRQHandler                         0x080001bb   Thumb Code     0  startup_stm32f407xx.o(.text)
    EXTI15_10_IRQHandler                     0x080001bb   Thumb Code     0  startup_stm32f407xx.o(.text)
    EXTI1_IRQHandler                         0x080001bb   Thumb Code     0  startup_stm32f407xx.o(.text)
    EXTI2_IRQHandler                         0x080001bb   Thumb Code     0  startup_stm32f407xx.o(.text)
    EXTI3_IRQHandler                         0x080001bb   Thumb Code     0  startup_stm32f407xx.o(.text)
    EXTI4_IRQHandler                         0x080001bb   Thumb Code     0  startup_stm32f407xx.o(.text)
    EXTI9_5_IRQHandler                       0x080001bb   Thumb Code     0  startup_stm32f407xx.o(.text)
    FLASH_IRQHandler                         0x080001bb   Thumb Code     0  startup_stm32f407xx.o(.text)
    FMC_IRQHandler                           0x080001bb   Thumb Code     0  startup_stm32f407xx.o(.text)
    FPU_IRQHandler                           0x080001bb   Thumb Code     0  startup_stm32f407xx.o(.text)
    HASH_RNG_IRQHandler                      0x080001bb   Thumb Code     0  startup_stm32f407xx.o(.text)
    I2C1_ER_IRQHandler                       0x080001bb   Thumb Code     0  startup_stm32f407xx.o(.text)
    I2C1_EV_IRQHandler                       0x080001bb   Thumb Code     0  startup_stm32f407xx.o(.text)
    I2C2_ER_IRQHandler                       0x080001bb   Thumb Code     0  startup_stm32f407xx.o(.text)
    I2C2_EV_IRQHandler                       0x080001bb   Thumb Code     0  startup_stm32f407xx.o(.text)
    I2C3_ER_IRQHandler                       0x080001bb   Thumb Code     0  startup_stm32f407xx.o(.text)
    I2C3_EV_IRQHandler                       0x080001bb   Thumb Code     0  startup_stm32f407xx.o(.text)
    OTG_FS_IRQHandler                        0x080001bb   Thumb Code     0  startup_stm32f407xx.o(.text)
    OTG_FS_WKUP_IRQHandler                   0x080001bb   Thumb Code     0  startup_stm32f407xx.o(.text)
    OTG_HS_EP1_IN_IRQHandler                 0x080001bb   Thumb Code     0  startup_stm32f407xx.o(.text)
    OTG_HS_EP1_OUT_IRQHandler                0x080001bb   Thumb Code     0  startup_stm32f407xx.o(.text)
    OTG_HS_IRQHandler                        0x080001bb   Thumb Code     0  startup_stm32f407xx.o(.text)
    OTG_HS_WKUP_IRQHandler                   0x080001bb   Thumb Code     0  startup_stm32f407xx.o(.text)
    PVD_IRQHandler                           0x080001bb   Thumb Code     0  startup_stm32f407xx.o(.text)
    RCC_IRQHandler                           0x080001bb   Thumb Code     0  startup_stm32f407xx.o(.text)
    RTC_Alarm_IRQHandler                     0x080001bb   Thumb Code     0  startup_stm32f407xx.o(.text)
    RTC_WKUP_IRQHandler                      0x080001bb   Thumb Code     0  startup_stm32f407xx.o(.text)
    SDIO_IRQHandler                          0x080001bb   Thumb Code     0  startup_stm32f407xx.o(.text)
    SPI1_IRQHandler                          0x080001bb   Thumb Code     0  startup_stm32f407xx.o(.text)
    SPI2_IRQHandler                          0x080001bb   Thumb Code     0  startup_stm32f407xx.o(.text)
    SPI3_IRQHandler                          0x080001bb   Thumb Code     0  startup_stm32f407xx.o(.text)
    TAMP_STAMP_IRQHandler                    0x080001bb   Thumb Code     0  startup_stm32f407xx.o(.text)
    TIM1_BRK_TIM9_IRQHandler                 0x080001bb   Thumb Code     0  startup_stm32f407xx.o(.text)
    TIM1_CC_IRQHandler                       0x080001bb   Thumb Code     0  startup_stm32f407xx.o(.text)
    TIM1_TRG_COM_TIM11_IRQHandler            0x080001bb   Thumb Code     0  startup_stm32f407xx.o(.text)
    TIM1_UP_TIM10_IRQHandler                 0x080001bb   Thumb Code     0  startup_stm32f407xx.o(.text)
    TIM2_IRQHandler                          0x080001bb   Thumb Code     0  startup_stm32f407xx.o(.text)
    TIM3_IRQHandler                          0x080001bb   Thumb Code     0  startup_stm32f407xx.o(.text)
    TIM4_IRQHandler                          0x080001bb   Thumb Code     0  startup_stm32f407xx.o(.text)
    TIM5_IRQHandler                          0x080001bb   Thumb Code     0  startup_stm32f407xx.o(.text)
    TIM6_DAC_IRQHandler                      0x080001bb   Thumb Code     0  startup_stm32f407xx.o(.text)
    TIM7_IRQHandler                          0x080001bb   Thumb Code     0  startup_stm32f407xx.o(.text)
    TIM8_BRK_TIM12_IRQHandler                0x080001bb   Thumb Code     0  startup_stm32f407xx.o(.text)
    TIM8_CC_IRQHandler                       0x080001bb   Thumb Code     0  startup_stm32f407xx.o(.text)
    TIM8_TRG_COM_TIM14_IRQHandler            0x080001bb   Thumb Code     0  startup_stm32f407xx.o(.text)
    TIM8_UP_TIM13_IRQHandler                 0x080001bb   Thumb Code     0  startup_stm32f407xx.o(.text)
    UART4_IRQHandler                         0x080001bb   Thumb Code     0  startup_stm32f407xx.o(.text)
    UART5_IRQHandler                         0x080001bb   Thumb Code     0  startup_stm32f407xx.o(.text)
    USART1_IRQHandler                        0x080001bb   Thumb Code     0  startup_stm32f407xx.o(.text)
    USART2_IRQHandler                        0x080001bb   Thumb Code     0  startup_stm32f407xx.o(.text)
    USART3_IRQHandler                        0x080001bb   Thumb Code     0  startup_stm32f407xx.o(.text)
    USART6_IRQHandler                        0x080001bb   Thumb Code     0  startup_stm32f407xx.o(.text)
    WWDG_IRQHandler                          0x080001bb   Thumb Code     0  startup_stm32f407xx.o(.text)
    __aeabi_uldivmod                         0x080001c5   Thumb Code    98  uldiv.o(.text)
    __aeabi_memset                           0x08000227   Thumb Code    14  memseta.o(.text)
    __aeabi_memset4                          0x08000227   Thumb Code     0  memseta.o(.text)
    __aeabi_memset8                          0x08000227   Thumb Code     0  memseta.o(.text)
    __aeabi_memclr                           0x08000235   Thumb Code     4  memseta.o(.text)
    __aeabi_memclr4                          0x08000235   Thumb Code     0  memseta.o(.text)
    __aeabi_memclr8                          0x08000235   Thumb Code     0  memseta.o(.text)
    _memset$wrapper                          0x08000239   Thumb Code    18  memseta.o(.text)
    __cpp_initialize__aeabi_                 0x0800024d   Thumb Code    22  cpp_init.o(.text)
    __aeabi_llsl                             0x0800026d   Thumb Code    30  llshl.o(.text)
    _ll_shift_l                              0x0800026d   Thumb Code     0  llshl.o(.text)
    __aeabi_llsr                             0x0800028b   Thumb Code    32  llushr.o(.text)
    _ll_ushift_r                             0x0800028b   Thumb Code     0  llushr.o(.text)
    __rt_SIGPVFN                             0x080002ab   Thumb Code     2  cpp_signal.o(.text)
    __scatterload                            0x080002ad   Thumb Code    28  init.o(.text)
    __scatterload_rt2                        0x080002ad   Thumb Code     0  init.o(.text)
    __decompress                             0x080002d1   Thumb Code     0  __dczerorl2.o(.text)
    __decompress1                            0x080002d1   Thumb Code    86  __dczerorl2.o(.text)
    BusFault_Handler                         0x08000327   Thumb Code     2  stm32f4xx_it.o(i.BusFault_Handler)
    DebugMon_Handler                         0x08000329   Thumb Code     2  stm32f4xx_it.o(i.DebugMon_Handler)
    HAL_Delay                                0x0800032d   Thumb Code    32  stm32f4xx_hal.o(i.HAL_Delay)
    HAL_GPIO_Init                            0x08000351   Thumb Code   394  stm32f4xx_hal_gpio.o(i.HAL_GPIO_Init)
    HAL_GPIO_TogglePin                       0x08000509   Thumb Code    14  stm32f4xx_hal_gpio.o(i.HAL_GPIO_TogglePin)
    HAL_GPIO_WritePin                        0x08000517   Thumb Code    10  stm32f4xx_hal_gpio.o(i.HAL_GPIO_WritePin)
    HAL_GetTick                              0x08000521   Thumb Code     6  stm32f4xx_hal.o(i.HAL_GetTick)
    HAL_I2C_Init                             0x0800052d   Thumb Code   376  stm32f4xx_hal_i2c.o(i.HAL_I2C_Init)
    HAL_I2C_Master_Transmit                  0x080006b5   Thumb Code   290  stm32f4xx_hal_i2c.o(i.HAL_I2C_Master_Transmit)
    HAL_I2C_MspInit                          0x080007e1   Thumb Code   154  stm32f4xx_hal_msp.o(i.HAL_I2C_MspInit)
    HAL_IncTick                              0x0800088d   Thumb Code    12  stm32f4xx_hal.o(i.HAL_IncTick)
    HAL_Init                                 0x0800089d   Thumb Code    48  stm32f4xx_hal.o(i.HAL_Init)
    HAL_InitTick                             0x080008d1   Thumb Code    54  stm32f4xx_hal.o(i.HAL_InitTick)
    HAL_MspInit                              0x08000911   Thumb Code    42  stm32f4xx_hal_msp.o(i.HAL_MspInit)
    HAL_NVIC_SetPriority                     0x08000941   Thumb Code    60  stm32f4xx_hal_cortex.o(i.HAL_NVIC_SetPriority)
    HAL_NVIC_SetPriorityGrouping             0x08000981   Thumb Code    26  stm32f4xx_hal_cortex.o(i.HAL_NVIC_SetPriorityGrouping)
    HAL_RCC_ClockConfig                      0x080009a5   Thumb Code   288  stm32f4xx_hal_rcc.o(i.HAL_RCC_ClockConfig)
    HAL_RCC_GetPCLK1Freq                     0x08000ad9   Thumb Code    20  stm32f4xx_hal_rcc.o(i.HAL_RCC_GetPCLK1Freq)
    HAL_RCC_GetSysClockFreq                  0x08000af9   Thumb Code    88  stm32f4xx_hal_rcc.o(i.HAL_RCC_GetSysClockFreq)
    HAL_RCC_OscConfig                        0x08000b59   Thumb Code   834  stm32f4xx_hal_rcc.o(i.HAL_RCC_OscConfig)
    HAL_SYSTICK_Config                       0x08000eb5   Thumb Code    40  stm32f4xx_hal_cortex.o(i.HAL_SYSTICK_Config)
    HardFault_Handler                        0x08000edd   Thumb Code     2  stm32f4xx_it.o(i.HardFault_Handler)
    MemManage_Handler                        0x0800113f   Thumb Code     2  stm32f4xx_it.o(i.MemManage_Handler)
    NMI_Handler                              0x08001141   Thumb Code     2  stm32f4xx_it.o(i.NMI_Handler)
    PendSV_Handler                           0x08001143   Thumb Code     2  stm32f4xx_it.o(i.PendSV_Handler)
    SVC_Handler                              0x08001145   Thumb Code     2  stm32f4xx_it.o(i.SVC_Handler)
    SysTick_Handler                          0x08001147   Thumb Code     4  stm32f4xx_it.o(i.SysTick_Handler)
    SystemInit                               0x0800114d   Thumb Code    22  system_stm32f4xx.o(i.SystemInit)
    UsageFault_Handler                       0x08001169   Thumb Code     2  stm32f4xx_it.o(i.UsageFault_Handler)
    testdrawline()                           0x0800116d   Thumb Code   486  main.o(i._Z12testdrawlinev)
    testdrawrect()                           0x08001359   Thumb Code    86  main.o(i._Z12testdrawrectv)
    testfillrect()                           0x080013b5   Thumb Code    94  main.o(i._Z12testfillrectv)
    testdrawcircle()                         0x08001419   Thumb Code    72  main.o(i._Z14testdrawcirclev)
    testdrawtriangle()                       0x08001465   Thumb Code   188  main.o(i._Z16testdrawtrianglev)
    testfilltriangle()                       0x08001525   Thumb Code   198  main.o(i._Z16testfilltrianglev)
    testdrawroundrect()                      0x080015f1   Thumb Code   110  main.o(i._Z17testdrawroundrectv)
    testfillroundrect()                      0x08001665   Thumb Code   120  main.o(i._Z17testfillroundrectv)
    SystemClock_Config()                     0x080016e1   Thumb Code   124  main.o(i._Z18SystemClock_Configv)
    Adafruit_GFX::drawBitmap(short, short, const unsigned char*, short, short, unsigned short) 0x08001765   Thumb Code   108  adafruit_gfx.o(i._ZN12Adafruit_GFX10drawBitmapEssPKhsst)
    Adafruit_GFX::drawCircle(short, short, short, unsigned short) 0x080017d1   Thumb Code   316  adafruit_gfx.o(i._ZN12Adafruit_GFX10drawCircleEssst)
    Adafruit_GFX::fillCircle(short, short, short, unsigned short) 0x0800190d   Thumb Code    64  adafruit_gfx.o(i._ZN12Adafruit_GFX10fillCircleEssst)
    Adafruit_GFX::setTextSize(unsigned char) 0x0800194d   Thumb Code     8  adafruit_gfx.o(i._ZN12Adafruit_GFX11setTextSizeEh)
    Adafruit_GFX::drawTriangle(short, short, short, short, short, short, unsigned short) 0x08001955   Thumb Code    76  adafruit_gfx.o(i._ZN12Adafruit_GFX12drawTriangleEsssssst)
    Adafruit_GFX::fillTriangle(short, short, short, short, short, short, unsigned short) 0x080019a1   Thumb Code   358  adafruit_gfx.o(i._ZN12Adafruit_GFX12fillTriangleEsssssst)
    Adafruit_GFX::setTextColor(unsigned short) 0x08001b07   Thumb Code     6  adafruit_gfx.o(i._ZN12Adafruit_GFX12setTextColorEt)
    Adafruit_GFX::drawFastHLine(short, short, short, unsigned short) 0x08001b0d   Thumb Code    22  adafruit_gfx.o(i._ZN12Adafruit_GFX13drawFastHLineEssst)
    Adafruit_GFX::drawFastVLine(short, short, short, unsigned short) 0x08001b23   Thumb Code    24  adafruit_gfx.o(i._ZN12Adafruit_GFX13drawFastVLineEssst)
    Adafruit_GFX::drawRoundRect(short, short, short, short, short, unsigned short) 0x08001b3b   Thumb Code   228  adafruit_gfx.o(i._ZN12Adafruit_GFX13drawRoundRectEssssst)
    Adafruit_GFX::fillRoundRect(short, short, short, short, short, unsigned short) 0x08001c1f   Thumb Code   120  adafruit_gfx.o(i._ZN12Adafruit_GFX13fillRoundRectEssssst)
    Adafruit_GFX::drawCircleHelper(short, short, short, unsigned char, unsigned short) 0x08001c99   Thumb Code   296  adafruit_gfx.o(i._ZN12Adafruit_GFX16drawCircleHelperEsssht)
    Adafruit_GFX::fillCircleHelper(short, short, short, unsigned char, short, unsigned short) 0x08001dc1   Thumb Code   234  adafruit_gfx.o(i._ZN12Adafruit_GFX16fillCircleHelperEssshst)
    Adafruit_GFX::drawLine(short, short, short, short, unsigned short) 0x08001ead   Thumb Code   172  adafruit_gfx.o(i._ZN12Adafruit_GFX8drawLineEsssst)
    Adafruit_GFX::drawRect(short, short, short, short, unsigned short) 0x08001f59   Thumb Code    94  adafruit_gfx.o(i._ZN12Adafruit_GFX8drawRectEsssst)
    Adafruit_GFX::fillRect(short, short, short, short, unsigned short) 0x08001fb7   Thumb Code    48  adafruit_gfx.o(i._ZN12Adafruit_GFX8fillRectEsssst)
    Adafruit_GFX::setCursor(short, short)    0x08001fe7   Thumb Code     6  adafruit_gfx.o(i._ZN12Adafruit_GFX9setCursorEss)
    Adafruit_GFX::Adafruit_GFX__sub_object(short, short) 0x08001fed   Thumb Code    36  adafruit_gfx.o(i._ZN12Adafruit_GFXC2Ess)
    Adafruit_SSD1306::clearDisplay()         0x08002015   Thumb Code    12  adafruit_ssd1306.o(i._ZN16Adafruit_SSD130612clearDisplayEv)
    Adafruit_SSD1306::ssd1306_data(unsigned short) 0x08002025   Thumb Code    56  adafruit_ssd1306.o(i._ZN16Adafruit_SSD130612ssd1306_dataEt)
    Adafruit_SSD1306::drawFastHLine(short, short, short, unsigned short) 0x08002061   Thumb Code   418  adafruit_ssd1306.o(i._ZN16Adafruit_SSD130613drawFastHLineEssst)
    Adafruit_SSD1306::drawFastVLine(short, short, short, unsigned short) 0x08002211   Thumb Code   408  adafruit_ssd1306.o(i._ZN16Adafruit_SSD130613drawFastVLineEssst)
    Adafruit_SSD1306::invertDisplay(unsigned char) 0x080023b5   Thumb Code    12  adafruit_ssd1306.o(i._ZN16Adafruit_SSD130613invertDisplayEh)
    Adafruit_SSD1306::ssd1306_command(unsigned char) 0x080023c1   Thumb Code    34  adafruit_ssd1306.o(i._ZN16Adafruit_SSD130615ssd1306_commandEh)
    Adafruit_SSD1306::begin(unsigned char, unsigned char, bool) 0x080023e9   Thumb Code   236  adafruit_ssd1306.o(i._ZN16Adafruit_SSD13065beginEhhb)
    Adafruit_SSD1306::memset(unsigned char*, unsigned short, unsigned short) 0x080024d5   Thumb Code    16  adafruit_ssd1306.o(i._ZN16Adafruit_SSD13066memsetEPhtt)
    Adafruit_SSD1306::printf(const char*)    0x080024e5   Thumb Code   114  adafruit_ssd1306.o(i._ZN16Adafruit_SSD13066printfEPKc)
    Adafruit_SSD1306::display()              0x08002561   Thumb Code    74  adafruit_ssd1306.o(i._ZN16Adafruit_SSD13067displayEv)
    Adafruit_SSD1306::drawPixel(short, short, unsigned short) 0x080025ad   Thumb Code   192  adafruit_ssd1306.o(i._ZN16Adafruit_SSD13069drawPixelEsst)
    Adafruit_SSD1306::Adafruit_SSD1306(__I2C_HandleTypeDef*, signed char) 0x08002671   Thumb Code    34  adafruit_ssd1306.o(i._ZN16Adafruit_SSD1306C1EP19__I2C_HandleTypeDefa)
    Adafruit_SSD1306::Adafruit_SSD1306__sub_object(__I2C_HandleTypeDef*, signed char) 0x08002671   Thumb Code     0  adafruit_ssd1306.o(i._ZN16Adafruit_SSD1306C1EP19__I2C_HandleTypeDefa)
    Adafruit_GFX::getRotation() const        0x08002699   Thumb Code     4  adafruit_gfx.o(i._ZNK12Adafruit_GFX11getRotationEv)
    Adafruit_GFX::width() const              0x0800269d   Thumb Code     6  adafruit_gfx.o(i._ZNK12Adafruit_GFX5widthEv)
    Adafruit_GFX::height() const             0x080026a3   Thumb Code     6  adafruit_gfx.o(i._ZNK12Adafruit_GFX6heightEv)
    __cxa_pure_virtual                       0x080026c9   Thumb Code     6  pure_virt.o(i.__cxa_pure_virtual)
    __scatterload_copy                       0x080026cf   Thumb Code    14  handlers.o(i.__scatterload_copy)
    __scatterload_null                       0x080026dd   Thumb Code     2  handlers.o(i.__scatterload_null)
    __scatterload_zeroinit                   0x080026df   Thumb Code    14  handlers.o(i.__scatterload_zeroinit)
    main                                     0x08002711   Thumb Code   712  main.o(i.main)
    AHBPrescTable                            0x08003014   Data          16  system_stm32f4xx.o(.constdata)
    APBPrescTable                            0x08003024   Data           8  system_stm32f4xx.o(.constdata)
    vtable for Adafruit_GFX                  0x0800302c   Data          40  adafruit_gfx.o(.constdata__ZTV12Adafruit_GFX)
    vtable for Adafruit_SSD1306              0x08003054   Data          40  adafruit_ssd1306.o(.constdata__ZTV16Adafruit_SSD1306)
    Region$$Table$$Base                      0x0800307c   Number         0  anon$$obj.o(Region$$Table)
    Region$$Table$$Limit                     0x0800309c   Number         0  anon$$obj.o(Region$$Table)
    SHT$$INIT_ARRAY$$Base                    0x0800309c   Number         0  main.o(.init_array)
    SHT$$INIT_ARRAY$$Limit                   0x080030a0   Number         0  cpp_init.o(.init_array)
    Buffer_CMD                               0x20000000   Data           2  adafruit_ssd1306.o(.data)
    Buffer_DATA                              0x20000002   Data         129  adafruit_ssd1306.o(.data)
    uwTickFreq                               0x20000284   Data           1  stm32f4xx_hal.o(.data)
    uwTickPrio                               0x20000288   Data           4  stm32f4xx_hal.o(.data)
    uwTick                                   0x2000028c   Data           4  stm32f4xx_hal.o(.data)
    SystemCoreClock                          0x20000290   Data           4  system_stm32f4xx.o(.data)
    Adafruit_SSD1306::drawFastVLineInternal(short, short, short, unsigned short)::premask 0x20000294   Data           8  adafruit_ssd1306.o(.data__ZZN16Adafruit_SSD130621drawFastVLineInternalEssstE7premask)
    Adafruit_SSD1306::drawFastVLineInternal(short, short, short, unsigned short)::postmask 0x2000029c   Data           8  adafruit_ssd1306.o(.data__ZZN16Adafruit_SSD130621drawFastVLineInternalEssstE8postmask)
    hi2c1                                    0x200002a4   Data          84  main.o(.bss)
    hi2c2                                    0x200002f8   Data          84  main.o(.bss)
    display_top                              0x2000034c   Data          36  main.o(.bss)
    display_bottom                           0x20000370   Data          36  main.o(.bss)
    __initial_sp                             0x20000798   Data           0  startup_stm32f407xx.o(STACK)



==============================================================================

Memory Map of the image

  Image Entry point : 0x08000189

  Load Region LR_IROM1 (Base: 0x08000000, Size: 0x00003344, Max: 0x00100000, ABSOLUTE, COMPRESSED[0x000031a4])

    Execution Region ER_IROM1 (Exec base: 0x08000000, Load base: 0x08000000, Size: 0x000030a0, Max: 0x00100000, ABSOLUTE)

    Exec Addr    Load Addr    Size         Type   Attr      Idx    E Section Name        Object

    0x08000000   0x08000000   0x00000188   Data   RO            3    RESET               startup_stm32f407xx.o
    0x08000188   0x08000188   0x00000000   Code   RO         2568  * .ARM.Collect$$$$00000000  mc_w.l(entry.o)
    0x08000188   0x08000188   0x00000004   Code   RO         2596    .ARM.Collect$$$$00000001  mc_w.l(entry2.o)
    0x0800018c   0x0800018c   0x00000004   Code   RO         2599    .ARM.Collect$$$$00000004  mc_w.l(entry5.o)
    0x08000190   0x08000190   0x00000000   Code   RO         2601    .ARM.Collect$$$$00000008  mc_w.l(entry7b.o)
    0x08000190   0x08000190   0x00000004   Code   RO         2602    .ARM.Collect$$$$00000009  mc_w.l(entry8a.o)
    0x08000194   0x08000194   0x00000000   Code   RO         2603    .ARM.Collect$$$$0000000A  mc_w.l(entry8b.o)
    0x08000194   0x08000194   0x00000008   Code   RO         2604    .ARM.Collect$$$$0000000B  mc_w.l(entry9a.o)
    0x0800019c   0x0800019c   0x00000000   Code   RO         2606    .ARM.Collect$$$$0000000D  mc_w.l(entry10a.o)
    0x0800019c   0x0800019c   0x00000000   Code   RO         2608    .ARM.Collect$$$$0000000F  mc_w.l(entry11a.o)
    0x0800019c   0x0800019c   0x00000004   Code   RO         2597    .ARM.Collect$$$$00002712  mc_w.l(entry2.o)
    0x080001a0   0x080001a0   0x00000024   Code   RO            4    .text               startup_stm32f407xx.o
    0x080001c4   0x080001c4   0x00000062   Code   RO         2571    .text               mc_w.l(uldiv.o)
    0x08000226   0x08000226   0x00000024   Code   RO         2576    .text               mc_w.l(memseta.o)
    0x0800024a   0x0800024a   0x00000002   PAD
    0x0800024c   0x0800024c   0x00000020   Code   RO         2581    .text               mc_w.l(cpp_init.o)
    0x0800026c   0x0800026c   0x0000001e   Code   RO         2610    .text               mc_w.l(llshl.o)
    0x0800028a   0x0800028a   0x00000020   Code   RO         2612    .text               mc_w.l(llushr.o)
    0x080002aa   0x080002aa   0x00000002   Code   RO         2614    .text               mc_w.l(cpp_signal.o)
    0x080002ac   0x080002ac   0x00000024   Code   RO         2629    .text               mc_w.l(init.o)
    0x080002d0   0x080002d0   0x00000056   Code   RO         2681    .text               mc_w.l(__dczerorl2.o)
    0x08000326   0x08000326   0x00000002   Code   RO          606    i.BusFault_Handler  stm32f4xx_it.o
    0x08000328   0x08000328   0x00000002   Code   RO          607    i.DebugMon_Handler  stm32f4xx_it.o
    0x0800032a   0x0800032a   0x00000002   PAD
    0x0800032c   0x0800032c   0x00000024   Code   RO         2137    i.HAL_Delay         stm32f4xx_hal.o
    0x08000350   0x08000350   0x000001b8   Code   RO         1611    i.HAL_GPIO_Init     stm32f4xx_hal_gpio.o
    0x08000508   0x08000508   0x0000000e   Code   RO         1614    i.HAL_GPIO_TogglePin  stm32f4xx_hal_gpio.o
    0x08000516   0x08000516   0x0000000a   Code   RO         1615    i.HAL_GPIO_WritePin  stm32f4xx_hal_gpio.o
    0x08000520   0x08000520   0x0000000c   Code   RO         2143    i.HAL_GetTick       stm32f4xx_hal.o
    0x0800052c   0x0800052c   0x00000188   Code   RO          822    i.HAL_I2C_Init      stm32f4xx_hal_i2c.o
    0x080006b4   0x080006b4   0x0000012c   Code   RO          835    i.HAL_I2C_Master_Transmit  stm32f4xx_hal_i2c.o
    0x080007e0   0x080007e0   0x000000ac   Code   RO          776    i.HAL_I2C_MspInit   stm32f4xx_hal_msp.o
    0x0800088c   0x0800088c   0x00000010   Code   RO         2149    i.HAL_IncTick       stm32f4xx_hal.o
    0x0800089c   0x0800089c   0x00000034   Code   RO         2150    i.HAL_Init          stm32f4xx_hal.o
    0x080008d0   0x080008d0   0x00000040   Code   RO         2151    i.HAL_InitTick      stm32f4xx_hal.o
    0x08000910   0x08000910   0x00000030   Code   RO          777    i.HAL_MspInit       stm32f4xx_hal_msp.o
    0x08000940   0x08000940   0x00000040   Code   RO         2006    i.HAL_NVIC_SetPriority  stm32f4xx_hal_cortex.o
    0x08000980   0x08000980   0x00000024   Code   RO         2007    i.HAL_NVIC_SetPriorityGrouping  stm32f4xx_hal_cortex.o
    0x080009a4   0x080009a4   0x00000134   Code   RO         1257    i.HAL_RCC_ClockConfig  stm32f4xx_hal_rcc.o
    0x08000ad8   0x08000ad8   0x00000020   Code   RO         1264    i.HAL_RCC_GetPCLK1Freq  stm32f4xx_hal_rcc.o
    0x08000af8   0x08000af8   0x00000060   Code   RO         1266    i.HAL_RCC_GetSysClockFreq  stm32f4xx_hal_rcc.o
    0x08000b58   0x08000b58   0x0000035c   Code   RO         1269    i.HAL_RCC_OscConfig  stm32f4xx_hal_rcc.o
    0x08000eb4   0x08000eb4   0x00000028   Code   RO         2011    i.HAL_SYSTICK_Config  stm32f4xx_hal_cortex.o
    0x08000edc   0x08000edc   0x00000002   Code   RO          608    i.HardFault_Handler  stm32f4xx_it.o
    0x08000ede   0x08000ede   0x0000002e   Code   RO          864    i.I2C_IsAcknowledgeFailed  stm32f4xx_hal_i2c.o
    0x08000f0c   0x08000f0c   0x0000009c   Code   RO          868    i.I2C_MasterRequestWrite  stm32f4xx_hal_i2c.o
    0x08000fa8   0x08000fa8   0x0000004c   Code   RO          878    i.I2C_WaitOnBTFFlagUntilTimeout  stm32f4xx_hal_i2c.o
    0x08000ff4   0x08000ff4   0x00000068   Code   RO          879    i.I2C_WaitOnFlagUntilTimeout  stm32f4xx_hal_i2c.o
    0x0800105c   0x0800105c   0x00000096   Code   RO          880    i.I2C_WaitOnMasterAddressFlagUntilTimeout  stm32f4xx_hal_i2c.o
    0x080010f2   0x080010f2   0x0000004c   Code   RO          882    i.I2C_WaitOnTXEFlagUntilTimeout  stm32f4xx_hal_i2c.o
    0x0800113e   0x0800113e   0x00000002   Code   RO          609    i.MemManage_Handler  stm32f4xx_it.o
    0x08001140   0x08001140   0x00000002   Code   RO          610    i.NMI_Handler       stm32f4xx_it.o
    0x08001142   0x08001142   0x00000002   Code   RO          611    i.PendSV_Handler    stm32f4xx_it.o
    0x08001144   0x08001144   0x00000002   Code   RO          612    i.SVC_Handler       stm32f4xx_it.o
    0x08001146   0x08001146   0x00000004   Code   RO          613    i.SysTick_Handler   stm32f4xx_it.o
    0x0800114a   0x0800114a   0x00000002   PAD
    0x0800114c   0x0800114c   0x0000001c   Code   RO         2425    i.SystemInit        system_stm32f4xx.o
    0x08001168   0x08001168   0x00000002   Code   RO          614    i.UsageFault_Handler  stm32f4xx_it.o
    0x0800116a   0x0800116a   0x00000002   PAD
    0x0800116c   0x0800116c   0x000001ec   Code   RO          487    i._Z12testdrawlinev  main.o
    0x08001358   0x08001358   0x0000005c   Code   RO          488    i._Z12testdrawrectv  main.o
    0x080013b4   0x080013b4   0x00000064   Code   RO          489    i._Z12testfillrectv  main.o
    0x08001418   0x08001418   0x0000004c   Code   RO          491    i._Z14testdrawcirclev  main.o
    0x08001464   0x08001464   0x000000c0   Code   RO          492    i._Z16testdrawtrianglev  main.o
    0x08001524   0x08001524   0x000000cc   Code   RO          493    i._Z16testfilltrianglev  main.o
    0x080015f0   0x080015f0   0x00000074   Code   RO          494    i._Z17testdrawroundrectv  main.o
    0x08001664   0x08001664   0x0000007c   Code   RO          495    i._Z17testfillroundrectv  main.o
    0x080016e0   0x080016e0   0x00000084   Code   RO          496    i._Z18SystemClock_Configv  main.o
    0x08001764   0x08001764   0x0000006c   Code   RO           13    i._ZN12Adafruit_GFX10drawBitmapEssPKhsst  adafruit_gfx.o
    0x080017d0   0x080017d0   0x0000013c   Code   RO           15    i._ZN12Adafruit_GFX10drawCircleEssst  adafruit_gfx.o
    0x0800190c   0x0800190c   0x00000040   Code   RO           16    i._ZN12Adafruit_GFX10fillCircleEssst  adafruit_gfx.o
    0x0800194c   0x0800194c   0x00000008   Code   RO           20    i._ZN12Adafruit_GFX11setTextSizeEh  adafruit_gfx.o
    0x08001954   0x08001954   0x0000004c   Code   RO           22    i._ZN12Adafruit_GFX12drawTriangleEsssssst  adafruit_gfx.o
    0x080019a0   0x080019a0   0x00000166   Code   RO           23    i._ZN12Adafruit_GFX12fillTriangleEsssssst  adafruit_gfx.o
    0x08001b06   0x08001b06   0x00000006   Code   RO           24    i._ZN12Adafruit_GFX12setTextColorEt  adafruit_gfx.o
    0x08001b0c   0x08001b0c   0x00000016   Code   RO           26    i._ZN12Adafruit_GFX13drawFastHLineEssst  adafruit_gfx.o
    0x08001b22   0x08001b22   0x00000018   Code   RO           27    i._ZN12Adafruit_GFX13drawFastVLineEssst  adafruit_gfx.o
    0x08001b3a   0x08001b3a   0x000000e4   Code   RO           28    i._ZN12Adafruit_GFX13drawRoundRectEssssst  adafruit_gfx.o
    0x08001c1e   0x08001c1e   0x00000078   Code   RO           29    i._ZN12Adafruit_GFX13fillRoundRectEssssst  adafruit_gfx.o
    0x08001c96   0x08001c96   0x00000002   PAD
    0x08001c98   0x08001c98   0x00000128   Code   RO           30    i._ZN12Adafruit_GFX16drawCircleHelperEsssht  adafruit_gfx.o
    0x08001dc0   0x08001dc0   0x000000ea   Code   RO           31    i._ZN12Adafruit_GFX16fillCircleHelperEssshst  adafruit_gfx.o
    0x08001eaa   0x08001eaa   0x00000002   PAD
    0x08001eac   0x08001eac   0x000000ac   Code   RO           34    i._ZN12Adafruit_GFX8drawLineEsssst  adafruit_gfx.o
    0x08001f58   0x08001f58   0x0000005e   Code   RO           35    i._ZN12Adafruit_GFX8drawRectEsssst  adafruit_gfx.o
    0x08001fb6   0x08001fb6   0x00000030   Code   RO           36    i._ZN12Adafruit_GFX8fillRectEsssst  adafruit_gfx.o
    0x08001fe6   0x08001fe6   0x00000006   Code   RO           37    i._ZN12Adafruit_GFX9setCursorEss  adafruit_gfx.o
    0x08001fec   0x08001fec   0x00000028   Code   RO           38    i._ZN12Adafruit_GFXC2Ess  adafruit_gfx.o
    0x08002014   0x08002014   0x00000010   Code   RO          331    i._ZN16Adafruit_SSD130612clearDisplayEv  adafruit_ssd1306.o
    0x08002024   0x08002024   0x0000003c   Code   RO          332    i._ZN16Adafruit_SSD130612ssd1306_dataEt  adafruit_ssd1306.o
    0x08002060   0x08002060   0x000001b0   Code   RO          333    i._ZN16Adafruit_SSD130613drawFastHLineEssst  adafruit_ssd1306.o
    0x08002210   0x08002210   0x000001a4   Code   RO          334    i._ZN16Adafruit_SSD130613drawFastVLineEssst  adafruit_ssd1306.o
    0x080023b4   0x080023b4   0x0000000c   Code   RO          335    i._ZN16Adafruit_SSD130613invertDisplayEh  adafruit_ssd1306.o
    0x080023c0   0x080023c0   0x00000028   Code   RO          336    i._ZN16Adafruit_SSD130615ssd1306_commandEh  adafruit_ssd1306.o
    0x080023e8   0x080023e8   0x000000ec   Code   RO          342    i._ZN16Adafruit_SSD13065beginEhhb  adafruit_ssd1306.o
    0x080024d4   0x080024d4   0x00000010   Code   RO          343    i._ZN16Adafruit_SSD13066memsetEPhtt  adafruit_ssd1306.o
    0x080024e4   0x080024e4   0x0000007c   Code   RO          344    i._ZN16Adafruit_SSD13066printfEPKc  adafruit_ssd1306.o
    0x08002560   0x08002560   0x0000004a   Code   RO          345    i._ZN16Adafruit_SSD13067displayEv  adafruit_ssd1306.o
    0x080025aa   0x080025aa   0x00000002   PAD
    0x080025ac   0x080025ac   0x000000c4   Code   RO          346    i._ZN16Adafruit_SSD13069drawPixelEsst  adafruit_ssd1306.o
    0x08002670   0x08002670   0x00000028   Code   RO          347    i._ZN16Adafruit_SSD1306C1EP19__I2C_HandleTypeDefa  adafruit_ssd1306.o
    0x08002698   0x08002698   0x00000004   Code   RO           39    i._ZNK12Adafruit_GFX11getRotationEv  adafruit_gfx.o
    0x0800269c   0x0800269c   0x00000006   Code   RO           40    i._ZNK12Adafruit_GFX5widthEv  adafruit_gfx.o
    0x080026a2   0x080026a2   0x00000006   Code   RO           41    i._ZNK12Adafruit_GFX6heightEv  adafruit_gfx.o
    0x080026a8   0x080026a8   0x00000020   Code   RO         2013    i.__NVIC_SetPriority  stm32f4xx_hal_cortex.o
    0x080026c8   0x080026c8   0x00000006   Code   RO         2459    i.__cxa_pure_virtual  cpprt_w.l(pure_virt.o)
    0x080026ce   0x080026ce   0x0000000e   Code   RO         2675    i.__scatterload_copy  mc_w.l(handlers.o)
    0x080026dc   0x080026dc   0x00000002   Code   RO         2676    i.__scatterload_null  mc_w.l(handlers.o)
    0x080026de   0x080026de   0x0000000e   Code   RO         2677    i.__scatterload_zeroinit  mc_w.l(handlers.o)
    0x080026ec   0x080026ec   0x00000024   Code   RO          497    i.__sti___8_main_cpp_ca8cb490  main.o
    0x08002710   0x08002710   0x000002f4   Code   RO          498    i.main              main.o
    0x08002a04   0x08002a04   0x000005f0   Data   RO          366    .constdata          adafruit_ssd1306.o
    0x08002ff4   0x08002ff4   0x00000020   Data   RO          513    .constdata          main.o
    0x08003014   0x08003014   0x00000010   Data   RO         2426    .constdata          system_stm32f4xx.o
    0x08003024   0x08003024   0x00000008   Data   RO         2427    .constdata          system_stm32f4xx.o
    0x0800302c   0x0800302c   0x00000028   Data   RO          220    .constdata__ZTV12Adafruit_GFX  adafruit_gfx.o
    0x08003054   0x08003054   0x00000028   Data   RO          455    .constdata__ZTV16Adafruit_SSD1306  adafruit_ssd1306.o
    0x0800307c   0x0800307c   0x00000020   Data   RO         2673    Region$$Table       anon$$obj.o
    0x0800309c   0x0800309c   0x00000004   Data   RO          514    .init_array         main.o
    0x080030a0   0x0800309c   0x00000000   Data   RO         2579    .init_array         mc_w.l(cpp_init.o)


    Execution Region RW_IRAM1 (Exec base: 0x20000000, Load base: 0x080030a0, Size: 0x00000798, Max: 0x00020000, ABSOLUTE, COMPRESSED[0x00000104])

    Exec Addr    Load Addr    Size         Type   Attr      Idx    E Section Name        Object

    0x20000000   COMPRESSED   0x00000283   Data   RW          367    .data               adafruit_ssd1306.o
    0x20000283   COMPRESSED   0x00000001   PAD
    0x20000284   COMPRESSED   0x0000000c   Data   RW         2157    .data               stm32f4xx_hal.o
    0x20000290   COMPRESSED   0x00000004   Data   RW         2428    .data               system_stm32f4xx.o
    0x20000294   COMPRESSED   0x00000008   Data   RW          457    .data__ZZN16Adafruit_SSD130621drawFastVLineInternalEssstE7premask  adafruit_ssd1306.o
    0x2000029c   COMPRESSED   0x00000008   Data   RW          458    .data__ZZN16Adafruit_SSD130621drawFastVLineInternalEssstE8postmask  adafruit_ssd1306.o
    0x200002a4        -       0x000000f0   Zero   RW          512    .bss                main.o
    0x20000394   COMPRESSED   0x00000004   PAD
    0x20000398        -       0x00000400   Zero   RW            1    STACK               startup_stm32f407xx.o


==============================================================================

Image component sizes


      Code (inc. data)   RO Data    RW Data    ZI Data      Debug   Object Name

      2236          4         40          0          0     672448   adafruit_gfx.o
      1666         60       1560        659          0      15261   adafruit_ssd1306.o
      2320         98         36          0        240       9129   main.o
        36          8        392          0       1024        856   startup_stm32f407xx.o
       180         28          0         12          0       9573   stm32f4xx_hal.o
       172         14          0          0          0      33362   stm32f4xx_hal_cortex.o
       464         46          0          0          0       3101   stm32f4xx_hal_gpio.o
      1300         32          0          0          0       9281   stm32f4xx_hal_i2c.o
       220         24          0          0          0       1724   stm32f4xx_hal_msp.o
      1296         66          0          0          0       4733   stm32f4xx_hal_rcc.o
        20          0          0          0          0     658238   stm32f4xx_it.o
        28          6         24          4          0       1191   system_stm32f4xx.o

    ----------------------------------------------------------------------
      9950        386       2084        676       1268    1418897   Object Totals
         0          0         32          0          0          0   (incl. Generated)
        12          0          0          1          4          0   (incl. Padding)

    ----------------------------------------------------------------------

      Code (inc. data)   RO Data    RW Data    ZI Data      Debug   Library Member Name

         6          0          0          0          0         68   pure_virt.o
        86          0          0          0          0          0   __dczerorl2.o
        32         10          0          0          0         80   cpp_init.o
         2          0          0          0          0         68   cpp_signal.o
         0          0          0          0          0          0   entry.o
         0          0          0          0          0          0   entry10a.o
         0          0          0          0          0          0   entry11a.o
         8          4          0          0          0          0   entry2.o
         4          0          0          0          0          0   entry5.o
         0          0          0          0          0          0   entry7b.o
         4          0          0          0          0          0   entry8a.o
         0          0          0          0          0          0   entry8b.o
         8          4          0          0          0          0   entry9a.o
        30          0          0          0          0          0   handlers.o
        36          8          0          0          0         68   init.o
        30          0          0          0          0         68   llshl.o
        32          0          0          0          0         68   llushr.o
        36          0          0          0          0        108   memseta.o
        98          0          0          0          0         92   uldiv.o

    ----------------------------------------------------------------------
       414         26          0          0          0        620   Library Totals
         2          0          0          0          0          0   (incl. Padding)

    ----------------------------------------------------------------------

      Code (inc. data)   RO Data    RW Data    ZI Data      Debug   Library Name

         6          0          0          0          0         68   cpprt_w.l
       406         26          0          0          0        552   mc_w.l

    ----------------------------------------------------------------------
       414         26          0          0          0        620   Library Totals

    ----------------------------------------------------------------------

==============================================================================


      Code (inc. data)   RO Data    RW Data    ZI Data      Debug   

     10364        412       2084        676       1268    1412393   Grand Totals
     10364        412       2084        260       1268    1412393   ELF Image Totals (compressed)
     10364        412       2084        260          0          0   ROM Totals

==============================================================================

    Total RO  Size (Code + RO Data)                12448 (  12.16kB)
    Total RW  Size (RW Data + ZI Data)              1944 (   1.90kB)
    Total ROM Size (Code + RO Data + RW Data)      12708 (  12.41kB)

==============================================================================

