Component: ARM Compiler 5.06 update 6 (build 750) Tool: armlink [4d35ed]

==============================================================================

Section Cross References

    startup_stm32f407xx.o(STACK) refers (Special) to heapauxi.o(.text) for __use_two_region_memory
    startup_stm32f407xx.o(HEAP) refers (Special) to heapauxi.o(.text) for __use_two_region_memory
    startup_stm32f407xx.o(RESET) refers (Special) to heapauxi.o(.text) for __use_two_region_memory
    startup_stm32f407xx.o(RESET) refers to startup_stm32f407xx.o(STACK) for __initial_sp
    startup_stm32f407xx.o(RESET) refers to startup_stm32f407xx.o(.text) for Reset_Handler
    startup_stm32f407xx.o(RESET) refers to stm32f4xx_it.o(i.NMI_Handler) for NMI_Handler
    startup_stm32f407xx.o(RESET) refers to stm32f4xx_it.o(i.HardFault_Handler) for HardFault_Handler
    startup_stm32f407xx.o(RESET) refers to stm32f4xx_it.o(i.MemManage_Handler) for MemManage_Handler
    startup_stm32f407xx.o(RESET) refers to stm32f4xx_it.o(i.BusFault_Handler) for BusFault_Handler
    startup_stm32f407xx.o(RESET) refers to stm32f4xx_it.o(i.UsageFault_Handler) for UsageFault_Handler
    startup_stm32f407xx.o(RESET) refers to stm32f4xx_it.o(i.SVC_Handler) for SVC_Handler
    startup_stm32f407xx.o(RESET) refers to stm32f4xx_it.o(i.DebugMon_Handler) for DebugMon_Handler
    startup_stm32f407xx.o(RESET) refers to stm32f4xx_it.o(i.PendSV_Handler) for PendSV_Handler
    startup_stm32f407xx.o(RESET) refers to stm32f4xx_it.o(i.SysTick_Handler) for SysTick_Handler
    startup_stm32f407xx.o(RESET) refers to stm32f4xx_it.o(i.EXTI0_IRQHandler) for EXTI0_IRQHandler
    startup_stm32f407xx.o(RESET) refers to stm32f4xx_it.o(i.EXTI9_5_IRQHandler) for EXTI9_5_IRQHandler
    startup_stm32f407xx.o(RESET) refers to stm32f4xx_it.o(i.EXTI15_10_IRQHandler) for EXTI15_10_IRQHandler
    startup_stm32f407xx.o(.text) refers (Special) to heapauxi.o(.text) for __use_two_region_memory
    startup_stm32f407xx.o(.text) refers to system_stm32f4xx.o(i.SystemInit) for SystemInit
    startup_stm32f407xx.o(.text) refers to __main.o(!!!main) for __main
    startup_stm32f407xx.o(.text) refers to startup_stm32f407xx.o(HEAP) for Heap_Mem
    startup_stm32f407xx.o(.text) refers to startup_stm32f407xx.o(STACK) for Stack_Mem
    main.o(.ARM.exidx) refers to main.o(.rev16_text) for __asm___8_main_cpp_6a9831bd___ZN29_INTERNAL_8_main_cpp_6a9831bd7__REV16Ej
    main.o(.ARM.exidx) refers to main.o(.revsh_text) for __asm___8_main_cpp_6a9831bd___ZN29_INTERNAL_8_main_cpp_6a9831bd7__REVSHEs
    main.o(.ARM.exidx) refers to main.o(.rrx_text) for __asm___8_main_cpp_6a9831bd___ZN29_INTERNAL_8_main_cpp_6a9831bd5__RRXEj
    main.o(i.HAL_GPIO_EXTI_Callback) refers to stm32f4xx_hal_gpio.o(i.HAL_GPIO_TogglePin) for HAL_GPIO_TogglePin
    main.o(i._Z12testdrawlinev) refers to double_screen.o(i._ZNK13Double_screen6heightEv) for Double_screen::height() const
    main.o(i._Z12testdrawlinev) refers to double_screen.o(i._ZN13Double_screen8drawLineEsssst) for Double_screen::drawLine(short, short, short, short, unsigned short)
    main.o(i._Z12testdrawlinev) refers to double_screen.o(i._ZN13Double_screen7displayEv) for Double_screen::display()
    main.o(i._Z12testdrawlinev) refers to double_screen.o(i._ZNK13Double_screen5widthEv) for Double_screen::width() const
    main.o(i._Z12testdrawlinev) refers to stm32f4xx_hal.o(i.HAL_Delay) for HAL_Delay
    main.o(i._Z12testdrawlinev) refers to double_screen.o(i._ZN13Double_screen12clearDisplayEv) for Double_screen::clearDisplay()
    main.o(i._Z12testdrawlinev) refers to main.o(.bss) for .bss
    main.o(i._Z12testdrawrectv) refers to double_screen.o(i._ZNK13Double_screen6heightEv) for Double_screen::height() const
    main.o(i._Z12testdrawrectv) refers to double_screen.o(i._ZNK13Double_screen5widthEv) for Double_screen::width() const
    main.o(i._Z12testdrawrectv) refers to double_screen.o(i._ZN13Double_screen8drawRectEsssst) for Double_screen::drawRect(short, short, short, short, unsigned short)
    main.o(i._Z12testdrawrectv) refers to double_screen.o(i._ZN13Double_screen7displayEv) for Double_screen::display()
    main.o(i._Z12testdrawrectv) refers to stm32f4xx_hal.o(i.HAL_Delay) for HAL_Delay
    main.o(i._Z12testdrawrectv) refers to main.o(.bss) for .bss
    main.o(i._Z12testfillrectv) refers to double_screen.o(i._ZNK13Double_screen6heightEv) for Double_screen::height() const
    main.o(i._Z12testfillrectv) refers to double_screen.o(i._ZNK13Double_screen5widthEv) for Double_screen::width() const
    main.o(i._Z12testfillrectv) refers to double_screen.o(i._ZN13Double_screen8fillRectEsssst) for Double_screen::fillRect(short, short, short, short, unsigned short)
    main.o(i._Z12testfillrectv) refers to double_screen.o(i._ZN13Double_screen7displayEv) for Double_screen::display()
    main.o(i._Z12testfillrectv) refers to stm32f4xx_hal.o(i.HAL_Delay) for HAL_Delay
    main.o(i._Z12testfillrectv) refers to main.o(.bss) for .bss
[...]
    ../clib/signal.c                         0x00000000   Number         0  defsig_cppl_inner.o ABSOLUTE
    ../clib/signal.c                         0x00000000   Number         0  defsig_segv_inner.o ABSOLUTE
    ../clib/signal.c                         0x00000000   Number         0  defsig_other.o ABSOLUTE
    ../clib/signal.c                         0x00000000   Number         0  defsig_exit.o ABSOLUTE
    ../clib/signal.c                         0x00000000   Number         0  defsig_pvfn_outer.o ABSOLUTE
    ../clib/signal.c                         0x00000000   Number         0  defsig_pvfn_formal.o ABSOLUTE
    ../clib/signal.c                         0x00000000   Number         0  defsig_pvfn_inner.o ABSOLUTE
    ../clib/signal.c                         0x00000000   Number         0  __raise.o ABSOLUTE
    ../clib/signal.c                         0x00000000   Number         0  defsig_general.o ABSOLUTE
    ../clib/signal.s                         0x00000000   Number         0  defsig.o ABSOLUTE
    ../clib/stdlib.c                         0x00000000   Number         0  rand.o ABSOLUTE
    ../clib/stdlib.c                         0x00000000   Number         0  rand.o ABSOLUTE
    ../clib/stdlib.c                         0x00000000   Number         0  exit.o ABSOLUTE
    ../clib/stdlib.c                         0x00000000   Number         0  abort.o ABSOLUTE
    ../clib/stdlib.c                         0x00000000   Number         0  bsearch.o ABSOLUTE
    ../fplib/fpinit.s                        0x00000000   Number         0  fpinit.o ABSOLUTE
    ..\..\Driver\src\Adafruit_GFX.cpp        0x00000000   Number         0  adafruit_gfx.o ABSOLUTE
    ..\..\Driver\src\Adafruit_SSD1306.cpp    0x00000000   Number         0  adafruit_ssd1306.o ABSOLUTE
    ..\..\Driver\src\Double_screen.cpp       0x00000000   Number         0  double_screen.o ABSOLUTE
    ..\Drivers\STM32F4xx_HAL_Driver\Src\stm32f4xx_hal.c 0x00000000   Number         0  stm32f4xx_hal.o ABSOLUTE
    ..\Drivers\STM32F4xx_HAL_Driver\Src\stm32f4xx_hal_cortex.c 0x00000000   Number         0  stm32f4xx_hal_cortex.o ABSOLUTE
    ..\Drivers\STM32F4xx_HAL_Driver\Src\stm32f4xx_hal_dma.c 0x00000000   Number         0  stm32f4xx_hal_dma.o ABSOLUTE
    ..\Drivers\STM32F4xx_HAL_Driver\Src\stm32f4xx_hal_dma_ex.c 0x00000000   Number         0  stm32f4xx_hal_dma_ex.o ABSOLUTE
    ..\Drivers\STM32F4xx_HAL_Driver\Src\stm32f4xx_hal_exti.c 0x00000000   Number         0  stm32f4xx_hal_exti.o ABSOLUTE
    ..\Drivers\STM32F4xx_HAL_Driver\Src\stm32f4xx_hal_flash.c 0x00000000   Number         0  stm32f4xx_hal_flash.o ABSOLUTE
    ..\Drivers\STM32F4xx_HAL_Driver\Src\stm32f4xx_hal_flash_ex.c 0x00000000   Number         0  stm32f4xx_hal_flash_ex.o ABSOLUTE
    ..\Drivers\STM32F4xx_HAL_Driver\Src\stm32f4xx_hal_flash_ramfunc.c 0x00000000   Number         0  stm32f4xx_hal_flash_ramfunc.o ABSOLUTE
    ..\Drivers\STM32F4xx_HAL_Driver\Src\stm32f4xx_hal_gpio.c 0x00000000   Number         0  stm32f4xx_hal_gpio.o ABSOLUTE
    ..\Drivers\STM32F4xx_HAL_Driver\Src\stm32f4xx_hal_i2c.c 0x00000000   Number         0  stm32f4xx_hal_i2c.o ABSOLUTE
    ..\Drivers\STM32F4xx_HAL_Driver\Src\stm32f4xx_hal_i2c_ex.c 0x00000000   Number         0  stm32f4xx_hal_i2c_ex.o ABSOLUTE
    ..\Drivers\STM32F4xx_HAL_Driver\Src\stm32f4xx_hal_pwr.c 0x00000000   Number         0  stm32f4xx_hal_pwr.o ABSOLUTE
    ..\Drivers\STM32F4xx_HAL_Driver\Src\stm32f4xx_hal_pwr_ex.c 0x00000000   Number         0  stm32f4xx_hal_pwr_ex.o ABSOLUTE
    ..\Drivers\STM32F4xx_HAL_Driver\Src\stm32f4xx_hal_rcc.c 0x00000000   Number         0  stm32f4xx_hal_rcc.o ABSOLUTE
    ..\Drivers\STM32F4xx_HAL_Driver\Src\stm32f4xx_hal_rcc_ex.c 0x00000000   Number         0  stm32f4xx_hal_rcc_ex.o ABSOLUTE
    ..\Drivers\STM32F4xx_HAL_Driver\Src\stm32f4xx_hal_tim.c 0x00000000   Number         0  stm32f4xx_hal_tim.o ABSOLUTE
    ..\Drivers\STM32F4xx_HAL_Driver\Src\stm32f4xx_hal_tim_ex.c 0x00000000   Number         0  stm32f4xx_hal_tim_ex.o ABSOLUTE
    ..\Src\Snake_game.cpp                    0x00000000   Number         0  snake_game.o ABSOLUTE
    ..\Src\main.cpp                          0x00000000   Number         0  main.o ABSOLUTE
    ..\Src\stm32f4xx_hal_msp.c               0x00000000   Number         0  stm32f4xx_hal_msp.o ABSOLUTE
    ..\Src\stm32f4xx_it.c                    0x00000000   Number         0  stm32f4xx_it.o ABSOLUTE
    ..\Src\system_stm32f4xx.c                0x00000000   Number         0  system_stm32f4xx.o ABSOLUTE
    ..\\..\\Driver\\src\\Adafruit_GFX.cpp    0x00000000   Number         0  adafruit_gfx.o ABSOLUTE
    ..\\..\\Driver\\src\\Adafruit_SSD1306.cpp 0x00000000   Number         0  adafruit_ssd1306.o ABSOLUTE
    ..\\..\\Driver\\src\\Double_screen.cpp   0x00000000   Number         0  double_screen.o ABSOLUTE
    ..\\Src\\Snake_game.cpp                  0x00000000   Number         0  snake_game.o ABSOLUTE
    ..\\Src\\main.cpp                        0x00000000   Number         0  main.o ABSOLUTE
    dc.s                                     0x00000000   Number         0  dc.o ABSOLUTE
    startup_stm32f407xx.s                    0x00000000   Number         0  startup_stm32f407xx.o ABSOLUTE
    RESET                                    0x08000000   Section      392  startup_stm32f407xx.o(RESET)
    !!!main                                  0x08000188   Section        8  __main.o(!!!main)
    !!!scatter                               0x08000190   Section       52  __scatter.o(!!!scatter)
    !!dczerorl2                              0x080001c4   Section       90  __dczerorl2.o(!!dczerorl2)
    !!handler_zi                             0x08000220   Section       28  __scatter_zi.o(!!handler_zi)
    .ARM.Collect$$libinit$$00000000          0x0800023c   Section        2  libinit.o(.ARM.Collect$$libinit$$00000000)
    .ARM.Collect$$libinit$$00000001          0x0800023e   Section        4  libinit2.o(.ARM.Collect$$libinit$$00000001)
    .ARM.Collect$$libinit$$00000004          0x08000242   Section        0  libinit2.o(.ARM.Collect$$libinit$$00000004)
    .ARM.Collect$$libinit$$0000000A          0x08000242   Section        0  libinit2.o(.ARM.Collect$$libinit$$0000000A)
    .ARM.Collect$$libinit$$0000000C          0x08000242   Section        0  libinit2.o(.ARM.Collect$$libinit$$0000000C)
    .ARM.Collect$$libinit$$0000000E          0x08000242   Section        0  libinit2.o(.ARM.Collect$$libinit$$0000000E)
    .ARM.Collect$$libinit$$00000011          0x08000242   Section        0  libinit2.o(.ARM.Collect$$libinit$$00000011)
    .ARM.Collect$$libinit$$00000013          0x08000242   Section        0  libinit2.o(.ARM.Collect$$libinit$$00000013)
    .ARM.Collect$$libinit$$00000015          0x08000242   Section        0  libinit2.o(.ARM.Collect$$libinit$$00000015)
    .ARM.Collect$$libinit$$00000017          0x08000242   Section        0  libinit2.o(.ARM.Collect$$libinit$$00000017)
    .ARM.Collect$$libinit$$00000019          0x08000242   Section        0  libinit2.o(.ARM.Collect$$libinit$$00000019)
    .ARM.Collect$$libinit$$0000001B          0x08000242   Section        0  libinit2.o(.ARM.Collect$$libinit$$0000001B)
    .ARM.Collect$$libinit$$0000001D          0x08000242   Section        0  libinit2.o(.ARM.Collect$$libinit$$0000001D)
    .ARM.Collect$$libinit$$0000001F          0x08000242   Section        0  libinit2.o(.ARM.Collect$$libinit$$0000001F)
    .ARM.Collect$$libinit$$00000021          0x08000242   Section        0  libinit2.o(.ARM.Collect$$libinit$$00000021)
    .ARM.Collect$$libinit$$00000023          0x08000242   Section        0  libinit2.o(.ARM.Collect$$libinit$$00000023)
    .ARM.Collect$$libinit$$00000025          0x08000242   Section        0  libinit2.o(.ARM.Collect$$libinit$$00000025)
    .ARM.Collect$$libinit$$0000002C          0x08000242   Section        0  libinit2.o(.ARM.Collect$$libinit$$0000002C)
    .ARM.Collect$$libinit$$0000002E          0x08000242   Section        0  libinit2.o(.ARM.Collect$$libinit$$0000002E)
    .ARM.Collect$$libinit$$00000030          0x08000242   Section        0  libinit2.o(.ARM.Collect$$libinit$$00000030)
    .ARM.Collect$$libinit$$00000031          0x08000242   Section        4  libinit2.o(.ARM.Collect$$libinit$$00000031)
    .ARM.Collect$$libinit$$00000032          0x08000246   Section        0  libinit2.o(.ARM.Collect$$libinit$$00000032)
    .ARM.Collect$$libinit$$00000033          0x08000246   Section        2  libinit2.o(.ARM.Collect$$libinit$$00000033)
    .ARM.Collect$$libshutdown$$00000000      0x08000248   Section        2  libshutdown.o(.ARM.Collect$$libshutdown$$00000000)
    .ARM.Collect$$libshutdown$$00000002      0x0800024a   Section        0  libshutdown2.o(.ARM.Collect$$libshutdown$$00000002)
    .ARM.Collect$$libshutdown$$00000004      0x0800024a   Section        0  libshutdown2.o(.ARM.Collect$$libshutdown$$00000004)
    .ARM.Collect$$libshutdown$$00000007      0x0800024a   Section        0  libshutdown2.o(.ARM.Collect$$libshutdown$$00000007)
    .ARM.Collect$$libshutdown$$0000000A      0x0800024a   Section        0  libshutdown2.o(.ARM.Collect$$libshutdown$$0000000A)
    .ARM.Collect$$libshutdown$$0000000C      0x0800024a   Section        0  libshutdown2.o(.ARM.Collect$$libshutdown$$0000000C)
    .ARM.Collect$$libshutdown$$0000000F      0x0800024a   Section        0  libshutdown2.o(.ARM.Collect$$libshutdown$$0000000F)
    .ARM.Collect$$libshutdown$$00000010      0x0800024a   Section        2  libshutdown2.o(.ARM.Collect$$libshutdown$$00000010)
    .ARM.Collect$$rtentry$$00000000          0x0800024c   Section        0  __rtentry.o(.ARM.Collect$$rtentry$$00000000)
    .ARM.Collect$$rtentry$$00000002          0x0800024c   Section        0  __rtentry2.o(.ARM.Collect$$rtentry$$00000002)
    .ARM.Collect$$rtentry$$00000004          0x0800024c   Section        6  __rtentry4.o(.ARM.Collect$$rtentry$$00000004)
    .ARM.Collect$$rtentry$$00000009          0x08000252   Section        0  __rtentry2.o(.ARM.Collect$$rtentry$$00000009)
    .ARM.Collect$$rtentry$$0000000A          0x08000252   Section        4  __rtentry2.o(.ARM.Collect$$rtentry$$0000000A)
    .ARM.Collect$$rtentry$$0000000C          0x08000256   Section        0  __rtentry2.o(.ARM.Collect$$rtentry$$0000000C)
    .ARM.Collect$$rtentry$$0000000D          0x08000256   Section        8  __rtentry2.o(.ARM.Collect$$rtentry$$0000000D)
    .ARM.Collect$$rtexit$$00000000           0x0800025e   Section        2  rtexit.o(.ARM.Collect$$rtexit$$00000000)
    .ARM.Collect$$rtexit$$00000002           0x08000260   Section        0  rtexit2.o(.ARM.Collect$$rtexit$$00000002)
    .ARM.Collect$$rtexit$$00000003           0x08000260   Section        4  rtexit2.o(.ARM.Collect$$rtexit$$00000003)
    .ARM.Collect$$rtexit$$00000004           0x08000264   Section        6  rtexit2.o(.ARM.Collect$$rtexit$$00000004)
    .text                                    0x0800026c   Section       64  startup_stm32f407xx.o(.text)
    $v0                                      0x0800026c   Number         0  startup_stm32f407xx.o(.text)
    .text                                    0x080002ac   Section      238  lludivv7m.o(.text)
    .text                                    0x0800039a   Section       78  rt_memclr_w.o(.text)
    .text                                    0x080003e8   Section        0  heapauxi.o(.text)
    .text                                    0x080003f0   Section        0  init_aeabi.o(.text)
    .text                                    0x08000414   Section        0  defsig_pvfn_outer.o(.text)
    .text                                    0x08000422   Section        0  defsig_exit.o(.text)
    .text                                    0x0800042c   Section        0  defsig_pvfn_inner.o(.text)
    .text                                    0x0800045c   Section        0  sys_exit.o(.text)
    .text                                    0x08000468   Section        8  libspace.o(.text)
    .text                                    0x08000470   Section       74  sys_stackheap_outer.o(.text)
    .text                                    0x080004ba   Section        0  exit.o(.text)
    .text                                    0x080004cc   Section        0  defsig_general.o(.text)
    .text                                    0x080004fe   Section        0  sys_wrch.o(.text)
    .text                                    0x0800050c   Section        2  use_no_semi.o(.text)
    .text                                    0x0800050e   Section        0  indicate_semi.o(.text)
    i.BusFault_Handler                       0x0800050e   Section        0  stm32f4xx_it.o(i.BusFault_Handler)
    i.DebugMon_Handler                       0x08000510   Section        0  stm32f4xx_it.o(i.DebugMon_Handler)
    i.EXTI0_IRQHandler                       0x08000512   Section        0  stm32f4xx_it.o(i.EXTI0_IRQHandler)
    i.EXTI15_10_IRQHandler                   0x08000518   Section        0  stm32f4xx_it.o(i.EXTI15_10_IRQHandler)
    i.EXTI9_5_IRQHandler                     0x0800052e   Section        0  stm32f4xx_it.o(i.EXTI9_5_IRQHandler)
    i.HAL_Delay                              0x08000544   Section        0  stm32f4xx_hal.o(i.HAL_Delay)
    i.HAL_GPIO_EXTI_Callback                 0x08000568   Section        0  main.o(i.HAL_GPIO_EXTI_Callback)
    i.HAL_GPIO_EXTI_IRQHandler               0x0800058c   Section        0  stm32f4xx_hal_gpio.o(i.HAL_GPIO_EXTI_IRQHandler)
    i.HAL_GPIO_Init                          0x080005a4   Section        0  stm32f4xx_hal_gpio.o(i.HAL_GPIO_Init)
    i.HAL_GPIO_TogglePin                     0x0800075c   Section        0  stm32f4xx_hal_gpio.o(i.HAL_GPIO_TogglePin)
    i.HAL_GPIO_WritePin                      0x0800076a   Section        0  stm32f4xx_hal_gpio.o(i.HAL_GPIO_WritePin)
    i.HAL_GetTick                            0x08000774   Section        0  stm32f4xx_hal.o(i.HAL_GetTick)
    i.HAL_I2C_Init                           0x08000780   Section        0  stm32f4xx_hal_i2c.o(i.HAL_I2C_Init)
    i.HAL_I2C_Master_Transmit                0x08000908   Section        0  stm32f4xx_hal_i2c.o(i.HAL_I2C_Master_Transmit)
    i.HAL_I2C_MspInit                        0x08000a38   Section        0  stm32f4xx_hal_msp.o(i.HAL_I2C_MspInit)
    i.HAL_IncTick                            0x08000ae4   Section        0  stm32f4xx_hal.o(i.HAL_IncTick)
    i.HAL_Init                               0x08000af4   Section        0  stm32f4xx_hal.o(i.HAL_Init)
    i.HAL_InitTick                           0x08000b28   Section        0  stm32f4xx_hal.o(i.HAL_InitTick)
    i.HAL_MspInit                            0x08000b68   Section        0  stm32f4xx_hal_msp.o(i.HAL_MspInit)
    i.HAL_NVIC_EnableIRQ                     0x08000b98   Section        0  stm32f4xx_hal_cortex.o(i.HAL_NVIC_EnableIRQ)
    i.HAL_NVIC_SetPriority                   0x08000bb4   Section        0  stm32f4xx_hal_cortex.o(i.HAL_NVIC_SetPriority)
    i.HAL_NVIC_SetPriorityGrouping           0x08000bf4   Section        0  stm32f4xx_hal_cortex.o(i.HAL_NVIC_SetPriorityGrouping)
    i.HAL_RCC_ClockConfig                    0x08000c18   Section        0  stm32f4xx_hal_rcc.o(i.HAL_RCC_ClockConfig)
    i.HAL_RCC_GetPCLK1Freq                   0x08000d4c   Section        0  stm32f4xx_hal_rcc.o(i.HAL_RCC_GetPCLK1Freq)
    i.HAL_RCC_GetSysClockFreq                0x08000d6c   Section        0  stm32f4xx_hal_rcc.o(i.HAL_RCC_GetSysClockFreq)
    i.HAL_RCC_OscConfig                      0x08000dcc   Section        0  stm32f4xx_hal_rcc.o(i.HAL_RCC_OscConfig)
    i.HAL_SYSTICK_Config                     0x08001130   Section        0  stm32f4xx_hal_cortex.o(i.HAL_SYSTICK_Config)
    i.HardFault_Handler                      0x0800115a   Section        0  stm32f4xx_it.o(i.HardFault_Handler)
    i.MemManage_Handler                      0x0800115c   Section        0  stm32f4xx_it.o(i.MemManage_Handler)
    i.NMI_Handler                            0x0800115e   Section        0  stm32f4xx_it.o(i.NMI_Handler)
    i.PendSV_Handler                         0x08001160   Section        0  stm32f4xx_it.o(i.PendSV_Handler)
    i.SVC_Handler                            0x08001162   Section        0  stm32f4xx_it.o(i.SVC_Handler)
    i.SysTick_Handler                        0x08001164   Section        0  stm32f4xx_it.o(i.SysTick_Handler)
    i.SystemInit                             0x08001168   Section        0  system_stm32f4xx.o(i.SystemInit)
    i.UsageFault_Handler                     0x08001184   Section        0  stm32f4xx_it.o(i.UsageFault_Handler)
    i._Z12testdrawlinev                      0x08001188   Section        0  main.o(i._Z12testdrawlinev)
    i._Z12testdrawrectv                      0x08001374   Section        0  main.o(i._Z12testdrawrectv)
    i._Z12testfillrectv                      0x080013d0   Section        0  main.o(i._Z12testfillrectv)
    i._Z14testdrawcirclev                    0x08001434   Section        0  main.o(i._Z14testdrawcirclev)
    i._Z16testdrawtrianglev                  0x08001480   Section        0  main.o(i._Z16testdrawtrianglev)
    i._Z16testfilltrianglev                  0x08001540   Section        0  main.o(i._Z16testfilltrianglev)
    i._Z17testdrawroundrectv                 0x08001608   Section        0  main.o(i._Z17testdrawroundrectv)
    i._Z17testfillroundrectv                 0x08001678   Section        0  main.o(i._Z17testfillroundrectv)
    i._Z18SystemClock_Configv                0x080016f4   Section        0  main.o(i._Z18SystemClock_Configv)
    i._ZN12Adafruit_GFX10drawCircleEssst     0x08001778   Section        0  adafruit_gfx.o(i._ZN12Adafruit_GFX10drawCircleEssst)
    i._ZN12Adafruit_GFX10fillCircleEssst     0x080018b4   Section        0  adafruit_gfx.o(i._ZN12Adafruit_GFX10fillCircleEssst)
    i._ZN12Adafruit_GFX12drawTriangleEsssssst 0x080018f4   Section        0  adafruit_gfx.o(i._ZN12Adafruit_GFX12drawTriangleEsssssst)
    i._ZN12Adafruit_GFX12fillTriangleEsssssst 0x08001940   Section        0  adafruit_gfx.o(i._ZN12Adafruit_GFX12fillTriangleEsssssst)
    i._ZN12Adafruit_GFX13drawFastHLineEssst  0x08001aa6   Section        0  adafruit_gfx.o(i._ZN12Adafruit_GFX13drawFastHLineEssst)
    i._ZN12Adafruit_GFX13drawFastVLineEssst  0x08001abc   Section        0  adafruit_gfx.o(i._ZN12Adafruit_GFX13drawFastVLineEssst)
    i._ZN12Adafruit_GFX13drawRoundRectEssssst 0x08001ad4   Section        0  adafruit_gfx.o(i._ZN12Adafruit_GFX13drawRoundRectEssssst)
    i._ZN12Adafruit_GFX13fillRoundRectEssssst 0x08001bba   Section        0  adafruit_gfx.o(i._ZN12Adafruit_GFX13fillRoundRectEssssst)
    i._ZN12Adafruit_GFX16drawCircleHelperEsssht 0x08001c2c   Section        0  adafruit_gfx.o(i._ZN12Adafruit_GFX16drawCircleHelperEsssht)
    i._ZN12Adafruit_GFX16fillCircleHelperEssshst 0x08001d64   Section        0  adafruit_gfx.o(i._ZN12Adafruit_GFX16fillCircleHelperEssshst)
    i._ZN12Adafruit_GFX8drawLineEsssst       0x08001e54   Section        0  adafruit_gfx.o(i._ZN12Adafruit_GFX8drawLineEsssst)
    i._ZN12Adafruit_GFX8drawRectEsssst       0x08001f00   Section        0  adafruit_gfx.o(i._ZN12Adafruit_GFX8drawRectEsssst)
    i._ZN12Adafruit_GFX8fillRectEsssst       0x08001f60   Section        0  adafruit_gfx.o(i._ZN12Adafruit_GFX8fillRectEsssst)
    i._ZN12Adafruit_GFXC2Ess                 0x08001f90   Section        0  adafruit_gfx.o(i._ZN12Adafruit_GFXC2Ess)
    i._ZN13Double_screen10drawBitmapEssPKhsst 0x08001fb8   Section        0  double_screen.o(i._ZN13Double_screen10drawBitmapEssPKhsst)
    i._ZN13Double_screen10drawCircleEssst    0x08002024   Section        0  double_screen.o(i._ZN13Double_screen10drawCircleEssst)
    i._ZN13Double_screen10fillCircleEssst    0x08002050   Section        0  double_screen.o(i._ZN13Double_screen10fillCircleEssst)
    i._ZN13Double_screen12clearDisplayEv     0x0800207c   Section        0  double_screen.o(i._ZN13Double_screen12clearDisplayEv)
    i._ZN13Double_screen12drawTriangleEsssssst 0x08002098   Section        0  double_screen.o(i._ZN13Double_screen12drawTriangleEsssssst)
    i._ZN13Double_screen12fillTriangleEsssssst 0x080020e4   Section        0  double_screen.o(i._ZN13Double_screen12fillTriangleEsssssst)
    i._ZN13Double_screen13drawRoundRectEssssst 0x08002130   Section        0  double_screen.o(i._ZN13Double_screen13drawRoundRectEssssst)
    i._ZN13Double_screen13fillRoundRectEssssst 0x0800216c   Section        0  double_screen.o(i._ZN13Double_screen13fillRoundRectEssssst)
    i._ZN13Double_screen13invertDisplayEh    0x080021a8   Section        0  double_screen.o(i._ZN13Double_screen13invertDisplayEh)
    i._ZN13Double_screen5beginEhhb           0x080021c8   Section        0  double_screen.o(i._ZN13Double_screen5beginEhhb)
    i._ZN13Double_screen7displayEv           0x080021f0   Section        0  double_screen.o(i._ZN13Double_screen7displayEv)
    i._ZN13Double_screen8drawLineEsssst      0x0800220c   Section        0  double_screen.o(i._ZN13Double_screen8drawLineEsssst)
    i._ZN13Double_screen8drawRectEsssst      0x08002274   Section        0  double_screen.o(i._ZN13Double_screen8drawRectEsssst)
    i._ZN13Double_screen8fillRectEsssst      0x080022cc   Section        0  double_screen.o(i._ZN13Double_screen8fillRectEsssst)
    i._ZN13Double_screen9drawPixelEsst       0x08002324   Section        0  double_screen.o(i._ZN13Double_screen9drawPixelEsst)
    i._ZN13Double_screenC1Ev                 0x08002340   Section        0  double_screen.o(i._ZN13Double_screenC1Ev)
    i._ZN16Adafruit_SSD130612clearDisplayEv  0x08002360   Section        0  adafruit_ssd1306.o(i._ZN16Adafruit_SSD130612clearDisplayEv)
    i._ZN16Adafruit_SSD130612ssd1306_dataEt  0x08002370   Section        0  adafruit_ssd1306.o(i._ZN16Adafruit_SSD130612ssd1306_dataEt)
    i._ZN16Adafruit_SSD130613drawFastHLineEssst 0x080023ac   Section        0  adafruit_ssd1306.o(i._ZN16Adafruit_SSD130613drawFastHLineEssst)
    i._ZN16Adafruit_SSD130613drawFastVLineEssst 0x08002558   Section        0  adafruit_ssd1306.o(i._ZN16Adafruit_SSD130613drawFastVLineEssst)
    i._ZN16Adafruit_SSD130613invertDisplayEh 0x080026f8   Section        0  adafruit_ssd1306.o(i._ZN16Adafruit_SSD130613invertDisplayEh)
    i._ZN16Adafruit_SSD130615ssd1306_commandEh 0x08002704   Section        0  adafruit_ssd1306.o(i._ZN16Adafruit_SSD130615ssd1306_commandEh)
    i._ZN16Adafruit_SSD13065beginEhhb        0x0800272c   Section        0  adafruit_ssd1306.o(i._ZN16Adafruit_SSD13065beginEhhb)
    i._ZN16Adafruit_SSD13066memsetEPhtt      0x08002818   Section        0  adafruit_ssd1306.o(i._ZN16Adafruit_SSD13066memsetEPhtt)
    i._ZN16Adafruit_SSD13067displayEv        0x08002828   Section        0  adafruit_ssd1306.o(i._ZN16Adafruit_SSD13067displayEv)
    i._ZN16Adafruit_SSD13069drawPixelEsst    0x08002872   Section        0  adafruit_ssd1306.o(i._ZN16Adafruit_SSD13069drawPixelEsst)
    i._ZN16Adafruit_SSD1306C1EP19__I2C_HandleTypeDefa 0x08002944   Section        0  adafruit_ssd1306.o(i._ZN16Adafruit_SSD1306C1EP19__I2C_HandleTypeDefa)
    i._ZN29_INTERNAL_8_main_cpp_6a9831bd12MX_GPIO_InitEv 0x08002988   Section        0  main.o(i._ZN29_INTERNAL_8_main_cpp_6a9831bd12MX_GPIO_InitEv)
    [local to main_cpp]::MX_GPIO_Init()      0x08002989   Thumb Code   196  main.o(i._ZN29_INTERNAL_8_main_cpp_6a9831bd12MX_GPIO_InitEv)
    i._ZN41_INTERNAL_19_stm32f4xx_hal_i2c_c_0eb271f422I2C_MasterRequestWriteEP19__I2C_HandleTypeDeftjj 0x08002a5c   Section        0  stm32f4xx_hal_i2c.o(i._ZN41_INTERNAL_19_stm32f4xx_hal_i2c_c_0eb271f422I2C_MasterRequestWriteEP19__I2C_HandleTypeDeftjj)
    [local to stm32f4xx_hal_i2c_c]::I2C_MasterRequestWrite(__I2C_HandleTypeDef*, unsigned short, unsigned, unsigned) 0x08002a5d   Thumb Code   150  stm32f4xx_hal_i2c.o(i._ZN41_INTERNAL_19_stm32f4xx_hal_i2c_c_0eb271f422I2C_MasterRequestWriteEP19__I2C_HandleTypeDeftjj)
    i._ZN41_INTERNAL_19_stm32f4xx_hal_i2c_c_0eb271f423I2C_IsAcknowledgeFailedEP19__I2C_HandleTypeDef 0x08002af8   Section        0  stm32f4xx_hal_i2c.o(i._ZN41_INTERNAL_19_stm32f4xx_hal_i2c_c_0eb271f423I2C_IsAcknowledgeFailedEP19__I2C_HandleTypeDef)
    [local to stm32f4xx_hal_i2c_c]::I2C_IsAcknowledgeFailed(__I2C_HandleTypeDef*) 0x08002af9   Thumb Code    46  stm32f4xx_hal_i2c.o(i._ZN41_INTERNAL_19_stm32f4xx_hal_i2c_c_0eb271f423I2C_IsAcknowledgeFailedEP19__I2C_HandleTypeDef)
    i._ZN41_INTERNAL_19_stm32f4xx_hal_i2c_c_0eb271f426I2C_WaitOnFlagUntilTimeoutEP19__I2C_HandleTypeDefj10FlagStatusjj 0x08002b28   Section        0  stm32f4xx_hal_i2c.o(i._ZN41_INTERNAL_19_stm32f4xx_hal_i2c_c_0eb271f426I2C_WaitOnFlagUntilTimeoutEP19__I2C_HandleTypeDefj10FlagStatusjj)
    [local to stm32f4xx_hal_i2c_c]::I2C_WaitOnFlagUntilTimeout(__I2C_HandleTypeDef*, unsigned, FlagStatus, unsigned, unsigned) 0x08002b29   Thumb Code   112  stm32f4xx_hal_i2c.o(i._ZN41_INTERNAL_19_stm32f4xx_hal_i2c_c_0eb271f426I2C_WaitOnFlagUntilTimeoutEP19__I2C_HandleTypeDefj10FlagStatusjj)
    i._ZN41_INTERNAL_19_stm32f4xx_hal_i2c_c_0eb271f429I2C_WaitOnBTFFlagUntilTimeoutEP19__I2C_HandleTypeDefjj 0x08002b98   Section        0  stm32f4xx_hal_i2c.o(i._ZN41_INTERNAL_19_stm32f4xx_hal_i2c_c_0eb271f429I2C_WaitOnBTFFlagUntilTimeoutEP19__I2C_HandleTypeDefjj)
    [local to stm32f4xx_hal_i2c_c]::I2C_WaitOnBTFFlagUntilTimeout(__I2C_HandleTypeDef*, unsigned, unsigned) 0x08002b99   Thumb Code    76  stm32f4xx_hal_i2c.o(i._ZN41_INTERNAL_19_stm32f4xx_hal_i2c_c_0eb271f429I2C_WaitOnBTFFlagUntilTimeoutEP19__I2C_HandleTypeDefjj)
    i._ZN41_INTERNAL_19_stm32f4xx_hal_i2c_c_0eb271f429I2C_WaitOnTXEFlagUntilTimeoutEP19__I2C_HandleTypeDefjj 0x08002be4   Section        0  stm32f4xx_hal_i2c.o(i._ZN41_INTERNAL_19_stm32f4xx_hal_i2c_c_0eb271f429I2C_WaitOnTXEFlagUntilTimeoutEP19__I2C_HandleTypeDefjj)
    [local to stm32f4xx_hal_i2c_c]::I2C_WaitOnTXEFlagUntilTimeout(__I2C_HandleTypeDef*, unsigned, unsigned) 0x08002be5   Thumb Code    76  stm32f4xx_hal_i2c.o(i._ZN41_INTERNAL_19_stm32f4xx_hal_i2c_c_0eb271f429I2C_WaitOnTXEFlagUntilTimeoutEP19__I2C_HandleTypeDefjj)
    i._ZN41_INTERNAL_19_stm32f4xx_hal_i2c_c_0eb271f439I2C_WaitOnMasterAddressFlagUntilTimeoutEP19__I2C_HandleTypeDefjjj 0x08002c30   Section        0  stm32f4xx_hal_i2c.o(i._ZN41_INTERNAL_19_stm32f4xx_hal_i2c_c_0eb271f439I2C_WaitOnMasterAddressFlagUntilTimeoutEP19__I2C_HandleTypeDefjjj)
    [local to stm32f4xx_hal_i2c_c]::I2C_WaitOnMasterAddressFlagUntilTimeout(__I2C_HandleTypeDef*, unsigned, unsigned, unsigned) 0x08002c31   Thumb Code   150  stm32f4xx_hal_i2c.o(i._ZN41_INTERNAL_19_stm32f4xx_hal_i2c_c_0eb271f439I2C_WaitOnMasterAddressFlagUntilTimeoutEP19__I2C_HandleTypeDefjjj)
    i._ZN44_INTERNAL_22_stm32f4xx_hal_cortex_c_2992dbc018__NVIC_SetPriorityE9IRQn_Typej 0x08002cc6   Section        0  stm32f4xx_hal_cortex.o(i._ZN44_INTERNAL_22_stm32f4xx_hal_cortex_c_2992dbc018__NVIC_SetPriorityE9IRQn_Typej)
    [local to stm32f4xx_hal_cortex_c]::__NVIC_SetPriority(IRQn_Type, unsigned) 0x08002cc7   Thumb Code    32  stm32f4xx_hal_cortex.o(i._ZN44_INTERNAL_22_stm32f4xx_hal_cortex_c_2992dbc018__NVIC_SetPriorityE9IRQn_Typej)
    i._ZNK12Adafruit_GFX11getRotationEv      0x08002ce6   Section        0  adafruit_gfx.o(i._ZNK12Adafruit_GFX11getRotationEv)
    i._ZNK12Adafruit_GFX5widthEv             0x08002cea   Section        0  adafruit_gfx.o(i._ZNK12Adafruit_GFX5widthEv)
    i._ZNK12Adafruit_GFX6heightEv            0x08002cf0   Section        0  adafruit_gfx.o(i._ZNK12Adafruit_GFX6heightEv)
    i._ZNK13Double_screen5widthEv            0x08002cf6   Section        0  double_screen.o(i._ZNK13Double_screen5widthEv)
    i._ZNK13Double_screen6heightEv           0x08002cfc   Section        0  double_screen.o(i._ZNK13Double_screen6heightEv)
    i.__cxa_pure_virtual                     0x08002d02   Section        0  pure_virt.o(i.__cxa_pure_virtual)
    i.__sti___17_Double_screen_cpp_lcd_top   0x08002d08   Section        0  double_screen.o(i.__sti___17_Double_screen_cpp_lcd_top)
    __sti___17_Double_screen_cpp_lcd_top     0x08002d09   Thumb Code    26  double_screen.o(i.__sti___17_Double_screen_cpp_lcd_top)
    i.__sti___8_main_cpp_6a9831bd            0x08002d34   Section        0  main.o(i.__sti___8_main_cpp_6a9831bd)
    __sti___8_main_cpp_6a9831bd              0x08002d35   Thumb Code     6  main.o(i.__sti___8_main_cpp_6a9831bd)
    i.main                                   0x08002d40   Section        0  main.o(i.main)
    x$fpl$fpinit                             0x08002f28   Section       10  fpinit.o(x$fpl$fpinit)
    $v0                                      0x08002f28   Number         0  fpinit.o(x$fpl$fpinit)
    .constdata                               0x08002f32   Section       32  main.o(.constdata)
    logo16_glcd_bmp                          0x08002f32   Data          32  main.o(.constdata)
    .constdata                               0x08002f52   Section       16  system_stm32f4xx.o(.constdata)
    .constdata                               0x08002f62   Section        8  system_stm32f4xx.o(.constdata)
    .constdata__ZTV12Adafruit_GFX            0x08002f6c   Section       40  adafruit_gfx.o(.constdata__ZTV12Adafruit_GFX)
    .constdata__ZTV16Adafruit_SSD1306        0x08002f94   Section       40  adafruit_ssd1306.o(.constdata__ZTV16Adafruit_SSD1306)
    .init_array                              0x08002fdc   Section        4  main.o(.init_array)
    .init_array                              0x08002fe0   Section        4  double_screen.o(.init_array)
    .init_array                              0x08002fe4   Section        0  init_aeabi.o(.init_array)
    .data                                    0x20000000   Section       12  stm32f4xx_hal.o(.data)
    .data                                    0x2000000c   Section        4  system_stm32f4xx.o(.data)
    .data                                    0x20000010   Section      643  adafruit_ssd1306.o(.data)
    buffer_start                             0x20000093   Data         512  adafruit_ssd1306.o(.data)
    .data__ZZN16Adafruit_SSD130621drawFastVLineInternalEssstE7premask 0x20000293   Section        8  adafruit_ssd1306.o(.data__ZZN16Adafruit_SSD130621drawFastVLineInternalEssstE7premask)
    .data__ZZN16Adafruit_SSD130621drawFastVLineInternalEssstE8postmask 0x2000029b   Section        8  adafruit_ssd1306.o(.data__ZZN16Adafruit_SSD130621drawFastVLineInternalEssstE8postmask)
    .bss                                     0x200002a4   Section      194  main.o(.bss)
    .bss                                     0x20000368   Section     1096  double_screen.o(.bss)
    .bss                                     0x200007b0   Section       96  libspace.o(.bss)
    HEAP                                     0x20000810   Section      512  startup_stm32f407xx.o(HEAP)
    Heap_Mem                                 0x20000810   Data         512  startup_stm32f407xx.o(HEAP)
    STACK                                    0x20000a10   Section     1024  startup_stm32f407xx.o(STACK)
    Stack_Mem                                0x20000a10   Data        1024  startup_stm32f407xx.o(STACK)
    __initial_sp                             0x20000e10   Data           0  startup_stm32f407xx.o(STACK)

    Global Symbols

    Symbol Name                              Value     Ov Type        Size  Object(Section)

    BuildAttributes$$THM_ISAv4$E$P$D$K$B$S$7EM$VFPi3$EXTD16$VFPS$VFMA$PE$A:L22UL41UL21$X:L11$S22US41US21$IEEE1$IW$USESV6$~STKCKD$USESV7$~SHL$OTIME$ROPI$EBA8$UX$STANDARDLIB$REQ8$PRES8$EABIv2 0x00000000   Number         0  anon$$obj.o ABSOLUTE
    __ARM_use_no_argv                        0x00000000   Number         0  main.o ABSOLUTE
    SHT$$ARM_EXIDX$$Base                      - Undefined Reference
    SHT$$ARM_EXIDX$$Limit                     - Undefined Reference
    __ARM_exceptions_buffer_required          - Undefined Weak Reference
    __ARM_exceptions_init                     - Undefined Weak Reference
    __aeabi_unwind_cpp_pr2                    - Undefined Weak Reference
    __alloca_initialize                       - Undefined Weak Reference
    __arm_preinit_                            - Undefined Weak Reference
    __cxa_finalize                            - Undefined Weak Reference
    __rt_locale                               - Undefined Weak Reference
    __sigvec_lookup                           - Undefined Weak Reference
    __user_heap_extent                        - Undefined Weak Reference
    _atexit_init                              - Undefined Weak Reference
    _call_atexit_fns                          - Undefined Weak Reference
    _clock_init                               - Undefined Weak Reference
    _fp_trap_init                             - Undefined Weak Reference
    _fp_trap_shutdown                         - Undefined Weak Reference
    _get_lc_collate                           - Undefined Weak Reference
    _get_lc_ctype                             - Undefined Weak Reference
    _get_lc_monetary                          - Undefined Weak Reference
    _get_lc_numeric                           - Undefined Weak Reference
    _get_lc_time                              - Undefined Weak Reference
    _getenv_init                              - Undefined Weak Reference
    _handle_redirection                       - Undefined Weak Reference
    _initio                                   - Undefined Weak Reference
    _mutex_acquire                            - Undefined Weak Reference
    _mutex_free                               - Undefined Weak Reference
    _mutex_release                            - Undefined Weak Reference
    _signal_finish                            - Undefined Weak Reference
    _signal_init                              - Undefined Weak Reference
    _terminateio                              - Undefined Weak Reference
    __Vectors_Size                           0x00000188   Number         0  startup_stm32f407xx.o ABSOLUTE
    __Vectors                                0x08000000   Data           4  startup_stm32f407xx.o(RESET)
    __Vectors_End                            0x08000188   Data           0  startup_stm32f407xx.o(RESET)
    __main                                   0x08000189   Thumb Code     8  __main.o(!!!main)
    __scatterload                            0x08000191   Thumb Code     0  __scatter.o(!!!scatter)
    __scatterload_rt2                        0x08000191   Thumb Code    44  __scatter.o(!!!scatter)
    __scatterload_rt2_thumb_only             0x08000191   Thumb Code     0  __scatter.o(!!!scatter)
    __scatterload_null                       0x0800019f   Thumb Code     0  __scatter.o(!!!scatter)
    __decompress                             0x080001c5   Thumb Code    90  __dczerorl2.o(!!dczerorl2)
    __decompress1                            0x080001c5   Thumb Code     0  __dczerorl2.o(!!dczerorl2)
    __scatterload_zeroinit                   0x08000221   Thumb Code    28  __scatter_zi.o(!!handler_zi)
    __rt_lib_init                            0x0800023d   Thumb Code     0  libinit.o(.ARM.Collect$$libinit$$00000000)
    __rt_lib_init_fp_1                       0x0800023f   Thumb Code     0  libinit2.o(.ARM.Collect$$libinit$$00000001)
    __rt_lib_init_alloca_1                   0x08000243   Thumb Code     0  libinit2.o(.ARM.Collect$$libinit$$0000002E)
    __rt_lib_init_argv_1                     0x08000243   Thumb Code     0  libinit2.o(.ARM.Collect$$libinit$$0000002C)
    __rt_lib_init_atexit_1                   0x08000243   Thumb Code     0  libinit2.o(.ARM.Collect$$libinit$$0000001B)
    __rt_lib_init_clock_1                    0x08000243   Thumb Code     0  libinit2.o(.ARM.Collect$$libinit$$00000021)
    __rt_lib_init_cpp_2                      0x08000243   Thumb Code     0  libinit2.o(.ARM.Collect$$libinit$$00000031)
    __rt_lib_init_exceptions_1               0x08000243   Thumb Code     0  libinit2.o(.ARM.Collect$$libinit$$00000030)
    __rt_lib_init_fp_trap_1                  0x08000243   Thumb Code     0  libinit2.o(.ARM.Collect$$libinit$$0000001F)
    __rt_lib_init_getenv_1                   0x08000243   Thumb Code     0  libinit2.o(.ARM.Collect$$libinit$$00000023)
    __rt_lib_init_heap_1                     0x08000243   Thumb Code     0  libinit2.o(.ARM.Collect$$libinit$$0000000A)
    __rt_lib_init_lc_collate_1               0x08000243   Thumb Code     0  libinit2.o(.ARM.Collect$$libinit$$00000011)
    __rt_lib_init_lc_ctype_1                 0x08000243   Thumb Code     0  libinit2.o(.ARM.Collect$$libinit$$00000013)
    __rt_lib_init_lc_monetary_1              0x08000243   Thumb Code     0  libinit2.o(.ARM.Collect$$libinit$$00000015)
    __rt_lib_init_lc_numeric_1               0x08000243   Thumb Code     0  libinit2.o(.ARM.Collect$$libinit$$00000017)
    __rt_lib_init_lc_time_1                  0x08000243   Thumb Code     0  libinit2.o(.ARM.Collect$$libinit$$00000019)
    __rt_lib_init_preinit_1                  0x08000243   Thumb Code     0  libinit2.o(.ARM.Collect$$libinit$$00000004)
    __rt_lib_init_rand_1                     0x08000243   Thumb Code     0  libinit2.o(.ARM.Collect$$libinit$$0000000E)
    __rt_lib_init_signal_1                   0x08000243   Thumb Code     0  libinit2.o(.ARM.Collect$$libinit$$0000001D)
    __rt_lib_init_stdio_1                    0x08000243   Thumb Code     0  libinit2.o(.ARM.Collect$$libinit$$00000025)
    __rt_lib_init_user_alloc_1               0x08000243   Thumb Code     0  libinit2.o(.ARM.Collect$$libinit$$0000000C)
    __rt_lib_init_cpp_1                      0x08000247   Thumb Code     0  libinit2.o(.ARM.Collect$$libinit$$00000032)
    __rt_lib_init_return                     0x08000247   Thumb Code     0  libinit2.o(.ARM.Collect$$libinit$$00000033)
    __rt_lib_shutdown                        0x08000249   Thumb Code     0  libshutdown.o(.ARM.Collect$$libshutdown$$00000000)
    __rt_lib_shutdown_cpp_1                  0x0800024b   Thumb Code     0  libshutdown2.o(.ARM.Collect$$libshutdown$$00000002)
    __rt_lib_shutdown_fp_trap_1              0x0800024b   Thumb Code     0  libshutdown2.o(.ARM.Collect$$libshutdown$$00000007)
    __rt_lib_shutdown_heap_1                 0x0800024b   Thumb Code     0  libshutdown2.o(.ARM.Collect$$libshutdown$$0000000F)
    __rt_lib_shutdown_return                 0x0800024b   Thumb Code     0  libshutdown2.o(.ARM.Collect$$libshutdown$$00000010)
    __rt_lib_shutdown_signal_1               0x0800024b   Thumb Code     0  libshutdown2.o(.ARM.Collect$$libshutdown$$0000000A)
    __rt_lib_shutdown_stdio_1                0x0800024b   Thumb Code     0  libshutdown2.o(.ARM.Collect$$libshutdown$$00000004)
    __rt_lib_shutdown_user_alloc_1           0x0800024b   Thumb Code     0  libshutdown2.o(.ARM.Collect$$libshutdown$$0000000C)
    __rt_entry                               0x0800024d   Thumb Code     0  __rtentry.o(.ARM.Collect$$rtentry$$00000000)
    __rt_entry_presh_1                       0x0800024d   Thumb Code     0  __rtentry2.o(.ARM.Collect$$rtentry$$00000002)
    __rt_entry_sh                            0x0800024d   Thumb Code     0  __rtentry4.o(.ARM.Collect$$rtentry$$00000004)
    __rt_entry_li                            0x08000253   Thumb Code     0  __rtentry2.o(.ARM.Collect$$rtentry$$0000000A)
    __rt_entry_postsh_1                      0x08000253   Thumb Code     0  __rtentry2.o(.ARM.Collect$$rtentry$$00000009)
    __rt_entry_main                          0x08000257   Thumb Code     0  __rtentry2.o(.ARM.Collect$$rtentry$$0000000D)
    __rt_entry_postli_1                      0x08000257   Thumb Code     0  __rtentry2.o(.ARM.Collect$$rtentry$$0000000C)
    __rt_exit                                0x0800025f   Thumb Code     0  rtexit.o(.ARM.Collect$$rtexit$$00000000)
    __rt_exit_ls                             0x08000261   Thumb Code     0  rtexit2.o(.ARM.Collect$$rtexit$$00000003)
    __rt_exit_prels_1                        0x08000261   Thumb Code     0  rtexit2.o(.ARM.Collect$$rtexit$$00000002)
    __rt_exit_exit                           0x08000265   Thumb Code     0  rtexit2.o(.ARM.Collect$$rtexit$$00000004)
    Reset_Handler                            0x0800026d   Thumb Code     8  startup_stm32f407xx.o(.text)
    ADC_IRQHandler                           0x08000287   Thumb Code     0  startup_stm32f407xx.o(.text)
    CAN1_RX0_IRQHandler                      0x08000287   Thumb Code     0  startup_stm32f407xx.o(.text)
    CAN1_RX1_IRQHandler                      0x08000287   Thumb Code     0  startup_stm32f407xx.o(.text)
    CAN1_SCE_IRQHandler                      0x08000287   Thumb Code     0  startup_stm32f407xx.o(.text)
    CAN1_TX_IRQHandler                       0x08000287   Thumb Code     0  startup_stm32f407xx.o(.text)
    CAN2_RX0_IRQHandler                      0x08000287   Thumb Code     0  startup_stm32f407xx.o(.text)
    CAN2_RX1_IRQHandler                      0x08000287   Thumb Code     0  startup_stm32f407xx.o(.text)
    CAN2_SCE_IRQHandler                      0x08000287   Thumb Code     0  startup_stm32f407xx.o(.text)
    CAN2_TX_IRQHandler                       0x08000287   Thumb Code     0  startup_stm32f407xx.o(.text)
    DCMI_IRQHandler                          0x08000287   Thumb Code     0  startup_stm32f407xx.o(.text)
    DMA1_Stream0_IRQHandler                  0x08000287   Thumb Code     0  startup_stm32f407xx.o(.text)
    DMA1_Stream1_IRQHandler                  0x08000287   Thumb Code     0  startup_stm32f407xx.o(.text)
    DMA1_Stream2_IRQHandler                  0x08000287   Thumb Code     0  startup_stm32f407xx.o(.text)
    DMA1_Stream3_IRQHandler                  0x08000287   Thumb Code     0  startup_stm32f407xx.o(.text)
    DMA1_Stream4_IRQHandler                  0x08000287   Thumb Code     0  startup_stm32f407xx.o(.text)
    DMA1_Stream5_IRQHandler                  0x08000287   Thumb Code     0  startup_stm32f407xx.o(.text)
    DMA1_Stream6_IRQHandler                  0x08000287   Thumb Code     0  startup_stm32f407xx.o(.text)
    DMA1_Stream7_IRQHandler                  0x08000287   Thumb Code     0  startup_stm32f407xx.o(.text)
    DMA2_Stream0_IRQHandler                  0x08000287   Thumb Code     0  startup_stm32f407xx.o(.text)
    DMA2_Stream1_IRQHandler                  0x08000287   Thumb Code     0  startup_stm32f407xx.o(.text)
    DMA2_Stream2_IRQHandler                  0x08000287   Thumb Code     0  startup_stm32f407xx.o(.text)
    DMA2_Stream3_IRQHandler                  0x08000287   Thumb Code     0  startup_stm32f407xx.o(.text)
    DMA2_Stream4_IRQHandler                  0x08000287   Thumb Code     0  startup_stm32f407xx.o(.text)
    DMA2_Stream5_IRQHandler                  0x08000287   Thumb Code     0  startup_stm32f407xx.o(.text)
    DMA2_Stream6_IRQHandler                  0x08000287   Thumb Code     0  startup_stm32f407xx.o(.text)
    DMA2_Stream7_IRQHandler                  0x08000287   Thumb Code     0  startup_stm32f407xx.o(.text)
    ETH_IRQHandler                           0x08000287   Thumb Code     0  startup_stm32f407xx.o(.text)
    ETH_WKUP_IRQHandler                      0x08000287   Thumb Code     0  startup_stm32f407xx.o(.text)
    EXTI1_IRQHandler                         0x08000287   Thumb Code     0  startup_stm32f407xx.o(.text)
    EXTI2_IRQHandler                         0x08000287   Thumb Code     0  startup_stm32f407xx.o(.text)
    EXTI3_IRQHandler                         0x08000287   Thumb Code     0  startup_stm32f407xx.o(.text)
    EXTI4_IRQHandler                         0x08000287   Thumb Code     0  startup_stm32f407xx.o(.text)
    FLASH_IRQHandler                         0x08000287   Thumb Code     0  startup_stm32f407xx.o(.text)
    FMC_IRQHandler                           0x08000287   Thumb Code     0  startup_stm32f407xx.o(.text)
    FPU_IRQHandler                           0x08000287   Thumb Code     0  startup_stm32f407xx.o(.text)
    HASH_RNG_IRQHandler                      0x08000287   Thumb Code     0  startup_stm32f407xx.o(.text)
    I2C1_ER_IRQHandler                       0x08000287   Thumb Code     0  startup_stm32f407xx.o(.text)
    I2C1_EV_IRQHandler                       0x08000287   Thumb Code     0  startup_stm32f407xx.o(.text)
    I2C2_ER_IRQHandler                       0x08000287   Thumb Code     0  startup_stm32f407xx.o(.text)
    I2C2_EV_IRQHandler                       0x08000287   Thumb Code     0  startup_stm32f407xx.o(.text)
    I2C3_ER_IRQHandler                       0x08000287   Thumb Code     0  startup_stm32f407xx.o(.text)
    I2C3_EV_IRQHandler                       0x08000287   Thumb Code     0  startup_stm32f407xx.o(.text)
    OTG_FS_IRQHandler                        0x08000287   Thumb Code     0  startup_stm32f407xx.o(.text)
    OTG_FS_WKUP_IRQHandler                   0x08000287   Thumb Code     0  startup_stm32f407xx.o(.text)
    OTG_HS_EP1_IN_IRQHandler                 0x08000287   Thumb Code     0  startup_stm32f407xx.o(.text)
    OTG_HS_EP1_OUT_IRQHandler                0x08000287   Thumb Code     0  startup_stm32f407xx.o(.text)
    OTG_HS_IRQHandler                        0x08000287   Thumb Code     0  startup_stm32f407xx.o(.text)
    OTG_HS_WKUP_IRQHandler                   0x08000287   Thumb Code     0  startup_stm32f407xx.o(.text)
    PVD_IRQHandler                           0x08000287   Thumb Code     0  startup_stm32f407xx.o(.text)
    RCC_IRQHandler                           0x08000287   Thumb Code     0  startup_stm32f407xx.o(.text)
    RTC_Alarm_IRQHandler                     0x08000287   Thumb Code     0  startup_stm32f407xx.o(.text)
    RTC_WKUP_IRQHandler                      0x08000287   Thumb Code     0  startup_stm32f407xx.o(.text)
    SDIO_IRQHandler                          0x08000287   Thumb Code     0  startup_stm32f407xx.o(.text)
    SPI1_IRQHandler                          0x08000287   Thumb Code     0  startup_stm32f407xx.o(.text)
    SPI2_IRQHandler                          0x08000287   Thumb Code     0  startup_stm32f407xx.o(.text)
    SPI3_IRQHandler                          0x08000287   Thumb Code     0  startup_stm32f407xx.o(.text)
    TAMP_STAMP_IRQHandler                    0x08000287   Thumb Code     0  startup_stm32f407xx.o(.text)
    TIM1_BRK_TIM9_IRQHandler                 0x08000287   Thumb Code     0  startup_stm32f407xx.o(.text)
    TIM1_CC_IRQHandler                       0x08000287   Thumb Code     0  startup_stm32f407xx.o(.text)
    TIM1_TRG_COM_TIM11_IRQHandler            0x08000287   Thumb Code     0  startup_stm32f407xx.o(.text)
    TIM1_UP_TIM10_IRQHandler                 0x08000287   Thumb Code     0  startup_stm32f407xx.o(.text)
    TIM2_IRQHandler                          0x08000287   Thumb Code     0  startup_stm32f407xx.o(.text)
    TIM3_IRQHandler                          0x08000287   Thumb Code     0  startup_stm32f407xx.o(.text)
    TIM4_IRQHandler                          0x08000287   Thumb Code     0  startup_stm32f407xx.o(.text)
    TIM5_IRQHandler                          0x08000287   Thumb Code     0  startup_stm32f407xx.o(.text)
    TIM6_DAC_IRQHandler                      0x08000287   Thumb Code     0  startup_stm32f407xx.o(.text)
    TIM7_IRQHandler                          0x08000287   Thumb Code     0  startup_stm32f407xx.o(.text)
    TIM8_BRK_TIM12_IRQHandler                0x08000287   Thumb Code     0  startup_stm32f407xx.o(.text)
    TIM8_CC_IRQHandler                       0x08000287   Thumb Code     0  startup_stm32f407xx.o(.text)
    TIM8_TRG_COM_TIM14_IRQHandler            0x08000287   Thumb Code     0  startup_stm32f407xx.o(.text)
    TIM8_UP_TIM13_IRQHandler                 0x08000287   Thumb Code     0  startup_stm32f407xx.o(.text)
    UART4_IRQHandler                         0x08000287   Thumb Code     0  startup_stm32f407xx.o(.text)
    UART5_IRQHandler                         0x08000287   Thumb Code     0  startup_stm32f407xx.o(.text)
    USART1_IRQHandler                        0x08000287   Thumb Code     0  startup_stm32f407xx.o(.text)
    USART2_IRQHandler                        0x08000287   Thumb Code     0  startup_stm32f407xx.o(.text)
    USART3_IRQHandler                        0x08000287   Thumb Code     0  startup_stm32f407xx.o(.text)
    USART6_IRQHandler                        0x08000287   Thumb Code     0  startup_stm32f407xx.o(.text)
    WWDG_IRQHandler                          0x08000287   Thumb Code     0  startup_stm32f407xx.o(.text)
    __user_initial_stackheap                 0x08000289   Thumb Code     0  startup_stm32f407xx.o(.text)
    __aeabi_uldivmod                         0x080002ad   Thumb Code     0  lludivv7m.o(.text)
    _ll_udiv                                 0x080002ad   Thumb Code   238  lludivv7m.o(.text)
    __aeabi_memclr4                          0x0800039b   Thumb Code     0  rt_memclr_w.o(.text)
    __aeabi_memclr8                          0x0800039b   Thumb Code     0  rt_memclr_w.o(.text)
    __rt_memclr_w                            0x0800039b   Thumb Code    78  rt_memclr_w.o(.text)
    _memset_w                                0x0800039f   Thumb Code     0  rt_memclr_w.o(.text)
    __use_two_region_memory                  0x080003e9   Thumb Code     2  heapauxi.o(.text)
    __rt_heap_escrow                         0x080003eb   Thumb Code     2  heapauxi.o(.text)
    __rt_heap_expand                         0x080003ed   Thumb Code     2  heapauxi.o(.text)
    __cpp_initialize__aeabi_                 0x080003f1   Thumb Code    26  init_aeabi.o(.text)
    __rt_SIGPVFN                             0x08000415   Thumb Code    14  defsig_pvfn_outer.o(.text)
    __sig_exit                               0x08000423   Thumb Code    10  defsig_exit.o(.text)
    __rt_SIGPVFN_inner                       0x0800042d   Thumb Code    14  defsig_pvfn_inner.o(.text)
    _sys_exit                                0x0800045d   Thumb Code     8  sys_exit.o(.text)
    __user_libspace                          0x08000469   Thumb Code     8  libspace.o(.text)
    __user_perproc_libspace                  0x08000469   Thumb Code     0  libspace.o(.text)
    __user_perthread_libspace                0x08000469   Thumb Code     0  libspace.o(.text)
    __user_setup_stackheap                   0x08000471   Thumb Code    74  sys_stackheap_outer.o(.text)
    exit                                     0x080004bb   Thumb Code    18  exit.o(.text)
    __default_signal_display                 0x080004cd   Thumb Code    50  defsig_general.o(.text)
    _ttywrch                                 0x080004ff   Thumb Code    14  sys_wrch.o(.text)
    __I$use$semihosting                      0x0800050d   Thumb Code     0  use_no_semi.o(.text)
    __use_no_semihosting_swi                 0x0800050d   Thumb Code     2  use_no_semi.o(.text)
    BusFault_Handler                         0x0800050f   Thumb Code     2  stm32f4xx_it.o(i.BusFault_Handler)
    __semihosting_library_function           0x0800050f   Thumb Code     0  indicate_semi.o(.text)
    DebugMon_Handler                         0x08000511   Thumb Code     2  stm32f4xx_it.o(i.DebugMon_Handler)
    EXTI0_IRQHandler                         0x08000513   Thumb Code     6  stm32f4xx_it.o(i.EXTI0_IRQHandler)
    EXTI15_10_IRQHandler                     0x08000519   Thumb Code    22  stm32f4xx_it.o(i.EXTI15_10_IRQHandler)
    EXTI9_5_IRQHandler                       0x0800052f   Thumb Code    22  stm32f4xx_it.o(i.EXTI9_5_IRQHandler)
    HAL_Delay                                0x08000545   Thumb Code    32  stm32f4xx_hal.o(i.HAL_Delay)
    HAL_GPIO_EXTI_Callback                   0x08000569   Thumb Code    30  main.o(i.HAL_GPIO_EXTI_Callback)
    HAL_GPIO_EXTI_IRQHandler                 0x0800058d   Thumb Code    18  stm32f4xx_hal_gpio.o(i.HAL_GPIO_EXTI_IRQHandler)
    HAL_GPIO_Init                            0x080005a5   Thumb Code   394  stm32f4xx_hal_gpio.o(i.HAL_GPIO_Init)
    HAL_GPIO_TogglePin                       0x0800075d   Thumb Code    14  stm32f4xx_hal_gpio.o(i.HAL_GPIO_TogglePin)
    HAL_GPIO_WritePin                        0x0800076b   Thumb Code    10  stm32f4xx_hal_gpio.o(i.HAL_GPIO_WritePin)
    HAL_GetTick                              0x08000775   Thumb Code     6  stm32f4xx_hal.o(i.HAL_GetTick)
    HAL_I2C_Init                             0x08000781   Thumb Code   376  stm32f4xx_hal_i2c.o(i.HAL_I2C_Init)
    HAL_I2C_Master_Transmit                  0x08000909   Thumb Code   294  stm32f4xx_hal_i2c.o(i.HAL_I2C_Master_Transmit)
    HAL_I2C_MspInit                          0x08000a39   Thumb Code   154  stm32f4xx_hal_msp.o(i.HAL_I2C_MspInit)
    HAL_IncTick                              0x08000ae5   Thumb Code    12  stm32f4xx_hal.o(i.HAL_IncTick)
    HAL_Init                                 0x08000af5   Thumb Code    48  stm32f4xx_hal.o(i.HAL_Init)
    HAL_InitTick                             0x08000b29   Thumb Code    54  stm32f4xx_hal.o(i.HAL_InitTick)
    HAL_MspInit                              0x08000b69   Thumb Code    42  stm32f4xx_hal_msp.o(i.HAL_MspInit)
    HAL_NVIC_EnableIRQ                       0x08000b99   Thumb Code    26  stm32f4xx_hal_cortex.o(i.HAL_NVIC_EnableIRQ)
    HAL_NVIC_SetPriority                     0x08000bb5   Thumb Code    60  stm32f4xx_hal_cortex.o(i.HAL_NVIC_SetPriority)
    HAL_NVIC_SetPriorityGrouping             0x08000bf5   Thumb Code    26  stm32f4xx_hal_cortex.o(i.HAL_NVIC_SetPriorityGrouping)
    HAL_RCC_ClockConfig                      0x08000c19   Thumb Code   288  stm32f4xx_hal_rcc.o(i.HAL_RCC_ClockConfig)
    HAL_RCC_GetPCLK1Freq                     0x08000d4d   Thumb Code    20  stm32f4xx_hal_rcc.o(i.HAL_RCC_GetPCLK1Freq)
    HAL_RCC_GetSysClockFreq                  0x08000d6d   Thumb Code    88  stm32f4xx_hal_rcc.o(i.HAL_RCC_GetSysClockFreq)
    HAL_RCC_OscConfig                        0x08000dcd   Thumb Code   842  stm32f4xx_hal_rcc.o(i.HAL_RCC_OscConfig)
    HAL_SYSTICK_Config                       0x08001131   Thumb Code    42  stm32f4xx_hal_cortex.o(i.HAL_SYSTICK_Config)
    HardFault_Handler                        0x0800115b   Thumb Code     2  stm32f4xx_it.o(i.HardFault_Handler)
    MemManage_Handler                        0x0800115d   Thumb Code     2  stm32f4xx_it.o(i.MemManage_Handler)
    NMI_Handler                              0x0800115f   Thumb Code     2  stm32f4xx_it.o(i.NMI_Handler)
    PendSV_Handler                           0x08001161   Thumb Code     2  stm32f4xx_it.o(i.PendSV_Handler)
    SVC_Handler                              0x08001163   Thumb Code     2  stm32f4xx_it.o(i.SVC_Handler)
    SysTick_Handler                          0x08001165   Thumb Code     4  stm32f4xx_it.o(i.SysTick_Handler)
    SystemInit                               0x08001169   Thumb Code    22  system_stm32f4xx.o(i.SystemInit)
    UsageFault_Handler                       0x08001185   Thumb Code     2  stm32f4xx_it.o(i.UsageFault_Handler)
    testdrawline()                           0x08001189   Thumb Code   486  main.o(i._Z12testdrawlinev)
    testdrawrect()                           0x08001375   Thumb Code    86  main.o(i._Z12testdrawrectv)
    testfillrect()                           0x080013d1   Thumb Code    94  main.o(i._Z12testfillrectv)
    testdrawcircle()                         0x08001435   Thumb Code    72  main.o(i._Z14testdrawcirclev)
    testdrawtriangle()                       0x08001481   Thumb Code   186  main.o(i._Z16testdrawtrianglev)
    testfilltriangle()                       0x08001541   Thumb Code   194  main.o(i._Z16testfilltrianglev)
    testdrawroundrect()                      0x08001609   Thumb Code   106  main.o(i._Z17testdrawroundrectv)
    testfillroundrect()                      0x08001679   Thumb Code   120  main.o(i._Z17testfillroundrectv)
    SystemClock_Config()                     0x080016f5   Thumb Code   124  main.o(i._Z18SystemClock_Configv)
    Adafruit_GFX::drawCircle(short, short, short, unsigned short) 0x08001779   Thumb Code   316  adafruit_gfx.o(i._ZN12Adafruit_GFX10drawCircleEssst)
    Adafruit_GFX::fillCircle(short, short, short, unsigned short) 0x080018b5   Thumb Code    64  adafruit_gfx.o(i._ZN12Adafruit_GFX10fillCircleEssst)
    Adafruit_GFX::drawTriangle(short, short, short, short, short, short, unsigned short) 0x080018f5   Thumb Code    76  adafruit_gfx.o(i._ZN12Adafruit_GFX12drawTriangleEsssssst)
    Adafruit_GFX::fillTriangle(short, short, short, short, short, short, unsigned short) 0x08001941   Thumb Code   358  adafruit_gfx.o(i._ZN12Adafruit_GFX12fillTriangleEsssssst)
    Adafruit_GFX::drawFastHLine(short, short, short, unsigned short) 0x08001aa7   Thumb Code    22  adafruit_gfx.o(i._ZN12Adafruit_GFX13drawFastHLineEssst)
    Adafruit_GFX::drawFastVLine(short, short, short, unsigned short) 0x08001abd   Thumb Code    24  adafruit_gfx.o(i._ZN12Adafruit_GFX13drawFastVLineEssst)
    Adafruit_GFX::drawRoundRect(short, short, short, short, short, unsigned short) 0x08001ad5   Thumb Code   230  adafruit_gfx.o(i._ZN12Adafruit_GFX13drawRoundRectEssssst)
    Adafruit_GFX::fillRoundRect(short, short, short, short, short, unsigned short) 0x08001bbb   Thumb Code   114  adafruit_gfx.o(i._ZN12Adafruit_GFX13fillRoundRectEssssst)
    Adafruit_GFX::drawCircleHelper(short, short, short, unsigned char, unsigned short) 0x08001c2d   Thumb Code   312  adafruit_gfx.o(i._ZN12Adafruit_GFX16drawCircleHelperEsssht)
    Adafruit_GFX::fillCircleHelper(short, short, short, unsigned char, short, unsigned short) 0x08001d65   Thumb Code   240  adafruit_gfx.o(i._ZN12Adafruit_GFX16fillCircleHelperEssshst)
    Adafruit_GFX::drawLine(short, short, short, short, unsigned short) 0x08001e55   Thumb Code   172  adafruit_gfx.o(i._ZN12Adafruit_GFX8drawLineEsssst)
    Adafruit_GFX::drawRect(short, short, short, short, unsigned short) 0x08001f01   Thumb Code    96  adafruit_gfx.o(i._ZN12Adafruit_GFX8drawRectEsssst)
    Adafruit_GFX::fillRect(short, short, short, short, unsigned short) 0x08001f61   Thumb Code    48  adafruit_gfx.o(i._ZN12Adafruit_GFX8fillRectEsssst)
    Adafruit_GFX::Adafruit_GFX__sub_object(short, short) 0x08001f91   Thumb Code    36  adafruit_gfx.o(i._ZN12Adafruit_GFXC2Ess)
    Double_screen::drawBitmap(short, short, const unsigned char*, short, short, unsigned short) 0x08001fb9   Thumb Code   106  double_screen.o(i._ZN13Double_screen10drawBitmapEssPKhsst)
    Double_screen::drawCircle(short, short, short, unsigned short) 0x08002025   Thumb Code    36  double_screen.o(i._ZN13Double_screen10drawCircleEssst)
    Double_screen::fillCircle(short, short, short, unsigned short) 0x08002051   Thumb Code    36  double_screen.o(i._ZN13Double_screen10fillCircleEssst)
    Double_screen::clearDisplay()            0x0800207d   Thumb Code    18  double_screen.o(i._ZN13Double_screen12clearDisplayEv)
    Double_screen::drawTriangle(short, short, short, short, short, short, unsigned short) 0x08002099   Thumb Code    68  double_screen.o(i._ZN13Double_screen12drawTriangleEsssssst)
    Double_screen::fillTriangle(short, short, short, short, short, short, unsigned short) 0x080020e5   Thumb Code    68  double_screen.o(i._ZN13Double_screen12fillTriangleEsssssst)
    Double_screen::drawRoundRect(short, short, short, short, short, unsigned short) 0x08002131   Thumb Code    52  double_screen.o(i._ZN13Double_screen13drawRoundRectEssssst)
    Double_screen::fillRoundRect(short, short, short, short, short, unsigned short) 0x0800216d   Thumb Code    52  double_screen.o(i._ZN13Double_screen13fillRoundRectEssssst)
    Double_screen::invertDisplay(unsigned char) 0x080021a9   Thumb Code    22  double_screen.o(i._ZN13Double_screen13invertDisplayEh)
    Double_screen::begin(unsigned char, unsigned char, bool) 0x080021c9   Thumb Code    30  double_screen.o(i._ZN13Double_screen5beginEhhb)
    Double_screen::display()                 0x080021f1   Thumb Code    18  double_screen.o(i._ZN13Double_screen7displayEv)
    Double_screen::drawLine(short, short, short, short, unsigned short) 0x0800220d   Thumb Code    96  double_screen.o(i._ZN13Double_screen8drawLineEsssst)
    Double_screen::drawRect(short, short, short, short, unsigned short) 0x08002275   Thumb Code    80  double_screen.o(i._ZN13Double_screen8drawRectEsssst)
    Double_screen::fillRect(short, short, short, short, unsigned short) 0x080022cd   Thumb Code    80  double_screen.o(i._ZN13Double_screen8fillRectEsssst)
    Double_screen::drawPixel(short, short, unsigned short) 0x08002325   Thumb Code    18  double_screen.o(i._ZN13Double_screen9drawPixelEsst)
    Double_screen::Double_screen()           0x08002341   Thumb Code    32  double_screen.o(i._ZN13Double_screenC1Ev)
    Double_screen::Double_screen__sub_object() 0x08002341   Thumb Code     0  double_screen.o(i._ZN13Double_screenC1Ev)
    Adafruit_SSD1306::clearDisplay()         0x08002361   Thumb Code    14  adafruit_ssd1306.o(i._ZN16Adafruit_SSD130612clearDisplayEv)
    Adafruit_SSD1306::ssd1306_data(unsigned short) 0x08002371   Thumb Code    54  adafruit_ssd1306.o(i._ZN16Adafruit_SSD130612ssd1306_dataEt)
    Adafruit_SSD1306::drawFastHLine(short, short, short, unsigned short) 0x080023ad   Thumb Code   418  adafruit_ssd1306.o(i._ZN16Adafruit_SSD130613drawFastHLineEssst)
    Adafruit_SSD1306::drawFastVLine(short, short, short, unsigned short) 0x08002559   Thumb Code   408  adafruit_ssd1306.o(i._ZN16Adafruit_SSD130613drawFastVLineEssst)
    Adafruit_SSD1306::invertDisplay(unsigned char) 0x080026f9   Thumb Code    12  adafruit_ssd1306.o(i._ZN16Adafruit_SSD130613invertDisplayEh)
    Adafruit_SSD1306::ssd1306_command(unsigned char) 0x08002705   Thumb Code    34  adafruit_ssd1306.o(i._ZN16Adafruit_SSD130615ssd1306_commandEh)
    Adafruit_SSD1306::begin(unsigned char, unsigned char, bool) 0x0800272d   Thumb Code   236  adafruit_ssd1306.o(i._ZN16Adafruit_SSD13065beginEhhb)
    Adafruit_SSD1306::memset(unsigned char*, unsigned short, unsigned short) 0x08002819   Thumb Code    16  adafruit_ssd1306.o(i._ZN16Adafruit_SSD13066memsetEPhtt)
    Adafruit_SSD1306::display()              0x08002829   Thumb Code    74  adafruit_ssd1306.o(i._ZN16Adafruit_SSD13067displayEv)
    Adafruit_SSD1306::drawPixel(short, short, unsigned short) 0x08002873   Thumb Code   208  adafruit_ssd1306.o(i._ZN16Adafruit_SSD13069drawPixelEsst)
    Adafruit_SSD1306::Adafruit_SSD1306(__I2C_HandleTypeDef*, signed char) 0x08002945   Thumb Code    58  adafruit_ssd1306.o(i._ZN16Adafruit_SSD1306C1EP19__I2C_HandleTypeDefa)
    Adafruit_SSD1306::Adafruit_SSD1306__sub_object(__I2C_HandleTypeDef*, signed char) 0x08002945   Thumb Code     0  adafruit_ssd1306.o(i._ZN16Adafruit_SSD1306C1EP19__I2C_HandleTypeDefa)
    Adafruit_GFX::getRotation() const        0x08002ce7   Thumb Code     4  adafruit_gfx.o(i._ZNK12Adafruit_GFX11getRotationEv)
    Adafruit_GFX::width() const              0x08002ceb   Thumb Code     6  adafruit_gfx.o(i._ZNK12Adafruit_GFX5widthEv)
    Adafruit_GFX::height() const             0x08002cf1   Thumb Code     6  adafruit_gfx.o(i._ZNK12Adafruit_GFX6heightEv)
    Double_screen::width() const             0x08002cf7   Thumb Code     6  double_screen.o(i._ZNK13Double_screen5widthEv)
    Double_screen::height() const            0x08002cfd   Thumb Code     6  double_screen.o(i._ZNK13Double_screen6heightEv)
    __cxa_pure_virtual                       0x08002d03   Thumb Code     6  pure_virt.o(i.__cxa_pure_virtual)
    main                                     0x08002d41   Thumb Code   462  main.o(i.main)
    _fp_init                                 0x08002f29   Thumb Code    10  fpinit.o(x$fpl$fpinit)
    __fplib_config_fpu_vfp                   0x08002f31   Thumb Code     0  fpinit.o(x$fpl$fpinit)
    __fplib_config_pureend_doubles           0x08002f31   Thumb Code     0  fpinit.o(x$fpl$fpinit)
    AHBPrescTable                            0x08002f52   Data          16  system_stm32f4xx.o(.constdata)
    APBPrescTable                            0x08002f62   Data           8  system_stm32f4xx.o(.constdata)
    vtable for Adafruit_GFX                  0x08002f6c   Data          40  adafruit_gfx.o(.constdata__ZTV12Adafruit_GFX)
    vtable for Adafruit_SSD1306              0x08002f94   Data          40  adafruit_ssd1306.o(.constdata__ZTV16Adafruit_SSD1306)
    Region$$Table$$Base                      0x08002fbc   Number         0  anon$$obj.o(Region$$Table)
    Region$$Table$$Limit                     0x08002fdc   Number         0  anon$$obj.o(Region$$Table)
    SHT$$INIT_ARRAY$$Base                    0x08002fdc   Number         0  main.o(.init_array)
    SHT$$INIT_ARRAY$$Limit                   0x08002fe4   Number         0  init_aeabi.o(.init_array)
    uwTickFreq                               0x20000000   Data           1  stm32f4xx_hal.o(.data)
    uwTickPrio                               0x20000004   Data           4  stm32f4xx_hal.o(.data)
    uwTick                                   0x20000008   Data           4  stm32f4xx_hal.o(.data)
    SystemCoreClock                          0x2000000c   Data           4  system_stm32f4xx.o(.data)
    Buffer_CMD                               0x20000010   Data           2  adafruit_ssd1306.o(.data)
    Buffer_DATA                              0x20000012   Data         129  adafruit_ssd1306.o(.data)
    Adafruit_SSD1306::drawFastVLineInternal(short, short, short, unsigned short)::premask 0x20000293   Data           8  adafruit_ssd1306.o(.data__ZZN16Adafruit_SSD130621drawFastVLineInternalEssstE7premask)
    Adafruit_SSD1306::drawFastVLineInternal(short, short, short, unsigned short)::postmask 0x2000029b   Data           8  adafruit_ssd1306.o(.data__ZZN16Adafruit_SSD130621drawFastVLineInternalEssstE8postmask)
    hi2c1                                    0x200002a4   Data          84  main.o(.bss)
    hi2c2                                    0x200002f8   Data          84  main.o(.bss)
    mydoubleScreen                           0x2000034c   Data          26  main.o(.bss)
    lcd_top                                  0x20000368   Data         548  double_screen.o(.bss)
    lcd_bottom                               0x2000058c   Data         548  double_screen.o(.bss)
    __libspace_start                         0x200007b0   Data          96  libspace.o(.bss)
    __temporary_stack_top$libspace           0x20000810   Data           0  libspace.o(.bss)



==============================================================================

Memory Map of the image

  Image Entry point : 0x08000189

  Load Region LR_IROM1 (Base: 0x08000000, Size: 0x00003288, Max: 0x00100000, ABSOLUTE, COMPRESSED[0x000030e8])

    Execution Region ER_IROM1 (Exec base: 0x08000000, Load base: 0x08000000, Size: 0x00002fe4, Max: 0x00100000, ABSOLUTE)

    Exec Addr    Load Addr    Size         Type   Attr      Idx    E Section Name        Object

    0x08000000   0x08000000   0x00000188   Data   RO            3    RESET               startup_stm32f407xx.o
    0x08000188   0x08000188   0x00000008   Code   RO         3454  * !!!main             c_w.l(__main.o)
    0x08000190   0x08000190   0x00000034   Code   RO         4138    !!!scatter          c_w.l(__scatter.o)
    0x080001c4   0x080001c4   0x0000005a   Code   RO         4136    !!dczerorl2         c_w.l(__dczerorl2.o)
    0x0800021e   0x0800021e   0x00000002   PAD
    0x08000220   0x08000220   0x0000001c   Code   RO         4140    !!handler_zi        c_w.l(__scatter_zi.o)
    0x0800023c   0x0800023c   0x00000002   Code   RO         4052    .ARM.Collect$$libinit$$00000000  c_w.l(libinit.o)
    0x0800023e   0x0800023e   0x00000004   Code   RO         3689    .ARM.Collect$$libinit$$00000001  c_w.l(libinit2.o)
    0x08000242   0x08000242   0x00000000   Code   RO         3692    .ARM.Collect$$libinit$$00000004  c_w.l(libinit2.o)
    0x08000242   0x08000242   0x00000000   Code   RO         3695    .ARM.Collect$$libinit$$0000000A  c_w.l(libinit2.o)
    0x08000242   0x08000242   0x00000000   Code   RO         3697    .ARM.Collect$$libinit$$0000000C  c_w.l(libinit2.o)
    0x08000242   0x08000242   0x00000000   Code   RO         3699    .ARM.Collect$$libinit$$0000000E  c_w.l(libinit2.o)
    0x08000242   0x08000242   0x00000000   Code   RO         3702    .ARM.Collect$$libinit$$00000011  c_w.l(libinit2.o)
    0x08000242   0x08000242   0x00000000   Code   RO         3704    .ARM.Collect$$libinit$$00000013  c_w.l(libinit2.o)
    0x08000242   0x08000242   0x00000000   Code   RO         3706    .ARM.Collect$$libinit$$00000015  c_w.l(libinit2.o)
    0x08000242   0x08000242   0x00000000   Code   RO         3708    .ARM.Collect$$libinit$$00000017  c_w.l(libinit2.o)
    0x08000242   0x08000242   0x00000000   Code   RO         3710    .ARM.Collect$$libinit$$00000019  c_w.l(libinit2.o)
    0x08000242   0x08000242   0x00000000   Code   RO         3712    .ARM.Collect$$libinit$$0000001B  c_w.l(libinit2.o)
    0x08000242   0x08000242   0x00000000   Code   RO         3714    .ARM.Collect$$libinit$$0000001D  c_w.l(libinit2.o)
    0x08000242   0x08000242   0x00000000   Code   RO         3716    .ARM.Collect$$libinit$$0000001F  c_w.l(libinit2.o)
    0x08000242   0x08000242   0x00000000   Code   RO         3718    .ARM.Collect$$libinit$$00000021  c_w.l(libinit2.o)
    0x08000242   0x08000242   0x00000000   Code   RO         3720    .ARM.Collect$$libinit$$00000023  c_w.l(libinit2.o)
    0x08000242   0x08000242   0x00000000   Code   RO         3722    .ARM.Collect$$libinit$$00000025  c_w.l(libinit2.o)
    0x08000242   0x08000242   0x00000000   Code   RO         3726    .ARM.Collect$$libinit$$0000002C  c_w.l(libinit2.o)
    0x08000242   0x08000242   0x00000000   Code   RO         3728    .ARM.Collect$$libinit$$0000002E  c_w.l(libinit2.o)
    0x08000242   0x08000242   0x00000000   Code   RO         3730    .ARM.Collect$$libinit$$00000030  c_w.l(libinit2.o)
    0x08000242   0x08000242   0x00000004   Code   RO         3731    .ARM.Collect$$libinit$$00000031  c_w.l(libinit2.o)
    0x08000246   0x08000246   0x00000000   Code   RO         3732    .ARM.Collect$$libinit$$00000032  c_w.l(libinit2.o)
    0x08000246   0x08000246   0x00000002   Code   RO         3733    .ARM.Collect$$libinit$$00000033  c_w.l(libinit2.o)
    0x08000248   0x08000248   0x00000002   Code   RO         4133    .ARM.Collect$$libshutdown$$00000000  c_w.l(libshutdown.o)
    0x0800024a   0x0800024a   0x00000000   Code   RO         4116    .ARM.Collect$$libshutdown$$00000002  c_w.l(libshutdown2.o)
    0x0800024a   0x0800024a   0x00000000   Code   RO         4118    .ARM.Collect$$libshutdown$$00000004  c_w.l(libshutdown2.o)
    0x0800024a   0x0800024a   0x00000000   Code   RO         4121    .ARM.Collect$$libshutdown$$00000007  c_w.l(libshutdown2.o)
    0x0800024a   0x0800024a   0x00000000   Code   RO         4124    .ARM.Collect$$libshutdown$$0000000A  c_w.l(libshutdown2.o)
    0x0800024a   0x0800024a   0x00000000   Code   RO         4126    .ARM.Collect$$libshutdown$$0000000C  c_w.l(libshutdown2.o)
    0x0800024a   0x0800024a   0x00000000   Code   RO         4129    .ARM.Collect$$libshutdown$$0000000F  c_w.l(libshutdown2.o)
    0x0800024a   0x0800024a   0x00000002   Code   RO         4130    .ARM.Collect$$libshutdown$$00000010  c_w.l(libshutdown2.o)
    0x0800024c   0x0800024c   0x00000000   Code   RO         3624    .ARM.Collect$$rtentry$$00000000  c_w.l(__rtentry.o)
    0x0800024c   0x0800024c   0x00000000   Code   RO         3864    .ARM.Collect$$rtentry$$00000002  c_w.l(__rtentry2.o)
    0x0800024c   0x0800024c   0x00000006   Code   RO         3876    .ARM.Collect$$rtentry$$00000004  c_w.l(__rtentry4.o)
    0x08000252   0x08000252   0x00000000   Code   RO         3866    .ARM.Collect$$rtentry$$00000009  c_w.l(__rtentry2.o)
    0x08000252   0x08000252   0x00000004   Code   RO         3867    .ARM.Collect$$rtentry$$0000000A  c_w.l(__rtentry2.o)
    0x08000256   0x08000256   0x00000000   Code   RO         3869    .ARM.Collect$$rtentry$$0000000C  c_w.l(__rtentry2.o)
    0x08000256   0x08000256   0x00000008   Code   RO         3870    .ARM.Collect$$rtentry$$0000000D  c_w.l(__rtentry2.o)
    0x0800025e   0x0800025e   0x00000002   Code   RO         4082    .ARM.Collect$$rtexit$$00000000  c_w.l(rtexit.o)
    0x08000260   0x08000260   0x00000000   Code   RO         4095    .ARM.Collect$$rtexit$$00000002  c_w.l(rtexit2.o)
    0x08000260   0x08000260   0x00000004   Code   RO         4096    .ARM.Collect$$rtexit$$00000003  c_w.l(rtexit2.o)
    0x08000264   0x08000264   0x00000006   Code   RO         4097    .ARM.Collect$$rtexit$$00000004  c_w.l(rtexit2.o)
    0x0800026a   0x0800026a   0x00000002   PAD
    0x0800026c   0x0800026c   0x00000040   Code   RO            4    .text               startup_stm32f407xx.o
    0x080002ac   0x080002ac   0x000000ee   Code   RO         3443    .text               c_w.l(lludivv7m.o)
    0x0800039a   0x0800039a   0x0000004e   Code   RO         3450    .text               c_w.l(rt_memclr_w.o)
    0x080003e8   0x080003e8   0x00000006   Code   RO         3452    .text               c_w.l(heapauxi.o)
    0x080003ee   0x080003ee   0x00000002   PAD
    0x080003f0   0x080003f0   0x00000024   Code   RO         3459    .text               c_w.l(init_aeabi.o)
    0x08000414   0x08000414   0x0000000e   Code   RO         3685    .text               c_w.l(defsig_pvfn_outer.o)
    0x08000422   0x08000422   0x0000000a   Code   RO         3928    .text               c_w.l(defsig_exit.o)
    0x0800042c   0x0800042c   0x00000030   Code   RO         3930    .text               c_w.l(defsig_pvfn_inner.o)
    0x0800045c   0x0800045c   0x0000000c   Code   RO         4007    .text               c_w.l(sys_exit.o)
    0x08000468   0x08000468   0x00000008   Code   RO         4009    .text               c_w.l(libspace.o)
    0x08000470   0x08000470   0x0000004a   Code   RO         4012    .text               c_w.l(sys_stackheap_outer.o)
    0x080004ba   0x080004ba   0x00000012   Code   RO         4022    .text               c_w.l(exit.o)
    0x080004cc   0x080004cc   0x00000032   Code   RO         4026    .text               c_w.l(defsig_general.o)
    0x080004fe   0x080004fe   0x0000000e   Code   RO         4077    .text               c_w.l(sys_wrch.o)
    0x0800050c   0x0800050c   0x00000002   Code   RO         4079    .text               c_w.l(use_no_semi.o)
    0x0800050e   0x0800050e   0x00000000   Code   RO         4081    .text               c_w.l(indicate_semi.o)
    0x0800050e   0x0800050e   0x00000002   Code   RO          614    i.BusFault_Handler  stm32f4xx_it.o
    0x08000510   0x08000510   0x00000002   Code   RO          615    i.DebugMon_Handler  stm32f4xx_it.o
    0x08000512   0x08000512   0x00000006   Code   RO          616    i.EXTI0_IRQHandler  stm32f4xx_it.o
    0x08000518   0x08000518   0x00000016   Code   RO          617    i.EXTI15_10_IRQHandler  stm32f4xx_it.o
    0x0800052e   0x0800052e   0x00000016   Code   RO          618    i.EXTI9_5_IRQHandler  stm32f4xx_it.o
    0x08000544   0x08000544   0x00000024   Code   RO         2371    i.HAL_Delay         stm32f4xx_hal.o
    0x08000568   0x08000568   0x00000024   Code   RO           17    i.HAL_GPIO_EXTI_Callback  main.o
    0x0800058c   0x0800058c   0x00000018   Code   RO         1757    i.HAL_GPIO_EXTI_IRQHandler  stm32f4xx_hal_gpio.o
    0x080005a4   0x080005a4   0x000001b8   Code   RO         1758    i.HAL_GPIO_Init     stm32f4xx_hal_gpio.o
    0x0800075c   0x0800075c   0x0000000e   Code   RO         1761    i.HAL_GPIO_TogglePin  stm32f4xx_hal_gpio.o
    0x0800076a   0x0800076a   0x0000000a   Code   RO         1762    i.HAL_GPIO_WritePin  stm32f4xx_hal_gpio.o
    0x08000774   0x08000774   0x0000000c   Code   RO         2377    i.HAL_GetTick       stm32f4xx_hal.o
    0x08000780   0x08000780   0x00000188   Code   RO          832    i.HAL_I2C_Init      stm32f4xx_hal_i2c.o
    0x08000908   0x08000908   0x00000130   Code   RO          845    i.HAL_I2C_Master_Transmit  stm32f4xx_hal_i2c.o
    0x08000a38   0x08000a38   0x000000ac   Code   RO          780    i.HAL_I2C_MspInit   stm32f4xx_hal_msp.o
    0x08000ae4   0x08000ae4   0x00000010   Code   RO         2383    i.HAL_IncTick       stm32f4xx_hal.o
    0x08000af4   0x08000af4   0x00000034   Code   RO         2384    i.HAL_Init          stm32f4xx_hal.o
    0x08000b28   0x08000b28   0x00000040   Code   RO         2385    i.HAL_InitTick      stm32f4xx_hal.o
    0x08000b68   0x08000b68   0x00000030   Code   RO          781    i.HAL_MspInit       stm32f4xx_hal_msp.o
    0x08000b98   0x08000b98   0x0000001a   Code   RO         2212    i.HAL_NVIC_EnableIRQ  stm32f4xx_hal_cortex.o
    0x08000bb2   0x08000bb2   0x00000002   PAD
    0x08000bb4   0x08000bb4   0x00000040   Code   RO         2218    i.HAL_NVIC_SetPriority  stm32f4xx_hal_cortex.o
    0x08000bf4   0x08000bf4   0x00000024   Code   RO         2219    i.HAL_NVIC_SetPriorityGrouping  stm32f4xx_hal_cortex.o
    0x08000c18   0x08000c18   0x00000134   Code   RO         1345    i.HAL_RCC_ClockConfig  stm32f4xx_hal_rcc.o
    0x08000d4c   0x08000d4c   0x00000020   Code   RO         1352    i.HAL_RCC_GetPCLK1Freq  stm32f4xx_hal_rcc.o
    0x08000d6c   0x08000d6c   0x00000060   Code   RO         1354    i.HAL_RCC_GetSysClockFreq  stm32f4xx_hal_rcc.o
    0x08000dcc   0x08000dcc   0x00000364   Code   RO         1357    i.HAL_RCC_OscConfig  stm32f4xx_hal_rcc.o
    0x08001130   0x08001130   0x0000002a   Code   RO         2223    i.HAL_SYSTICK_Config  stm32f4xx_hal_cortex.o
    0x0800115a   0x0800115a   0x00000002   Code   RO          619    i.HardFault_Handler  stm32f4xx_it.o
    0x0800115c   0x0800115c   0x00000002   Code   RO          620    i.MemManage_Handler  stm32f4xx_it.o
    0x0800115e   0x0800115e   0x00000002   Code   RO          621    i.NMI_Handler       stm32f4xx_it.o
    0x08001160   0x08001160   0x00000002   Code   RO          622    i.PendSV_Handler    stm32f4xx_it.o
    0x08001162   0x08001162   0x00000002   Code   RO          623    i.SVC_Handler       stm32f4xx_it.o
    0x08001164   0x08001164   0x00000004   Code   RO          624    i.SysTick_Handler   stm32f4xx_it.o
    0x08001168   0x08001168   0x0000001c   Code   RO         2707    i.SystemInit        system_stm32f4xx.o
    0x08001184   0x08001184   0x00000002   Code   RO          625    i.UsageFault_Handler  stm32f4xx_it.o
    0x08001186   0x08001186   0x00000002   PAD
    0x08001188   0x08001188   0x000001ec   Code   RO           18    i._Z12testdrawlinev  main.o
    0x08001374   0x08001374   0x0000005c   Code   RO           19    i._Z12testdrawrectv  main.o
    0x080013d0   0x080013d0   0x00000064   Code   RO           20    i._Z12testfillrectv  main.o
    0x08001434   0x08001434   0x0000004c   Code   RO           22    i._Z14testdrawcirclev  main.o
    0x08001480   0x08001480   0x000000c0   Code   RO           23    i._Z16testdrawtrianglev  main.o
    0x08001540   0x08001540   0x000000c8   Code   RO           24    i._Z16testfilltrianglev  main.o
    0x08001608   0x08001608   0x00000070   Code   RO           25    i._Z17testdrawroundrectv  main.o
    0x08001678   0x08001678   0x0000007c   Code   RO           26    i._Z17testfillroundrectv  main.o
    0x080016f4   0x080016f4   0x00000084   Code   RO           27    i._Z18SystemClock_Configv  main.o
    0x08001778   0x08001778   0x0000013c   Code   RO         2751    i._ZN12Adafruit_GFX10drawCircleEssst  adafruit_gfx.o
    0x080018b4   0x080018b4   0x00000040   Code   RO         2752    i._ZN12Adafruit_GFX10fillCircleEssst  adafruit_gfx.o
    0x080018f4   0x080018f4   0x0000004c   Code   RO         2758    i._ZN12Adafruit_GFX12drawTriangleEsssssst  adafruit_gfx.o
    0x08001940   0x08001940   0x00000166   Code   RO         2759    i._ZN12Adafruit_GFX12fillTriangleEsssssst  adafruit_gfx.o
    0x08001aa6   0x08001aa6   0x00000016   Code   RO         2762    i._ZN12Adafruit_GFX13drawFastHLineEssst  adafruit_gfx.o
    0x08001abc   0x08001abc   0x00000018   Code   RO         2763    i._ZN12Adafruit_GFX13drawFastVLineEssst  adafruit_gfx.o
    0x08001ad4   0x08001ad4   0x000000e6   Code   RO         2764    i._ZN12Adafruit_GFX13drawRoundRectEssssst  adafruit_gfx.o
    0x08001bba   0x08001bba   0x00000072   Code   RO         2765    i._ZN12Adafruit_GFX13fillRoundRectEssssst  adafruit_gfx.o
    0x08001c2c   0x08001c2c   0x00000138   Code   RO         2766    i._ZN12Adafruit_GFX16drawCircleHelperEsssht  adafruit_gfx.o
    0x08001d64   0x08001d64   0x000000f0   Code   RO         2767    i._ZN12Adafruit_GFX16fillCircleHelperEssshst  adafruit_gfx.o
    0x08001e54   0x08001e54   0x000000ac   Code   RO         2770    i._ZN12Adafruit_GFX8drawLineEsssst  adafruit_gfx.o
    0x08001f00   0x08001f00   0x00000060   Code   RO         2771    i._ZN12Adafruit_GFX8drawRectEsssst  adafruit_gfx.o
    0x08001f60   0x08001f60   0x00000030   Code   RO         2772    i._ZN12Adafruit_GFX8fillRectEsssst  adafruit_gfx.o
    0x08001f90   0x08001f90   0x00000028   Code   RO         2774    i._ZN12Adafruit_GFXC2Ess  adafruit_gfx.o
    0x08001fb8   0x08001fb8   0x0000006a   Code   RO         3162    i._ZN13Double_screen10drawBitmapEssPKhsst  double_screen.o
    0x08002022   0x08002022   0x00000002   PAD
    0x08002024   0x08002024   0x0000002c   Code   RO         3164    i._ZN13Double_screen10drawCircleEssst  double_screen.o
    0x08002050   0x08002050   0x0000002c   Code   RO         3165    i._ZN13Double_screen10fillCircleEssst  double_screen.o
    0x0800207c   0x0800207c   0x0000001c   Code   RO         3172    i._ZN13Double_screen12clearDisplayEv  double_screen.o
    0x08002098   0x08002098   0x0000004c   Code   RO         3173    i._ZN13Double_screen12drawTriangleEsssssst  double_screen.o
    0x080020e4   0x080020e4   0x0000004c   Code   RO         3175    i._ZN13Double_screen12fillTriangleEsssssst  double_screen.o
    0x08002130   0x08002130   0x0000003c   Code   RO         3180    i._ZN13Double_screen13drawRoundRectEssssst  double_screen.o
    0x0800216c   0x0800216c   0x0000003c   Code   RO         3181    i._ZN13Double_screen13fillRoundRectEssssst  double_screen.o
    0x080021a8   0x080021a8   0x00000020   Code   RO         3182    i._ZN13Double_screen13invertDisplayEh  double_screen.o
    0x080021c8   0x080021c8   0x00000028   Code   RO         3190    i._ZN13Double_screen5beginEhhb  double_screen.o
    0x080021f0   0x080021f0   0x0000001c   Code   RO         3193    i._ZN13Double_screen7displayEv  double_screen.o
    0x0800220c   0x0800220c   0x00000068   Code   RO         3195    i._ZN13Double_screen8drawLineEsssst  double_screen.o
    0x08002274   0x08002274   0x00000058   Code   RO         3196    i._ZN13Double_screen8drawRectEsssst  double_screen.o
    0x080022cc   0x080022cc   0x00000058   Code   RO         3197    i._ZN13Double_screen8fillRectEsssst  double_screen.o
    0x08002324   0x08002324   0x0000001c   Code   RO         3198    i._ZN13Double_screen9drawPixelEsst  double_screen.o
    0x08002340   0x08002340   0x00000020   Code   RO         3200    i._ZN13Double_screenC1Ev  double_screen.o
    0x08002360   0x08002360   0x0000000e   Code   RO         2983    i._ZN16Adafruit_SSD130612clearDisplayEv  adafruit_ssd1306.o
    0x0800236e   0x0800236e   0x00000002   PAD
    0x08002370   0x08002370   0x0000003c   Code   RO         2984    i._ZN16Adafruit_SSD130612ssd1306_dataEt  adafruit_ssd1306.o
    0x080023ac   0x080023ac   0x000001ac   Code   RO         2985    i._ZN16Adafruit_SSD130613drawFastHLineEssst  adafruit_ssd1306.o
    0x08002558   0x08002558   0x000001a0   Code   RO         2986    i._ZN16Adafruit_SSD130613drawFastVLineEssst  adafruit_ssd1306.o
    0x080026f8   0x080026f8   0x0000000c   Code   RO         2987    i._ZN16Adafruit_SSD130613invertDisplayEh  adafruit_ssd1306.o
    0x08002704   0x08002704   0x00000028   Code   RO         2988    i._ZN16Adafruit_SSD130615ssd1306_commandEh  adafruit_ssd1306.o
    0x0800272c   0x0800272c   0x000000ec   Code   RO         2994    i._ZN16Adafruit_SSD13065beginEhhb  adafruit_ssd1306.o
    0x08002818   0x08002818   0x00000010   Code   RO         2995    i._ZN16Adafruit_SSD13066memsetEPhtt  adafruit_ssd1306.o
    0x08002828   0x08002828   0x0000004a   Code   RO         2997    i._ZN16Adafruit_SSD13067displayEv  adafruit_ssd1306.o
    0x08002872   0x08002872   0x000000d0   Code   RO         2998    i._ZN16Adafruit_SSD13069drawPixelEsst  adafruit_ssd1306.o
    0x08002942   0x08002942   0x00000002   PAD
    0x08002944   0x08002944   0x00000044   Code   RO         2999    i._ZN16Adafruit_SSD1306C1EP19__I2C_HandleTypeDefa  adafruit_ssd1306.o
    0x08002988   0x08002988   0x000000d4   Code   RO           28    i._ZN29_INTERNAL_8_main_cpp_6a9831bd12MX_GPIO_InitEv  main.o
    0x08002a5c   0x08002a5c   0x0000009c   Code   RO          882    i._ZN41_INTERNAL_19_stm32f4xx_hal_i2c_c_0eb271f422I2C_MasterRequestWriteEP19__I2C_HandleTypeDeftjj  stm32f4xx_hal_i2c.o
    0x08002af8   0x08002af8   0x0000002e   Code   RO          886    i._ZN41_INTERNAL_19_stm32f4xx_hal_i2c_c_0eb271f423I2C_IsAcknowledgeFailedEP19__I2C_HandleTypeDef  stm32f4xx_hal_i2c.o
    0x08002b26   0x08002b26   0x00000002   PAD
    0x08002b28   0x08002b28   0x00000070   Code   RO          888    i._ZN41_INTERNAL_19_stm32f4xx_hal_i2c_c_0eb271f426I2C_WaitOnFlagUntilTimeoutEP19__I2C_HandleTypeDefj10FlagStatusjj  stm32f4xx_hal_i2c.o
    0x08002b98   0x08002b98   0x0000004c   Code   RO          889    i._ZN41_INTERNAL_19_stm32f4xx_hal_i2c_c_0eb271f429I2C_WaitOnBTFFlagUntilTimeoutEP19__I2C_HandleTypeDefjj  stm32f4xx_hal_i2c.o
    0x08002be4   0x08002be4   0x0000004c   Code   RO          890    i._ZN41_INTERNAL_19_stm32f4xx_hal_i2c_c_0eb271f429I2C_WaitOnTXEFlagUntilTimeoutEP19__I2C_HandleTypeDefjj  stm32f4xx_hal_i2c.o
    0x08002c30   0x08002c30   0x00000096   Code   RO          892    i._ZN41_INTERNAL_19_stm32f4xx_hal_i2c_c_0eb271f439I2C_WaitOnMasterAddressFlagUntilTimeoutEP19__I2C_HandleTypeDefjjj  stm32f4xx_hal_i2c.o
    0x08002cc6   0x08002cc6   0x00000020   Code   RO         2225    i._ZN44_INTERNAL_22_stm32f4xx_hal_cortex_c_2992dbc018__NVIC_SetPriorityE9IRQn_Typej  stm32f4xx_hal_cortex.o
    0x08002ce6   0x08002ce6   0x00000004   Code   RO         2775    i._ZNK12Adafruit_GFX11getRotationEv  adafruit_gfx.o
    0x08002cea   0x08002cea   0x00000006   Code   RO         2776    i._ZNK12Adafruit_GFX5widthEv  adafruit_gfx.o
    0x08002cf0   0x08002cf0   0x00000006   Code   RO         2777    i._ZNK12Adafruit_GFX6heightEv  adafruit_gfx.o
    0x08002cf6   0x08002cf6   0x00000006   Code   RO         3202    i._ZNK13Double_screen5widthEv  double_screen.o
    0x08002cfc   0x08002cfc   0x00000006   Code   RO         3203    i._ZNK13Double_screen6heightEv  double_screen.o
    0x08002d02   0x08002d02   0x00000006   Code   RO         3469    i.__cxa_pure_virtual  cpprt_w.l(pure_virt.o)
    0x08002d08   0x08002d08   0x0000002c   Code   RO         3204    i.__sti___17_Double_screen_cpp_lcd_top  double_screen.o
    0x08002d34   0x08002d34   0x0000000c   Code   RO           29    i.__sti___8_main_cpp_6a9831bd  main.o
    0x08002d40   0x08002d40   0x000001e8   Code   RO           30    i.main              main.o
    0x08002f28   0x08002f28   0x0000000a   Code   RO         4003    x$fpl$fpinit        fz_wm.l(fpinit.o)
    0x08002f32   0x08002f32   0x00000020   Data   RO           47    .constdata          main.o
    0x08002f52   0x08002f52   0x00000010   Data   RO         2710    .constdata          system_stm32f4xx.o
    0x08002f62   0x08002f62   0x00000008   Data   RO         2711    .constdata          system_stm32f4xx.o
    0x08002f6a   0x08002f6a   0x00000002   PAD
    0x08002f6c   0x08002f6c   0x00000028   Data   RO         2963    .constdata__ZTV12Adafruit_GFX  adafruit_gfx.o
    0x08002f94   0x08002f94   0x00000028   Data   RO         3107    .constdata__ZTV16Adafruit_SSD1306  adafruit_ssd1306.o
    0x08002fbc   0x08002fbc   0x00000020   Data   RO         4134    Region$$Table       anon$$obj.o
    0x08002fdc   0x08002fdc   0x00000004   Data   RO           48    .init_array         main.o
    0x08002fe0   0x08002fdc   0x00000004   Data   RO         3253    .init_array         double_screen.o
    0x08002fe4   0x08002fdc   0x00000000   Data   RO         3457    .init_array         c_w.l(init_aeabi.o)


    Execution Region RW_IRAM1 (Exec base: 0x20000000, Load base: 0x08002fe4, Size: 0x00000e10, Max: 0x00020000, ABSOLUTE, COMPRESSED[0x00000104])

    Exec Addr    Load Addr    Size         Type   Attr      Idx    E Section Name        Object

    0x20000000   COMPRESSED   0x0000000c   Data   RW         2418    .data               stm32f4xx_hal.o
    0x2000000c   COMPRESSED   0x00000004   Data   RW         2712    .data               system_stm32f4xx.o
    0x20000010   COMPRESSED   0x00000283   Data   RW         3019    .data               adafruit_ssd1306.o
    0x20000293   COMPRESSED   0x00000008   Data   RW         3109    .data__ZZN16Adafruit_SSD130621drawFastVLineInternalEssstE7premask  adafruit_ssd1306.o
    0x2000029b   COMPRESSED   0x00000008   Data   RW         3110    .data__ZZN16Adafruit_SSD130621drawFastVLineInternalEssstE8postmask  adafruit_ssd1306.o
    0x200002a3   COMPRESSED   0x00000001   PAD
    0x200002a4        -       0x000000c2   Zero   RW           46    .bss                main.o
    0x20000366   COMPRESSED   0x00000002   PAD
    0x20000368        -       0x00000448   Zero   RW         3251    .bss                double_screen.o
    0x200007b0        -       0x00000060   Zero   RW         4010    .bss                c_w.l(libspace.o)
    0x20000810        -       0x00000200   Zero   RW            2    HEAP                startup_stm32f407xx.o
    0x20000a10        -       0x00000400   Zero   RW            1    STACK               startup_stm32f407xx.o


==============================================================================

Image component sizes


      Code (inc. data)   RO Data    RW Data    ZI Data      Debug   Object Name

      2128          4         40          0          0      15216   adafruit_gfx.o
      1572         40         40        659          0      13564   adafruit_ssd1306.o
       990        140          4          0       1096      13427   double_screen.o
      2268        106         36          0        194     672070   main.o
        64         26        392          0       1536        868   startup_stm32f407xx.o
       180         28          0         12          0       9637   stm32f4xx_hal.o
       200         14          0          0          0      34123   stm32f4xx_hal_cortex.o
       488         52          0          0          0       3804   stm32f4xx_hal_gpio.o
      1312         32          0          0          0       9385   stm32f4xx_hal_i2c.o
       220         24          0          0          0       1764   stm32f4xx_hal_msp.o
      1304         66          0          0          0       4789   stm32f4xx_hal_rcc.o
        70          0          0          0          0     653909   stm32f4xx_it.o
        28          6         24          4          0       1231   system_stm32f4xx.o

    ----------------------------------------------------------------------
     10836        538        570        676       2828    1433787   Object Totals
         0          0         32          0          0          0   (incl. Generated)
        12          0          2          1          2          0   (incl. Padding)

    ----------------------------------------------------------------------

      Code (inc. data)   RO Data    RW Data    ZI Data      Debug   Library Member Name

        90          0          0          0          0          0   __dczerorl2.o
         8          0          0          0          0         68   __main.o
         0          0          0          0          0          0   __rtentry.o
        12          0          0          0          0          0   __rtentry2.o
         6          0          0          0          0          0   __rtentry4.o
        52          8          0          0          0          0   __scatter.o
        28          0          0          0          0          0   __scatter_zi.o
        10          0          0          0          0         68   defsig_exit.o
        50          0          0          0          0         88   defsig_general.o
        48         34          0          0          0         76   defsig_pvfn_inner.o
        14          0          0          0          0         80   defsig_pvfn_outer.o
        18          0          0          0          0         80   exit.o
         6          0          0          0          0        152   heapauxi.o
         0          0          0          0          0          0   indicate_semi.o
        36         10          0          0          0         80   init_aeabi.o
         2          0          0          0          0          0   libinit.o
        10          0          0          0          0          0   libinit2.o
         2          0          0          0          0          0   libshutdown.o
         2          0          0          0          0          0   libshutdown2.o
         8          4          0          0         96         68   libspace.o
       238          0          0          0          0        100   lludivv7m.o
        78          0          0          0          0         80   rt_memclr_w.o
         2          0          0          0          0          0   rtexit.o
        10          0          0          0          0          0   rtexit2.o
        12          4          0          0          0         68   sys_exit.o
        74          0          0          0          0         80   sys_stackheap_outer.o
        14          0          0          0          0         76   sys_wrch.o
         2          0          0          0          0         68   use_no_semi.o
         6          0          0          0          0         68   pure_virt.o
        10          0          0          0          0        116   fpinit.o

    ----------------------------------------------------------------------
       854         60          0          0         96       1416   Library Totals
         6          0          0          0          0          0   (incl. Padding)

    ----------------------------------------------------------------------

      Code (inc. data)   RO Data    RW Data    ZI Data      Debug   Library Name

       832         60          0          0         96       1232   c_w.l
         6          0          0          0          0         68   cpprt_w.l
        10          0          0          0          0        116   fz_wm.l

    ----------------------------------------------------------------------
       854         60          0          0         96       1416   Library Totals

    ----------------------------------------------------------------------

==============================================================================


      Code (inc. data)   RO Data    RW Data    ZI Data      Debug   

     11690        598        570        676       2924    1425279   Grand Totals
     11690        598        570        260       2924    1425279   ELF Image Totals (compressed)
     11690        598        570        260          0          0   ROM Totals

==============================================================================

    Total RO  Size (Code + RO Data)                12260 (  11.97kB)
    Total RW  Size (RW Data + ZI Data)              3600 (   3.52kB)
    Total ROM Size (Code + RO Data + RW Data)      12520 (  12.23kB)

==============================================================================

