<!doctype html public "-//w3c//dtd html 4.0 transitional//en">
<html><head>
<title>Static Call Graph - [LCD_I2C_Driver\LCD_I2C_Driver.axf]</title></head>
<body><HR>
<H1>Static Call Graph for image LCD_I2C_Driver\LCD_I2C_Driver.axf</H1><HR>
<BR><P>#&#060CALLGRAPH&#062# ARM Linker, 5060750: Last Updated: Wed Apr 08 14:07:50 2020
<BR><P>
<H3>Maximum Stack Usage =        272 bytes + Unknown(Functions without stacksize, Cycles, Untraceable Function Pointers)</H3><H3>
Call chain for Maximum Stack Depth:</H3>
__rt_entry_main &rArr; main &rArr; testdrawroundrect() &rArr; Double_screen::drawRoundRect(short, short, short, short, short, unsigned short) &rArr; Adafruit_GFX::drawRoundRect(short, short, short, short, short, unsigned short) &rArr; Adafruit_GFX::drawCircleHelper(short, short, short, unsigned char, unsigned short)
<P>
<H3>
Functions with no stack information
</H3><UL>
 <LI><a href="#[92]">__user_initial_stackheap</a>
</UL>
</UL>
<P>
<H3>
Mutually Recursive functions
</H3> <LI><a href="#[2e]">ADC_IRQHandler</a>&nbsp;&nbsp;&nbsp;&rArr;&nbsp;&nbsp;&nbsp;<a href="#[2e]">ADC_IRQHandler</a><BR>
 <LI><a href="#[16]">BusFault_Handler</a>&nbsp;&nbsp;&nbsp;&rArr;&nbsp;&nbsp;&nbsp;<a href="#[16]">BusFault_Handler</a><BR>
 <LI><a href="#[14]">HardFault_Handler</a>&nbsp;&nbsp;&nbsp;&rArr;&nbsp;&nbsp;&nbsp;<a href="#[14]">HardFault_Handler</a><BR>
 <LI><a href="#[15]">MemManage_Handler</a>&nbsp;&nbsp;&nbsp;&rArr;&nbsp;&nbsp;&nbsp;<a href="#[15]">MemManage_Handler</a><BR>
 <LI><a href="#[17]">UsageFault_Handler</a>&nbsp;&nbsp;&nbsp;&rArr;&nbsp;&nbsp;&nbsp;<a href="#[17]">UsageFault_Handler</a><BR>
</UL>
<P>
<H3>
Function Pointers
</H3><UL>
 <LI><a href="#[2e]">ADC_IRQHandler</a> from startup_stm32f407xx.o(.text) referenced from startup_stm32f407xx.o(RESET)
 <LI><a href="#[16]">BusFault_Handler</a> from stm32f4xx_it.o(i.BusFault_Handler) referenced from startup_stm32f407xx.o(RESET)
 <LI><a href="#[30]">CAN1_RX0_IRQHandler</a> from startup_stm32f407xx.o(.text) referenced from startup_stm32f407xx.o(RESET)
 <LI><a href="#[31]">CAN1_RX1_IRQHandler</a> from startup_stm32f407xx.o(.text) referenced from startup_stm32f407xx.o(RESET)
 <LI><a href="#[32]">CAN1_SCE_IRQHandler</a> from startup_stm32f407xx.o(.text) referenced from startup_stm32f407xx.o(RESET)
 <LI><a href="#[2f]">CAN1_TX_IRQHandler</a> from startup_stm32f407xx.o(.text) referenced from startup_stm32f407xx.o(RESET)
 <LI><a href="#[5c]">CAN2_RX0_IRQHandler</a> from startup_stm32f407xx.o(.text) referenced from startup_stm32f407xx.o(RESET)
 <LI><a href="#[5d]">CAN2_RX1_IRQHandler</a> from startup_stm32f407xx.o(.text) referenced from startup_stm32f407xx.o(RESET)
 <LI><a href="#[5e]">CAN2_SCE_IRQHandler</a> from startup_stm32f407xx.o(.text) referenced from startup_stm32f407xx.o(RESET)
 <LI><a href="#[5b]">CAN2_TX_IRQHandler</a> from startup_stm32f407xx.o(.text) referenced from startup_stm32f407xx.o(RESET)
 <LI><a href="#[6a]">DCMI_IRQHandler</a> from startup_stm32f407xx.o(.text) referenced from startup_stm32f407xx.o(RESET)
 <LI><a href="#[27]">DMA1_Stream0_IRQHandler</a> from startup_stm32f407xx.o(.text) referenced from startup_stm32f407xx.o(RESET)
 <LI><a href="#[28]">DMA1_Stream1_IRQHandler</a> from startup_stm32f407xx.o(.text) referenced from startup_stm32f407xx.o(RESET)
 <LI><a href="#[29]">DMA1_Stream2_IRQHandler</a> from startup_stm32f407xx.o(.text) referenced from startup_stm32f407xx.o(RESET)
 <LI><a href="#[2a]">DMA1_Stream3_IRQHandler</a> from startup_stm32f407xx.o(.text) referenced from startup_stm32f407xx.o(RESET)
 <LI><a href="#[2b]">DMA1_Stream4_IRQHandler</a> from startup_stm32f407xx.o(.text) referenced from startup_stm32f407xx.o(RESET)
 <LI><a href="#[2c]">DMA1_Stream5_IRQHandler</a> from startup_stm32f407xx.o(.text) referenced from startup_stm32f407xx.o(RESET)
 <LI><a href="#[2d]">DMA1_Stream6_IRQHandler</a> from startup_stm32f407xx.o(.text) referenced from startup_stm32f407xx.o(RESET)
 <LI><a href="#[4b]">DMA1_Stream7_IRQHandler</a> from startup_stm32f407xx.o(.text) referenced from startup_stm32f407xx.o(RESET)
 <LI><a href="#[54]">DMA2_Stream0_IRQHandler</a> from startup_stm32f407xx.o(.text) referenced from startup_stm32f407xx.o(RESET)
 <LI><a href="#[55]">DMA2_Stream1_IRQHandler</a> from startup_stm32f407xx.o(.text) referenced from startup_stm32f407xx.o(RESET)
 <LI><a href="#[56]">DMA2_Stream2_IRQHandler</a> from startup_stm32f407xx.o(.text) referenced from startup_stm32f407xx.o(RESET)
 <LI><a href="#[57]">DMA2_Stream3_IRQHandler</a> from startup_stm32f407xx.o(.text) referenced from startup_stm32f407xx.o(RESET)
 <LI><a href="#[58]">DMA2_Stream4_IRQHandler</a> from startup_stm32f407xx.o(.text) referenced from startup_stm32f407xx.o(RESET)
 <LI><a href="#[60]">DMA2_Stream5_IRQHandler</a> from startup_stm32f407xx.o(.text) referenced from startup_stm32f407xx.o(RESET)
 <LI><a href="#[61]">DMA2_Stream6_IRQHandler</a> from startup_stm32f407xx.o(.text) referenced from startup_stm32f407xx.o(RESET)
 <LI><a href="#[62]">DMA2_Stream7_IRQHandler</a> from startup_stm32f407xx.o(.text) referenced from startup_stm32f407xx.o(RESET)
 <LI><a href="#[19]">DebugMon_Handler</a> from stm32f4xx_it.o(i.DebugMon_Handler) referenced from startup_stm32f407xx.o(RESET)
 <LI><a href="#[59]">ETH_IRQHandler</a> from startup_stm32f407xx.o(.text) referenced from startup_stm32f407xx.o(RESET)
 <LI><a href="#[5a]">ETH_WKUP_IRQHandler</a> from startup_stm32f407xx.o(.text) referenced from startup_stm32f407xx.o(RESET)
 <LI><a href="#[22]">EXTI0_IRQHandler</a> from stm32f4xx_it.o(i.EXTI0_IRQHandler) referenced from startup_stm32f407xx.o(RESET)
 <LI><a href="#[44]">EXTI15_10_IRQHandler</a> from stm32f4xx_it.o(i.EXTI15_10_IRQHandler) referenced from startup_stm32f407xx.o(RESET)
 <LI><a href="#[23]">EXTI1_IRQHandler</a> from startup_stm32f407xx.o(.text) referenced from startup_stm32f407xx.o(RESET)
 <LI><a href="#[24]">EXTI2_IRQHandler</a> from startup_stm32f407xx.o(.text) referenced from startup_stm32f407xx.o(RESET)
 <LI><a href="#[25]">EXTI3_IRQHandler</a> from startup_stm32f407xx.o(.text) referenced from startup_stm32f407xx.o(RESET)
 <LI><a href="#[26]">EXTI4_IRQHandler</a> from startup_stm32f407xx.o(.text) referenced from startup_stm32f407xx.o(RESET)
 <LI><a href="#[33]">EXTI9_5_IRQHandler</a> from stm32f4xx_it.o(i.EXTI9_5_IRQHandler) referenced from startup_stm32f407xx.o(RESET)
 <LI><a href="#[20]">FLASH_IRQHandler</a> from startup_stm32f407xx.o(.text) referenced from startup_stm32f407xx.o(RESET)
 <LI><a href="#[4c]">FMC_IRQHandler</a> from startup_stm32f407xx.o(.text) referenced from startup_stm32f407xx.o(RESET)
 <LI><a href="#[6c]">FPU_IRQHandler</a> from startup_stm32f407xx.o(.text) referenced from startup_stm32f407xx.o(RESET)
 <LI><a href="#[6b]">HASH_RNG_IRQHandler</a> from startup_stm32f407xx.o(.text) referenced from startup_stm32f407xx.o(RESET)
 <LI><a href="#[14]">HardFault_Handler</a> from stm32f4xx_it.o(i.HardFault_Handler) referenced from startup_stm32f407xx.o(RESET)
 <LI><a href="#[3c]">I2C1_ER_IRQHandler</a> from startup_stm32f407xx.o(.text) referenced from startup_stm32f407xx.o(RESET)
 <LI><a href="#[3b]">I2C1_EV_IRQHandler</a> from startup_stm32f407xx.o(.text) referenced from startup_stm32f407xx.o(RESET)
 <LI><a href="#[3e]">I2C2_ER_IRQHandler</a> from startup_stm32f407xx.o(.text) referenced from startup_stm32f407xx.o(RESET)
 <LI><a href="#[3d]">I2C2_EV_IRQHandler</a> from startup_stm32f407xx.o(.text) referenced from startup_stm32f407xx.o(RESET)
 <LI><a href="#[65]">I2C3_ER_IRQHandler</a> from startup_stm32f407xx.o(.text) referenced from startup_stm32f407xx.o(RESET)
 <LI><a href="#[64]">I2C3_EV_IRQHandler</a> from startup_stm32f407xx.o(.text) referenced from startup_stm32f407xx.o(RESET)
 <LI><a href="#[15]">MemManage_Handler</a> from stm32f4xx_it.o(i.MemManage_Handler) referenced from startup_stm32f407xx.o(RESET)
 <LI><a href="#[13]">NMI_Handler</a> from stm32f4xx_it.o(i.NMI_Handler) referenced from startup_stm32f407xx.o(RESET)
 <LI><a href="#[5f]">OTG_FS_IRQHandler</a> from startup_stm32f407xx.o(.text) referenced from startup_stm32f407xx.o(RESET)
 <LI><a href="#[46]">OTG_FS_WKUP_IRQHandler</a> from startup_stm32f407xx.o(.text) referenced from startup_stm32f407xx.o(RESET)
 <LI><a href="#[67]">OTG_HS_EP1_IN_IRQHandler</a> from startup_stm32f407xx.o(.text) referenced from startup_stm32f407xx.o(RESET)
 <LI><a href="#[66]">OTG_HS_EP1_OUT_IRQHandler</a> from startup_stm32f407xx.o(.text) referenced from startup_stm32f407xx.o(RESET)
 <LI><a href="#[69]">OTG_HS_IRQHandler</a> from startup_stm32f407xx.o(.text) referenced from startup_stm32f407xx.o(RESET)
 <LI><a href="#[68]">OTG_HS_WKUP_IRQHandler</a> from startup_stm32f407xx.o(.text) referenced from startup_stm32f407xx.o(RESET)
 <LI><a href="#[1d]">PVD_IRQHandler</a> from startup_stm32f407xx.o(.text) referenced from startup_stm32f407xx.o(RESET)
 <LI><a href="#[1a]">PendSV_Handler</a> from stm32f4xx_it.o(i.PendSV_Handler) referenced from startup_stm32f407xx.o(RESET)
 <LI><a href="#[21]">RCC_IRQHandler</a> from startup_stm32f407xx.o(.text) referenced from startup_stm32f407xx.o(RESET)
 <LI><a href="#[45]">RTC_Alarm_IRQHandler</a> from startup_stm32f407xx.o(.text) referenced from startup_stm32f407xx.o(RESET)
 <LI><a href="#[1f]">RTC_WKUP_IRQHandler</a> from startup_stm32f407xx.o(.text) referenced from startup_stm32f407xx.o(RESET)
 <LI><a href="#[12]">Reset_Handler</a> from startup_stm32f407xx.o(.text) referenced from startup_stm32f407xx.o(RESET)
 <LI><a href="#[4d]">SDIO_IRQHandler</a> from startup_stm32f407xx.o(.text) referenced from startup_stm32f407xx.o(RESET)
 <LI><a href="#[3f]">SPI1_IRQHandler</a> from startup_stm32f407xx.o(.text) referenced from startup_stm32f407xx.o(RESET)
 <LI><a href="#[40]">SPI2_IRQHandler</a> from startup_stm32f407xx.o(.text) referenced from startup_stm32f407xx.o(RESET)
 <LI><a href="#[4f]">SPI3_IRQHandler</a> from startup_stm32f407xx.o(.text) referenced from startup_stm32f407xx.o(RESET)
 <LI><a href="#[18]">SVC_Handler</a> from stm32f4xx_it.o(i.SVC_Handler) referenced from startup_stm32f407xx.o(RESET)
 <LI><a href="#[1b]">SysTick_Handler</a> from stm32f4xx_it.o(i.SysTick_Handler) referenced from startup_stm32f407xx.o(RESET)
 <LI><a href="#[6d]">SystemInit</a> from system_stm32f4xx.o(i.SystemInit) referenced from startup_stm32f407xx.o(.text)
 <LI><a href="#[1e]">TAMP_STAMP_IRQHandler</a> from startup_stm32f407xx.o(.text) referenced from startup_stm32f407xx.o(RESET)
 <LI><a href="#[34]">TIM1_BRK_TIM9_IRQHandler</a> from startup_stm32f407xx.o(.text) referenced from startup_stm32f407xx.o(RESET)
 <LI><a href="#[37]">TIM1_CC_IRQHandler</a> from startup_stm32f407xx.o(.text) referenced from startup_stm32f407xx.o(RESET)
 <LI><a href="#[36]">TIM1_TRG_COM_TIM11_IRQHandler</a> from startup_stm32f407xx.o(.text) referenced from startup_stm32f407xx.o(RESET)
 <LI><a href="#[35]">TIM1_UP_TIM10_IRQHandler</a> from startup_stm32f407xx.o(.text) referenced from startup_stm32f407xx.o(RESET)
 <LI><a href="#[38]">TIM2_IRQHandler</a> from startup_stm32f407xx.o(.text) referenced from startup_stm32f407xx.o(RESET)
 <LI><a href="#[39]">TIM3_IRQHandler</a> from startup_stm32f407xx.o(.text) referenced from startup_stm32f407xx.o(RESET)
 <LI><a href="#[3a]">TIM4_IRQHandler</a> from startup_stm32f407xx.o(.text) referenced from startup_stm32f407xx.o(RESET)
 <LI><a href="#[4e]">TIM5_IRQHandler</a> from startup_stm32f407xx.o(.text) referenced from startup_stm32f407xx.o(RESET)
 <LI><a href="#[52]">TIM6_DAC_IRQHandler</a> from startup_stm32f407xx.o(.text) referenced from startup_stm32f407xx.o(RESET)
 <LI><a href="#[53]">TIM7_IRQHandler</a> from startup_stm32f407xx.o(.text) referenced from startup_stm32f407xx.o(RESET)
 <LI><a href="#[47]">TIM8_BRK_TIM12_IRQHandler</a> from startup_stm32f407xx.o(.text) referenced from startup_stm32f407xx.o(RESET)
 <LI><a href="#[4a]">TIM8_CC_IRQHandler</a> from startup_stm32f407xx.o(.text) referenced from startup_stm32f407xx.o(RESET)
 <LI><a href="#[49]">TIM8_TRG_COM_TIM14_IRQHandler</a> from startup_stm32f407xx.o(.text) referenced from startup_stm32f407xx.o(RESET)
 <LI><a href="#[48]">TIM8_UP_TIM13_IRQHandler</a> from startup_stm32f407xx.o(.text) referenced from startup_stm32f407xx.o(RESET)
 <LI><a href="#[50]">UART4_IRQHandler</a> from startup_stm32f407xx.o(.text) referenced from startup_stm32f407xx.o(RESET)
 <LI><a href="#[51]">UART5_IRQHandler</a> from startup_stm32f407xx.o(.text) referenced from startup_stm32f407xx.o(RESET)
 <LI><a href="#[41]">USART1_IRQHandler</a> from startup_stm32f407xx.o(.text) referenced from startup_stm32f407xx.o(RESET)
 <LI><a href="#[42]">USART2_IRQHandler</a> from startup_stm32f407xx.o(.text) referenced from startup_stm32f407xx.o(RESET)
 <LI><a href="#[43]">USART3_IRQHandler</a> from startup_stm32f407xx.o(.text) referenced from startup_stm32f407xx.o(RESET)
 <LI><a href="#[63]">USART6_IRQHandler</a> from startup_stm32f407xx.o(.text) referenced from startup_stm32f407xx.o(RESET)
 <LI><a href="#[17]">UsageFault_Handler</a> from stm32f4xx_it.o(i.UsageFault_Handler) referenced from startup_stm32f407xx.o(RESET)
 <LI><a href="#[1c]">WWDG_IRQHandler</a> from startup_stm32f407xx.o(.text) referenced from startup_stm32f407xx.o(RESET)
 <LI><a href="#[72]">Adafruit_GFX::drawFastHLine(short, short, short, unsigned short)</a> from adafruit_gfx.o(i._ZN12Adafruit_GFX13drawFastHLineEssst) referenced from adafruit_gfx.o(.constdata__ZTV12Adafruit_GFX)
 <LI><a href="#[71]">Adafruit_GFX::drawFastVLine(short, short, short, unsigned short)</a> from adafruit_gfx.o(i._ZN12Adafruit_GFX13drawFastVLineEssst) referenced from adafruit_gfx.o(.constdata__ZTV12Adafruit_GFX)
 <LI><a href="#[70]">Adafruit_GFX::drawLine(short, short, short, short, unsigned short)</a> from adafruit_gfx.o(i._ZN12Adafruit_GFX8drawLineEsssst) referenced from adafruit_gfx.o(.constdata__ZTV12Adafruit_GFX)
 <LI><a href="#[70]">Adafruit_GFX::drawLine(short, short, short, short, unsigned short)</a> from adafruit_gfx.o(i._ZN12Adafruit_GFX8drawLineEsssst) referenced from adafruit_ssd1306.o(.constdata__ZTV16Adafruit_SSD1306)
 <LI><a href="#[73]">Adafruit_GFX::drawRect(short, short, short, short, unsigned short)</a> from adafruit_gfx.o(i._ZN12Adafruit_GFX8drawRectEsssst) referenced from adafruit_gfx.o(.constdata__ZTV12Adafruit_GFX)
 <LI><a href="#[73]">Adafruit_GFX::drawRect(short, short, short, short, unsigned short)</a> from adafruit_gfx.o(i._ZN12Adafruit_GFX8drawRectEsssst) referenced from adafruit_ssd1306.o(.constdata__ZTV16Adafruit_SSD1306)
 <LI><a href="#[74]">Adafruit_GFX::fillRect(short, short, short, short, unsigned short)</a> from adafruit_gfx.o(i._ZN12Adafruit_GFX8fillRectEsssst) referenced from adafruit_gfx.o(.constdata__ZTV12Adafruit_GFX)
 <LI><a href="#[74]">Adafruit_GFX::fillRect(short, short, short, short, unsigned short)</a> from adafruit_gfx.o(i._ZN12Adafruit_GFX8fillRectEsssst) referenced from adafruit_ssd1306.o(.constdata__ZTV16Adafruit_SSD1306)
 <LI><a href="#[77]">Adafruit_SSD1306::drawFastHLine(short, short, short, unsigned short)</a> from adafruit_ssd1306.o(i._ZN16Adafruit_SSD130613drawFastHLineEssst) referenced from adafruit_ssd1306.o(.constdata__ZTV16Adafruit_SSD1306)
 <LI><a href="#[76]">Adafruit_SSD1306::drawFastVLine(short, short, short, unsigned short)</a> from adafruit_ssd1306.o(i._ZN16Adafruit_SSD130613drawFastVLineEssst) referenced from adafruit_ssd1306.o(.constdata__ZTV16Adafruit_SSD1306)
 <LI><a href="#[75]">Adafruit_SSD1306::drawPixel(short, short, unsigned short)</a> from adafruit_ssd1306.o(i._ZN16Adafruit_SSD13069drawPixelEsst) referenced from adafruit_ssd1306.o(.constdata__ZTV16Adafruit_SSD1306)
 <LI><a href="#[6f]">__cxa_pure_virtual</a> from pure_virt.o(i.__cxa_pure_virtual) referenced from adafruit_gfx.o(.constdata__ZTV12Adafruit_GFX)
 <LI><a href="#[7a]">__main</a> from __main.o(!!!main) referenced from startup_stm32f407xx.o(.text)
 <LI><a href="#[79]">__sti___17_Double_screen_cpp_lcd_top</a> from double_screen.o(i.__sti___17_Double_screen_cpp_lcd_top) referenced from double_screen.o(.init_array)
 <LI><a href="#[78]">__sti___8_main_cpp_6a9831bd</a> from main.o(i.__sti___8_main_cpp_6a9831bd) referenced from main.o(.init_array)
</UL>
<P>
<H3>
Global Symbols
</H3>
<P><STRONG><a name="[7a]"></a>__main</STRONG> (Thumb, 8 bytes, Stack size 0 bytes, __main.o(!!!main))
<BR><BR>[Calls]<UL><LI><a href="#[7d]">&gt;&gt;</a>&nbsp;&nbsp;&nbsp;__rt_entry
<LI><a href="#[7c]">&gt;&gt;</a>&nbsp;&nbsp;&nbsp;__scatterload
</UL>

<P><STRONG><a name="[7c]"></a>__scatterload</STRONG> (Thumb, 0 bytes, Stack size unknown bytes, __scatter.o(!!!scatter))
<BR><BR>[Called By]<UL><LI><a href="#[7a]">&gt;&gt;</a>&nbsp;&nbsp;&nbsp;__main
</UL>

<P><STRONG><a name="[7e]"></a>__scatterload_rt2</STRONG> (Thumb, 44 bytes, Stack size unknown bytes, __scatter.o(!!!scatter), UNUSED)
<BR><BR>[Calls]<UL><LI><a href="#[7d]">&gt;&gt;</a>&nbsp;&nbsp;&nbsp;__rt_entry
</UL>

<P><STRONG><a name="[e4]"></a>__scatterload_rt2_thumb_only</STRONG> (Thumb, 0 bytes, Stack size unknown bytes, __scatter.o(!!!scatter), UNUSED)

<P><STRONG><a name="[e5]"></a>__scatterload_null</STRONG> (Thumb, 0 bytes, Stack size unknown bytes, __scatter.o(!!!scatter), UNUSED)

<P><STRONG><a name="[e6]"></a>__decompress</STRONG> (Thumb, 90 bytes, Stack size unknown bytes, __dczerorl2.o(!!dczerorl2), UNUSED)

<P><STRONG><a name="[e7]"></a>__decompress1</STRONG> (Thumb, 0 bytes, Stack size unknown bytes, __dczerorl2.o(!!dczerorl2), UNUSED)

<P><STRONG><a name="[e8]"></a>__scatterload_zeroinit</STRONG> (Thumb, 28 bytes, Stack size unknown bytes, __scatter_zi.o(!!handler_zi), UNUSED)

<P><STRONG><a name="[85]"></a>__rt_lib_init</STRONG> (Thumb, 0 bytes, Stack size unknown bytes, libinit.o(.ARM.Collect$$libinit$$00000000))
<BR><BR>[Called By]<UL><LI><a href="#[84]">&gt;&gt;</a>&nbsp;&nbsp;&nbsp;__rt_entry_li
</UL>

<P><STRONG><a name="[7f]"></a>__rt_lib_init_fp_1</STRONG> (Thumb, 0 bytes, Stack size unknown bytes, libinit2.o(.ARM.Collect$$libinit$$00000001))
<BR><BR>[Calls]<UL><LI><a href="#[80]">&gt;&gt;</a>&nbsp;&nbsp;&nbsp;_fp_init
</UL>

<P><STRONG><a name="[e9]"></a>__rt_lib_init_alloca_1</STRONG> (Thumb, 0 bytes, Stack size unknown bytes, libinit2.o(.ARM.Collect$$libinit$$0000002E))

<P><STRONG><a name="[ea]"></a>__rt_lib_init_argv_1</STRONG> (Thumb, 0 bytes, Stack size unknown bytes, libinit2.o(.ARM.Collect$$libinit$$0000002C))

<P><STRONG><a name="[eb]"></a>__rt_lib_init_atexit_1</STRONG> (Thumb, 0 bytes, Stack size unknown bytes, libinit2.o(.ARM.Collect$$libinit$$0000001B))

<P><STRONG><a name="[ec]"></a>__rt_lib_init_clock_1</STRONG> (Thumb, 0 bytes, Stack size unknown bytes, libinit2.o(.ARM.Collect$$libinit$$00000021))

<P><STRONG><a name="[81]"></a>__rt_lib_init_cpp_2</STRONG> (Thumb, 0 bytes, Stack size unknown bytes, libinit2.o(.ARM.Collect$$libinit$$00000031))
<BR><BR>[Stack]<UL><LI>Max Depth = 16 + Unknown Stack Size
<LI>Call Chain = __rt_lib_init_cpp_2 &rArr; __cpp_initialize__aeabi_
</UL>
<BR>[Calls]<UL><LI><a href="#[7b]">&gt;&gt;</a>&nbsp;&nbsp;&nbsp;__cpp_initialize__aeabi_
</UL>

<P><STRONG><a name="[ed]"></a>__rt_lib_init_exceptions_1</STRONG> (Thumb, 0 bytes, Stack size unknown bytes, libinit2.o(.ARM.Collect$$libinit$$00000030))

<P><STRONG><a name="[ee]"></a>__rt_lib_init_fp_trap_1</STRONG> (Thumb, 0 bytes, Stack size unknown bytes, libinit2.o(.ARM.Collect$$libinit$$0000001F))

<P><STRONG><a name="[ef]"></a>__rt_lib_init_getenv_1</STRONG> (Thumb, 0 bytes, Stack size unknown bytes, libinit2.o(.ARM.Collect$$libinit$$00000023))

<P><STRONG><a name="[f0]"></a>__rt_lib_init_heap_1</STRONG> (Thumb, 0 bytes, Stack size unknown bytes, libinit2.o(.ARM.Collect$$libinit$$0000000A))

<P><STRONG><a name="[f1]"></a>__rt_lib_init_lc_collate_1</STRONG> (Thumb, 0 bytes, Stack size unknown bytes, libinit2.o(.ARM.Collect$$libinit$$00000011))

<P><STRONG><a name="[f2]"></a>__rt_lib_init_lc_ctype_1</STRONG> (Thumb, 0 bytes, Stack size unknown bytes, libinit2.o(.ARM.Collect$$libinit$$00000013))

<P><STRONG><a name="[f3]"></a>__rt_lib_init_lc_monetary_1</STRONG> (Thumb, 0 bytes, Stack size unknown bytes, libinit2.o(.ARM.Collect$$libinit$$00000015))

<P><STRONG><a name="[f4]"></a>__rt_lib_init_lc_numeric_1</STRONG> (Thumb, 0 bytes, Stack size unknown bytes, libinit2.o(.ARM.Collect$$libinit$$00000017))

<P><STRONG><a name="[f5]"></a>__rt_lib_init_lc_time_1</STRONG> (Thumb, 0 bytes, Stack size unknown bytes, libinit2.o(.ARM.Collect$$libinit$$00000019))

<P><STRONG><a name="[f6]"></a>__rt_lib_init_preinit_1</STRONG> (Thumb, 0 bytes, Stack size unknown bytes, libinit2.o(.ARM.Collect$$libinit$$00000004))

<P><STRONG><a name="[f7]"></a>__rt_lib_init_rand_1</STRONG> (Thumb, 0 bytes, Stack size unknown bytes, libinit2.o(.ARM.Collect$$libinit$$0000000E))

<P><STRONG><a name="[f8]"></a>__rt_lib_init_signal_1</STRONG> (Thumb, 0 bytes, Stack size unknown bytes, libinit2.o(.ARM.Collect$$libinit$$0000001D))

<P><STRONG><a name="[f9]"></a>__rt_lib_init_stdio_1</STRONG> (Thumb, 0 bytes, Stack size unknown bytes, libinit2.o(.ARM.Collect$$libinit$$00000025))

<P><STRONG><a name="[fa]"></a>__rt_lib_init_user_alloc_1</STRONG> (Thumb, 0 bytes, Stack size unknown bytes, libinit2.o(.ARM.Collect$$libinit$$0000000C))

<P><STRONG><a name="[fb]"></a>__rt_lib_init_cpp_1</STRONG> (Thumb, 0 bytes, Stack size unknown bytes, libinit2.o(.ARM.Collect$$libinit$$00000032))

<P><STRONG><a name="[fc]"></a>__rt_lib_init_return</STRONG> (Thumb, 0 bytes, Stack size unknown bytes, libinit2.o(.ARM.Collect$$libinit$$00000033))

<P><STRONG><a name="[8a]"></a>__rt_lib_shutdown</STRONG> (Thumb, 0 bytes, Stack size unknown bytes, libshutdown.o(.ARM.Collect$$libshutdown$$00000000))
<BR><BR>[Called By]<UL><LI><a href="#[89]">&gt;&gt;</a>&nbsp;&nbsp;&nbsp;__rt_exit_ls
</UL>

<P><STRONG><a name="[fd]"></a>__rt_lib_shutdown_cpp_1</STRONG> (Thumb, 0 bytes, Stack size unknown bytes, libshutdown2.o(.ARM.Collect$$libshutdown$$00000002))

<P><STRONG><a name="[fe]"></a>__rt_lib_shutdown_fp_trap_1</STRONG> (Thumb, 0 bytes, Stack size unknown bytes, libshutdown2.o(.ARM.Collect$$libshutdown$$00000007))

<P><STRONG><a name="[ff]"></a>__rt_lib_shutdown_heap_1</STRONG> (Thumb, 0 bytes, Stack size unknown bytes, libshutdown2.o(.ARM.Collect$$libshutdown$$0000000F))

<P><STRONG><a name="[100]"></a>__rt_lib_shutdown_return</STRONG> (Thumb, 0 bytes, Stack size unknown bytes, libshutdown2.o(.ARM.Collect$$libshutdown$$00000010))

<P><STRONG><a name="[101]"></a>__rt_lib_shutdown_signal_1</STRONG> (Thumb, 0 bytes, Stack size unknown bytes, libshutdown2.o(.ARM.Collect$$libshutdown$$0000000A))

<P><STRONG><a name="[102]"></a>__rt_lib_shutdown_stdio_1</STRONG> (Thumb, 0 bytes, Stack size unknown bytes, libshutdown2.o(.ARM.Collect$$libshutdown$$00000004))

<P><STRONG><a name="[103]"></a>__rt_lib_shutdown_user_alloc_1</STRONG> (Thumb, 0 bytes, Stack size unknown bytes, libshutdown2.o(.ARM.Collect$$libshutdown$$0000000C))

<P><STRONG><a name="[7d]"></a>__rt_entry</STRONG> (Thumb, 0 bytes, Stack size unknown bytes, __rtentry.o(.ARM.Collect$$rtentry$$00000000))
<BR><BR>[Called By]<UL><LI><a href="#[7e]">&gt;&gt;</a>&nbsp;&nbsp;&nbsp;__scatterload_rt2
<LI><a href="#[7a]">&gt;&gt;</a>&nbsp;&nbsp;&nbsp;__main
</UL>

<P><STRONG><a name="[104]"></a>__rt_entry_presh_1</STRONG> (Thumb, 0 bytes, Stack size unknown bytes, __rtentry2.o(.ARM.Collect$$rtentry$$00000002))

<P><STRONG><a name="[82]"></a>__rt_entry_sh</STRONG> (Thumb, 0 bytes, Stack size unknown bytes, __rtentry4.o(.ARM.Collect$$rtentry$$00000004))
<BR><BR>[Stack]<UL><LI>Max Depth = 8 + Unknown Stack Size
<LI>Call Chain = __rt_entry_sh &rArr; __user_setup_stackheap
</UL>
<BR>[Calls]<UL><LI><a href="#[83]">&gt;&gt;</a>&nbsp;&nbsp;&nbsp;__user_setup_stackheap
</UL>

<P><STRONG><a name="[84]"></a>__rt_entry_li</STRONG> (Thumb, 0 bytes, Stack size unknown bytes, __rtentry2.o(.ARM.Collect$$rtentry$$0000000A))
<BR><BR>[Calls]<UL><LI><a href="#[85]">&gt;&gt;</a>&nbsp;&nbsp;&nbsp;__rt_lib_init
</UL>

<P><STRONG><a name="[105]"></a>__rt_entry_postsh_1</STRONG> (Thumb, 0 bytes, Stack size unknown bytes, __rtentry2.o(.ARM.Collect$$rtentry$$00000009))

<P><STRONG><a name="[86]"></a>__rt_entry_main</STRONG> (Thumb, 0 bytes, Stack size unknown bytes, __rtentry2.o(.ARM.Collect$$rtentry$$0000000D))
<BR><BR>[Stack]<UL><LI>Max Depth = 272 + Unknown Stack Size
<LI>Call Chain = __rt_entry_main &rArr; main &rArr; testdrawroundrect() &rArr; Double_screen::drawRoundRect(short, short, short, short, short, unsigned short) &rArr; Adafruit_GFX::drawRoundRect(short, short, short, short, short, unsigned short) &rArr; Adafruit_GFX::drawCircleHelper(short, short, short, unsigned char, unsigned short)
</UL>
<BR>[Calls]<UL><LI><a href="#[87]">&gt;&gt;</a>&nbsp;&nbsp;&nbsp;main
<LI><a href="#[88]">&gt;&gt;</a>&nbsp;&nbsp;&nbsp;exit
</UL>

<P><STRONG><a name="[106]"></a>__rt_entry_postli_1</STRONG> (Thumb, 0 bytes, Stack size unknown bytes, __rtentry2.o(.ARM.Collect$$rtentry$$0000000C))

<P><STRONG><a name="[93]"></a>__rt_exit</STRONG> (Thumb, 0 bytes, Stack size unknown bytes, rtexit.o(.ARM.Collect$$rtexit$$00000000))
<BR><BR>[Called By]<UL><LI><a href="#[88]">&gt;&gt;</a>&nbsp;&nbsp;&nbsp;exit
</UL>

<P><STRONG><a name="[89]"></a>__rt_exit_ls</STRONG> (Thumb, 0 bytes, Stack size unknown bytes, rtexit2.o(.ARM.Collect$$rtexit$$00000003))
<BR><BR>[Calls]<UL><LI><a href="#[8a]">&gt;&gt;</a>&nbsp;&nbsp;&nbsp;__rt_lib_shutdown
</UL>

<P><STRONG><a name="[107]"></a>__rt_exit_prels_1</STRONG> (Thumb, 0 bytes, Stack size unknown bytes, rtexit2.o(.ARM.Collect$$rtexit$$00000002))

<P><STRONG><a name="[8b]"></a>__rt_exit_exit</STRONG> (Thumb, 0 bytes, Stack size unknown bytes, rtexit2.o(.ARM.Collect$$rtexit$$00000004))
<BR><BR>[Calls]<UL><LI><a href="#[8c]">&gt;&gt;</a>&nbsp;&nbsp;&nbsp;_sys_exit
</UL>

<P><STRONG><a name="[12]"></a>Reset_Handler</STRONG> (Thumb, 8 bytes, Stack size 0 bytes, startup_stm32f407xx.o(.text))
<BR>[Address Reference Count : 1]<UL><LI> startup_stm32f407xx.o(RESET)
</UL>
<P><STRONG><a name="[2e]"></a>ADC_IRQHandler</STRONG> (Thumb, 0 bytes, Stack size 0 bytes, startup_stm32f407xx.o(.text))
<BR><BR>[Calls]<UL><LI><a href="#[2e]">&gt;&gt;</a>&nbsp;&nbsp;&nbsp;ADC_IRQHandler
</UL>
<BR>[Called By]<UL><LI><a href="#[2e]">&gt;&gt;</a>&nbsp;&nbsp;&nbsp;ADC_IRQHandler
</UL>
<BR>[Address Reference Count : 1]<UL><LI> startup_stm32f407xx.o(RESET)
</UL>
<P><STRONG><a name="[30]"></a>CAN1_RX0_IRQHandler</STRONG> (Thumb, 0 bytes, Stack size 0 bytes, startup_stm32f407xx.o(.text))
<BR>[Address Reference Count : 1]<UL><LI> startup_stm32f407xx.o(RESET)
</UL>
<P><STRONG><a name="[31]"></a>CAN1_RX1_IRQHandler</STRONG> (Thumb, 0 bytes, Stack size 0 bytes, startup_stm32f407xx.o(.text))
<BR>[Address Reference Count : 1]<UL><LI> startup_stm32f407xx.o(RESET)
</UL>
<P><STRONG><a name="[32]"></a>CAN1_SCE_IRQHandler</STRONG> (Thumb, 0 bytes, Stack size 0 bytes, startup_stm32f407xx.o(.text))
<BR>[Address Reference Count : 1]<UL><LI> startup_stm32f407xx.o(RESET)
</UL>
<P><STRONG><a name="[2f]"></a>CAN1_TX_IRQHandler</STRONG> (Thumb, 0 bytes, Stack size 0 bytes, startup_stm32f407xx.o(.text))
<BR>[Address Reference Count : 1]<UL><LI> startup_stm32f407xx.o(RESET)
</UL>
<P><STRONG><a name="[5c]"></a>CAN2_RX0_IRQHandler</STRONG> (Thumb, 0 bytes, Stack size 0 bytes, startup_stm32f407xx.o(.text))
<BR>[Address Reference Count : 1]<UL><LI> startup_stm32f407xx.o(RESET)
</UL>
<P><STRONG><a name="[5d]"></a>CAN2_RX1_IRQHandler</STRONG> (Thumb, 0 bytes, Stack size 0 bytes, startup_stm32f407xx.o(.text))
<BR>[Address Reference Count : 1]<UL><LI> startup_stm32f407xx.o(RESET)
</UL>
<P><STRONG><a name="[5e]"></a>CAN2_SCE_IRQHandler</STRONG> (Thumb, 0 bytes, Stack size 0 bytes, startup_stm32f407xx.o(.text))
<BR>[Address Reference Count : 1]<UL><LI> startup_stm32f407xx.o(RESET)
</UL>
<P><STRONG><a name="[5b]"></a>CAN2_TX_IRQHandler</STRONG> (Thumb, 0 bytes, Stack size 0 bytes, startup_stm32f407xx.o(.text))
<BR>[Address Reference Count : 1]<UL><LI> startup_stm32f407xx.o(RESET)
</UL>
<P><STRONG><a name="[6a]"></a>DCMI_IRQHandler</STRONG> (Thumb, 0 bytes, Stack size 0 bytes, startup_stm32f407xx.o(.text))
<BR>[Address Reference Count : 1]<UL><LI> startup_stm32f407xx.o(RESET)
</UL>
<P><STRONG><a name="[27]"></a>DMA1_Stream0_IRQHandler</STRONG> (Thumb, 0 bytes, Stack size 0 bytes, startup_stm32f407xx.o(.text))
<BR>[Address Reference Count : 1]<UL><LI> startup_stm32f407xx.o(RESET)
</UL>
<P><STRONG><a name="[28]"></a>DMA1_Stream1_IRQHandler</STRONG> (Thumb, 0 bytes, Stack size 0 bytes, startup_stm32f407xx.o(.text))
<BR>[Address Reference Count : 1]<UL><LI> startup_stm32f407xx.o(RESET)
</UL>
<P><STRONG><a name="[29]"></a>DMA1_Stream2_IRQHandler</STRONG> (Thumb, 0 bytes, Stack size 0 bytes, startup_stm32f407xx.o(.text))
<BR>[Address Reference Count : 1]<UL><LI> startup_stm32f407xx.o(RESET)
</UL>
<P><STRONG><a name="[2a]"></a>DMA1_Stream3_IRQHandler</STRONG> (Thumb, 0 bytes, Stack size 0 bytes, startup_stm32f407xx.o(.text))
<BR>[Address Reference Count : 1]<UL><LI> startup_stm32f407xx.o(RESET)
</UL>
<P><STRONG><a name="[2b]"></a>DMA1_Stream4_IRQHandler</STRONG> (Thumb, 0 bytes, Stack size 0 bytes, startup_stm32f407xx.o(.text))
<BR>[Address Reference Count : 1]<UL><LI> startup_stm32f407xx.o(RESET)
</UL>
<P><STRONG><a name="[2c]"></a>DMA1_Stream5_IRQHandler</STRONG> (Thumb, 0 bytes, Stack size 0 bytes, startup_stm32f407xx.o(.text))
<BR>[Address Reference Count : 1]<UL><LI> startup_stm32f407xx.o(RESET)
</UL>
<P><STRONG><a name="[2d]"></a>DMA1_Stream6_IRQHandler</STRONG> (Thumb, 0 bytes, Stack size 0 bytes, startup_stm32f407xx.o(.text))
<BR>[Address Reference Count : 1]<UL><LI> startup_stm32f407xx.o(RESET)
</UL>
<P><STRONG><a name="[4b]"></a>DMA1_Stream7_IRQHandler</STRONG> (Thumb, 0 bytes, Stack size 0 bytes, startup_stm32f407xx.o(.text))
<BR>[Address Reference Count : 1]<UL><LI> startup_stm32f407xx.o(RESET)
</UL>
<P><STRONG><a name="[54]"></a>DMA2_Stream0_IRQHandler</STRONG> (Thumb, 0 bytes, Stack size 0 bytes, startup_stm32f407xx.o(.text))
<BR>[Address Reference Count : 1]<UL><LI> startup_stm32f407xx.o(RESET)
</UL>
<P><STRONG><a name="[55]"></a>DMA2_Stream1_IRQHandler</STRONG> (Thumb, 0 bytes, Stack size 0 bytes, startup_stm32f407xx.o(.text))
<BR>[Address Reference Count : 1]<UL><LI> startup_stm32f407xx.o(RESET)
</UL>
<P><STRONG><a name="[56]"></a>DMA2_Stream2_IRQHandler</STRONG> (Thumb, 0 bytes, Stack size 0 bytes, startup_stm32f407xx.o(.text))
<BR>[Address Reference Count : 1]<UL><LI> startup_stm32f407xx.o(RESET)
</UL>
<P><STRONG><a name="[57]"></a>DMA2_Stream3_IRQHandler</STRONG> (Thumb, 0 bytes, Stack size 0 bytes, startup_stm32f407xx.o(.text))
<BR>[Address Reference Count : 1]<UL><LI> startup_stm32f407xx.o(RESET)
</UL>
<P><STRONG><a name="[58]"></a>DMA2_Stream4_IRQHandler</STRONG> (Thumb, 0 bytes, Stack size 0 bytes, startup_stm32f407xx.o(.text))
<BR>[Address Reference Count : 1]<UL><LI> startup_stm32f407xx.o(RESET)
</UL>
<P><STRONG><a name="[60]"></a>DMA2_Stream5_IRQHandler</STRONG> (Thumb, 0 bytes, Stack size 0 bytes, startup_stm32f407xx.o(.text))
<BR>[Address Reference Count : 1]<UL><LI> startup_stm32f407xx.o(RESET)
</UL>
<P><STRONG><a name="[61]"></a>DMA2_Stream6_IRQHandler</STRONG> (Thumb, 0 bytes, Stack size 0 bytes, startup_stm32f407xx.o(.text))
<BR>[Address Reference Count : 1]<UL><LI> startup_stm32f407xx.o(RESET)
</UL>
<P><STRONG><a name="[62]"></a>DMA2_Stream7_IRQHandler</STRONG> (Thumb, 0 bytes, Stack size 0 bytes, startup_stm32f407xx.o(.text))
<BR>[Address Reference Count : 1]<UL><LI> startup_stm32f407xx.o(RESET)
</UL>
<P><STRONG><a name="[59]"></a>ETH_IRQHandler</STRONG> (Thumb, 0 bytes, Stack size 0 bytes, startup_stm32f407xx.o(.text))
<BR>[Address Reference Count : 1]<UL><LI> startup_stm32f407xx.o(RESET)
</UL>
<P><STRONG><a name="[5a]"></a>ETH_WKUP_IRQHandler</STRONG> (Thumb, 0 bytes, Stack size 0 bytes, startup_stm32f407xx.o(.text))
<BR>[Address Reference Count : 1]<UL><LI> startup_stm32f407xx.o(RESET)
</UL>
<P><STRONG><a name="[23]"></a>EXTI1_IRQHandler</STRONG> (Thumb, 0 bytes, Stack size 0 bytes, startup_stm32f407xx.o(.text))
<BR>[Address Reference Count : 1]<UL><LI> startup_stm32f407xx.o(RESET)
</UL>
<P><STRONG><a name="[24]"></a>EXTI2_IRQHandler</STRONG> (Thumb, 0 bytes, Stack size 0 bytes, startup_stm32f407xx.o(.text))
<BR>[Address Reference Count : 1]<UL><LI> startup_stm32f407xx.o(RESET)
</UL>
<P><STRONG><a name="[25]"></a>EXTI3_IRQHandler</STRONG> (Thumb, 0 bytes, Stack size 0 bytes, startup_stm32f407xx.o(.text))
<BR>[Address Reference Count : 1]<UL><LI> startup_stm32f407xx.o(RESET)
</UL>
<P><STRONG><a name="[26]"></a>EXTI4_IRQHandler</STRONG> (Thumb, 0 bytes, Stack size 0 bytes, startup_stm32f407xx.o(.text))
<BR>[Address Reference Count : 1]<UL><LI> startup_stm32f407xx.o(RESET)
</UL>
<P><STRONG><a name="[20]"></a>FLASH_IRQHandler</STRONG> (Thumb, 0 bytes, Stack size 0 bytes, startup_stm32f407xx.o(.text))
<BR>[Address Reference Count : 1]<UL><LI> startup_stm32f407xx.o(RESET)
</UL>
<P><STRONG><a name="[4c]"></a>FMC_IRQHandler</STRONG> (Thumb, 0 bytes, Stack size 0 bytes, startup_stm32f407xx.o(.text))
<BR>[Address Reference Count : 1]<UL><LI> startup_stm32f407xx.o(RESET)
</UL>
<P><STRONG><a name="[6c]"></a>FPU_IRQHandler</STRONG> (Thumb, 0 bytes, Stack size 0 bytes, startup_stm32f407xx.o(.text))
<BR>[Address Reference Count : 1]<UL><LI> startup_stm32f407xx.o(RESET)
</UL>
<P><STRONG><a name="[6b]"></a>HASH_RNG_IRQHandler</STRONG> (Thumb, 0 bytes, Stack size 0 bytes, startup_stm32f407xx.o(.text))
<BR>[Address Reference Count : 1]<UL><LI> startup_stm32f407xx.o(RESET)
</UL>
<P><STRONG><a name="[3c]"></a>I2C1_ER_IRQHandler</STRONG> (Thumb, 0 bytes, Stack size 0 bytes, startup_stm32f407xx.o(.text))
<BR>[Address Reference Count : 1]<UL><LI> startup_stm32f407xx.o(RESET)
</UL>
<P><STRONG><a name="[3b]"></a>I2C1_EV_IRQHandler</STRONG> (Thumb, 0 bytes, Stack size 0 bytes, startup_stm32f407xx.o(.text))
<BR>[Address Reference Count : 1]<UL><LI> startup_stm32f407xx.o(RESET)
</UL>
<P><STRONG><a name="[3e]"></a>I2C2_ER_IRQHandler</STRONG> (Thumb, 0 bytes, Stack size 0 bytes, startup_stm32f407xx.o(.text))
<BR>[Address Reference Count : 1]<UL><LI> startup_stm32f407xx.o(RESET)
</UL>
<P><STRONG><a name="[3d]"></a>I2C2_EV_IRQHandler</STRONG> (Thumb, 0 bytes, Stack size 0 bytes, startup_stm32f407xx.o(.text))
<BR>[Address Reference Count : 1]<UL><LI> startup_stm32f407xx.o(RESET)
</UL>
<P><STRONG><a name="[65]"></a>I2C3_ER_IRQHandler</STRONG> (Thumb, 0 bytes, Stack size 0 bytes, startup_stm32f407xx.o(.text))
<BR>[Address Reference Count : 1]<UL><LI> startup_stm32f407xx.o(RESET)
</UL>
<P><STRONG><a name="[64]"></a>I2C3_EV_IRQHandler</STRONG> (Thumb, 0 bytes, Stack size 0 bytes, startup_stm32f407xx.o(.text))
<BR>[Address Reference Count : 1]<UL><LI> startup_stm32f407xx.o(RESET)
</UL>
<P><STRONG><a name="[5f]"></a>OTG_FS_IRQHandler</STRONG> (Thumb, 0 bytes, Stack size 0 bytes, startup_stm32f407xx.o(.text))
<BR>[Address Reference Count : 1]<UL><LI> startup_stm32f407xx.o(RESET)
</UL>
<P><STRONG><a name="[46]"></a>OTG_FS_WKUP_IRQHandler</STRONG> (Thumb, 0 bytes, Stack size 0 bytes, startup_stm32f407xx.o(.text))
<BR>[Address Reference Count : 1]<UL><LI> startup_stm32f407xx.o(RESET)
</UL>
<P><STRONG><a name="[67]"></a>OTG_HS_EP1_IN_IRQHandler</STRONG> (Thumb, 0 bytes, Stack size 0 bytes, startup_stm32f407xx.o(.text))
<BR>[Address Reference Count : 1]<UL><LI> startup_stm32f407xx.o(RESET)
</UL>
<P><STRONG><a name="[66]"></a>OTG_HS_EP1_OUT_IRQHandler</STRONG> (Thumb, 0 bytes, Stack size 0 bytes, startup_stm32f407xx.o(.text))
<BR>[Address Reference Count : 1]<UL><LI> startup_stm32f407xx.o(RESET)
</UL>
<P><STRONG><a name="[69]"></a>OTG_HS_IRQHandler</STRONG> (Thumb, 0 bytes, Stack size 0 bytes, startup_stm32f407xx.o(.text))
<BR>[Address Reference Count : 1]<UL><LI> startup_stm32f407xx.o(RESET)
</UL>
<P><STRONG><a name="[68]"></a>OTG_HS_WKUP_IRQHandler</STRONG> (Thumb, 0 bytes, Stack size 0 bytes, startup_stm32f407xx.o(.text))
<BR>[Address Reference Count : 1]<UL><LI> startup_stm32f407xx.o(RESET)
</UL>
<P><STRONG><a name="[1d]"></a>PVD_IRQHandler</STRONG> (Thumb, 0 bytes, Stack size 0 bytes, startup_stm32f407xx.o(.text))
<BR>[Address Reference Count : 1]<UL><LI> startup_stm32f407xx.o(RESET)
</UL>
<P><STRONG><a name="[21]"></a>RCC_IRQHandler</STRONG> (Thumb, 0 bytes, Stack size 0 bytes, startup_stm32f407xx.o(.text))
<BR>[Address Reference Count : 1]<UL><LI> startup_stm32f407xx.o(RESET)
</UL>
<P><STRONG><a name="[45]"></a>RTC_Alarm_IRQHandler</STRONG> (Thumb, 0 bytes, Stack size 0 bytes, startup_stm32f407xx.o(.text))
<BR>[Address Reference Count : 1]<UL><LI> startup_stm32f407xx.o(RESET)
</UL>
<P><STRONG><a name="[1f]"></a>RTC_WKUP_IRQHandler</STRONG> (Thumb, 0 bytes, Stack size 0 bytes, startup_stm32f407xx.o(.text))
<BR>[Address Reference Count : 1]<UL><LI> startup_stm32f407xx.o(RESET)
</UL>
<P><STRONG><a name="[4d]"></a>SDIO_IRQHandler</STRONG> (Thumb, 0 bytes, Stack size 0 bytes, startup_stm32f407xx.o(.text))
<BR>[Address Reference Count : 1]<UL><LI> startup_stm32f407xx.o(RESET)
</UL>
<P><STRONG><a name="[3f]"></a>SPI1_IRQHandler</STRONG> (Thumb, 0 bytes, Stack size 0 bytes, startup_stm32f407xx.o(.text))
<BR>[Address Reference Count : 1]<UL><LI> startup_stm32f407xx.o(RESET)
</UL>
<P><STRONG><a name="[40]"></a>SPI2_IRQHandler</STRONG> (Thumb, 0 bytes, Stack size 0 bytes, startup_stm32f407xx.o(.text))
<BR>[Address Reference Count : 1]<UL><LI> startup_stm32f407xx.o(RESET)
</UL>
<P><STRONG><a name="[4f]"></a>SPI3_IRQHandler</STRONG> (Thumb, 0 bytes, Stack size 0 bytes, startup_stm32f407xx.o(.text))
<BR>[Address Reference Count : 1]<UL><LI> startup_stm32f407xx.o(RESET)
</UL>
<P><STRONG><a name="[1e]"></a>TAMP_STAMP_IRQHandler</STRONG> (Thumb, 0 bytes, Stack size 0 bytes, startup_stm32f407xx.o(.text))
<BR>[Address Reference Count : 1]<UL><LI> startup_stm32f407xx.o(RESET)
</UL>
<P><STRONG><a name="[34]"></a>TIM1_BRK_TIM9_IRQHandler</STRONG> (Thumb, 0 bytes, Stack size 0 bytes, startup_stm32f407xx.o(.text))
<BR>[Address Reference Count : 1]<UL><LI> startup_stm32f407xx.o(RESET)
</UL>
<P><STRONG><a name="[37]"></a>TIM1_CC_IRQHandler</STRONG> (Thumb, 0 bytes, Stack size 0 bytes, startup_stm32f407xx.o(.text))
<BR>[Address Reference Count : 1]<UL><LI> startup_stm32f407xx.o(RESET)
</UL>
<P><STRONG><a name="[36]"></a>TIM1_TRG_COM_TIM11_IRQHandler</STRONG> (Thumb, 0 bytes, Stack size 0 bytes, startup_stm32f407xx.o(.text))
<BR>[Address Reference Count : 1]<UL><LI> startup_stm32f407xx.o(RESET)
</UL>
<P><STRONG><a name="[35]"></a>TIM1_UP_TIM10_IRQHandler</STRONG> (Thumb, 0 bytes, Stack size 0 bytes, startup_stm32f407xx.o(.text))
<BR>[Address Reference Count : 1]<UL><LI> startup_stm32f407xx.o(RESET)
</UL>
<P><STRONG><a name="[38]"></a>TIM2_IRQHandler</STRONG> (Thumb, 0 bytes, Stack size 0 bytes, startup_stm32f407xx.o(.text))
<BR>[Address Reference Count : 1]<UL><LI> startup_stm32f407xx.o(RESET)
</UL>
<P><STRONG><a name="[39]"></a>TIM3_IRQHandler</STRONG> (Thumb, 0 bytes, Stack size 0 bytes, startup_stm32f407xx.o(.text))
<BR>[Address Reference Count : 1]<UL><LI> startup_stm32f407xx.o(RESET)
</UL>
<P><STRONG><a name="[3a]"></a>TIM4_IRQHandler</STRONG> (Thumb, 0 bytes, Stack size 0 bytes, startup_stm32f407xx.o(.text))
<BR>[Address Reference Count : 1]<UL><LI> startup_stm32f407xx.o(RESET)
</UL>
<P><STRONG><a name="[4e]"></a>TIM5_IRQHandler</STRONG> (Thumb, 0 bytes, Stack size 0 bytes, startup_stm32f407xx.o(.text))
<BR>[Address Reference Count : 1]<UL><LI> startup_stm32f407xx.o(RESET)
</UL>
<P><STRONG><a name="[52]"></a>TIM6_DAC_IRQHandler</STRONG> (Thumb, 0 bytes, Stack size 0 bytes, startup_stm32f407xx.o(.text))
<BR>[Address Reference Count : 1]<UL><LI> startup_stm32f407xx.o(RESET)
</UL>
<P><STRONG><a name="[53]"></a>TIM7_IRQHandler</STRONG> (Thumb, 0 bytes, Stack size 0 bytes, startup_stm32f407xx.o(.text))
<BR>[Address Reference Count : 1]<UL><LI> startup_stm32f407xx.o(RESET)
</UL>
<P><STRONG><a name="[47]"></a>TIM8_BRK_TIM12_IRQHandler</STRONG> (Thumb, 0 bytes, Stack size 0 bytes, startup_stm32f407xx.o(.text))
<BR>[Address Reference Count : 1]<UL><LI> startup_stm32f407xx.o(RESET)
</UL>
<P><STRONG><a name="[4a]"></a>TIM8_CC_IRQHandler</STRONG> (Thumb, 0 bytes, Stack size 0 bytes, startup_stm32f407xx.o(.text))
<BR>[Address Reference Count : 1]<UL><LI> startup_stm32f407xx.o(RESET)
</UL>
<P><STRONG><a name="[49]"></a>TIM8_TRG_COM_TIM14_IRQHandler</STRONG> (Thumb, 0 bytes, Stack size 0 bytes, startup_stm32f407xx.o(.text))
<BR>[Address Reference Count : 1]<UL><LI> startup_stm32f407xx.o(RESET)
</UL>
<P><STRONG><a name="[48]"></a>TIM8_UP_TIM13_IRQHandler</STRONG> (Thumb, 0 bytes, Stack size 0 bytes, startup_stm32f407xx.o(.text))
<BR>[Address Reference Count : 1]<UL><LI> startup_stm32f407xx.o(RESET)
</UL>
<P><STRONG><a name="[50]"></a>UART4_IRQHandler</STRONG> (Thumb, 0 bytes, Stack size 0 bytes, startup_stm32f407xx.o(.text))
<BR>[Address Reference Count : 1]<UL><LI> startup_stm32f407xx.o(RESET)
</UL>
<P><STRONG><a name="[51]"></a>UART5_IRQHandler</STRONG> (Thumb, 0 bytes, Stack size 0 bytes, startup_stm32f407xx.o(.text))
<BR>[Address Reference Count : 1]<UL><LI> startup_stm32f407xx.o(RESET)
</UL>
<P><STRONG><a name="[41]"></a>USART1_IRQHandler</STRONG> (Thumb, 0 bytes, Stack size 0 bytes, startup_stm32f407xx.o(.text))
<BR>[Address Reference Count : 1]<UL><LI> startup_stm32f407xx.o(RESET)
</UL>
<P><STRONG><a name="[42]"></a>USART2_IRQHandler</STRONG> (Thumb, 0 bytes, Stack size 0 bytes, startup_stm32f407xx.o(.text))
<BR>[Address Reference Count : 1]<UL><LI> startup_stm32f407xx.o(RESET)
</UL>
<P><STRONG><a name="[43]"></a>USART3_IRQHandler</STRONG> (Thumb, 0 bytes, Stack size 0 bytes, startup_stm32f407xx.o(.text))
<BR>[Address Reference Count : 1]<UL><LI> startup_stm32f407xx.o(RESET)
</UL>
<P><STRONG><a name="[63]"></a>USART6_IRQHandler</STRONG> (Thumb, 0 bytes, Stack size 0 bytes, startup_stm32f407xx.o(.text))
<BR>[Address Reference Count : 1]<UL><LI> startup_stm32f407xx.o(RESET)
</UL>
<P><STRONG><a name="[1c]"></a>WWDG_IRQHandler</STRONG> (Thumb, 0 bytes, Stack size 0 bytes, startup_stm32f407xx.o(.text))
<BR>[Address Reference Count : 1]<UL><LI> startup_stm32f407xx.o(RESET)
</UL>
<P><STRONG><a name="[92]"></a>__user_initial_stackheap</STRONG> (Thumb, 0 bytes, Stack size unknown bytes, startup_stm32f407xx.o(.text))
<BR><BR>[Called By]<UL><LI><a href="#[83]">&gt;&gt;</a>&nbsp;&nbsp;&nbsp;__user_setup_stackheap
</UL>

<P><STRONG><a name="[ad]"></a>__aeabi_uldivmod</STRONG> (Thumb, 0 bytes, Stack size 48 bytes, lludivv7m.o(.text))
<BR><BR>[Stack]<UL><LI>Max Depth = 48<LI>Call Chain = __aeabi_uldivmod
</UL>
<BR>[Called By]<UL><LI><a href="#[ac]">&gt;&gt;</a>&nbsp;&nbsp;&nbsp;HAL_RCC_GetSysClockFreq
</UL>

<P><STRONG><a name="[108]"></a>_ll_udiv</STRONG> (Thumb, 238 bytes, Stack size 48 bytes, lludivv7m.o(.text), UNUSED)

<P><STRONG><a name="[a2]"></a>__aeabi_memclr4</STRONG> (Thumb, 0 bytes, Stack size 4 bytes, rt_memclr_w.o(.text))
<BR><BR>[Stack]<UL><LI>Max Depth = 4<LI>Call Chain = __aeabi_memclr4
</UL>
<BR>[Called By]<UL><LI><a href="#[c4]">&gt;&gt;</a>&nbsp;&nbsp;&nbsp;SystemClock_Config()
<LI><a href="#[de]">&gt;&gt;</a>&nbsp;&nbsp;&nbsp;[local to main_cpp]::MX_GPIO_Init()
<LI><a href="#[9b]">&gt;&gt;</a>&nbsp;&nbsp;&nbsp;HAL_I2C_MspInit
</UL>

<P><STRONG><a name="[109]"></a>__aeabi_memclr8</STRONG> (Thumb, 0 bytes, Stack size 4 bytes, rt_memclr_w.o(.text), UNUSED)

<P><STRONG><a name="[10a]"></a>__rt_memclr_w</STRONG> (Thumb, 78 bytes, Stack size 4 bytes, rt_memclr_w.o(.text), UNUSED)

<P><STRONG><a name="[10b]"></a>_memset_w</STRONG> (Thumb, 0 bytes, Stack size unknown bytes, rt_memclr_w.o(.text), UNUSED)

<P><STRONG><a name="[10c]"></a>__use_two_region_memory</STRONG> (Thumb, 2 bytes, Stack size 0 bytes, heapauxi.o(.text), UNUSED)

<P><STRONG><a name="[c]"></a>__rt_heap_escrow</STRONG> (Thumb, 2 bytes, Stack size 0 bytes, heapauxi.o(.text), UNUSED)

<P><STRONG><a name="[b]"></a>__rt_heap_expand</STRONG> (Thumb, 2 bytes, Stack size 0 bytes, heapauxi.o(.text), UNUSED)

<P><STRONG><a name="[7b]"></a>__cpp_initialize__aeabi_</STRONG> (Thumb, 26 bytes, Stack size 16 bytes, init_aeabi.o(.text))
<BR><BR>[Stack]<UL><LI>Max Depth = 16<LI>Call Chain = __cpp_initialize__aeabi_
</UL>
<BR>[Called By]<UL><LI><a href="#[81]">&gt;&gt;</a>&nbsp;&nbsp;&nbsp;__rt_lib_init_cpp_2
</UL>

<P><STRONG><a name="[8d]"></a>__rt_SIGPVFN</STRONG> (Thumb, 14 bytes, Stack size 8 bytes, defsig_pvfn_outer.o(.text))
<BR><BR>[Stack]<UL><LI>Max Depth = 40<LI>Call Chain = __rt_SIGPVFN &rArr; __rt_SIGPVFN_inner &rArr; __default_signal_display &rArr; _ttywrch
</UL>
<BR>[Calls]<UL><LI><a href="#[8e]">&gt;&gt;</a>&nbsp;&nbsp;&nbsp;__rt_SIGPVFN_inner
</UL>
<BR>[Called By]<UL><LI><a href="#[6f]">&gt;&gt;</a>&nbsp;&nbsp;&nbsp;__cxa_pure_virtual
</UL>

<P><STRONG><a name="[8f]"></a>__sig_exit</STRONG> (Thumb, 10 bytes, Stack size 0 bytes, defsig_exit.o(.text), UNUSED)
<BR><BR>[Calls]<UL><LI><a href="#[8c]">&gt;&gt;</a>&nbsp;&nbsp;&nbsp;_sys_exit
</UL>

<P><STRONG><a name="[8e]"></a>__rt_SIGPVFN_inner</STRONG> (Thumb, 14 bytes, Stack size 8 bytes, defsig_pvfn_inner.o(.text))
<BR><BR>[Stack]<UL><LI>Max Depth = 32<LI>Call Chain = __rt_SIGPVFN_inner &rArr; __default_signal_display &rArr; _ttywrch
</UL>
<BR>[Calls]<UL><LI><a href="#[90]">&gt;&gt;</a>&nbsp;&nbsp;&nbsp;__default_signal_display
</UL>
<BR>[Called By]<UL><LI><a href="#[8d]">&gt;&gt;</a>&nbsp;&nbsp;&nbsp;__rt_SIGPVFN
</UL>

<P><STRONG><a name="[8c]"></a>_sys_exit</STRONG> (Thumb, 8 bytes, Stack size 0 bytes, sys_exit.o(.text))
<BR><BR>[Called By]<UL><LI><a href="#[8f]">&gt;&gt;</a>&nbsp;&nbsp;&nbsp;__sig_exit
<LI><a href="#[8b]">&gt;&gt;</a>&nbsp;&nbsp;&nbsp;__rt_exit_exit
</UL>

<P><STRONG><a name="[10d]"></a>__user_libspace</STRONG> (Thumb, 8 bytes, Stack size 0 bytes, libspace.o(.text), UNUSED)

<P><STRONG><a name="[91]"></a>__user_perproc_libspace</STRONG> (Thumb, 0 bytes, Stack size 0 bytes, libspace.o(.text))
<BR><BR>[Called By]<UL><LI><a href="#[83]">&gt;&gt;</a>&nbsp;&nbsp;&nbsp;__user_setup_stackheap
</UL>

<P><STRONG><a name="[10e]"></a>__user_perthread_libspace</STRONG> (Thumb, 0 bytes, Stack size 0 bytes, libspace.o(.text), UNUSED)

<P><STRONG><a name="[83]"></a>__user_setup_stackheap</STRONG> (Thumb, 74 bytes, Stack size 8 bytes, sys_stackheap_outer.o(.text))
<BR><BR>[Stack]<UL><LI>Max Depth = 8 + Unknown Stack Size
<LI>Call Chain = __user_setup_stackheap
</UL>
<BR>[Calls]<UL><LI><a href="#[92]">&gt;&gt;</a>&nbsp;&nbsp;&nbsp;__user_initial_stackheap
<LI><a href="#[91]">&gt;&gt;</a>&nbsp;&nbsp;&nbsp;__user_perproc_libspace
</UL>
<BR>[Called By]<UL><LI><a href="#[82]">&gt;&gt;</a>&nbsp;&nbsp;&nbsp;__rt_entry_sh
</UL>

<P><STRONG><a name="[88]"></a>exit</STRONG> (Thumb, 18 bytes, Stack size 8 bytes, exit.o(.text))
<BR><BR>[Stack]<UL><LI>Max Depth = 8 + Unknown Stack Size
<LI>Call Chain = exit
</UL>
<BR>[Calls]<UL><LI><a href="#[93]">&gt;&gt;</a>&nbsp;&nbsp;&nbsp;__rt_exit
</UL>
<BR>[Called By]<UL><LI><a href="#[86]">&gt;&gt;</a>&nbsp;&nbsp;&nbsp;__rt_entry_main
</UL>

<P><STRONG><a name="[90]"></a>__default_signal_display</STRONG> (Thumb, 50 bytes, Stack size 16 bytes, defsig_general.o(.text))
<BR><BR>[Stack]<UL><LI>Max Depth = 24<LI>Call Chain = __default_signal_display &rArr; _ttywrch
</UL>
<BR>[Calls]<UL><LI><a href="#[94]">&gt;&gt;</a>&nbsp;&nbsp;&nbsp;_ttywrch
</UL>
<BR>[Called By]<UL><LI><a href="#[8e]">&gt;&gt;</a>&nbsp;&nbsp;&nbsp;__rt_SIGPVFN_inner
</UL>

<P><STRONG><a name="[94]"></a>_ttywrch</STRONG> (Thumb, 14 bytes, Stack size 8 bytes, sys_wrch.o(.text))
<BR><BR>[Stack]<UL><LI>Max Depth = 8<LI>Call Chain = _ttywrch
</UL>
<BR>[Called By]<UL><LI><a href="#[90]">&gt;&gt;</a>&nbsp;&nbsp;&nbsp;__default_signal_display
</UL>

<P><STRONG><a name="[10f]"></a>__I$use$semihosting</STRONG> (Thumb, 0 bytes, Stack size 0 bytes, use_no_semi.o(.text), UNUSED)

<P><STRONG><a name="[110]"></a>__use_no_semihosting_swi</STRONG> (Thumb, 2 bytes, Stack size 0 bytes, use_no_semi.o(.text), UNUSED)

<P><STRONG><a name="[16]"></a>BusFault_Handler</STRONG> (Thumb, 2 bytes, Stack size 0 bytes, stm32f4xx_it.o(i.BusFault_Handler))
<BR><BR>[Calls]<UL><LI><a href="#[16]">&gt;&gt;</a>&nbsp;&nbsp;&nbsp;BusFault_Handler
</UL>
<BR>[Called By]<UL><LI><a href="#[16]">&gt;&gt;</a>&nbsp;&nbsp;&nbsp;BusFault_Handler
</UL>
<BR>[Address Reference Count : 1]<UL><LI> startup_stm32f407xx.o(RESET)
</UL>
<P><STRONG><a name="[111]"></a>__semihosting_library_function</STRONG> (Thumb, 0 bytes, Stack size 0 bytes, indicate_semi.o(.text), UNUSED)

<P><STRONG><a name="[19]"></a>DebugMon_Handler</STRONG> (Thumb, 2 bytes, Stack size 0 bytes, stm32f4xx_it.o(i.DebugMon_Handler))
<BR>[Address Reference Count : 1]<UL><LI> startup_stm32f407xx.o(RESET)
</UL>
<P><STRONG><a name="[22]"></a>EXTI0_IRQHandler</STRONG> (Thumb, 6 bytes, Stack size 0 bytes, stm32f4xx_it.o(i.EXTI0_IRQHandler))
<BR><BR>[Stack]<UL><LI>Max Depth = 16<LI>Call Chain = EXTI0_IRQHandler &rArr; HAL_GPIO_EXTI_IRQHandler &rArr; HAL_GPIO_EXTI_Callback
</UL>
<BR>[Calls]<UL><LI><a href="#[95]">&gt;&gt;</a>&nbsp;&nbsp;&nbsp;HAL_GPIO_EXTI_IRQHandler
</UL>
<BR>[Address Reference Count : 1]<UL><LI> startup_stm32f407xx.o(RESET)
</UL>
<P><STRONG><a name="[44]"></a>EXTI15_10_IRQHandler</STRONG> (Thumb, 22 bytes, Stack size 8 bytes, stm32f4xx_it.o(i.EXTI15_10_IRQHandler))
<BR><BR>[Stack]<UL><LI>Max Depth = 24<LI>Call Chain = EXTI15_10_IRQHandler &rArr; HAL_GPIO_EXTI_IRQHandler &rArr; HAL_GPIO_EXTI_Callback
</UL>
<BR>[Calls]<UL><LI><a href="#[95]">&gt;&gt;</a>&nbsp;&nbsp;&nbsp;HAL_GPIO_EXTI_IRQHandler
</UL>
<BR>[Address Reference Count : 1]<UL><LI> startup_stm32f407xx.o(RESET)
</UL>
<P><STRONG><a name="[33]"></a>EXTI9_5_IRQHandler</STRONG> (Thumb, 22 bytes, Stack size 8 bytes, stm32f4xx_it.o(i.EXTI9_5_IRQHandler))
<BR><BR>[Stack]<UL><LI>Max Depth = 24<LI>Call Chain = EXTI9_5_IRQHandler &rArr; HAL_GPIO_EXTI_IRQHandler &rArr; HAL_GPIO_EXTI_Callback
</UL>
<BR>[Calls]<UL><LI><a href="#[95]">&gt;&gt;</a>&nbsp;&nbsp;&nbsp;HAL_GPIO_EXTI_IRQHandler
</UL>
<BR>[Address Reference Count : 1]<UL><LI> startup_stm32f407xx.o(RESET)
</UL>
<P><STRONG><a name="[96]"></a>HAL_Delay</STRONG> (Thumb, 32 bytes, Stack size 16 bytes, stm32f4xx_hal.o(i.HAL_Delay))
<BR><BR>[Stack]<UL><LI>Max Depth = 16<LI>Call Chain = HAL_Delay
</UL>
<BR>[Calls]<UL><LI><a href="#[97]">&gt;&gt;</a>&nbsp;&nbsp;&nbsp;HAL_GetTick
</UL>
<BR>[Called By]<UL><LI><a href="#[87]">&gt;&gt;</a>&nbsp;&nbsp;&nbsp;main
<LI><a href="#[c2]">&gt;&gt;</a>&nbsp;&nbsp;&nbsp;testfillroundrect()
<LI><a href="#[c0]">&gt;&gt;</a>&nbsp;&nbsp;&nbsp;testdrawroundrect()
<LI><a href="#[be]">&gt;&gt;</a>&nbsp;&nbsp;&nbsp;testfilltriangle()
<LI><a href="#[bc]">&gt;&gt;</a>&nbsp;&nbsp;&nbsp;testdrawtriangle()
<LI><a href="#[ba]">&gt;&gt;</a>&nbsp;&nbsp;&nbsp;testdrawcircle()
<LI><a href="#[b8]">&gt;&gt;</a>&nbsp;&nbsp;&nbsp;testfillrect()
<LI><a href="#[b6]">&gt;&gt;</a>&nbsp;&nbsp;&nbsp;testdrawrect()
<LI><a href="#[b0]">&gt;&gt;</a>&nbsp;&nbsp;&nbsp;testdrawline()
</UL>

<P><STRONG><a name="[98]"></a>HAL_GPIO_EXTI_Callback</STRONG> (Thumb, 30 bytes, Stack size 8 bytes, main.o(i.HAL_GPIO_EXTI_Callback))
<BR><BR>[Stack]<UL><LI>Max Depth = 8<LI>Call Chain = HAL_GPIO_EXTI_Callback
</UL>
<BR>[Calls]<UL><LI><a href="#[99]">&gt;&gt;</a>&nbsp;&nbsp;&nbsp;HAL_GPIO_TogglePin
</UL>
<BR>[Called By]<UL><LI><a href="#[95]">&gt;&gt;</a>&nbsp;&nbsp;&nbsp;HAL_GPIO_EXTI_IRQHandler
</UL>

<P><STRONG><a name="[95]"></a>HAL_GPIO_EXTI_IRQHandler</STRONG> (Thumb, 18 bytes, Stack size 8 bytes, stm32f4xx_hal_gpio.o(i.HAL_GPIO_EXTI_IRQHandler))
<BR><BR>[Stack]<UL><LI>Max Depth = 16<LI>Call Chain = HAL_GPIO_EXTI_IRQHandler &rArr; HAL_GPIO_EXTI_Callback
</UL>
<BR>[Calls]<UL><LI><a href="#[98]">&gt;&gt;</a>&nbsp;&nbsp;&nbsp;HAL_GPIO_EXTI_Callback
</UL>
<BR>[Called By]<UL><LI><a href="#[33]">&gt;&gt;</a>&nbsp;&nbsp;&nbsp;EXTI9_5_IRQHandler
<LI><a href="#[44]">&gt;&gt;</a>&nbsp;&nbsp;&nbsp;EXTI15_10_IRQHandler
<LI><a href="#[22]">&gt;&gt;</a>&nbsp;&nbsp;&nbsp;EXTI0_IRQHandler
</UL>

<P><STRONG><a name="[a3]"></a>HAL_GPIO_Init</STRONG> (Thumb, 394 bytes, Stack size 40 bytes, stm32f4xx_hal_gpio.o(i.HAL_GPIO_Init))
<BR><BR>[Stack]<UL><LI>Max Depth = 40<LI>Call Chain = HAL_GPIO_Init
</UL>
<BR>[Called By]<UL><LI><a href="#[de]">&gt;&gt;</a>&nbsp;&nbsp;&nbsp;[local to main_cpp]::MX_GPIO_Init()
<LI><a href="#[9b]">&gt;&gt;</a>&nbsp;&nbsp;&nbsp;HAL_I2C_MspInit
</UL>

<P><STRONG><a name="[99]"></a>HAL_GPIO_TogglePin</STRONG> (Thumb, 14 bytes, Stack size 0 bytes, stm32f4xx_hal_gpio.o(i.HAL_GPIO_TogglePin))
<BR><BR>[Called By]<UL><LI><a href="#[87]">&gt;&gt;</a>&nbsp;&nbsp;&nbsp;main
<LI><a href="#[98]">&gt;&gt;</a>&nbsp;&nbsp;&nbsp;HAL_GPIO_EXTI_Callback
</UL>

<P><STRONG><a name="[df]"></a>HAL_GPIO_WritePin</STRONG> (Thumb, 10 bytes, Stack size 0 bytes, stm32f4xx_hal_gpio.o(i.HAL_GPIO_WritePin))
<BR><BR>[Called By]<UL><LI><a href="#[de]">&gt;&gt;</a>&nbsp;&nbsp;&nbsp;[local to main_cpp]::MX_GPIO_Init()
</UL>

<P><STRONG><a name="[97]"></a>HAL_GetTick</STRONG> (Thumb, 6 bytes, Stack size 0 bytes, stm32f4xx_hal.o(i.HAL_GetTick))
<BR><BR>[Called By]<UL><LI><a href="#[ae]">&gt;&gt;</a>&nbsp;&nbsp;&nbsp;HAL_RCC_OscConfig
<LI><a href="#[ab]">&gt;&gt;</a>&nbsp;&nbsp;&nbsp;HAL_RCC_ClockConfig
<LI><a href="#[96]">&gt;&gt;</a>&nbsp;&nbsp;&nbsp;HAL_Delay
<LI><a href="#[9d]">&gt;&gt;</a>&nbsp;&nbsp;&nbsp;HAL_I2C_Master_Transmit
<LI><a href="#[e1]">&gt;&gt;</a>&nbsp;&nbsp;&nbsp;[local to stm32f4xx_hal_i2c_c]::I2C_WaitOnMasterAddressFlagUntilTimeout(__I2C_HandleTypeDef*, unsigned, unsigned, unsigned)
<LI><a href="#[a0]">&gt;&gt;</a>&nbsp;&nbsp;&nbsp;[local to stm32f4xx_hal_i2c_c]::I2C_WaitOnTXEFlagUntilTimeout(__I2C_HandleTypeDef*, unsigned, unsigned)
<LI><a href="#[a1]">&gt;&gt;</a>&nbsp;&nbsp;&nbsp;[local to stm32f4xx_hal_i2c_c]::I2C_WaitOnBTFFlagUntilTimeout(__I2C_HandleTypeDef*, unsigned, unsigned)
<LI><a href="#[9e]">&gt;&gt;</a>&nbsp;&nbsp;&nbsp;[local to stm32f4xx_hal_i2c_c]::I2C_WaitOnFlagUntilTimeout(__I2C_HandleTypeDef*, unsigned, FlagStatus, unsigned, unsigned)
</UL>

<P><STRONG><a name="[9a]"></a>HAL_I2C_Init</STRONG> (Thumb, 376 bytes, Stack size 16 bytes, stm32f4xx_hal_i2c.o(i.HAL_I2C_Init))
<BR><BR>[Stack]<UL><LI>Max Depth = 104<LI>Call Chain = HAL_I2C_Init &rArr; HAL_I2C_MspInit &rArr; HAL_GPIO_Init
</UL>
<BR>[Calls]<UL><LI><a href="#[9c]">&gt;&gt;</a>&nbsp;&nbsp;&nbsp;HAL_RCC_GetPCLK1Freq
<LI><a href="#[9b]">&gt;&gt;</a>&nbsp;&nbsp;&nbsp;HAL_I2C_MspInit
</UL>
<BR>[Called By]<UL><LI><a href="#[87]">&gt;&gt;</a>&nbsp;&nbsp;&nbsp;main
</UL>

<P><STRONG><a name="[9d]"></a>HAL_I2C_Master_Transmit</STRONG> (Thumb, 294 bytes, Stack size 40 bytes, stm32f4xx_hal_i2c.o(i.HAL_I2C_Master_Transmit))
<BR><BR>[Stack]<UL><LI>Max Depth = 96<LI>Call Chain = HAL_I2C_Master_Transmit &rArr; [local to stm32f4xx_hal_i2c_c]::I2C_MasterRequestWrite(__I2C_HandleTypeDef*, unsigned short, unsigned, unsigned) &rArr; [local to stm32f4xx_hal_i2c_c]::I2C_WaitOnMasterAddressFlagUntilTimeout(__I2C_HandleTypeDef*, unsigned, unsigned, unsigned)
</UL>
<BR>[Calls]<UL><LI><a href="#[97]">&gt;&gt;</a>&nbsp;&nbsp;&nbsp;HAL_GetTick
<LI><a href="#[a0]">&gt;&gt;</a>&nbsp;&nbsp;&nbsp;[local to stm32f4xx_hal_i2c_c]::I2C_WaitOnTXEFlagUntilTimeout(__I2C_HandleTypeDef*, unsigned, unsigned)
<LI><a href="#[a1]">&gt;&gt;</a>&nbsp;&nbsp;&nbsp;[local to stm32f4xx_hal_i2c_c]::I2C_WaitOnBTFFlagUntilTimeout(__I2C_HandleTypeDef*, unsigned, unsigned)
<LI><a href="#[9e]">&gt;&gt;</a>&nbsp;&nbsp;&nbsp;[local to stm32f4xx_hal_i2c_c]::I2C_WaitOnFlagUntilTimeout(__I2C_HandleTypeDef*, unsigned, FlagStatus, unsigned, unsigned)
<LI><a href="#[9f]">&gt;&gt;</a>&nbsp;&nbsp;&nbsp;[local to stm32f4xx_hal_i2c_c]::I2C_MasterRequestWrite(__I2C_HandleTypeDef*, unsigned short, unsigned, unsigned)
</UL>
<BR>[Called By]<UL><LI><a href="#[d8]">&gt;&gt;</a>&nbsp;&nbsp;&nbsp;Adafruit_SSD1306::ssd1306_command(unsigned char)
<LI><a href="#[d7]">&gt;&gt;</a>&nbsp;&nbsp;&nbsp;Adafruit_SSD1306::ssd1306_data(unsigned short)
</UL>

<P><STRONG><a name="[9b]"></a>HAL_I2C_MspInit</STRONG> (Thumb, 154 bytes, Stack size 48 bytes, stm32f4xx_hal_msp.o(i.HAL_I2C_MspInit))
<BR><BR>[Stack]<UL><LI>Max Depth = 88<LI>Call Chain = HAL_I2C_MspInit &rArr; HAL_GPIO_Init
</UL>
<BR>[Calls]<UL><LI><a href="#[a3]">&gt;&gt;</a>&nbsp;&nbsp;&nbsp;HAL_GPIO_Init
<LI><a href="#[a2]">&gt;&gt;</a>&nbsp;&nbsp;&nbsp;__aeabi_memclr4
</UL>
<BR>[Called By]<UL><LI><a href="#[9a]">&gt;&gt;</a>&nbsp;&nbsp;&nbsp;HAL_I2C_Init
</UL>

<P><STRONG><a name="[af]"></a>HAL_IncTick</STRONG> (Thumb, 12 bytes, Stack size 0 bytes, stm32f4xx_hal.o(i.HAL_IncTick))
<BR><BR>[Called By]<UL><LI><a href="#[1b]">&gt;&gt;</a>&nbsp;&nbsp;&nbsp;SysTick_Handler
</UL>

<P><STRONG><a name="[a4]"></a>HAL_Init</STRONG> (Thumb, 48 bytes, Stack size 8 bytes, stm32f4xx_hal.o(i.HAL_Init))
<BR><BR>[Stack]<UL><LI>Max Depth = 40<LI>Call Chain = HAL_Init &rArr; HAL_InitTick &rArr; HAL_NVIC_SetPriority
</UL>
<BR>[Calls]<UL><LI><a href="#[a6]">&gt;&gt;</a>&nbsp;&nbsp;&nbsp;HAL_InitTick
<LI><a href="#[a7]">&gt;&gt;</a>&nbsp;&nbsp;&nbsp;HAL_MspInit
<LI><a href="#[a5]">&gt;&gt;</a>&nbsp;&nbsp;&nbsp;HAL_NVIC_SetPriorityGrouping
</UL>
<BR>[Called By]<UL><LI><a href="#[87]">&gt;&gt;</a>&nbsp;&nbsp;&nbsp;main
</UL>

<P><STRONG><a name="[a6]"></a>HAL_InitTick</STRONG> (Thumb, 54 bytes, Stack size 16 bytes, stm32f4xx_hal.o(i.HAL_InitTick))
<BR><BR>[Stack]<UL><LI>Max Depth = 32<LI>Call Chain = HAL_InitTick &rArr; HAL_NVIC_SetPriority
</UL>
<BR>[Calls]<UL><LI><a href="#[a9]">&gt;&gt;</a>&nbsp;&nbsp;&nbsp;HAL_NVIC_SetPriority
<LI><a href="#[a8]">&gt;&gt;</a>&nbsp;&nbsp;&nbsp;HAL_SYSTICK_Config
</UL>
<BR>[Called By]<UL><LI><a href="#[ab]">&gt;&gt;</a>&nbsp;&nbsp;&nbsp;HAL_RCC_ClockConfig
<LI><a href="#[a4]">&gt;&gt;</a>&nbsp;&nbsp;&nbsp;HAL_Init
</UL>

<P><STRONG><a name="[a7]"></a>HAL_MspInit</STRONG> (Thumb, 42 bytes, Stack size 8 bytes, stm32f4xx_hal_msp.o(i.HAL_MspInit))
<BR><BR>[Stack]<UL><LI>Max Depth = 8<LI>Call Chain = HAL_MspInit
</UL>
<BR>[Called By]<UL><LI><a href="#[a4]">&gt;&gt;</a>&nbsp;&nbsp;&nbsp;HAL_Init
</UL>

<P><STRONG><a name="[e0]"></a>HAL_NVIC_EnableIRQ</STRONG> (Thumb, 26 bytes, Stack size 0 bytes, stm32f4xx_hal_cortex.o(i.HAL_NVIC_EnableIRQ))
<BR><BR>[Called By]<UL><LI><a href="#[de]">&gt;&gt;</a>&nbsp;&nbsp;&nbsp;[local to main_cpp]::MX_GPIO_Init()
</UL>

<P><STRONG><a name="[a9]"></a>HAL_NVIC_SetPriority</STRONG> (Thumb, 60 bytes, Stack size 16 bytes, stm32f4xx_hal_cortex.o(i.HAL_NVIC_SetPriority))
<BR><BR>[Stack]<UL><LI>Max Depth = 16<LI>Call Chain = HAL_NVIC_SetPriority
</UL>
<BR>[Calls]<UL><LI><a href="#[aa]">&gt;&gt;</a>&nbsp;&nbsp;&nbsp;[local to stm32f4xx_hal_cortex_c]::__NVIC_SetPriority(IRQn_Type, unsigned)
</UL>
<BR>[Called By]<UL><LI><a href="#[de]">&gt;&gt;</a>&nbsp;&nbsp;&nbsp;[local to main_cpp]::MX_GPIO_Init()
<LI><a href="#[a6]">&gt;&gt;</a>&nbsp;&nbsp;&nbsp;HAL_InitTick
</UL>

<P><STRONG><a name="[a5]"></a>HAL_NVIC_SetPriorityGrouping</STRONG> (Thumb, 26 bytes, Stack size 0 bytes, stm32f4xx_hal_cortex.o(i.HAL_NVIC_SetPriorityGrouping))
<BR><BR>[Called By]<UL><LI><a href="#[a4]">&gt;&gt;</a>&nbsp;&nbsp;&nbsp;HAL_Init
</UL>

<P><STRONG><a name="[ab]"></a>HAL_RCC_ClockConfig</STRONG> (Thumb, 288 bytes, Stack size 32 bytes, stm32f4xx_hal_rcc.o(i.HAL_RCC_ClockConfig))
<BR><BR>[Stack]<UL><LI>Max Depth = 88<LI>Call Chain = HAL_RCC_ClockConfig &rArr; HAL_RCC_GetSysClockFreq &rArr; __aeabi_uldivmod
</UL>
<BR>[Calls]<UL><LI><a href="#[ac]">&gt;&gt;</a>&nbsp;&nbsp;&nbsp;HAL_RCC_GetSysClockFreq
<LI><a href="#[a6]">&gt;&gt;</a>&nbsp;&nbsp;&nbsp;HAL_InitTick
<LI><a href="#[97]">&gt;&gt;</a>&nbsp;&nbsp;&nbsp;HAL_GetTick
</UL>
<BR>[Called By]<UL><LI><a href="#[c4]">&gt;&gt;</a>&nbsp;&nbsp;&nbsp;SystemClock_Config()
</UL>

<P><STRONG><a name="[9c]"></a>HAL_RCC_GetPCLK1Freq</STRONG> (Thumb, 20 bytes, Stack size 0 bytes, stm32f4xx_hal_rcc.o(i.HAL_RCC_GetPCLK1Freq))
<BR><BR>[Called By]<UL><LI><a href="#[9a]">&gt;&gt;</a>&nbsp;&nbsp;&nbsp;HAL_I2C_Init
</UL>

<P><STRONG><a name="[ac]"></a>HAL_RCC_GetSysClockFreq</STRONG> (Thumb, 88 bytes, Stack size 8 bytes, stm32f4xx_hal_rcc.o(i.HAL_RCC_GetSysClockFreq))
<BR><BR>[Stack]<UL><LI>Max Depth = 56<LI>Call Chain = HAL_RCC_GetSysClockFreq &rArr; __aeabi_uldivmod
</UL>
<BR>[Calls]<UL><LI><a href="#[ad]">&gt;&gt;</a>&nbsp;&nbsp;&nbsp;__aeabi_uldivmod
</UL>
<BR>[Called By]<UL><LI><a href="#[ab]">&gt;&gt;</a>&nbsp;&nbsp;&nbsp;HAL_RCC_ClockConfig
</UL>

<P><STRONG><a name="[ae]"></a>HAL_RCC_OscConfig</STRONG> (Thumb, 842 bytes, Stack size 40 bytes, stm32f4xx_hal_rcc.o(i.HAL_RCC_OscConfig))
<BR><BR>[Stack]<UL><LI>Max Depth = 40<LI>Call Chain = HAL_RCC_OscConfig
</UL>
<BR>[Calls]<UL><LI><a href="#[97]">&gt;&gt;</a>&nbsp;&nbsp;&nbsp;HAL_GetTick
</UL>
<BR>[Called By]<UL><LI><a href="#[c4]">&gt;&gt;</a>&nbsp;&nbsp;&nbsp;SystemClock_Config()
</UL>

<P><STRONG><a name="[a8]"></a>HAL_SYSTICK_Config</STRONG> (Thumb, 42 bytes, Stack size 8 bytes, stm32f4xx_hal_cortex.o(i.HAL_SYSTICK_Config))
<BR><BR>[Stack]<UL><LI>Max Depth = 8<LI>Call Chain = HAL_SYSTICK_Config
</UL>
<BR>[Calls]<UL><LI><a href="#[aa]">&gt;&gt;</a>&nbsp;&nbsp;&nbsp;[local to stm32f4xx_hal_cortex_c]::__NVIC_SetPriority(IRQn_Type, unsigned)
</UL>
<BR>[Called By]<UL><LI><a href="#[a6]">&gt;&gt;</a>&nbsp;&nbsp;&nbsp;HAL_InitTick
</UL>

<P><STRONG><a name="[14]"></a>HardFault_Handler</STRONG> (Thumb, 2 bytes, Stack size 0 bytes, stm32f4xx_it.o(i.HardFault_Handler))
<BR><BR>[Calls]<UL><LI><a href="#[14]">&gt;&gt;</a>&nbsp;&nbsp;&nbsp;HardFault_Handler
</UL>
<BR>[Called By]<UL><LI><a href="#[14]">&gt;&gt;</a>&nbsp;&nbsp;&nbsp;HardFault_Handler
</UL>
<BR>[Address Reference Count : 1]<UL><LI> startup_stm32f407xx.o(RESET)
</UL>
<P><STRONG><a name="[15]"></a>MemManage_Handler</STRONG> (Thumb, 2 bytes, Stack size 0 bytes, stm32f4xx_it.o(i.MemManage_Handler))
<BR><BR>[Calls]<UL><LI><a href="#[15]">&gt;&gt;</a>&nbsp;&nbsp;&nbsp;MemManage_Handler
</UL>
<BR>[Called By]<UL><LI><a href="#[15]">&gt;&gt;</a>&nbsp;&nbsp;&nbsp;MemManage_Handler
</UL>
<BR>[Address Reference Count : 1]<UL><LI> startup_stm32f407xx.o(RESET)
</UL>
<P><STRONG><a name="[13]"></a>NMI_Handler</STRONG> (Thumb, 2 bytes, Stack size 0 bytes, stm32f4xx_it.o(i.NMI_Handler))
<BR>[Address Reference Count : 1]<UL><LI> startup_stm32f407xx.o(RESET)
</UL>
<P><STRONG><a name="[1a]"></a>PendSV_Handler</STRONG> (Thumb, 2 bytes, Stack size 0 bytes, stm32f4xx_it.o(i.PendSV_Handler))
<BR>[Address Reference Count : 1]<UL><LI> startup_stm32f407xx.o(RESET)
</UL>
<P><STRONG><a name="[18]"></a>SVC_Handler</STRONG> (Thumb, 2 bytes, Stack size 0 bytes, stm32f4xx_it.o(i.SVC_Handler))
<BR>[Address Reference Count : 1]<UL><LI> startup_stm32f407xx.o(RESET)
</UL>
<P><STRONG><a name="[1b]"></a>SysTick_Handler</STRONG> (Thumb, 4 bytes, Stack size 0 bytes, stm32f4xx_it.o(i.SysTick_Handler))
<BR><BR>[Calls]<UL><LI><a href="#[af]">&gt;&gt;</a>&nbsp;&nbsp;&nbsp;HAL_IncTick
</UL>
<BR>[Address Reference Count : 1]<UL><LI> startup_stm32f407xx.o(RESET)
</UL>
<P><STRONG><a name="[6d]"></a>SystemInit</STRONG> (Thumb, 22 bytes, Stack size 0 bytes, system_stm32f4xx.o(i.SystemInit))
<BR>[Address Reference Count : 1]<UL><LI> startup_stm32f407xx.o(.text)
</UL>
<P><STRONG><a name="[17]"></a>UsageFault_Handler</STRONG> (Thumb, 2 bytes, Stack size 0 bytes, stm32f4xx_it.o(i.UsageFault_Handler))
<BR><BR>[Calls]<UL><LI><a href="#[17]">&gt;&gt;</a>&nbsp;&nbsp;&nbsp;UsageFault_Handler
</UL>
<BR>[Called By]<UL><LI><a href="#[17]">&gt;&gt;</a>&nbsp;&nbsp;&nbsp;UsageFault_Handler
</UL>
<BR>[Address Reference Count : 1]<UL><LI> startup_stm32f407xx.o(RESET)
</UL>
<P><STRONG><a name="[b0]"></a>testdrawline()</STRONG> (Thumb, 486 bytes, Stack size 32 bytes, main.o(i._Z12testdrawlinev))
<BR><BR>[Stack]<UL><LI>Max Depth = 168<LI>Call Chain = testdrawline() &rArr; Double_screen::display() &rArr; Adafruit_SSD1306::display() &rArr; Adafruit_SSD1306::ssd1306_command(unsigned char) &rArr; HAL_I2C_Master_Transmit &rArr; [local to stm32f4xx_hal_i2c_c]::I2C_MasterRequestWrite(__I2C_HandleTypeDef*, unsigned short, unsigned, unsigned) &rArr; [local to stm32f4xx_hal_i2c_c]::I2C_WaitOnMasterAddressFlagUntilTimeout(__I2C_HandleTypeDef*, unsigned, unsigned, unsigned)
</UL>
<BR>[Calls]<UL><LI><a href="#[b1]">&gt;&gt;</a>&nbsp;&nbsp;&nbsp;Double_screen::height() const
<LI><a href="#[b4]">&gt;&gt;</a>&nbsp;&nbsp;&nbsp;Double_screen::width() const
<LI><a href="#[b2]">&gt;&gt;</a>&nbsp;&nbsp;&nbsp;Double_screen::drawLine(short, short, short, short, unsigned short)
<LI><a href="#[b3]">&gt;&gt;</a>&nbsp;&nbsp;&nbsp;Double_screen::display()
<LI><a href="#[b5]">&gt;&gt;</a>&nbsp;&nbsp;&nbsp;Double_screen::clearDisplay()
<LI><a href="#[96]">&gt;&gt;</a>&nbsp;&nbsp;&nbsp;HAL_Delay
</UL>
<BR>[Called By]<UL><LI><a href="#[87]">&gt;&gt;</a>&nbsp;&nbsp;&nbsp;main
</UL>

<P><STRONG><a name="[b6]"></a>testdrawrect()</STRONG> (Thumb, 86 bytes, Stack size 32 bytes, main.o(i._Z12testdrawrectv))
<BR><BR>[Stack]<UL><LI>Max Depth = 168<LI>Call Chain = testdrawrect() &rArr; Double_screen::display() &rArr; Adafruit_SSD1306::display() &rArr; Adafruit_SSD1306::ssd1306_command(unsigned char) &rArr; HAL_I2C_Master_Transmit &rArr; [local to stm32f4xx_hal_i2c_c]::I2C_MasterRequestWrite(__I2C_HandleTypeDef*, unsigned short, unsigned, unsigned) &rArr; [local to stm32f4xx_hal_i2c_c]::I2C_WaitOnMasterAddressFlagUntilTimeout(__I2C_HandleTypeDef*, unsigned, unsigned, unsigned)
</UL>
<BR>[Calls]<UL><LI><a href="#[b1]">&gt;&gt;</a>&nbsp;&nbsp;&nbsp;Double_screen::height() const
<LI><a href="#[b4]">&gt;&gt;</a>&nbsp;&nbsp;&nbsp;Double_screen::width() const
<LI><a href="#[b7]">&gt;&gt;</a>&nbsp;&nbsp;&nbsp;Double_screen::drawRect(short, short, short, short, unsigned short)
<LI><a href="#[b3]">&gt;&gt;</a>&nbsp;&nbsp;&nbsp;Double_screen::display()
<LI><a href="#[96]">&gt;&gt;</a>&nbsp;&nbsp;&nbsp;HAL_Delay
</UL>
<BR>[Called By]<UL><LI><a href="#[87]">&gt;&gt;</a>&nbsp;&nbsp;&nbsp;main
</UL>

<P><STRONG><a name="[b8]"></a>testfillrect()</STRONG> (Thumb, 94 bytes, Stack size 32 bytes, main.o(i._Z12testfillrectv))
<BR><BR>[Stack]<UL><LI>Max Depth = 168<LI>Call Chain = testfillrect() &rArr; Double_screen::display() &rArr; Adafruit_SSD1306::display() &rArr; Adafruit_SSD1306::ssd1306_command(unsigned char) &rArr; HAL_I2C_Master_Transmit &rArr; [local to stm32f4xx_hal_i2c_c]::I2C_MasterRequestWrite(__I2C_HandleTypeDef*, unsigned short, unsigned, unsigned) &rArr; [local to stm32f4xx_hal_i2c_c]::I2C_WaitOnMasterAddressFlagUntilTimeout(__I2C_HandleTypeDef*, unsigned, unsigned, unsigned)
</UL>
<BR>[Calls]<UL><LI><a href="#[b1]">&gt;&gt;</a>&nbsp;&nbsp;&nbsp;Double_screen::height() const
<LI><a href="#[b4]">&gt;&gt;</a>&nbsp;&nbsp;&nbsp;Double_screen::width() const
<LI><a href="#[b9]">&gt;&gt;</a>&nbsp;&nbsp;&nbsp;Double_screen::fillRect(short, short, short, short, unsigned short)
<LI><a href="#[b3]">&gt;&gt;</a>&nbsp;&nbsp;&nbsp;Double_screen::display()
<LI><a href="#[96]">&gt;&gt;</a>&nbsp;&nbsp;&nbsp;HAL_Delay
</UL>
<BR>[Called By]<UL><LI><a href="#[87]">&gt;&gt;</a>&nbsp;&nbsp;&nbsp;main
</UL>

<P><STRONG><a name="[ba]"></a>testdrawcircle()</STRONG> (Thumb, 72 bytes, Stack size 24 bytes, main.o(i._Z14testdrawcirclev))
<BR><BR>[Stack]<UL><LI>Max Depth = 160<LI>Call Chain = testdrawcircle() &rArr; Double_screen::display() &rArr; Adafruit_SSD1306::display() &rArr; Adafruit_SSD1306::ssd1306_command(unsigned char) &rArr; HAL_I2C_Master_Transmit &rArr; [local to stm32f4xx_hal_i2c_c]::I2C_MasterRequestWrite(__I2C_HandleTypeDef*, unsigned short, unsigned, unsigned) &rArr; [local to stm32f4xx_hal_i2c_c]::I2C_WaitOnMasterAddressFlagUntilTimeout(__I2C_HandleTypeDef*, unsigned, unsigned, unsigned)
</UL>
<BR>[Calls]<UL><LI><a href="#[b1]">&gt;&gt;</a>&nbsp;&nbsp;&nbsp;Double_screen::height() const
<LI><a href="#[b4]">&gt;&gt;</a>&nbsp;&nbsp;&nbsp;Double_screen::width() const
<LI><a href="#[b3]">&gt;&gt;</a>&nbsp;&nbsp;&nbsp;Double_screen::display()
<LI><a href="#[bb]">&gt;&gt;</a>&nbsp;&nbsp;&nbsp;Double_screen::drawCircle(short, short, short, unsigned short)
<LI><a href="#[96]">&gt;&gt;</a>&nbsp;&nbsp;&nbsp;HAL_Delay
</UL>
<BR>[Called By]<UL><LI><a href="#[87]">&gt;&gt;</a>&nbsp;&nbsp;&nbsp;main
</UL>

<P><STRONG><a name="[bc]"></a>testdrawtriangle()</STRONG> (Thumb, 186 bytes, Stack size 48 bytes, main.o(i._Z16testdrawtrianglev))
<BR><BR>[Stack]<UL><LI>Max Depth = 184<LI>Call Chain = testdrawtriangle() &rArr; Double_screen::display() &rArr; Adafruit_SSD1306::display() &rArr; Adafruit_SSD1306::ssd1306_command(unsigned char) &rArr; HAL_I2C_Master_Transmit &rArr; [local to stm32f4xx_hal_i2c_c]::I2C_MasterRequestWrite(__I2C_HandleTypeDef*, unsigned short, unsigned, unsigned) &rArr; [local to stm32f4xx_hal_i2c_c]::I2C_WaitOnMasterAddressFlagUntilTimeout(__I2C_HandleTypeDef*, unsigned, unsigned, unsigned)
</UL>
<BR>[Calls]<UL><LI><a href="#[b1]">&gt;&gt;</a>&nbsp;&nbsp;&nbsp;Double_screen::height() const
<LI><a href="#[b4]">&gt;&gt;</a>&nbsp;&nbsp;&nbsp;Double_screen::width() const
<LI><a href="#[b3]">&gt;&gt;</a>&nbsp;&nbsp;&nbsp;Double_screen::display()
<LI><a href="#[bd]">&gt;&gt;</a>&nbsp;&nbsp;&nbsp;Double_screen::drawTriangle(short, short, short, short, short, short, unsigned short)
<LI><a href="#[96]">&gt;&gt;</a>&nbsp;&nbsp;&nbsp;HAL_Delay
</UL>
<BR>[Called By]<UL><LI><a href="#[87]">&gt;&gt;</a>&nbsp;&nbsp;&nbsp;main
</UL>

<P><STRONG><a name="[be]"></a>testfilltriangle()</STRONG> (Thumb, 194 bytes, Stack size 48 bytes, main.o(i._Z16testfilltrianglev))
<BR><BR>[Stack]<UL><LI>Max Depth = 184<LI>Call Chain = testfilltriangle() &rArr; Double_screen::display() &rArr; Adafruit_SSD1306::display() &rArr; Adafruit_SSD1306::ssd1306_command(unsigned char) &rArr; HAL_I2C_Master_Transmit &rArr; [local to stm32f4xx_hal_i2c_c]::I2C_MasterRequestWrite(__I2C_HandleTypeDef*, unsigned short, unsigned, unsigned) &rArr; [local to stm32f4xx_hal_i2c_c]::I2C_WaitOnMasterAddressFlagUntilTimeout(__I2C_HandleTypeDef*, unsigned, unsigned, unsigned)
</UL>
<BR>[Calls]<UL><LI><a href="#[b1]">&gt;&gt;</a>&nbsp;&nbsp;&nbsp;Double_screen::height() const
<LI><a href="#[b4]">&gt;&gt;</a>&nbsp;&nbsp;&nbsp;Double_screen::width() const
<LI><a href="#[b3]">&gt;&gt;</a>&nbsp;&nbsp;&nbsp;Double_screen::display()
<LI><a href="#[bf]">&gt;&gt;</a>&nbsp;&nbsp;&nbsp;Double_screen::fillTriangle(short, short, short, short, short, short, unsigned short)
<LI><a href="#[96]">&gt;&gt;</a>&nbsp;&nbsp;&nbsp;HAL_Delay
</UL>
<BR>[Called By]<UL><LI><a href="#[87]">&gt;&gt;</a>&nbsp;&nbsp;&nbsp;main
</UL>

<P><STRONG><a name="[c0]"></a>testdrawroundrect()</STRONG> (Thumb, 106 bytes, Stack size 32 bytes, main.o(i._Z17testdrawroundrectv))
<BR><BR>[Stack]<UL><LI>Max Depth = 232<LI>Call Chain = testdrawroundrect() &rArr; Double_screen::drawRoundRect(short, short, short, short, short, unsigned short) &rArr; Adafruit_GFX::drawRoundRect(short, short, short, short, short, unsigned short) &rArr; Adafruit_GFX::drawCircleHelper(short, short, short, unsigned char, unsigned short)
</UL>
<BR>[Calls]<UL><LI><a href="#[b1]">&gt;&gt;</a>&nbsp;&nbsp;&nbsp;Double_screen::height() const
<LI><a href="#[b4]">&gt;&gt;</a>&nbsp;&nbsp;&nbsp;Double_screen::width() const
<LI><a href="#[b3]">&gt;&gt;</a>&nbsp;&nbsp;&nbsp;Double_screen::display()
<LI><a href="#[c1]">&gt;&gt;</a>&nbsp;&nbsp;&nbsp;Double_screen::drawRoundRect(short, short, short, short, short, unsigned short)
<LI><a href="#[96]">&gt;&gt;</a>&nbsp;&nbsp;&nbsp;HAL_Delay
</UL>
<BR>[Called By]<UL><LI><a href="#[87]">&gt;&gt;</a>&nbsp;&nbsp;&nbsp;main
</UL>

<P><STRONG><a name="[c2]"></a>testfillroundrect()</STRONG> (Thumb, 120 bytes, Stack size 40 bytes, main.o(i._Z17testfillroundrectv))
<BR><BR>[Stack]<UL><LI>Max Depth = 176<LI>Call Chain = testfillroundrect() &rArr; Double_screen::display() &rArr; Adafruit_SSD1306::display() &rArr; Adafruit_SSD1306::ssd1306_command(unsigned char) &rArr; HAL_I2C_Master_Transmit &rArr; [local to stm32f4xx_hal_i2c_c]::I2C_MasterRequestWrite(__I2C_HandleTypeDef*, unsigned short, unsigned, unsigned) &rArr; [local to stm32f4xx_hal_i2c_c]::I2C_WaitOnMasterAddressFlagUntilTimeout(__I2C_HandleTypeDef*, unsigned, unsigned, unsigned)
</UL>
<BR>[Calls]<UL><LI><a href="#[b1]">&gt;&gt;</a>&nbsp;&nbsp;&nbsp;Double_screen::height() const
<LI><a href="#[b4]">&gt;&gt;</a>&nbsp;&nbsp;&nbsp;Double_screen::width() const
<LI><a href="#[b3]">&gt;&gt;</a>&nbsp;&nbsp;&nbsp;Double_screen::display()
<LI><a href="#[c3]">&gt;&gt;</a>&nbsp;&nbsp;&nbsp;Double_screen::fillRoundRect(short, short, short, short, short, unsigned short)
<LI><a href="#[96]">&gt;&gt;</a>&nbsp;&nbsp;&nbsp;HAL_Delay
</UL>
<BR>[Called By]<UL><LI><a href="#[87]">&gt;&gt;</a>&nbsp;&nbsp;&nbsp;main
</UL>

<P><STRONG><a name="[c4]"></a>SystemClock_Config()</STRONG> (Thumb, 124 bytes, Stack size 88 bytes, main.o(i._Z18SystemClock_Configv))
<BR><BR>[Stack]<UL><LI>Max Depth = 176<LI>Call Chain = SystemClock_Config() &rArr; HAL_RCC_ClockConfig &rArr; HAL_RCC_GetSysClockFreq &rArr; __aeabi_uldivmod
</UL>
<BR>[Calls]<UL><LI><a href="#[ae]">&gt;&gt;</a>&nbsp;&nbsp;&nbsp;HAL_RCC_OscConfig
<LI><a href="#[ab]">&gt;&gt;</a>&nbsp;&nbsp;&nbsp;HAL_RCC_ClockConfig
<LI><a href="#[a2]">&gt;&gt;</a>&nbsp;&nbsp;&nbsp;__aeabi_memclr4
</UL>
<BR>[Called By]<UL><LI><a href="#[87]">&gt;&gt;</a>&nbsp;&nbsp;&nbsp;main
</UL>

<P><STRONG><a name="[cc]"></a>Adafruit_GFX::drawCircle(short, short, short, unsigned short)</STRONG> (Thumb, 316 bytes, Stack size 56 bytes, adafruit_gfx.o(i._ZN12Adafruit_GFX10drawCircleEssst))
<BR><BR>[Stack]<UL><LI>Max Depth = 56<LI>Call Chain = Adafruit_GFX::drawCircle(short, short, short, unsigned short)
</UL>
<BR>[Called By]<UL><LI><a href="#[bb]">&gt;&gt;</a>&nbsp;&nbsp;&nbsp;Double_screen::drawCircle(short, short, short, unsigned short)
</UL>

<P><STRONG><a name="[c5]"></a>Adafruit_GFX::fillCircle(short, short, short, unsigned short)</STRONG> (Thumb, 64 bytes, Stack size 40 bytes, adafruit_gfx.o(i._ZN12Adafruit_GFX10fillCircleEssst))
<BR><BR>[Stack]<UL><LI>Max Depth = 80<LI>Call Chain = Adafruit_GFX::fillCircle(short, short, short, unsigned short) &rArr; Adafruit_GFX::fillCircleHelper(short, short, short, unsigned char, short, unsigned short)
</UL>
<BR>[Calls]<UL><LI><a href="#[c6]">&gt;&gt;</a>&nbsp;&nbsp;&nbsp;Adafruit_GFX::fillCircleHelper(short, short, short, unsigned char, short, unsigned short)
</UL>
<BR>[Called By]<UL><LI><a href="#[cd]">&gt;&gt;</a>&nbsp;&nbsp;&nbsp;Double_screen::fillCircle(short, short, short, unsigned short)
</UL>

<P><STRONG><a name="[cf]"></a>Adafruit_GFX::drawTriangle(short, short, short, short, short, short, unsigned short)</STRONG> (Thumb, 76 bytes, Stack size 48 bytes, adafruit_gfx.o(i._ZN12Adafruit_GFX12drawTriangleEsssssst))
<BR><BR>[Stack]<UL><LI>Max Depth = 48<LI>Call Chain = Adafruit_GFX::drawTriangle(short, short, short, short, short, short, unsigned short)
</UL>
<BR>[Called By]<UL><LI><a href="#[bd]">&gt;&gt;</a>&nbsp;&nbsp;&nbsp;Double_screen::drawTriangle(short, short, short, short, short, short, unsigned short)
</UL>

<P><STRONG><a name="[d0]"></a>Adafruit_GFX::fillTriangle(short, short, short, short, short, short, unsigned short)</STRONG> (Thumb, 358 bytes, Stack size 88 bytes, adafruit_gfx.o(i._ZN12Adafruit_GFX12fillTriangleEsssssst))
<BR><BR>[Stack]<UL><LI>Max Depth = 88<LI>Call Chain = Adafruit_GFX::fillTriangle(short, short, short, short, short, short, unsigned short)
</UL>
<BR>[Called By]<UL><LI><a href="#[bf]">&gt;&gt;</a>&nbsp;&nbsp;&nbsp;Double_screen::fillTriangle(short, short, short, short, short, short, unsigned short)
</UL>

<P><STRONG><a name="[72]"></a>Adafruit_GFX::drawFastHLine(short, short, short, unsigned short)</STRONG> (Thumb, 22 bytes, Stack size 16 bytes, adafruit_gfx.o(i._ZN12Adafruit_GFX13drawFastHLineEssst))
<BR><BR>[Stack]<UL><LI>Max Depth = 16<LI>Call Chain = Adafruit_GFX::drawFastHLine(short, short, short, unsigned short)
</UL>
<BR>[Address Reference Count : 1]<UL><LI> adafruit_gfx.o(.constdata__ZTV12Adafruit_GFX)
</UL>
<P><STRONG><a name="[71]"></a>Adafruit_GFX::drawFastVLine(short, short, short, unsigned short)</STRONG> (Thumb, 24 bytes, Stack size 16 bytes, adafruit_gfx.o(i._ZN12Adafruit_GFX13drawFastVLineEssst))
<BR><BR>[Stack]<UL><LI>Max Depth = 16<LI>Call Chain = Adafruit_GFX::drawFastVLine(short, short, short, unsigned short)
</UL>
<BR>[Address Reference Count : 1]<UL><LI> adafruit_gfx.o(.constdata__ZTV12Adafruit_GFX)
</UL>
<P><STRONG><a name="[c7]"></a>Adafruit_GFX::drawRoundRect(short, short, short, short, short, unsigned short)</STRONG> (Thumb, 230 bytes, Stack size 104 bytes, adafruit_gfx.o(i._ZN12Adafruit_GFX13drawRoundRectEssssst))
<BR><BR>[Stack]<UL><LI>Max Depth = 160<LI>Call Chain = Adafruit_GFX::drawRoundRect(short, short, short, short, short, unsigned short) &rArr; Adafruit_GFX::drawCircleHelper(short, short, short, unsigned char, unsigned short)
</UL>
<BR>[Calls]<UL><LI><a href="#[c8]">&gt;&gt;</a>&nbsp;&nbsp;&nbsp;Adafruit_GFX::drawCircleHelper(short, short, short, unsigned char, unsigned short)
</UL>
<BR>[Called By]<UL><LI><a href="#[c1]">&gt;&gt;</a>&nbsp;&nbsp;&nbsp;Double_screen::drawRoundRect(short, short, short, short, short, unsigned short)
</UL>

<P><STRONG><a name="[c9]"></a>Adafruit_GFX::fillRoundRect(short, short, short, short, short, unsigned short)</STRONG> (Thumb, 114 bytes, Stack size 48 bytes, adafruit_gfx.o(i._ZN12Adafruit_GFX13fillRoundRectEssssst))
<BR><BR>[Stack]<UL><LI>Max Depth = 88<LI>Call Chain = Adafruit_GFX::fillRoundRect(short, short, short, short, short, unsigned short) &rArr; Adafruit_GFX::fillCircleHelper(short, short, short, unsigned char, short, unsigned short)
</UL>
<BR>[Calls]<UL><LI><a href="#[c6]">&gt;&gt;</a>&nbsp;&nbsp;&nbsp;Adafruit_GFX::fillCircleHelper(short, short, short, unsigned char, short, unsigned short)
</UL>
<BR>[Called By]<UL><LI><a href="#[c3]">&gt;&gt;</a>&nbsp;&nbsp;&nbsp;Double_screen::fillRoundRect(short, short, short, short, short, unsigned short)
</UL>

<P><STRONG><a name="[c8]"></a>Adafruit_GFX::drawCircleHelper(short, short, short, unsigned char, unsigned short)</STRONG> (Thumb, 312 bytes, Stack size 56 bytes, adafruit_gfx.o(i._ZN12Adafruit_GFX16drawCircleHelperEsssht))
<BR><BR>[Stack]<UL><LI>Max Depth = 56<LI>Call Chain = Adafruit_GFX::drawCircleHelper(short, short, short, unsigned char, unsigned short)
</UL>
<BR>[Called By]<UL><LI><a href="#[c7]">&gt;&gt;</a>&nbsp;&nbsp;&nbsp;Adafruit_GFX::drawRoundRect(short, short, short, short, short, unsigned short)
</UL>

<P><STRONG><a name="[c6]"></a>Adafruit_GFX::fillCircleHelper(short, short, short, unsigned char, short, unsigned short)</STRONG> (Thumb, 240 bytes, Stack size 40 bytes, adafruit_gfx.o(i._ZN12Adafruit_GFX16fillCircleHelperEssshst))
<BR><BR>[Stack]<UL><LI>Max Depth = 40<LI>Call Chain = Adafruit_GFX::fillCircleHelper(short, short, short, unsigned char, short, unsigned short)
</UL>
<BR>[Called By]<UL><LI><a href="#[c9]">&gt;&gt;</a>&nbsp;&nbsp;&nbsp;Adafruit_GFX::fillRoundRect(short, short, short, short, short, unsigned short)
<LI><a href="#[c5]">&gt;&gt;</a>&nbsp;&nbsp;&nbsp;Adafruit_GFX::fillCircle(short, short, short, unsigned short)
</UL>

<P><STRONG><a name="[70]"></a>Adafruit_GFX::drawLine(short, short, short, short, unsigned short)</STRONG> (Thumb, 172 bytes, Stack size 56 bytes, adafruit_gfx.o(i._ZN12Adafruit_GFX8drawLineEsssst))
<BR><BR>[Stack]<UL><LI>Max Depth = 56<LI>Call Chain = Adafruit_GFX::drawLine(short, short, short, short, unsigned short)
</UL>
<BR>[Called By]<UL><LI><a href="#[b2]">&gt;&gt;</a>&nbsp;&nbsp;&nbsp;Double_screen::drawLine(short, short, short, short, unsigned short)
</UL>
<BR>[Address Reference Count : 2]<UL><LI> adafruit_gfx.o(.constdata__ZTV12Adafruit_GFX)
<LI> adafruit_ssd1306.o(.constdata__ZTV16Adafruit_SSD1306)
</UL>
<P><STRONG><a name="[73]"></a>Adafruit_GFX::drawRect(short, short, short, short, unsigned short)</STRONG> (Thumb, 96 bytes, Stack size 32 bytes, adafruit_gfx.o(i._ZN12Adafruit_GFX8drawRectEsssst))
<BR><BR>[Stack]<UL><LI>Max Depth = 32<LI>Call Chain = Adafruit_GFX::drawRect(short, short, short, short, unsigned short)
</UL>
<BR>[Called By]<UL><LI><a href="#[b7]">&gt;&gt;</a>&nbsp;&nbsp;&nbsp;Double_screen::drawRect(short, short, short, short, unsigned short)
</UL>
<BR>[Address Reference Count : 2]<UL><LI> adafruit_gfx.o(.constdata__ZTV12Adafruit_GFX)
<LI> adafruit_ssd1306.o(.constdata__ZTV16Adafruit_SSD1306)
</UL>
<P><STRONG><a name="[74]"></a>Adafruit_GFX::fillRect(short, short, short, short, unsigned short)</STRONG> (Thumb, 48 bytes, Stack size 32 bytes, adafruit_gfx.o(i._ZN12Adafruit_GFX8fillRectEsssst))
<BR><BR>[Stack]<UL><LI>Max Depth = 32<LI>Call Chain = Adafruit_GFX::fillRect(short, short, short, short, unsigned short)
</UL>
<BR>[Called By]<UL><LI><a href="#[b9]">&gt;&gt;</a>&nbsp;&nbsp;&nbsp;Double_screen::fillRect(short, short, short, short, unsigned short)
</UL>
[...]
</UL>

<P><STRONG><a name="[112]"></a>Double_screen::Double_screen__sub_object()</STRONG> (Thumb, 0 bytes, Stack size 0 bytes, double_screen.o(i._ZN13Double_screenC1Ev), UNUSED)

<P><STRONG><a name="[ce]"></a>Adafruit_SSD1306::clearDisplay()</STRONG> (Thumb, 14 bytes, Stack size 0 bytes, adafruit_ssd1306.o(i._ZN16Adafruit_SSD130612clearDisplayEv))
<BR><BR>[Calls]<UL><LI><a href="#[d6]">&gt;&gt;</a>&nbsp;&nbsp;&nbsp;Adafruit_SSD1306::memset(unsigned char*, unsigned short, unsigned short)
</UL>
<BR>[Called By]<UL><LI><a href="#[b5]">&gt;&gt;</a>&nbsp;&nbsp;&nbsp;Double_screen::clearDisplay()
</UL>

<P><STRONG><a name="[d7]"></a>Adafruit_SSD1306::ssd1306_data(unsigned short)</STRONG> (Thumb, 54 bytes, Stack size 16 bytes, adafruit_ssd1306.o(i._ZN16Adafruit_SSD130612ssd1306_dataEt))
<BR><BR>[Stack]<UL><LI>Max Depth = 112<LI>Call Chain = Adafruit_SSD1306::ssd1306_data(unsigned short) &rArr; HAL_I2C_Master_Transmit &rArr; [local to stm32f4xx_hal_i2c_c]::I2C_MasterRequestWrite(__I2C_HandleTypeDef*, unsigned short, unsigned, unsigned) &rArr; [local to stm32f4xx_hal_i2c_c]::I2C_WaitOnMasterAddressFlagUntilTimeout(__I2C_HandleTypeDef*, unsigned, unsigned, unsigned)
</UL>
<BR>[Calls]<UL><LI><a href="#[9d]">&gt;&gt;</a>&nbsp;&nbsp;&nbsp;HAL_I2C_Master_Transmit
</UL>
<BR>[Called By]<UL><LI><a href="#[d5]">&gt;&gt;</a>&nbsp;&nbsp;&nbsp;Adafruit_SSD1306::display()
</UL>

<P><STRONG><a name="[77]"></a>Adafruit_SSD1306::drawFastHLine(short, short, short, unsigned short)</STRONG> (Thumb, 418 bytes, Stack size 16 bytes, adafruit_ssd1306.o(i._ZN16Adafruit_SSD130613drawFastHLineEssst))
<BR><BR>[Stack]<UL><LI>Max Depth = 16<LI>Call Chain = Adafruit_SSD1306::drawFastHLine(short, short, short, unsigned short)
</UL>
<BR>[Address Reference Count : 1]<UL><LI> adafruit_ssd1306.o(.constdata__ZTV16Adafruit_SSD1306)
</UL>
<P><STRONG><a name="[76]"></a>Adafruit_SSD1306::drawFastVLine(short, short, short, unsigned short)</STRONG> (Thumb, 408 bytes, Stack size 16 bytes, adafruit_ssd1306.o(i._ZN16Adafruit_SSD130613drawFastVLineEssst))
<BR><BR>[Stack]<UL><LI>Max Depth = 16<LI>Call Chain = Adafruit_SSD1306::drawFastVLine(short, short, short, unsigned short)
</UL>
<BR>[Address Reference Count : 1]<UL><LI> adafruit_ssd1306.o(.constdata__ZTV16Adafruit_SSD1306)
</UL>
<P><STRONG><a name="[d2]"></a>Adafruit_SSD1306::invertDisplay(unsigned char)</STRONG> (Thumb, 12 bytes, Stack size 0 bytes, adafruit_ssd1306.o(i._ZN16Adafruit_SSD130613invertDisplayEh))
<BR><BR>[Called By]<UL><LI><a href="#[d1]">&gt;&gt;</a>&nbsp;&nbsp;&nbsp;Double_screen::invertDisplay(unsigned char)
</UL>

<P><STRONG><a name="[d8]"></a>Adafruit_SSD1306::ssd1306_command(unsigned char)</STRONG> (Thumb, 34 bytes, Stack size 16 bytes, adafruit_ssd1306.o(i._ZN16Adafruit_SSD130615ssd1306_commandEh))
<BR><BR>[Stack]<UL><LI>Max Depth = 112<LI>Call Chain = Adafruit_SSD1306::ssd1306_command(unsigned char) &rArr; HAL_I2C_Master_Transmit &rArr; [local to stm32f4xx_hal_i2c_c]::I2C_MasterRequestWrite(__I2C_HandleTypeDef*, unsigned short, unsigned, unsigned) &rArr; [local to stm32f4xx_hal_i2c_c]::I2C_WaitOnMasterAddressFlagUntilTimeout(__I2C_HandleTypeDef*, unsigned, unsigned, unsigned)
</UL>
<BR>[Calls]<UL><LI><a href="#[9d]">&gt;&gt;</a>&nbsp;&nbsp;&nbsp;HAL_I2C_Master_Transmit
</UL>
<BR>[Called By]<UL><LI><a href="#[d5]">&gt;&gt;</a>&nbsp;&nbsp;&nbsp;Adafruit_SSD1306::display()
<LI><a href="#[d4]">&gt;&gt;</a>&nbsp;&nbsp;&nbsp;Adafruit_SSD1306::begin(unsigned char, unsigned char, bool)
</UL>

<P><STRONG><a name="[d4]"></a>Adafruit_SSD1306::begin(unsigned char, unsigned char, bool)</STRONG> (Thumb, 236 bytes, Stack size 16 bytes, adafruit_ssd1306.o(i._ZN16Adafruit_SSD13065beginEhhb))
<BR><BR>[Stack]<UL><LI>Max Depth = 128<LI>Call Chain = Adafruit_SSD1306::begin(unsigned char, unsigned char, bool) &rArr; Adafruit_SSD1306::ssd1306_command(unsigned char) &rArr; HAL_I2C_Master_Transmit &rArr; [local to stm32f4xx_hal_i2c_c]::I2C_MasterRequestWrite(__I2C_HandleTypeDef*, unsigned short, unsigned, unsigned) &rArr; [local to stm32f4xx_hal_i2c_c]::I2C_WaitOnMasterAddressFlagUntilTimeout(__I2C_HandleTypeDef*, unsigned, unsigned, unsigned)
</UL>
<BR>[Calls]<UL><LI><a href="#[d8]">&gt;&gt;</a>&nbsp;&nbsp;&nbsp;Adafruit_SSD1306::ssd1306_command(unsigned char)
</UL>
<BR>[Called By]<UL><LI><a href="#[d3]">&gt;&gt;</a>&nbsp;&nbsp;&nbsp;Double_screen::begin(unsigned char, unsigned char, bool)
</UL>

<P><STRONG><a name="[d6]"></a>Adafruit_SSD1306::memset(unsigned char*, unsigned short, unsigned short)</STRONG> (Thumb, 16 bytes, Stack size 0 bytes, adafruit_ssd1306.o(i._ZN16Adafruit_SSD13066memsetEPhtt))
<BR><BR>[Called By]<UL><LI><a href="#[ce]">&gt;&gt;</a>&nbsp;&nbsp;&nbsp;Adafruit_SSD1306::clearDisplay()
</UL>

<P><STRONG><a name="[d5]"></a>Adafruit_SSD1306::display()</STRONG> (Thumb, 74 bytes, Stack size 16 bytes, adafruit_ssd1306.o(i._ZN16Adafruit_SSD13067displayEv))
<BR><BR>[Stack]<UL><LI>Max Depth = 128<LI>Call Chain = Adafruit_SSD1306::display() &rArr; Adafruit_SSD1306::ssd1306_command(unsigned char) &rArr; HAL_I2C_Master_Transmit &rArr; [local to stm32f4xx_hal_i2c_c]::I2C_MasterRequestWrite(__I2C_HandleTypeDef*, unsigned short, unsigned, unsigned) &rArr; [local to stm32f4xx_hal_i2c_c]::I2C_WaitOnMasterAddressFlagUntilTimeout(__I2C_HandleTypeDef*, unsigned, unsigned, unsigned)
</UL>
<BR>[Calls]<UL><LI><a href="#[d8]">&gt;&gt;</a>&nbsp;&nbsp;&nbsp;Adafruit_SSD1306::ssd1306_command(unsigned char)
<LI><a href="#[d7]">&gt;&gt;</a>&nbsp;&nbsp;&nbsp;Adafruit_SSD1306::ssd1306_data(unsigned short)
</UL>
<BR>[Called By]<UL><LI><a href="#[b3]">&gt;&gt;</a>&nbsp;&nbsp;&nbsp;Double_screen::display()
</UL>

<P><STRONG><a name="[75]"></a>Adafruit_SSD1306::drawPixel(short, short, unsigned short)</STRONG> (Thumb, 208 bytes, Stack size 24 bytes, adafruit_ssd1306.o(i._ZN16Adafruit_SSD13069drawPixelEsst))
<BR><BR>[Stack]<UL><LI>Max Depth = 24<LI>Call Chain = Adafruit_SSD1306::drawPixel(short, short, unsigned short)
</UL>
<BR>[Calls]<UL><LI><a href="#[da]">&gt;&gt;</a>&nbsp;&nbsp;&nbsp;Adafruit_GFX::height() const
<LI><a href="#[d9]">&gt;&gt;</a>&nbsp;&nbsp;&nbsp;Adafruit_GFX::width() const
<LI><a href="#[db]">&gt;&gt;</a>&nbsp;&nbsp;&nbsp;Adafruit_GFX::getRotation() const
</UL>
<BR>[Called By]<UL><LI><a href="#[cb]">&gt;&gt;</a>&nbsp;&nbsp;&nbsp;Double_screen::drawPixel(short, short, unsigned short)
</UL>
<BR>[Address Reference Count : 1]<UL><LI> adafruit_ssd1306.o(.constdata__ZTV16Adafruit_SSD1306)
</UL>
<P><STRONG><a name="[dc]"></a>Adafruit_SSD1306::Adafruit_SSD1306(__I2C_HandleTypeDef*, signed char)</STRONG> (Thumb, 58 bytes, Stack size 16 bytes, adafruit_ssd1306.o(i._ZN16Adafruit_SSD1306C1EP19__I2C_HandleTypeDefa))
<BR><BR>[Stack]<UL><LI>Max Depth = 16<LI>Call Chain = Adafruit_SSD1306::Adafruit_SSD1306(__I2C_HandleTypeDef*, signed char)
</UL>
<BR>[Calls]<UL><LI><a href="#[dd]">&gt;&gt;</a>&nbsp;&nbsp;&nbsp;Adafruit_GFX::Adafruit_GFX__sub_object(short, short)
</UL>
<BR>[Called By]<UL><LI><a href="#[79]">&gt;&gt;</a>&nbsp;&nbsp;&nbsp;__sti___17_Double_screen_cpp_lcd_top
</UL>

<P><STRONG><a name="[113]"></a>Adafruit_SSD1306::Adafruit_SSD1306__sub_object(__I2C_HandleTypeDef*, signed char)</STRONG> (Thumb, 0 bytes, Stack size 16 bytes, adafruit_ssd1306.o(i._ZN16Adafruit_SSD1306C1EP19__I2C_HandleTypeDefa), UNUSED)

<P><STRONG><a name="[db]"></a>Adafruit_GFX::getRotation() const</STRONG> (Thumb, 4 bytes, Stack size 0 bytes, adafruit_gfx.o(i._ZNK12Adafruit_GFX11getRotationEv))
<BR><BR>[Called By]<UL><LI><a href="#[75]">&gt;&gt;</a>&nbsp;&nbsp;&nbsp;Adafruit_SSD1306::drawPixel(short, short, unsigned short)
</UL>

<P><STRONG><a name="[d9]"></a>Adafruit_GFX::width() const</STRONG> (Thumb, 6 bytes, Stack size 0 bytes, adafruit_gfx.o(i._ZNK12Adafruit_GFX5widthEv))
<BR><BR>[Called By]<UL><LI><a href="#[75]">&gt;&gt;</a>&nbsp;&nbsp;&nbsp;Adafruit_SSD1306::drawPixel(short, short, unsigned short)
</UL>

<P><STRONG><a name="[da]"></a>Adafruit_GFX::height() const</STRONG> (Thumb, 6 bytes, Stack size 0 bytes, adafruit_gfx.o(i._ZNK12Adafruit_GFX6heightEv))
<BR><BR>[Called By]<UL><LI><a href="#[75]">&gt;&gt;</a>&nbsp;&nbsp;&nbsp;Adafruit_SSD1306::drawPixel(short, short, unsigned short)
</UL>

<P><STRONG><a name="[b4]"></a>Double_screen::width() const</STRONG> (Thumb, 6 bytes, Stack size 0 bytes, double_screen.o(i._ZNK13Double_screen5widthEv))
<BR><BR>[Called By]<UL><LI><a href="#[87]">&gt;&gt;</a>&nbsp;&nbsp;&nbsp;main
<LI><a href="#[c2]">&gt;&gt;</a>&nbsp;&nbsp;&nbsp;testfillroundrect()
<LI><a href="#[c0]">&gt;&gt;</a>&nbsp;&nbsp;&nbsp;testdrawroundrect()
<LI><a href="#[be]">&gt;&gt;</a>&nbsp;&nbsp;&nbsp;testfilltriangle()
<LI><a href="#[bc]">&gt;&gt;</a>&nbsp;&nbsp;&nbsp;testdrawtriangle()
<LI><a href="#[ba]">&gt;&gt;</a>&nbsp;&nbsp;&nbsp;testdrawcircle()
<LI><a href="#[b8]">&gt;&gt;</a>&nbsp;&nbsp;&nbsp;testfillrect()
<LI><a href="#[b6]">&gt;&gt;</a>&nbsp;&nbsp;&nbsp;testdrawrect()
<LI><a href="#[b0]">&gt;&gt;</a>&nbsp;&nbsp;&nbsp;testdrawline()
</UL>

<P><STRONG><a name="[b1]"></a>Double_screen::height() const</STRONG> (Thumb, 6 bytes, Stack size 0 bytes, double_screen.o(i._ZNK13Double_screen6heightEv))
<BR><BR>[Called By]<UL><LI><a href="#[87]">&gt;&gt;</a>&nbsp;&nbsp;&nbsp;main
<LI><a href="#[c2]">&gt;&gt;</a>&nbsp;&nbsp;&nbsp;testfillroundrect()
<LI><a href="#[c0]">&gt;&gt;</a>&nbsp;&nbsp;&nbsp;testdrawroundrect()
<LI><a href="#[be]">&gt;&gt;</a>&nbsp;&nbsp;&nbsp;testfilltriangle()
<LI><a href="#[bc]">&gt;&gt;</a>&nbsp;&nbsp;&nbsp;testdrawtriangle()
<LI><a href="#[ba]">&gt;&gt;</a>&nbsp;&nbsp;&nbsp;testdrawcircle()
<LI><a href="#[b8]">&gt;&gt;</a>&nbsp;&nbsp;&nbsp;testfillrect()
<LI><a href="#[b6]">&gt;&gt;</a>&nbsp;&nbsp;&nbsp;testdrawrect()
<LI><a href="#[b0]">&gt;&gt;</a>&nbsp;&nbsp;&nbsp;testdrawline()
</UL>

<P><STRONG><a name="[6f]"></a>__cxa_pure_virtual</STRONG> (Thumb, 6 bytes, Stack size 0 bytes, pure_virt.o(i.__cxa_pure_virtual))
<BR><BR>[Stack]<UL><LI>Max Depth = 40<LI>Call Chain = __cxa_pure_virtual &rArr; __rt_SIGPVFN &rArr; __rt_SIGPVFN_inner &rArr; __default_signal_display &rArr; _ttywrch
</UL>
<BR>[Calls]<UL><LI><a href="#[8d]">&gt;&gt;</a>&nbsp;&nbsp;&nbsp;__rt_SIGPVFN
</UL>
<BR>[Address Reference Count : 1]<UL><LI> adafruit_gfx.o(.constdata__ZTV12Adafruit_GFX)
</UL>
<P><STRONG><a name="[87]"></a>main</STRONG> (Thumb, 462 bytes, Stack size 40 bytes, main.o(i.main))
<BR><BR>[Stack]<UL><LI>Max Depth = 272<LI>Call Chain = main &rArr; testdrawroundrect() &rArr; Double_screen::drawRoundRect(short, short, short, short, short, unsigned short) &rArr; Adafruit_GFX::drawRoundRect(short, short, short, short, short, unsigned short) &rArr; Adafruit_GFX::drawCircleHelper(short, short, short, unsigned char, unsigned short)
</UL>
<BR>[Calls]<UL><LI><a href="#[b1]">&gt;&gt;</a>&nbsp;&nbsp;&nbsp;Double_screen::height() const
<LI><a href="#[b4]">&gt;&gt;</a>&nbsp;&nbsp;&nbsp;Double_screen::width() const
<LI><a href="#[b3]">&gt;&gt;</a>&nbsp;&nbsp;&nbsp;Double_screen::display()
<LI><a href="#[d3]">&gt;&gt;</a>&nbsp;&nbsp;&nbsp;Double_screen::begin(unsigned char, unsigned char, bool)
<LI><a href="#[d1]">&gt;&gt;</a>&nbsp;&nbsp;&nbsp;Double_screen::invertDisplay(unsigned char)
<LI><a href="#[b5]">&gt;&gt;</a>&nbsp;&nbsp;&nbsp;Double_screen::clearDisplay()
<LI><a href="#[cd]">&gt;&gt;</a>&nbsp;&nbsp;&nbsp;Double_screen::fillCircle(short, short, short, unsigned short)
<LI><a href="#[ca]">&gt;&gt;</a>&nbsp;&nbsp;&nbsp;Double_screen::drawBitmap(short, short, const unsigned char*, short, short, unsigned short)
<LI><a href="#[a4]">&gt;&gt;</a>&nbsp;&nbsp;&nbsp;HAL_Init
<LI><a href="#[9a]">&gt;&gt;</a>&nbsp;&nbsp;&nbsp;HAL_I2C_Init
<LI><a href="#[99]">&gt;&gt;</a>&nbsp;&nbsp;&nbsp;HAL_GPIO_TogglePin
<LI><a href="#[96]">&gt;&gt;</a>&nbsp;&nbsp;&nbsp;HAL_Delay
<LI><a href="#[c4]">&gt;&gt;</a>&nbsp;&nbsp;&nbsp;SystemClock_Config()
<LI><a href="#[c2]">&gt;&gt;</a>&nbsp;&nbsp;&nbsp;testfillroundrect()
<LI><a href="#[c0]">&gt;&gt;</a>&nbsp;&nbsp;&nbsp;testdrawroundrect()
<LI><a href="#[be]">&gt;&gt;</a>&nbsp;&nbsp;&nbsp;testfilltriangle()
<LI><a href="#[bc]">&gt;&gt;</a>&nbsp;&nbsp;&nbsp;testdrawtriangle()
<LI><a href="#[ba]">&gt;&gt;</a>&nbsp;&nbsp;&nbsp;testdrawcircle()
<LI><a href="#[b8]">&gt;&gt;</a>&nbsp;&nbsp;&nbsp;testfillrect()
<LI><a href="#[b6]">&gt;&gt;</a>&nbsp;&nbsp;&nbsp;testdrawrect()
<LI><a href="#[b0]">&gt;&gt;</a>&nbsp;&nbsp;&nbsp;testdrawline()
<LI><a href="#[de]">&gt;&gt;</a>&nbsp;&nbsp;&nbsp;[local to main_cpp]::MX_GPIO_Init()
</UL>
<BR>[Called By]<UL><LI><a href="#[86]">&gt;&gt;</a>&nbsp;&nbsp;&nbsp;__rt_entry_main
</UL>

<P><STRONG><a name="[80]"></a>_fp_init</STRONG> (Thumb, 10 bytes, Stack size 0 bytes, fpinit.o(x$fpl$fpinit))
<BR><BR>[Called By]<UL><LI><a href="#[7f]">&gt;&gt;</a>&nbsp;&nbsp;&nbsp;__rt_lib_init_fp_1
</UL>

<P><STRONG><a name="[114]"></a>__fplib_config_fpu_vfp</STRONG> (Thumb, 0 bytes, Stack size unknown bytes, fpinit.o(x$fpl$fpinit), UNUSED)

<P><STRONG><a name="[115]"></a>__fplib_config_pureend_doubles</STRONG> (Thumb, 0 bytes, Stack size unknown bytes, fpinit.o(x$fpl$fpinit), UNUSED)
<P>
<H3>
Local Symbols
</H3>
<P><STRONG><a name="[de]"></a>[local to main_cpp]::MX_GPIO_Init()</STRONG> (Thumb, 196 bytes, Stack size 56 bytes, main.o(i._ZN29_INTERNAL_8_main_cpp_6a9831bd12MX_GPIO_InitEv))
<BR><BR>[Stack]<UL><LI>Max Depth = 96<LI>Call Chain = [local to main_cpp]::MX_GPIO_Init() &rArr; HAL_GPIO_Init
</UL>
<BR>[Calls]<UL><LI><a href="#[a9]">&gt;&gt;</a>&nbsp;&nbsp;&nbsp;HAL_NVIC_SetPriority
<LI><a href="#[e0]">&gt;&gt;</a>&nbsp;&nbsp;&nbsp;HAL_NVIC_EnableIRQ
<LI><a href="#[df]">&gt;&gt;</a>&nbsp;&nbsp;&nbsp;HAL_GPIO_WritePin
<LI><a href="#[a3]">&gt;&gt;</a>&nbsp;&nbsp;&nbsp;HAL_GPIO_Init
<LI><a href="#[a2]">&gt;&gt;</a>&nbsp;&nbsp;&nbsp;__aeabi_memclr4
</UL>
<BR>[Called By]<UL><LI><a href="#[87]">&gt;&gt;</a>&nbsp;&nbsp;&nbsp;main
</UL>

<P><STRONG><a name="[78]"></a>__sti___8_main_cpp_6a9831bd</STRONG> (Thumb, 6 bytes, Stack size 0 bytes, main.o(i.__sti___8_main_cpp_6a9831bd))
<BR><BR>[Calls]<UL><LI><a href="#[e3]">&gt;&gt;</a>&nbsp;&nbsp;&nbsp;Double_screen::Double_screen()
</UL>
<BR>[Address Reference Count : 1]<UL><LI> main.o(.init_array)
</UL>
<P><STRONG><a name="[9f]"></a>[local to stm32f4xx_hal_i2c_c]::I2C_MasterRequestWrite(__I2C_HandleTypeDef*, unsigned short, unsigned, unsigned)</STRONG> (Thumb, 150 bytes, Stack size 24 bytes, stm32f4xx_hal_i2c.o(i._ZN41_INTERNAL_19_stm32f4xx_hal_i2c_c_0eb271f422I2C_MasterRequestWriteEP19__I2C_HandleTypeDeftjj))
<BR><BR>[Stack]<UL><LI>Max Depth = 56<LI>Call Chain = [local to stm32f4xx_hal_i2c_c]::I2C_MasterRequestWrite(__I2C_HandleTypeDef*, unsigned short, unsigned, unsigned) &rArr; [local to stm32f4xx_hal_i2c_c]::I2C_WaitOnMasterAddressFlagUntilTimeout(__I2C_HandleTypeDef*, unsigned, unsigned, unsigned)
</UL>
<BR>[Calls]<UL><LI><a href="#[e1]">&gt;&gt;</a>&nbsp;&nbsp;&nbsp;[local to stm32f4xx_hal_i2c_c]::I2C_WaitOnMasterAddressFlagUntilTimeout(__I2C_HandleTypeDef*, unsigned, unsigned, unsigned)
<LI><a href="#[9e]">&gt;&gt;</a>&nbsp;&nbsp;&nbsp;[local to stm32f4xx_hal_i2c_c]::I2C_WaitOnFlagUntilTimeout(__I2C_HandleTypeDef*, unsigned, FlagStatus, unsigned, unsigned)
</UL>
<BR>[Called By]<UL><LI><a href="#[9d]">&gt;&gt;</a>&nbsp;&nbsp;&nbsp;HAL_I2C_Master_Transmit
</UL>

<P><STRONG><a name="[e2]"></a>[local to stm32f4xx_hal_i2c_c]::I2C_IsAcknowledgeFailed(__I2C_HandleTypeDef*)</STRONG> (Thumb, 46 bytes, Stack size 0 bytes, stm32f4xx_hal_i2c.o(i._ZN41_INTERNAL_19_stm32f4xx_hal_i2c_c_0eb271f423I2C_IsAcknowledgeFailedEP19__I2C_HandleTypeDef))
<BR><BR>[Called By]<UL><LI><a href="#[a0]">&gt;&gt;</a>&nbsp;&nbsp;&nbsp;[local to stm32f4xx_hal_i2c_c]::I2C_WaitOnTXEFlagUntilTimeout(__I2C_HandleTypeDef*, unsigned, unsigned)
<LI><a href="#[a1]">&gt;&gt;</a>&nbsp;&nbsp;&nbsp;[local to stm32f4xx_hal_i2c_c]::I2C_WaitOnBTFFlagUntilTimeout(__I2C_HandleTypeDef*, unsigned, unsigned)
</UL>

<P><STRONG><a name="[9e]"></a>[local to stm32f4xx_hal_i2c_c]::I2C_WaitOnFlagUntilTimeout(__I2C_HandleTypeDef*, unsigned, FlagStatus, unsigned, unsigned)</STRONG> (Thumb, 112 bytes, Stack size 32 bytes, stm32f4xx_hal_i2c.o(i._ZN41_INTERNAL_19_stm32f4xx_hal_i2c_c_0eb271f426I2C_WaitOnFlagUntilTimeoutEP19__I2C_HandleTypeDefj10FlagStatusjj))
<BR><BR>[Stack]<UL><LI>Max Depth = 32<LI>Call Chain = [local to stm32f4xx_hal_i2c_c]::I2C_WaitOnFlagUntilTimeout(__I2C_HandleTypeDef*, unsigned, FlagStatus, unsigned, unsigned)
</UL>
<BR>[Calls]<UL><LI><a href="#[97]">&gt;&gt;</a>&nbsp;&nbsp;&nbsp;HAL_GetTick
</UL>
<BR>[Called By]<UL><LI><a href="#[9d]">&gt;&gt;</a>&nbsp;&nbsp;&nbsp;HAL_I2C_Master_Transmit
<LI><a href="#[9f]">&gt;&gt;</a>&nbsp;&nbsp;&nbsp;[local to stm32f4xx_hal_i2c_c]::I2C_MasterRequestWrite(__I2C_HandleTypeDef*, unsigned short, unsigned, unsigned)
</UL>

<P><STRONG><a name="[a1]"></a>[local to stm32f4xx_hal_i2c_c]::I2C_WaitOnBTFFlagUntilTimeout(__I2C_HandleTypeDef*, unsigned, unsigned)</STRONG> (Thumb, 76 bytes, Stack size 16 bytes, stm32f4xx_hal_i2c.o(i._ZN41_INTERNAL_19_stm32f4xx_hal_i2c_c_0eb271f429I2C_WaitOnBTFFlagUntilTimeoutEP19__I2C_HandleTypeDefjj))
<BR><BR>[Stack]<UL><LI>Max Depth = 16<LI>Call Chain = [local to stm32f4xx_hal_i2c_c]::I2C_WaitOnBTFFlagUntilTimeout(__I2C_HandleTypeDef*, unsigned, unsigned)
</UL>
<BR>[Calls]<UL><LI><a href="#[97]">&gt;&gt;</a>&nbsp;&nbsp;&nbsp;HAL_GetTick
<LI><a href="#[e2]">&gt;&gt;</a>&nbsp;&nbsp;&nbsp;[local to stm32f4xx_hal_i2c_c]::I2C_IsAcknowledgeFailed(__I2C_HandleTypeDef*)
</UL>
<BR>[Called By]<UL><LI><a href="#[9d]">&gt;&gt;</a>&nbsp;&nbsp;&nbsp;HAL_I2C_Master_Transmit
</UL>

<P><STRONG><a name="[a0]"></a>[local to stm32f4xx_hal_i2c_c]::I2C_WaitOnTXEFlagUntilTimeout(__I2C_HandleTypeDef*, unsigned, unsigned)</STRONG> (Thumb, 76 bytes, Stack size 16 bytes, stm32f4xx_hal_i2c.o(i._ZN41_INTERNAL_19_stm32f4xx_hal_i2c_c_0eb271f429I2C_WaitOnTXEFlagUntilTimeoutEP19__I2C_HandleTypeDefjj))
<BR><BR>[Stack]<UL><LI>Max Depth = 16<LI>Call Chain = [local to stm32f4xx_hal_i2c_c]::I2C_WaitOnTXEFlagUntilTimeout(__I2C_HandleTypeDef*, unsigned, unsigned)
</UL>
<BR>[Calls]<UL><LI><a href="#[97]">&gt;&gt;</a>&nbsp;&nbsp;&nbsp;HAL_GetTick
<LI><a href="#[e2]">&gt;&gt;</a>&nbsp;&nbsp;&nbsp;[local to stm32f4xx_hal_i2c_c]::I2C_IsAcknowledgeFailed(__I2C_HandleTypeDef*)
</UL>
<BR>[Called By]<UL><LI><a href="#[9d]">&gt;&gt;</a>&nbsp;&nbsp;&nbsp;HAL_I2C_Master_Transmit
</UL>

<P><STRONG><a name="[e1]"></a>[local to stm32f4xx_hal_i2c_c]::I2C_WaitOnMasterAddressFlagUntilTimeout(__I2C_HandleTypeDef*, unsigned, unsigned, unsigned)</STRONG> (Thumb, 150 bytes, Stack size 32 bytes, stm32f4xx_hal_i2c.o(i._ZN41_INTERNAL_19_stm32f4xx_hal_i2c_c_0eb271f439I2C_WaitOnMasterAddressFlagUntilTimeoutEP19__I2C_HandleTypeDefjjj))
<BR><BR>[Stack]<UL><LI>Max Depth = 32<LI>Call Chain = [local to stm32f4xx_hal_i2c_c]::I2C_WaitOnMasterAddressFlagUntilTimeout(__I2C_HandleTypeDef*, unsigned, unsigned, unsigned)
</UL>
<BR>[Calls]<UL><LI><a href="#[97]">&gt;&gt;</a>&nbsp;&nbsp;&nbsp;HAL_GetTick
</UL>
<BR>[Called By]<UL><LI><a href="#[9f]">&gt;&gt;</a>&nbsp;&nbsp;&nbsp;[local to stm32f4xx_hal_i2c_c]::I2C_MasterRequestWrite(__I2C_HandleTypeDef*, unsigned short, unsigned, unsigned)
</UL>

<P><STRONG><a name="[aa]"></a>[local to stm32f4xx_hal_cortex_c]::__NVIC_SetPriority(IRQn_Type, unsigned)</STRONG> (Thumb, 32 bytes, Stack size 0 bytes, stm32f4xx_hal_cortex.o(i._ZN44_INTERNAL_22_stm32f4xx_hal_cortex_c_2992dbc018__NVIC_SetPriorityE9IRQn_Typej))
<BR><BR>[Called By]<UL><LI><a href="#[a9]">&gt;&gt;</a>&nbsp;&nbsp;&nbsp;HAL_NVIC_SetPriority
<LI><a href="#[a8]">&gt;&gt;</a>&nbsp;&nbsp;&nbsp;HAL_SYSTICK_Config
</UL>

<P><STRONG><a name="[79]"></a>__sti___17_Double_screen_cpp_lcd_top</STRONG> (Thumb, 26 bytes, Stack size 8 bytes, double_screen.o(i.__sti___17_Double_screen_cpp_lcd_top))
<BR><BR>[Stack]<UL><LI>Max Depth = 24<LI>Call Chain = __sti___17_Double_screen_cpp_lcd_top &rArr; Adafruit_SSD1306::Adafruit_SSD1306(__I2C_HandleTypeDef*, signed char)
</UL>
<BR>[Calls]<UL><LI><a href="#[dc]">&gt;&gt;</a>&nbsp;&nbsp;&nbsp;Adafruit_SSD1306::Adafruit_SSD1306(__I2C_HandleTypeDef*, signed char)
</UL>
<BR>[Address Reference Count : 1]<UL><LI> double_screen.o(.init_array)
</UL><P>
<H3>
Undefined Global Symbols
</H3><HR></body></html>
